ARM Linker, 5.03 [Build 76] [MDK-ARM Standard]

==============================================================================

Section Cross References

    startup_stm32f10x_md.o(RESET) refers to startup_stm32f10x_md.o(STACK) for __initial_sp
    startup_stm32f10x_md.o(RESET) refers to startup_stm32f10x_md.o(.text) for Reset_Handler
    startup_stm32f10x_md.o(RESET) refers to stm32f10x_it.o(.text) for NMI_Handler
    startup_stm32f10x_md.o(RESET) refers to usart1.o(.text) for USART1_IRQHandler
    startup_stm32f10x_md.o(RESET) refers to usart2.o(.text) for USART2_IRQHandler
    startup_stm32f10x_md.o(RESET) refers to rf.o(.text) for EXTI15_10_IRQHandler
    startup_stm32f10x_md.o(.text) refers to system_stm32f10x.o(.text) for SystemInit
    startup_stm32f10x_md.o(.text) refers to entry.o(.ARM.Collect$$$$00000000) for __main
    main.o(.text) refers to misc.o(.text) for NVIC_PriorityGroupConfig
    main.o(.text) refers to set_system_clock.o(.text) for Set_System_Clock
    main.o(.text) refers to usart2.o(.text) for CH340_USART2_Config
    main.o(.text) refers to usart1.o(.text) for GD5800_USART1_Config
    main.o(.text) refers to rf.o(.text) for RF_Config
    main.o(.text) refers to tm1629.o(.text) for Tm1629_GPIO_Config
    main.o(.text) refers to eeprom_24c.o(.text) for I2C_IO_Init
    main.o(.text) refers to key.o(.text) for Key_IO_Init
    main.o(.text) refers to printf5.o(i.__0printf$5) for __2printf
    main.o(.text) refers to rf.o(.data) for RF_Flag
    stm32f10x_it.o(.text) refers to set_system_clock.o(.data) for System_Time_Count
    set_system_clock.o(.text) refers to stm32f10x_rcc.o(.text) for RCC_DeInit
    set_system_clock.o(.text) refers to stm32f10x_gpio.o(.text) for GPIO_PinRemapConfig
    set_system_clock.o(.text) refers to system_stm32f10x.o(.data) for SystemCoreClock
    usart2.o(.text) refers to stm32f10x_rcc.o(.text) for RCC_APB2PeriphClockCmd
    usart2.o(.text) refers to stm32f10x_gpio.o(.text) for GPIO_Init
    usart2.o(.text) refers to stm32f10x_usart.o(.text) for USART_Init
    usart2.o(.text) refers to misc.o(.text) for NVIC_Init
    usart2.o(.text) refers to printf5.o(i.__0printf$5) for __2printf
    usart1.o(.text) refers to stm32f10x_rcc.o(.text) for RCC_APB2PeriphClockCmd
    usart1.o(.text) refers to stm32f10x_gpio.o(.text) for GPIO_Init
    usart1.o(.text) refers to stm32f10x_usart.o(.text) for USART_Init
    usart1.o(.text) refers to misc.o(.text) for NVIC_Init
    rf.o(.text) refers to stm32f10x_exti.o(.text) for EXTI_ClearITPendingBit
    rf.o(.text) refers to stm32f10x_rcc.o(.text) for RCC_APB2PeriphClockCmd
    rf.o(.text) refers to stm32f10x_gpio.o(.text) for GPIO_Init
    rf.o(.text) refers to misc.o(.text) for NVIC_Init
    rf.o(.text) refers to stm32f10x_tim.o(.text) for TIM_TimeBaseInit
    rf.o(.text) refers to rf.o(.data) for RF_Count
    rf.o(.text) refers to system_stm32f10x.o(.data) for SystemCoreClock
    tm1629.o(.text) refers to stm32f10x_rcc.o(.text) for RCC_APB2PeriphClockCmd
    tm1629.o(.text) refers to stm32f10x_gpio.o(.text) for GPIO_Init
    tm1629.o(.text) refers to tm1629.o(.bss) for Tm1629_Display_Ram
    tm1629.o(.text) refers to memseta.o(.text) for __aeabi_memclr
    tm1629.o(.text) refers to tm1629.o(.constdata) for Dis_TAB
    tm1629.o(.text) refers to tm1629.o(.data) for flag
    eeprom_24c.o(.text) refers to stm32f10x_rcc.o(.text) for RCC_APB2PeriphClockCmd
    eeprom_24c.o(.text) refers to stm32f10x_gpio.o(.text) for GPIO_Init
    eeprom_24c.o(.text) refers to menu.o(.data) for Register_Call_Buff
    eeprom_24c.o(.text) refers to memseta.o(.text) for __aeabi_memclr4
    key.o(.text) refers to stm32f10x_rcc.o(.text) for RCC_APB2PeriphClockCmd
    key.o(.text) refers to stm32f10x_gpio.o(.text) for GPIO_Init
    key.o(.text) refers to set_system_clock.o(.data) for LongPressSec
    key.o(.text) refers to key.o(.data) for gKeyValue
    key.o(.text) refers to menu.o(.constdata) for MenuProc
    menu.o(.text) refers to tm1629.o(.text) for Tm1629_Clear
    menu.o(.text) refers to menu.o(.data) for index
    menu.o(.text) refers to tm1629.o(.bss) for Tm1629_Display_Ram
    menu.o(.text) refers to key.o(.data) for gKeyValue
    menu.o(.text) refers to tm1629.o(.data) for Tm1629_Test_Time
    menu.o(.constdata) refers to menu.o(.text) for Menu_Standby
    stm32f10x_adc.o(.text) refers to stm32f10x_rcc.o(.text) for RCC_APB2PeriphResetCmd
    stm32f10x_bkp.o(.text) refers to stm32f10x_rcc.o(.text) for RCC_BackupResetCmd
    stm32f10x_can.o(.text) refers to stm32f10x_rcc.o(.text) for RCC_APB1PeriphResetCmd
    stm32f10x_cec.o(.text) refers to stm32f10x_rcc.o(.text) for RCC_APB1PeriphResetCmd
    stm32f10x_dac.o(.text) refers to stm32f10x_rcc.o(.text) for RCC_APB1PeriphResetCmd
    stm32f10x_gpio.o(.text) refers to stm32f10x_rcc.o(.text) for RCC_APB2PeriphResetCmd
    stm32f10x_i2c.o(.text) refers to stm32f10x_rcc.o(.text) for RCC_APB1PeriphResetCmd
    stm32f10x_pwr.o(.text) refers to stm32f10x_rcc.o(.text) for RCC_APB1PeriphResetCmd
    stm32f10x_rcc.o(.text) refers to stm32f10x_rcc.o(.data) for APBAHBPrescTable
    stm32f10x_spi.o(.text) refers to stm32f10x_rcc.o(.text) for RCC_APB2PeriphResetCmd
    stm32f10x_tim.o(.text) refers to stm32f10x_rcc.o(.text) for RCC_APB2PeriphResetCmd
    stm32f10x_usart.o(.text) refers to stm32f10x_rcc.o(.text) for RCC_APB2PeriphResetCmd
    stm32f10x_wwdg.o(.text) refers to stm32f10x_rcc.o(.text) for RCC_APB1PeriphResetCmd
    system_stm32f10x.o(.text) refers to system_stm32f10x.o(.data) for SystemCoreClock
    entry.o(.ARM.Collect$$$$00000000) refers (Special) to entry10a.o(.ARM.Collect$$$$0000000D) for __rt_final_cpp
    entry.o(.ARM.Collect$$$$00000000) refers (Special) to entry11a.o(.ARM.Collect$$$$0000000F) for __rt_final_exit
    entry.o(.ARM.Collect$$$$00000000) refers (Special) to entry7b.o(.ARM.Collect$$$$00000008) for _main_clock
    entry.o(.ARM.Collect$$$$00000000) refers (Special) to entry8b.o(.ARM.Collect$$$$0000000A) for _main_cpp_init
    entry.o(.ARM.Collect$$$$00000000) refers (Special) to entry9a.o(.ARM.Collect$$$$0000000B) for _main_init
    entry.o(.ARM.Collect$$$$00000000) refers (Special) to entry5.o(.ARM.Collect$$$$00000004) for _main_scatterload
    entry.o(.ARM.Collect$$$$00000000) refers (Special) to entry2.o(.ARM.Collect$$$$00000001) for _main_stk
    printfb.o(i.__0fprintf$bare) refers to printfb.o(i._printf_core) for _printf_core
    printfb.o(i.__0fprintf$bare) refers to usart2.o(.text) for fputc
    printfb.o(i.__0printf$bare) refers to printfb.o(i._printf_core) for _printf_core
    printfb.o(i.__0printf$bare) refers to usart2.o(.text) for fputc
    printfb.o(i.__0printf$bare) refers to stdout.o(.data) for __stdout
    printfb.o(i.__0snprintf$bare) refers to printfb.o(i._printf_core) for _printf_core
    printfb.o(i.__0snprintf$bare) refers to printfb.o(i._snputc) for _snputc
    printfb.o(i.__0sprintf$bare) refers to printfb.o(i._printf_core) for _printf_core
    printfb.o(i.__0sprintf$bare) refers to printfb.o(i._sputc) for _sputc
    printfb.o(i.__0vfprintf$bare) refers to printfb.o(i._printf_core) for _printf_core
    printfb.o(i.__0vfprintf$bare) refers to usart2.o(.text) for fputc
    printfb.o(i.__0vprintf$bare) refers to printfb.o(i._printf_core) for _printf_core
    printfb.o(i.__0vprintf$bare) refers to usart2.o(.text) for fputc
    printfb.o(i.__0vprintf$bare) refers to stdout.o(.data) for __stdout
    printfb.o(i.__0vsnprintf$bare) refers to printfb.o(i._printf_core) for _printf_core
    printfb.o(i.__0vsnprintf$bare) refers to printfb.o(i._snputc) for _snputc
    printfb.o(i.__0vsprintf$bare) refers to printfb.o(i._printf_core) for _printf_core
    printfb.o(i.__0vsprintf$bare) refers to printfb.o(i._sputc) for _sputc
    printf0.o(i.__0fprintf$0) refers to printf0.o(i._printf_core) for _printf_core
    printf0.o(i.__0fprintf$0) refers to usart2.o(.text) for fputc
    printf0.o(i.__0printf$0) refers to printf0.o(i._printf_core) for _printf_core
    printf0.o(i.__0printf$0) refers to usart2.o(.text) for fputc
    printf0.o(i.__0printf$0) refers to stdout.o(.data) for __stdout
    printf0.o(i.__0snprintf$0) refers to printf0.o(i._printf_core) for _printf_core
    printf0.o(i.__0snprintf$0) refers to printf0.o(i._snputc) for _snputc
    printf0.o(i.__0sprintf$0) refers to printf0.o(i._printf_core) for _printf_core
    printf0.o(i.__0sprintf$0) refers to printf0.o(i._sputc) for _sputc
    printf0.o(i.__0vfprintf$0) refers to printf0.o(i._printf_core) for _printf_core
    printf0.o(i.__0vfprintf$0) refers to usart2.o(.text) for fputc
    printf0.o(i.__0vprintf$0) refers to printf0.o(i._printf_core) for _printf_core
    printf0.o(i.__0vprintf$0) refers to usart2.o(.text) for fputc
    printf0.o(i.__0vprintf$0) refers to stdout.o(.data) for __stdout
    printf0.o(i.__0vsnprintf$0) refers to printf0.o(i._printf_core) for _printf_core
    printf0.o(i.__0vsnprintf$0) refers to printf0.o(i._snputc) for _snputc
    printf0.o(i.__0vsprintf$0) refers to printf0.o(i._printf_core) for _printf_core
    printf0.o(i.__0vsprintf$0) refers to printf0.o(i._sputc) for _sputc
    printf1.o(i.__0fprintf$1) refers to printf1.o(i._printf_core) for _printf_core
    printf1.o(i.__0fprintf$1) refers to usart2.o(.text) for fputc
    printf1.o(i.__0printf$1) refers to printf1.o(i._printf_core) for _printf_core
    printf1.o(i.__0printf$1) refers to usart2.o(.text) for fputc
    printf1.o(i.__0printf$1) refers to stdout.o(.data) for __stdout
    printf1.o(i.__0snprintf$1) refers to printf1.o(i._printf_core) for _printf_core
    printf1.o(i.__0snprintf$1) refers to printf1.o(i._snputc) for _snputc
    printf1.o(i.__0sprintf$1) refers to printf1.o(i._printf_core) for _printf_core
    printf1.o(i.__0sprintf$1) refers to printf1.o(i._sputc) for _sputc
    printf1.o(i.__0vfprintf$1) refers to printf1.o(i._printf_core) for _printf_core
    printf1.o(i.__0vfprintf$1) refers to usart2.o(.text) for fputc
    printf1.o(i.__0vprintf$1) refers to printf1.o(i._printf_core) for _printf_core
    printf1.o(i.__0vprintf$1) refers to usart2.o(.text) for fputc
    printf1.o(i.__0vprintf$1) refers to stdout.o(.data) for __stdout
    printf1.o(i.__0vsnprintf$1) refers to printf1.o(i._printf_core) for _printf_core
    printf1.o(i.__0vsnprintf$1) refers to printf1.o(i._snputc) for _snputc
    printf1.o(i.__0vsprintf$1) refers to printf1.o(i._printf_core) for _printf_core
    printf1.o(i.__0vsprintf$1) refers to printf1.o(i._sputc) for _sputc
    printf1.o(i._printf_core) refers to uidiv.o(.text) for __aeabi_uidivmod
    printf2.o(i.__0fprintf$2) refers to printf2.o(i._printf_core) for _printf_core
    printf2.o(i.__0fprintf$2) refers to usart2.o(.text) for fputc
    printf2.o(i.__0printf$2) refers to printf2.o(i._printf_core) for _printf_core
    printf2.o(i.__0printf$2) refers to usart2.o(.text) for fputc
    printf2.o(i.__0printf$2) refers to stdout.o(.data) for __stdout
    printf2.o(i.__0snprintf$2) refers to printf2.o(i._printf_core) for _printf_core
    printf2.o(i.__0snprintf$2) refers to printf2.o(i._snputc) for _snputc
    printf2.o(i.__0sprintf$2) refers to printf2.o(i._printf_core) for _printf_core
    printf2.o(i.__0sprintf$2) refers to printf2.o(i._sputc) for _sputc
    printf2.o(i.__0vfprintf$2) refers to printf2.o(i._printf_core) for _printf_core
    printf2.o(i.__0vfprintf$2) refers to usart2.o(.text) for fputc
    printf2.o(i.__0vprintf$2) refers to printf2.o(i._printf_core) for _printf_core
    printf2.o(i.__0vprintf$2) refers to usart2.o(.text) for fputc
    printf2.o(i.__0vprintf$2) refers to stdout.o(.data) for __stdout
    printf2.o(i.__0vsnprintf$2) refers to printf2.o(i._printf_core) for _printf_core
    printf2.o(i.__0vsnprintf$2) refers to printf2.o(i._snputc) for _snputc
    printf2.o(i.__0vsprintf$2) refers to printf2.o(i._printf_core) for _printf_core
    printf2.o(i.__0vsprintf$2) refers to printf2.o(i._sputc) for _sputc
    printf3.o(i.__0fprintf$3) refers to printf3.o(i._printf_core) for _printf_core
    printf3.o(i.__0fprintf$3) refers to usart2.o(.text) for fputc
    printf3.o(i.__0printf$3) refers to printf3.o(i._printf_core) for _printf_core
    printf3.o(i.__0printf$3) refers to usart2.o(.text) for fputc
    printf3.o(i.__0printf$3) refers to stdout.o(.data) for __stdout
    printf3.o(i.__0snprintf$3) refers to printf3.o(i._printf_core) for _printf_core
    printf3.o(i.__0snprintf$3) refers to printf3.o(i._snputc) for _snputc
    printf3.o(i.__0sprintf$3) refers to printf3.o(i._printf_core) for _printf_core
    printf3.o(i.__0sprintf$3) refers to printf3.o(i._sputc) for _sputc
    printf3.o(i.__0vfprintf$3) refers to printf3.o(i._printf_core) for _printf_core
    printf3.o(i.__0vfprintf$3) refers to usart2.o(.text) for fputc
    printf3.o(i.__0vprintf$3) refers to printf3.o(i._printf_core) for _printf_core
    printf3.o(i.__0vprintf$3) refers to usart2.o(.text) for fputc
    printf3.o(i.__0vprintf$3) refers to stdout.o(.data) for __stdout
    printf3.o(i.__0vsnprintf$3) refers to printf3.o(i._printf_core) for _printf_core
    printf3.o(i.__0vsnprintf$3) refers to printf3.o(i._snputc) for _snputc
    printf3.o(i.__0vsprintf$3) refers to printf3.o(i._printf_core) for _printf_core
    printf3.o(i.__0vsprintf$3) refers to printf3.o(i._sputc) for _sputc
    printf3.o(i._printf_core) refers to uidiv.o(.text) for __aeabi_uidivmod
    printf4.o(i.__0fprintf$4) refers to printf4.o(i._printf_core) for _printf_core
    printf4.o(i.__0fprintf$4) refers to usart2.o(.text) for fputc
    printf4.o(i.__0printf$4) refers to printf4.o(i._printf_core) for _printf_core
    printf4.o(i.__0printf$4) refers to usart2.o(.text) for fputc
    printf4.o(i.__0printf$4) refers to stdout.o(.data) for __stdout
    printf4.o(i.__0snprintf$4) refers to printf4.o(i._printf_core) for _printf_core
    printf4.o(i.__0snprintf$4) refers to printf4.o(i._snputc) for _snputc
    printf4.o(i.__0sprintf$4) refers to printf4.o(i._printf_core) for _printf_core
    printf4.o(i.__0sprintf$4) refers to printf4.o(i._sputc) for _sputc
    printf4.o(i.__0vfprintf$4) refers to printf4.o(i._printf_core) for _printf_core
    printf4.o(i.__0vfprintf$4) refers to usart2.o(.text) for fputc
    printf4.o(i.__0vprintf$4) refers to printf4.o(i._printf_core) for _printf_core
    printf4.o(i.__0vprintf$4) refers to usart2.o(.text) for fputc
    printf4.o(i.__0vprintf$4) refers to stdout.o(.data) for __stdout
    printf4.o(i.__0vsnprintf$4) refers to printf4.o(i._printf_core) for _printf_core
    printf4.o(i.__0vsnprintf$4) refers to printf4.o(i._snputc) for _snputc
    printf4.o(i.__0vsprintf$4) refers to printf4.o(i._printf_core) for _printf_core
    printf4.o(i.__0vsprintf$4) refers to printf4.o(i._sputc) for _sputc
    printf4.o(i._printf_core) refers to uldiv.o(.text) for __aeabi_uldivmod
    printf5.o(i.__0fprintf$5) refers to printf5.o(i._printf_core) for _printf_core
    printf5.o(i.__0fprintf$5) refers to usart2.o(.text) for fputc
    printf5.o(i.__0printf$5) refers to printf5.o(i._printf_core) for _printf_core
    printf5.o(i.__0printf$5) refers to usart2.o(.text) for fputc
    printf5.o(i.__0printf$5) refers to stdout.o(.data) for __stdout
    printf5.o(i.__0snprintf$5) refers to printf5.o(i._printf_core) for _printf_core
    printf5.o(i.__0snprintf$5) refers to printf5.o(i._snputc) for _snputc
    printf5.o(i.__0sprintf$5) refers to printf5.o(i._printf_core) for _printf_core
    printf5.o(i.__0sprintf$5) refers to printf5.o(i._sputc) for _sputc
    printf5.o(i.__0vfprintf$5) refers to printf5.o(i._printf_core) for _printf_core
    printf5.o(i.__0vfprintf$5) refers to usart2.o(.text) for fputc
    printf5.o(i.__0vprintf$5) refers to printf5.o(i._printf_core) for _printf_core
    printf5.o(i.__0vprintf$5) refers to usart2.o(.text) for fputc
    printf5.o(i.__0vprintf$5) refers to stdout.o(.data) for __stdout
    printf5.o(i.__0vsnprintf$5) refers to printf5.o(i._printf_core) for _printf_core
    printf5.o(i.__0vsnprintf$5) refers to printf5.o(i._snputc) for _snputc
    printf5.o(i.__0vsprintf$5) refers to printf5.o(i._printf_core) for _printf_core
    printf5.o(i.__0vsprintf$5) refers to printf5.o(i._sputc) for _sputc
    printf5.o(i._printf_core) refers to uldiv.o(.text) for __aeabi_uldivmod
    printf6.o(i.__0fprintf$6) refers to printf6.o(i._printf_core) for _printf_core
    printf6.o(i.__0fprintf$6) refers to usart2.o(.text) for fputc
    printf6.o(i.__0printf$6) refers to printf6.o(i._printf_core) for _printf_core
    printf6.o(i.__0printf$6) refers to usart2.o(.text) for fputc
    printf6.o(i.__0printf$6) refers to stdout.o(.data) for __stdout
    printf6.o(i.__0snprintf$6) refers to printf6.o(i._printf_core) for _printf_core
    printf6.o(i.__0snprintf$6) refers to printf6.o(i._snputc) for _snputc
    printf6.o(i.__0sprintf$6) refers to printf6.o(i._printf_core) for _printf_core
    printf6.o(i.__0sprintf$6) refers to printf6.o(i._sputc) for _sputc
    printf6.o(i.__0vfprintf$6) refers to printf6.o(i._printf_core) for _printf_core
    printf6.o(i.__0vfprintf$6) refers to usart2.o(.text) for fputc
    printf6.o(i.__0vprintf$6) refers to printf6.o(i._printf_core) for _printf_core
    printf6.o(i.__0vprintf$6) refers to usart2.o(.text) for fputc
    printf6.o(i.__0vprintf$6) refers to stdout.o(.data) for __stdout
    printf6.o(i.__0vsnprintf$6) refers to printf6.o(i._printf_core) for _printf_core
    printf6.o(i.__0vsnprintf$6) refers to printf6.o(i._snputc) for _snputc
    printf6.o(i.__0vsprintf$6) refers to printf6.o(i._printf_core) for _printf_core
    printf6.o(i.__0vsprintf$6) refers to printf6.o(i._sputc) for _sputc
    printf6.o(i._printf_core) refers to printf6.o(i._printf_pre_padding) for _printf_pre_padding
    printf6.o(i._printf_core) refers to uidiv.o(.text) for __aeabi_uidivmod
    printf6.o(i._printf_core) refers to printf6.o(i._printf_post_padding) for _printf_post_padding
    printf7.o(i.__0fprintf$7) refers to printf7.o(i._printf_core) for _printf_core
    printf7.o(i.__0fprintf$7) refers to usart2.o(.text) for fputc
    printf7.o(i.__0printf$7) refers to printf7.o(i._printf_core) for _printf_core
    printf7.o(i.__0printf$7) refers to usart2.o(.text) for fputc
    printf7.o(i.__0printf$7) refers to stdout.o(.data) for __stdout
    printf7.o(i.__0snprintf$7) refers to printf7.o(i._printf_core) for _printf_core
    printf7.o(i.__0snprintf$7) refers to printf7.o(i._snputc) for _snputc
    printf7.o(i.__0sprintf$7) refers to printf7.o(i._printf_core) for _printf_core
    printf7.o(i.__0sprintf$7) refers to printf7.o(i._sputc) for _sputc
    printf7.o(i.__0vfprintf$7) refers to printf7.o(i._printf_core) for _printf_core
    printf7.o(i.__0vfprintf$7) refers to usart2.o(.text) for fputc
    printf7.o(i.__0vprintf$7) refers to printf7.o(i._printf_core) for _printf_core
    printf7.o(i.__0vprintf$7) refers to usart2.o(.text) for fputc
    printf7.o(i.__0vprintf$7) refers to stdout.o(.data) for __stdout
    printf7.o(i.__0vsnprintf$7) refers to printf7.o(i._printf_core) for _printf_core
    printf7.o(i.__0vsnprintf$7) refers to printf7.o(i._snputc) for _snputc
    printf7.o(i.__0vsprintf$7) refers to printf7.o(i._printf_core) for _printf_core
    printf7.o(i.__0vsprintf$7) refers to printf7.o(i._sputc) for _sputc
    printf7.o(i._printf_core) refers to printf7.o(i._printf_pre_padding) for _printf_pre_padding
    printf7.o(i._printf_core) refers to uldiv.o(.text) for __aeabi_uldivmod
    printf7.o(i._printf_core) refers to printf7.o(i._printf_post_padding) for _printf_post_padding
    printf8.o(i.__0fprintf$8) refers to printf8.o(i._printf_core) for _printf_core
    printf8.o(i.__0fprintf$8) refers to usart2.o(.text) for fputc
    printf8.o(i.__0printf$8) refers to printf8.o(i._printf_core) for _printf_core
    printf8.o(i.__0printf$8) refers to usart2.o(.text) for fputc
    printf8.o(i.__0printf$8) refers to stdout.o(.data) for __stdout
    printf8.o(i.__0snprintf$8) refers to printf8.o(i._printf_core) for _printf_core
    printf8.o(i.__0snprintf$8) refers to printf8.o(i._snputc) for _snputc
    printf8.o(i.__0sprintf$8) refers to printf8.o(i._printf_core) for _printf_core
    printf8.o(i.__0sprintf$8) refers to printf8.o(i._sputc) for _sputc
    printf8.o(i.__0vfprintf$8) refers to printf8.o(i._printf_core) for _printf_core
    printf8.o(i.__0vfprintf$8) refers to usart2.o(.text) for fputc
    printf8.o(i.__0vprintf$8) refers to printf8.o(i._printf_core) for _printf_core
    printf8.o(i.__0vprintf$8) refers to usart2.o(.text) for fputc
    printf8.o(i.__0vprintf$8) refers to stdout.o(.data) for __stdout
    printf8.o(i.__0vsnprintf$8) refers to printf8.o(i._printf_core) for _printf_core
    printf8.o(i.__0vsnprintf$8) refers to printf8.o(i._snputc) for _snputc
    printf8.o(i.__0vsprintf$8) refers to printf8.o(i._printf_core) for _printf_core
    printf8.o(i.__0vsprintf$8) refers to printf8.o(i._sputc) for _sputc
    printf8.o(i._printf_core) refers to printf8.o(i._printf_pre_padding) for _printf_pre_padding
    printf8.o(i._printf_core) refers to uldiv.o(.text) for __aeabi_uldivmod
    printf8.o(i._printf_core) refers to printf8.o(i._printf_post_padding) for _printf_post_padding
    printfa.o(i.__0fprintf) refers (Special) to iusefp.o(.text) for __I$use$fp
    printfa.o(i.__0fprintf) refers to printfa.o(i._printf_core) for _printf_core
    printfa.o(i.__0fprintf) refers to usart2.o(.text) for fputc
    printfa.o(i.__0printf) refers (Special) to iusefp.o(.text) for __I$use$fp
    printfa.o(i.__0printf) refers to printfa.o(i._printf_core) for _printf_core
    printfa.o(i.__0printf) refers to usart2.o(.text) for fputc
    printfa.o(i.__0printf) refers to stdout.o(.data) for __stdout
    printfa.o(i.__0snprintf) refers (Special) to iusefp.o(.text) for __I$use$fp
    printfa.o(i.__0snprintf) refers to printfa.o(i._printf_core) for _printf_core
    printfa.o(i.__0snprintf) refers to printfa.o(i._snputc) for _snputc
    printfa.o(i.__0sprintf) refers (Special) to iusefp.o(.text) for __I$use$fp
    printfa.o(i.__0sprintf) refers to printfa.o(i._printf_core) for _printf_core
    printfa.o(i.__0sprintf) refers to printfa.o(i._sputc) for _sputc
    printfa.o(i.__0vfprintf) refers (Special) to iusefp.o(.text) for __I$use$fp
    printfa.o(i.__0vfprintf) refers to printfa.o(i._printf_core) for _printf_core
    printfa.o(i.__0vfprintf) refers to usart2.o(.text) for fputc
    printfa.o(i.__0vprintf) refers (Special) to iusefp.o(.text) for __I$use$fp
    printfa.o(i.__0vprintf) refers to printfa.o(i._printf_core) for _printf_core
    printfa.o(i.__0vprintf) refers to usart2.o(.text) for fputc
    printfa.o(i.__0vprintf) refers to stdout.o(.data) for __stdout
    printfa.o(i.__0vsnprintf) refers (Special) to iusefp.o(.text) for __I$use$fp
    printfa.o(i.__0vsnprintf) refers to printfa.o(i._printf_core) for _printf_core
    printfa.o(i.__0vsnprintf) refers to printfa.o(i._snputc) for _snputc
    printfa.o(i.__0vsprintf) refers (Special) to iusefp.o(.text) for __I$use$fp
    printfa.o(i.__0vsprintf) refers to printfa.o(i._printf_core) for _printf_core
    printfa.o(i.__0vsprintf) refers to printfa.o(i._sputc) for _sputc
    printfa.o(i._fp_digits) refers (Special) to iusefp.o(.text) for __I$use$fp
    printfa.o(i._fp_digits) refers to dmul.o(.text) for __aeabi_dmul
    printfa.o(i._fp_digits) refers to ddiv.o(.text) for __aeabi_ddiv
    printfa.o(i._fp_digits) refers to cdrcmple.o(.text) for __aeabi_cdrcmple
    printfa.o(i._fp_digits) refers to dadd.o(.text) for __aeabi_dadd
    printfa.o(i._fp_digits) refers to dfixul.o(.text) for __aeabi_d2ulz
    printfa.o(i._fp_digits) refers to uldiv.o(.text) for __aeabi_uldivmod
    printfa.o(i._printf_core) refers (Special) to iusefp.o(.text) for __I$use$fp
    printfa.o(i._printf_core) refers to printfa.o(i._printf_pre_padding) for _printf_pre_padding
    printfa.o(i._printf_core) refers to uldiv.o(.text) for __aeabi_uldivmod
    printfa.o(i._printf_core) refers to printfa.o(i._printf_post_padding) for _printf_post_padding
    printfa.o(i._printf_core) refers to printfa.o(i._fp_digits) for _fp_digits
    printfa.o(i._printf_core) refers to uidiv.o(.text) for __aeabi_uidivmod
    printfa.o(i._printf_post_padding) refers (Special) to iusefp.o(.text) for __I$use$fp
    printfa.o(i._printf_pre_padding) refers (Special) to iusefp.o(.text) for __I$use$fp
    printfa.o(i._snputc) refers (Special) to iusefp.o(.text) for __I$use$fp
    printfa.o(i._sputc) refers (Special) to iusefp.o(.text) for __I$use$fp
    entry2.o(.ARM.Collect$$$$00000001) refers to entry2.o(.ARM.Collect$$$$00002712) for __lit__00000000
    entry2.o(.ARM.Collect$$$$00002712) refers to startup_stm32f10x_md.o(STACK) for __initial_sp
    entry2.o(__vectab_stack_and_reset_area) refers to startup_stm32f10x_md.o(STACK) for __initial_sp
    entry2.o(__vectab_stack_and_reset_area) refers to entry.o(.ARM.Collect$$$$00000000) for __main
    entry5.o(.ARM.Collect$$$$00000004) refers to init.o(.text) for __scatterload
    entry9a.o(.ARM.Collect$$$$0000000B) refers to main.o(.text) for main
    entry9b.o(.ARM.Collect$$$$0000000C) refers to main.o(.text) for main
    uldiv.o(.text) refers to llushr.o(.text) for __aeabi_llsr
    uldiv.o(.text) refers to llshl.o(.text) for __aeabi_llsl
    dadd.o(.text) refers to llshl.o(.text) for __aeabi_llsl
    dadd.o(.text) refers to llsshr.o(.text) for __aeabi_lasr
    dadd.o(.text) refers to depilogue.o(.text) for _double_epilogue
    dmul.o(.text) refers to depilogue.o(.text) for _double_epilogue
    ddiv.o(.text) refers to depilogue.o(.text) for _double_round
    dfixul.o(.text) refers to llushr.o(.text) for __aeabi_llsr
    dfixul.o(.text) refers to llshl.o(.text) for __aeabi_llsl
    init.o(.text) refers to entry5.o(.ARM.Collect$$$$00000004) for __main_after_scatterload
    depilogue.o(.text) refers to llshl.o(.text) for __aeabi_llsl
    depilogue.o(.text) refers to llushr.o(.text) for __aeabi_llsr


==============================================================================

Removing Unused input sections from the image.

    Removing startup_stm32f10x_md.o(HEAP), (512 bytes).
    Removing stm32f10x_adc.o(.text), (1102 bytes).
    Removing stm32f10x_bkp.o(.text), (196 bytes).
    Removing stm32f10x_can.o(.text), (2540 bytes).
    Removing stm32f10x_cec.o(.text), (288 bytes).
    Removing stm32f10x_crc.o(.text), (72 bytes).
    Removing stm32f10x_dac.o(.text), (528 bytes).
    Removing stm32f10x_dbgmcu.o(.text), (48 bytes).
    Removing stm32f10x_dma.o(.text), (592 bytes).
    Removing stm32f10x_flash.o(.text), (1468 bytes).
    Removing stm32f10x_fsmc.o(.text), (1560 bytes).
    Removing stm32f10x_i2c.o(.text), (796 bytes).
    Removing stm32f10x_iwdg.o(.text), (64 bytes).
    Removing stm32f10x_pwr.o(.text), (204 bytes).
    Removing stm32f10x_rtc.o(.text), (324 bytes).
    Removing stm32f10x_sdio.o(.text), (472 bytes).
    Removing stm32f10x_spi.o(.text), (804 bytes).
    Removing stm32f10x_wwdg.o(.text), (136 bytes).
    Removing core_cm3.o(.emb_text), (32 bytes).
    Removing dadd.o(.text), (334 bytes).
    Removing dmul.o(.text), (228 bytes).
    Removing ddiv.o(.text), (222 bytes).
    Removing dfixul.o(.text), (48 bytes).
    Removing cdrcmple.o(.text), (40 bytes).
    Removing depilogue.o(.text), (190 bytes).

25 unused section(s) (total 12800 bytes) removed from the image.

==============================================================================

Image Symbol Table

    Local Symbols

    Symbol Name                              Value     Ov Type        Size  Object(Section)

    ../clib/microlib/division.c              0x00000000   Number         0  uidiv.o ABSOLUTE
    ../clib/microlib/division.c              0x00000000   Number         0  uldiv.o ABSOLUTE
    ../clib/microlib/init/entry.s            0x00000000   Number         0  entry10a.o ABSOLUTE
    ../clib/microlib/init/entry.s            0x00000000   Number         0  entry10b.o ABSOLUTE
    ../clib/microlib/init/entry.s            0x00000000   Number         0  entry11a.o ABSOLUTE
    ../clib/microlib/init/entry.s            0x00000000   Number         0  entry.o ABSOLUTE
    ../clib/microlib/init/entry.s            0x00000000   Number         0  entry9b.o ABSOLUTE
    ../clib/microlib/init/entry.s            0x00000000   Number         0  entry11b.o ABSOLUTE
    ../clib/microlib/init/entry.s            0x00000000   Number         0  entry2.o ABSOLUTE
    ../clib/microlib/init/entry.s            0x00000000   Number         0  entry5.o ABSOLUTE
    ../clib/microlib/init/entry.s            0x00000000   Number         0  entry7a.o ABSOLUTE
    ../clib/microlib/init/entry.s            0x00000000   Number         0  entry7b.o ABSOLUTE
    ../clib/microlib/init/entry.s            0x00000000   Number         0  entry9a.o ABSOLUTE
    ../clib/microlib/init/entry.s            0x00000000   Number         0  entry8b.o ABSOLUTE
    ../clib/microlib/init/entry.s            0x00000000   Number         0  entry8a.o ABSOLUTE
    ../clib/microlib/longlong.c              0x00000000   Number         0  llshl.o ABSOLUTE
    ../clib/microlib/longlong.c              0x00000000   Number         0  llsshr.o ABSOLUTE
    ../clib/microlib/longlong.c              0x00000000   Number         0  llushr.o ABSOLUTE
    ../clib/microlib/printf/printf.c         0x00000000   Number         0  printf4.o ABSOLUTE
    ../clib/microlib/printf/printf.c         0x00000000   Number         0  printfb.o ABSOLUTE
    ../clib/microlib/printf/printf.c         0x00000000   Number         0  printf0.o ABSOLUTE
    ../clib/microlib/printf/printf.c         0x00000000   Number         0  printf1.o ABSOLUTE
    ../clib/microlib/printf/printf.c         0x00000000   Number         0  printf2.o ABSOLUTE
    ../clib/microlib/printf/printf.c         0x00000000   Number         0  printf3.o ABSOLUTE
    ../clib/microlib/printf/printf.c         0x00000000   Number         0  printf5.o ABSOLUTE
    ../clib/microlib/printf/printf.c         0x00000000   Number         0  printf6.o ABSOLUTE
    ../clib/microlib/printf/printf.c         0x00000000   Number         0  printf7.o ABSOLUTE
    ../clib/microlib/printf/printf.c         0x00000000   Number         0  printf8.o ABSOLUTE
    ../clib/microlib/printf/printf.c         0x00000000   Number         0  printfa.o ABSOLUTE
    ../clib/microlib/printf/stubs.s          0x00000000   Number         0  stubs.o ABSOLUTE
    ../clib/microlib/stdio/streams.c         0x00000000   Number         0  stdout.o ABSOLUTE
    ../clib/microlib/string/memset.c         0x00000000   Number         0  memseta.o ABSOLUTE
    ../clib/microlib/stubs.s                 0x00000000   Number         0  iusefp.o ABSOLUTE
    ../fplib/microlib/fpadd.c                0x00000000   Number         0  dadd.o ABSOLUTE
    ../fplib/microlib/fpdiv.c                0x00000000   Number         0  ddiv.o ABSOLUTE
    ../fplib/microlib/fpepilogue.c           0x00000000   Number         0  depilogue.o ABSOLUTE
    ../fplib/microlib/fpfix.c                0x00000000   Number         0  dfixul.o ABSOLUTE
    ../fplib/microlib/fpmul.c                0x00000000   Number         0  dmul.o ABSOLUTE
    ..\CMSIS\core_cm3.c                      0x00000000   Number         0  core_cm3.o ABSOLUTE
    ..\CMSIS\startup\startup_stm32f10x_md.s  0x00000000   Number         0  startup_stm32f10x_md.o ABSOLUTE
    ..\CMSIS\system_stm32f10x.c              0x00000000   Number         0  system_stm32f10x.o ABSOLUTE
    ..\FWlib\src\misc.c                      0x00000000   Number         0  misc.o ABSOLUTE
    ..\FWlib\src\stm32f10x_adc.c             0x00000000   Number         0  stm32f10x_adc.o ABSOLUTE
    ..\FWlib\src\stm32f10x_bkp.c             0x00000000   Number         0  stm32f10x_bkp.o ABSOLUTE
    ..\FWlib\src\stm32f10x_can.c             0x00000000   Number         0  stm32f10x_can.o ABSOLUTE
    ..\FWlib\src\stm32f10x_cec.c             0x00000000   Number         0  stm32f10x_cec.o ABSOLUTE
    ..\FWlib\src\stm32f10x_crc.c             0x00000000   Number         0  stm32f10x_crc.o ABSOLUTE
    ..\FWlib\src\stm32f10x_dac.c             0x00000000   Number         0  stm32f10x_dac.o ABSOLUTE
    ..\FWlib\src\stm32f10x_dbgmcu.c          0x00000000   Number         0  stm32f10x_dbgmcu.o ABSOLUTE
    ..\FWlib\src\stm32f10x_dma.c             0x00000000   Number         0  stm32f10x_dma.o ABSOLUTE
    ..\FWlib\src\stm32f10x_exti.c            0x00000000   Number         0  stm32f10x_exti.o ABSOLUTE
    ..\FWlib\src\stm32f10x_flash.c           0x00000000   Number         0  stm32f10x_flash.o ABSOLUTE
    ..\FWlib\src\stm32f10x_fsmc.c            0x00000000   Number         0  stm32f10x_fsmc.o ABSOLUTE
    ..\FWlib\src\stm32f10x_gpio.c            0x00000000   Number         0  stm32f10x_gpio.o ABSOLUTE
    ..\FWlib\src\stm32f10x_i2c.c             0x00000000   Number         0  stm32f10x_i2c.o ABSOLUTE
    ..\FWlib\src\stm32f10x_iwdg.c            0x00000000   Number         0  stm32f10x_iwdg.o ABSOLUTE
    ..\FWlib\src\stm32f10x_pwr.c             0x00000000   Number         0  stm32f10x_pwr.o ABSOLUTE
    ..\FWlib\src\stm32f10x_rcc.c             0x00000000   Number         0  stm32f10x_rcc.o ABSOLUTE
    ..\FWlib\src\stm32f10x_rtc.c             0x00000000   Number         0  stm32f10x_rtc.o ABSOLUTE
    ..\FWlib\src\stm32f10x_sdio.c            0x00000000   Number         0  stm32f10x_sdio.o ABSOLUTE
    ..\FWlib\src\stm32f10x_spi.c             0x00000000   Number         0  stm32f10x_spi.o ABSOLUTE
    ..\FWlib\src\stm32f10x_tim.c             0x00000000   Number         0  stm32f10x_tim.o ABSOLUTE
    ..\FWlib\src\stm32f10x_usart.c           0x00000000   Number         0  stm32f10x_usart.o ABSOLUTE
    ..\FWlib\src\stm32f10x_wwdg.c            0x00000000   Number         0  stm32f10x_wwdg.o ABSOLUTE
    ..\USER\eeprom_24c.c                     0x00000000   Number         0  eeprom_24c.o ABSOLUTE
    ..\USER\key.c                            0x00000000   Number         0  key.o ABSOLUTE
    ..\USER\main.c                           0x00000000   Number         0  main.o ABSOLUTE
    ..\USER\menu.c                           0x00000000   Number         0  menu.o ABSOLUTE
    ..\USER\rf.c                             0x00000000   Number         0  rf.o ABSOLUTE
    ..\USER\set_system_clock.c               0x00000000   Number         0  set_system_clock.o ABSOLUTE
    ..\USER\stm32f10x_it.c                   0x00000000   Number         0  stm32f10x_it.o ABSOLUTE
    ..\USER\tm1629.c                         0x00000000   Number         0  tm1629.o ABSOLUTE
    ..\USER\usart1.c                         0x00000000   Number         0  usart1.o ABSOLUTE
    ..\USER\usart2.c                         0x00000000   Number         0  usart2.o ABSOLUTE
    ..\\CMSIS\\core_cm3.c                    0x00000000   Number         0  core_cm3.o ABSOLUTE
    cdrcmple.s                               0x00000000   Number         0  cdrcmple.o ABSOLUTE
    dc.s                                     0x00000000   Number         0  dc.o ABSOLUTE
    handlers.s                               0x00000000   Number         0  handlers.o ABSOLUTE
    init.s                                   0x00000000   Number         0  init.o ABSOLUTE
    RESET                                    0x08000000   Section      236  startup_stm32f10x_md.o(RESET)
    .ARM.Collect$$$$00000000                 0x080000ec   Section        0  entry.o(.ARM.Collect$$$$00000000)
    .ARM.Collect$$$$00000001                 0x080000ec   Section        4  entry2.o(.ARM.Collect$$$$00000001)
    .ARM.Collect$$$$00000004                 0x080000f0   Section        4  entry5.o(.ARM.Collect$$$$00000004)
    .ARM.Collect$$$$00000008                 0x080000f4   Section        0  entry7b.o(.ARM.Collect$$$$00000008)
    .ARM.Collect$$$$0000000A                 0x080000f4   Section        0  entry8b.o(.ARM.Collect$$$$0000000A)
    .ARM.Collect$$$$0000000B                 0x080000f4   Section        8  entry9a.o(.ARM.Collect$$$$0000000B)
    .ARM.Collect$$$$0000000D                 0x080000fc   Section        0  entry10a.o(.ARM.Collect$$$$0000000D)
    .ARM.Collect$$$$0000000F                 0x080000fc   Section        0  entry11a.o(.ARM.Collect$$$$0000000F)
    .ARM.Collect$$$$00002712                 0x080000fc   Section        4  entry2.o(.ARM.Collect$$$$00002712)
    __lit__00000000                          0x080000fc   Data           4  entry2.o(.ARM.Collect$$$$00002712)
    .text                                    0x08000100   Section       36  startup_stm32f10x_md.o(.text)
    .text                                    0x08000124   Section        0  main.o(.text)
    .text                                    0x080001ac   Section        0  stm32f10x_it.o(.text)
    .text                                    0x080001fc   Section        0  set_system_clock.o(.text)
    NVIC_SetPriority                         0x080001fd   Thumb Code    32  set_system_clock.o(.text)
    .text                                    0x080002e8   Section        0  usart2.o(.text)
    .text                                    0x080003d4   Section        0  usart1.o(.text)
    .text                                    0x080004a4   Section        0  rf.o(.text)
    RF_IO_Init                               0x08000579   Thumb Code    36  rf.o(.text)
    .text                                    0x0800065c   Section        0  tm1629.o(.text)
    WriteDataTo1629_1                        0x080006b3   Thumb Code    82  tm1629.o(.text)
    WriteDataTo1629_2                        0x08000705   Thumb Code    80  tm1629.o(.text)
    WriteDataTo1629_3                        0x08000755   Thumb Code    80  tm1629.o(.text)
    SendCommandTo1629_1                      0x080007a5   Thumb Code    34  tm1629.o(.text)
    SendCommandTo1629_2                      0x0800099d   Thumb Code    34  tm1629.o(.text)
    SendCommandTo1629_3                      0x080009bf   Thumb Code    34  tm1629.o(.text)
    .text                                    0x08000e84   Section        0  eeprom_24c.o(.text)
    I2C_Delay_us                             0x08000ed3   Thumb Code    28  eeprom_24c.o(.text)
    I2C_Start                                0x08000eef   Thumb Code    60  eeprom_24c.o(.text)
    I2C_Send_Byte                            0x08000f2b   Thumb Code   146  eeprom_24c.o(.text)
    I2C_Receive_Byte                         0x08000fbd   Thumb Code    72  eeprom_24c.o(.text)
    I2C_Stop                                 0x08001005   Thumb Code    60  eeprom_24c.o(.text)
    .text                                    0x08001574   Section        0  key.o(.text)
    Key_Delay_us                             0x08001595   Thumb Code    28  key.o(.text)
    .text                                    0x08001818   Section        0  menu.o(.text)
    Menu_Standby                             0x08001819   Thumb Code    36  menu.o(.text)
    Menu_F0                                  0x0800183d   Thumb Code    10  menu.o(.text)
    Menu_F1                                  0x08001847   Thumb Code    10  menu.o(.text)
    Menu_F2                                  0x08001851   Thumb Code    10  menu.o(.text)
    Menu_F3                                  0x0800185b   Thumb Code    10  menu.o(.text)
    Menu_F4                                  0x08001865   Thumb Code    10  menu.o(.text)
    Menu_F5                                  0x0800186f   Thumb Code    10  menu.o(.text)
    Menu_F6                                  0x08001879   Thumb Code    10  menu.o(.text)
    Menu_F7                                  0x08001883   Thumb Code    10  menu.o(.text)
    Menu_F8                                  0x0800188d   Thumb Code    10  menu.o(.text)
    Menu_F9                                  0x08001897   Thumb Code    10  menu.o(.text)
    Menu_FA                                  0x080018a1   Thumb Code    10  menu.o(.text)
    Menu_FB                                  0x080018ab   Thumb Code    10  menu.o(.text)
    Menu_FC                                  0x080018b5   Thumb Code    10  menu.o(.text)
    Menu_FD                                  0x080018bf   Thumb Code    10  menu.o(.text)
    Menu_FE                                  0x080018c9   Thumb Code    10  menu.o(.text)
    Menu_F0_Minute                           0x080018d3   Thumb Code    88  menu.o(.text)
    Menu_F0_Hour                             0x0800192b   Thumb Code    88  menu.o(.text)
    Menu_F0_Day                              0x08001983   Thumb Code    90  menu.o(.text)
    Menu_F0_Month                            0x080019dd   Thumb Code    90  menu.o(.text)
    Menu_F0_Year                             0x08001a37   Thumb Code    88  menu.o(.text)
    Menu_F0_Week                             0x08001a8f   Thumb Code    90  menu.o(.text)
    Menu_F1_E1                               0x08001ae9   Thumb Code    10  menu.o(.text)
    Menu_F1_E2                               0x08001af3   Thumb Code    10  menu.o(.text)
    Menu_F1_E3                               0x08001afd   Thumb Code    10  menu.o(.text)
    Menu_F1_E4                               0x08001b07   Thumb Code    10  menu.o(.text)
    Menu_F2_E1                               0x08001b11   Thumb Code    10  menu.o(.text)
    Menu_F2_E2                               0x08001b1b   Thumb Code    10  menu.o(.text)
    Menu_F2_E3                               0x08001b25   Thumb Code    10  menu.o(.text)
    Menu_F2_E4                               0x08001b2f   Thumb Code    10  menu.o(.text)
    Menu_F3_E1                               0x08001b39   Thumb Code    10  menu.o(.text)
    Menu_F3_E2                               0x08001b43   Thumb Code    10  menu.o(.text)
    Menu_F4_Set                              0x08001b4d   Thumb Code    80  menu.o(.text)
    Menu_F5_Set                              0x08001b9d   Thumb Code    80  menu.o(.text)
    Menu_F6_E1                               0x08001bed   Thumb Code    10  menu.o(.text)
    Menu_F6_E2                               0x08001bf7   Thumb Code    34  menu.o(.text)
    Menu_F6_E3                               0x08001c19   Thumb Code    10  menu.o(.text)
    Menu_F6_E4                               0x08001c23   Thumb Code    10  menu.o(.text)
    Menu_F6_E5                               0x08001c2d   Thumb Code    10  menu.o(.text)
    Menu_F6_E6                               0x08001c37   Thumb Code    10  menu.o(.text)
    Menu_F6_E7                               0x08001c41   Thumb Code    10  menu.o(.text)
    Menu_F6_E8                               0x08001c4b   Thumb Code    10  menu.o(.text)
    Menu_F7_E1                               0x08001c55   Thumb Code    10  menu.o(.text)
    Menu_F7_E2                               0x08001c5f   Thumb Code    10  menu.o(.text)
    Menu_F7_E3                               0x08001c69   Thumb Code    10  menu.o(.text)
    Menu_F7_E4                               0x08001c73   Thumb Code    10  menu.o(.text)
    Menu_F8_E1                               0x08001c7d   Thumb Code    10  menu.o(.text)
    Menu_F8_E2                               0x08001c87   Thumb Code    10  menu.o(.text)
    Menu_F9_E1                               0x08001c91   Thumb Code    10  menu.o(.text)
    Menu_F9_E2                               0x08001c9b   Thumb Code    10  menu.o(.text)
    Menu_FA_Set                              0x08001ca5   Thumb Code     2  menu.o(.text)
    Menu_FB_Set                              0x08001ca7   Thumb Code    74  menu.o(.text)
    Menu_FC_Set                              0x08001cf1   Thumb Code    74  menu.o(.text)
    Menu_FD_Set                              0x08001d3b   Thumb Code     2  menu.o(.text)
    Menu_FE_E1                               0x08001d3d   Thumb Code    10  menu.o(.text)
    Menu_FE_E2                               0x08001d47   Thumb Code    10  menu.o(.text)
    .text                                    0x08001d5c   Section        0  misc.o(.text)
    .text                                    0x08001e38   Section        0  stm32f10x_exti.o(.text)
    .text                                    0x08001f54   Section        0  stm32f10x_gpio.o(.text)
    .text                                    0x080022ac   Section        0  stm32f10x_rcc.o(.text)
    .text                                    0x08002670   Section        0  stm32f10x_tim.o(.text)
    TI4_Config                               0x08002b17   Thumb Code   130  stm32f10x_tim.o(.text)
    TI3_Config                               0x08002bab   Thumb Code   122  stm32f10x_tim.o(.text)
    TI2_Config                               0x08002c3f   Thumb Code   130  stm32f10x_tim.o(.text)
    TI1_Config                               0x08002cd3   Thumb Code   108  stm32f10x_tim.o(.text)
    .text                                    0x0800348c   Section        0  stm32f10x_usart.o(.text)
    .text                                    0x08003894   Section        0  system_stm32f10x.o(.text)
    SetSysClockTo24                          0x08003895   Thumb Code   176  system_stm32f10x.o(.text)
    SetSysClock                              0x08003945   Thumb Code     8  system_stm32f10x.o(.text)
    .text                                    0x08003a48   Section        0  memseta.o(.text)
    .text                                    0x08003a6c   Section        0  uldiv.o(.text)
    .text                                    0x08003ad0   Section       36  init.o(.text)
    .text                                    0x08003af4   Section        0  llshl.o(.text)
    .text                                    0x08003b12   Section        0  llushr.o(.text)
    i.__0printf$5                            0x08003b34   Section        0  printf5.o(i.__0printf$5)
    i.__scatterload_copy                     0x08003b54   Section       14  handlers.o(i.__scatterload_copy)
    i.__scatterload_null                     0x08003b62   Section        2  handlers.o(i.__scatterload_null)
    i.__scatterload_zeroinit                 0x08003b64   Section       14  handlers.o(i.__scatterload_zeroinit)
    i._printf_core                           0x08003b74   Section        0  printf5.o(i._printf_core)
    _printf_core                             0x08003b75   Thumb Code   658  printf5.o(i._printf_core)
    .constdata                               0x08003e34   Section       50  tm1629.o(.constdata)
    .constdata                               0x08003e68   Section     1284  menu.o(.constdata)
    .data                                    0x20000000   Section        9  set_system_clock.o(.data)
    .data                                    0x2000000c   Section       27  rf.o(.data)
    .data                                    0x20000027   Section       18  tm1629.o(.data)
    flag                                     0x2000002f   Data           1  tm1629.o(.data)
    flag                                     0x20000030   Data           1  tm1629.o(.data)
    flag                                     0x20000031   Data           1  tm1629.o(.data)
    flag                                     0x20000032   Data           1  tm1629.o(.data)
    flag                                     0x20000033   Data           1  tm1629.o(.data)
    flag                                     0x20000034   Data           1  tm1629.o(.data)
    flag                                     0x20000035   Data           1  tm1629.o(.data)
    flag                                     0x20000036   Data           1  tm1629.o(.data)
    flag                                     0x20000037   Data           1  tm1629.o(.data)
    flag                                     0x20000038   Data           1  tm1629.o(.data)
    .data                                    0x2000003c   Section        8  key.o(.data)
    .data                                    0x20000044   Section       45  menu.o(.data)
    index                                    0x20000070   Data           1  menu.o(.data)
    .data                                    0x20000071   Section       20  stm32f10x_rcc.o(.data)
    APBAHBPrescTable                         0x20000071   Data          16  stm32f10x_rcc.o(.data)
    ADCPrescTable                            0x20000081   Data           4  stm32f10x_rcc.o(.data)
    .data                                    0x20000088   Section       20  system_stm32f10x.o(.data)
    .data                                    0x2000009c   Section        4  stdout.o(.data)
    .bss                                     0x200000a0   Section       48  tm1629.o(.bss)
    STACK                                    0x200000d0   Section     1024  startup_stm32f10x_md.o(STACK)

    Global Symbols

    Symbol Name                              Value     Ov Type        Size  Object(Section)

    BuildAttributes$$THM_ISAv4$P$D$K$B$S$PE$A:L22UL41UL21$X:L11$S22US41US21$IEEE1$IW$USESV6$~STKCKD$USESV7$~SHL$OSPACE$ROPI$EBA8$MICROLIB$REQ8$PRES8$EABIv2 0x00000000   Number         0  anon$$obj.o ABSOLUTE
    __ARM_use_no_argv                        0x00000000   Number         0  main.o ABSOLUTE
    _printf_a                                0x00000000   Number         0  stubs.o ABSOLUTE
    _printf_c                                0x00000000   Number         0  stubs.o ABSOLUTE
    _printf_charcount                        0x00000000   Number         0  stubs.o ABSOLUTE
    _printf_d                                0x00000000   Number         0  stubs.o ABSOLUTE
    _printf_e                                0x00000000   Number         0  stubs.o ABSOLUTE
    _printf_f                                0x00000000   Number         0  stubs.o ABSOLUTE
    _printf_flags                            0x00000000   Number         0  stubs.o ABSOLUTE
    _printf_fp_dec                           0x00000000   Number         0  stubs.o ABSOLUTE
    _printf_fp_hex                           0x00000000   Number         0  stubs.o ABSOLUTE
    _printf_g                                0x00000000   Number         0  stubs.o ABSOLUTE
    _printf_i                                0x00000000   Number         0  stubs.o ABSOLUTE
    _printf_int_dec                          0x00000000   Number         0  stubs.o ABSOLUTE
    _printf_l                                0x00000000   Number         0  stubs.o ABSOLUTE
    _printf_lc                               0x00000000   Number         0  stubs.o ABSOLUTE
    _printf_ll                               0x00000000   Number         0  stubs.o ABSOLUTE
    _printf_lld                              0x00000000   Number         0  stubs.o ABSOLUTE
    _printf_lli                              0x00000000   Number         0  stubs.o ABSOLUTE
    _printf_llo                              0x00000000   Number         0  stubs.o ABSOLUTE
    _printf_llu                              0x00000000   Number         0  stubs.o ABSOLUTE
    _printf_llx                              0x00000000   Number         0  stubs.o ABSOLUTE
    _printf_longlong_dec                     0x00000000   Number         0  stubs.o ABSOLUTE
    _printf_longlong_hex                     0x00000000   Number         0  stubs.o ABSOLUTE
    _printf_longlong_oct                     0x00000000   Number         0  stubs.o ABSOLUTE
    _printf_ls                               0x00000000   Number         0  stubs.o ABSOLUTE
    _printf_mbtowc                           0x00000000   Number         0  stubs.o ABSOLUTE
    _printf_n                                0x00000000   Number         0  stubs.o ABSOLUTE
    _printf_o                                0x00000000   Number         0  stubs.o ABSOLUTE
    _printf_p                                0x00000000   Number         0  stubs.o ABSOLUTE
    _printf_percent                          0x00000000   Number         0  stubs.o ABSOLUTE
    _printf_pre_padding                      0x00000000   Number         0  stubs.o ABSOLUTE
    _printf_return_value                     0x00000000   Number         0  stubs.o ABSOLUTE
    _printf_s                                0x00000000   Number         0  stubs.o ABSOLUTE
    _printf_sizespec                         0x00000000   Number         0  stubs.o ABSOLUTE
    _printf_str                              0x00000000   Number         0  stubs.o ABSOLUTE
    _printf_truncate_signed                  0x00000000   Number         0  stubs.o ABSOLUTE
    _printf_truncate_unsigned                0x00000000   Number         0  stubs.o ABSOLUTE
    _printf_u                                0x00000000   Number         0  stubs.o ABSOLUTE
    _printf_wc                               0x00000000   Number         0  stubs.o ABSOLUTE
    _printf_wctomb                           0x00000000   Number         0  stubs.o ABSOLUTE
    _printf_widthprec                        0x00000000   Number         0  stubs.o ABSOLUTE
    _printf_x                                0x00000000   Number         0  stubs.o ABSOLUTE
    __cpp_initialize__aeabi_                  - Undefined Weak Reference
    __cxa_finalize                            - Undefined Weak Reference
    __decompress                              - Undefined Weak Reference
    _clock_init                               - Undefined Weak Reference
    _microlib_exit                            - Undefined Weak Reference
    __Vectors_Size                           0x000000ec   Number         0  startup_stm32f10x_md.o ABSOLUTE
    __Vectors                                0x08000000   Data           4  startup_stm32f10x_md.o(RESET)
    __Vectors_End                            0x080000ec   Data           0  startup_stm32f10x_md.o(RESET)
    __main                                   0x080000ed   Thumb Code     0  entry.o(.ARM.Collect$$$$00000000)
    _main_stk                                0x080000ed   Thumb Code     0  entry2.o(.ARM.Collect$$$$00000001)
    _main_scatterload                        0x080000f1   Thumb Code     0  entry5.o(.ARM.Collect$$$$00000004)
    __main_after_scatterload                 0x080000f5   Thumb Code     0  entry5.o(.ARM.Collect$$$$00000004)
    _main_clock                              0x080000f5   Thumb Code     0  entry7b.o(.ARM.Collect$$$$00000008)
    _main_cpp_init                           0x080000f5   Thumb Code     0  entry8b.o(.ARM.Collect$$$$0000000A)
    _main_init                               0x080000f5   Thumb Code     0  entry9a.o(.ARM.Collect$$$$0000000B)
    __rt_final_cpp                           0x080000fd   Thumb Code     0  entry10a.o(.ARM.Collect$$$$0000000D)
    __rt_final_exit                          0x080000fd   Thumb Code     0  entry11a.o(.ARM.Collect$$$$0000000F)
    Reset_Handler                            0x08000101   Thumb Code     8  startup_stm32f10x_md.o(.text)
    ADC1_2_IRQHandler                        0x0800011b   Thumb Code     0  startup_stm32f10x_md.o(.text)
    CAN1_RX1_IRQHandler                      0x0800011b   Thumb Code     0  startup_stm32f10x_md.o(.text)
    CAN1_SCE_IRQHandler                      0x0800011b   Thumb Code     0  startup_stm32f10x_md.o(.text)
    DMA1_Channel1_IRQHandler                 0x0800011b   Thumb Code     0  startup_stm32f10x_md.o(.text)
    DMA1_Channel2_IRQHandler                 0x0800011b   Thumb Code     0  startup_stm32f10x_md.o(.text)
    DMA1_Channel3_IRQHandler                 0x0800011b   Thumb Code     0  startup_stm32f10x_md.o(.text)
    DMA1_Channel4_IRQHandler                 0x0800011b   Thumb Code     0  startup_stm32f10x_md.o(.text)
    DMA1_Channel5_IRQHandler                 0x0800011b   Thumb Code     0  startup_stm32f10x_md.o(.text)
    DMA1_Channel6_IRQHandler                 0x0800011b   Thumb Code     0  startup_stm32f10x_md.o(.text)
    DMA1_Channel7_IRQHandler                 0x0800011b   Thumb Code     0  startup_stm32f10x_md.o(.text)
    EXTI0_IRQHandler                         0x0800011b   Thumb Code     0  startup_stm32f10x_md.o(.text)
    EXTI1_IRQHandler                         0x0800011b   Thumb Code     0  startup_stm32f10x_md.o(.text)
    EXTI2_IRQHandler                         0x0800011b   Thumb Code     0  startup_stm32f10x_md.o(.text)
    EXTI3_IRQHandler                         0x0800011b   Thumb Code     0  startup_stm32f10x_md.o(.text)
    EXTI4_IRQHandler                         0x0800011b   Thumb Code     0  startup_stm32f10x_md.o(.text)
    EXTI9_5_IRQHandler                       0x0800011b   Thumb Code     0  startup_stm32f10x_md.o(.text)
    FLASH_IRQHandler                         0x0800011b   Thumb Code     0  startup_stm32f10x_md.o(.text)
    I2C1_ER_IRQHandler                       0x0800011b   Thumb Code     0  startup_stm32f10x_md.o(.text)
    I2C1_EV_IRQHandler                       0x0800011b   Thumb Code     0  startup_stm32f10x_md.o(.text)
    I2C2_ER_IRQHandler                       0x0800011b   Thumb Code     0  startup_stm32f10x_md.o(.text)
    I2C2_EV_IRQHandler                       0x0800011b   Thumb Code     0  startup_stm32f10x_md.o(.text)
    PVD_IRQHandler                           0x0800011b   Thumb Code     0  startup_stm32f10x_md.o(.text)
    RCC_IRQHandler                           0x0800011b   Thumb Code     0  startup_stm32f10x_md.o(.text)
    RTCAlarm_IRQHandler                      0x0800011b   Thumb Code     0  startup_stm32f10x_md.o(.text)
    RTC_IRQHandler                           0x0800011b   Thumb Code     0  startup_stm32f10x_md.o(.text)
    SPI1_IRQHandler                          0x0800011b   Thumb Code     0  startup_stm32f10x_md.o(.text)
    SPI2_IRQHandler                          0x0800011b   Thumb Code     0  startup_stm32f10x_md.o(.text)
    TAMPER_IRQHandler                        0x0800011b   Thumb Code     0  startup_stm32f10x_md.o(.text)
    TIM1_BRK_IRQHandler                      0x0800011b   Thumb Code     0  startup_stm32f10x_md.o(.text)
    TIM1_CC_IRQHandler                       0x0800011b   Thumb Code     0  startup_stm32f10x_md.o(.text)
    TIM1_TRG_COM_IRQHandler                  0x0800011b   Thumb Code     0  startup_stm32f10x_md.o(.text)
    TIM1_UP_IRQHandler                       0x0800011b   Thumb Code     0  startup_stm32f10x_md.o(.text)
    TIM2_IRQHandler                          0x0800011b   Thumb Code     0  startup_stm32f10x_md.o(.text)
    TIM3_IRQHandler                          0x0800011b   Thumb Code     0  startup_stm32f10x_md.o(.text)
    TIM4_IRQHandler                          0x0800011b   Thumb Code     0  startup_stm32f10x_md.o(.text)
    USART3_IRQHandler                        0x0800011b   Thumb Code     0  startup_stm32f10x_md.o(.text)
    USBWakeUp_IRQHandler                     0x0800011b   Thumb Code     0  startup_stm32f10x_md.o(.text)
    USB_HP_CAN1_TX_IRQHandler                0x0800011b   Thumb Code     0  startup_stm32f10x_md.o(.text)
    USB_LP_CAN1_RX0_IRQHandler               0x0800011b   Thumb Code     0  startup_stm32f10x_md.o(.text)
    WWDG_IRQHandler                          0x0800011b   Thumb Code     0  startup_stm32f10x_md.o(.text)
    main                                     0x08000125   Thumb Code    90  main.o(.text)
    NMI_Handler                              0x080001ad   Thumb Code     2  stm32f10x_it.o(.text)
    HardFault_Handler                        0x080001af   Thumb Code     4  stm32f10x_it.o(.text)
    MemManage_Handler                        0x080001b3   Thumb Code     4  stm32f10x_it.o(.text)
    BusFault_Handler                         0x080001b7   Thumb Code     4  stm32f10x_it.o(.text)
    UsageFault_Handler                       0x080001bb   Thumb Code     4  stm32f10x_it.o(.text)
    DebugMon_Handler                         0x080001bf   Thumb Code     2  stm32f10x_it.o(.text)
    SVC_Handler                              0x080001c1   Thumb Code     2  stm32f10x_it.o(.text)
    PendSV_Handler                           0x080001c3   Thumb Code     2  stm32f10x_it.o(.text)
    SysTick_Handler                          0x080001c5   Thumb Code    42  stm32f10x_it.o(.text)
    Set_System_Clock                         0x0800021d   Thumb Code   114  set_system_clock.o(.text)
    SysTick_Configuration                    0x0800028f   Thumb Code    74  set_system_clock.o(.text)
    CH340_USART2_Config                      0x080002e9   Thumb Code   130  usart2.o(.text)
    CH340_NVIC_Configuration                 0x0800036b   Thumb Code    34  usart2.o(.text)
    fputc                                    0x0800038d   Thumb Code    30  usart2.o(.text)
    USART2_SendByte                          0x080003ab   Thumb Code    14  usart2.o(.text)
    USART2_IRQHandler                        0x080003b9   Thumb Code    14  usart2.o(.text)
    GD5800_USART1_Config                     0x080003d5   Thumb Code   126  usart1.o(.text)
    GD5800_NVIC_Configuration                0x08000453   Thumb Code    34  usart1.o(.text)
    USART1_SendByte                          0x08000475   Thumb Code    26  usart1.o(.text)
    USART1_IRQHandler                        0x0800048f   Thumb Code    14  usart1.o(.text)
    EXTI15_10_IRQHandler                     0x080004a5   Thumb Code   212  rf.o(.text)
    RF_Config                                0x0800059d   Thumb Code   150  rf.o(.text)
    Delayus                                  0x0800065d   Thumb Code    26  tm1629.o(.text)
    Tm1629_GPIO_Config                       0x08000677   Thumb Code    60  tm1629.o(.text)
    ReadDataFrom1629_1                       0x080007c7   Thumb Code   470  tm1629.o(.text)
    Tm1629_Display                           0x080009e1   Thumb Code   212  tm1629.o(.text)
    Tm1629_Clear                             0x08000ab5   Thumb Code    12  tm1629.o(.text)
    Tm1629_Show_Fx                           0x08000ac1   Thumb Code    28  tm1629.o(.text)
    Tm1629_Show_Ex                           0x08000add   Thumb Code    28  tm1629.o(.text)
    Tm1629_Show_Time                         0x08000af9   Thumb Code   240  tm1629.o(.text)
    Tm1629_Blink_Time_Minute                 0x08000be9   Thumb Code    44  tm1629.o(.text)
    Tm1629_Blink_Time_Hour                   0x08000c15   Thumb Code    44  tm1629.o(.text)
    Tm1629_Blink_Time_Day                    0x08000c41   Thumb Code    44  tm1629.o(.text)
    Tm1629_Blink_Time_Month                  0x08000c6d   Thumb Code    44  tm1629.o(.text)
    Tm1629_Blink_Time_Year                   0x08000c99   Thumb Code    48  tm1629.o(.text)
    Tm1629_Blink_Time_Week                   0x08000cc9   Thumb Code    42  tm1629.o(.text)
    Tm1629_Show_Four_Number                  0x08000cf3   Thumb Code    96  tm1629.o(.text)
    Tm1629_Show_Two_Number                   0x08000d53   Thumb Code    46  tm1629.o(.text)
    Tm1629_Show_One_Number                   0x08000d81   Thumb Code    32  tm1629.o(.text)
    Tm1629_Blink_One_Position                0x08000da1   Thumb Code    44  tm1629.o(.text)
    Tm1629_Blink_Two_Position                0x08000dcd   Thumb Code    44  tm1629.o(.text)
    Tm1629_Blink_Three_Position              0x08000df9   Thumb Code    44  tm1629.o(.text)
    Tm1629_Blink_Four_Position               0x08000e25   Thumb Code    44  tm1629.o(.text)
    I2C_IO_Init                              0x08000e85   Thumb Code    78  eeprom_24c.o(.text)
    EEP_Read_Buffer                          0x08001041   Thumb Code   196  eeprom_24c.o(.text)
    EEP_Write_Buffer                         0x08001105   Thumb Code   144  eeprom_24c.o(.text)
    Register_Call_Function                   0x08001195   Thumb Code    98  eeprom_24c.o(.text)
    Register_Host_Function                   0x080011f7   Thumb Code    98  eeprom_24c.o(.text)
    Register_Alarm_Function                  0x08001259   Thumb Code   134  eeprom_24c.o(.text)
    Register_Cancel_Function                 0x080012df   Thumb Code    98  eeprom_24c.o(.text)
    Delete_Call_Function                     0x08001341   Thumb Code   140  eeprom_24c.o(.text)
    Delete_Host_Function                     0x080013cd   Thumb Code   140  eeprom_24c.o(.text)
    Delete_Alarm_Function                    0x08001459   Thumb Code   140  eeprom_24c.o(.text)
    Delete_Cancel_Function                   0x080014e5   Thumb Code   140  eeprom_24c.o(.text)
    Key_IO_Init                              0x08001575   Thumb Code    32  key.o(.text)
    Key_Scan                                 0x080015b1   Thumb Code    96  key.o(.text)
    Key_Process                              0x08001611   Thumb Code   476  key.o(.text)
    NVIC_PriorityGroupConfig                 0x08001d5d   Thumb Code    10  misc.o(.text)
    NVIC_Init                                0x08001d67   Thumb Code   102  misc.o(.text)
    NVIC_SetVectorTable                      0x08001dcd   Thumb Code    14  misc.o(.text)
    NVIC_SystemLPConfig                      0x08001ddb   Thumb Code    34  misc.o(.text)
    SysTick_CLKSourceConfig                  0x08001dfd   Thumb Code    40  misc.o(.text)
    EXTI_DeInit                              0x08001e39   Thumb Code    28  stm32f10x_exti.o(.text)
    EXTI_Init                                0x08001e55   Thumb Code   142  stm32f10x_exti.o(.text)
    EXTI_StructInit                          0x08001ee3   Thumb Code    16  stm32f10x_exti.o(.text)
    EXTI_GenerateSWInterrupt                 0x08001ef3   Thumb Code    16  stm32f10x_exti.o(.text)
    EXTI_GetFlagStatus                       0x08001f03   Thumb Code    22  stm32f10x_exti.o(.text)
    EXTI_ClearFlag                           0x08001f19   Thumb Code     8  stm32f10x_exti.o(.text)
    EXTI_GetITStatus                         0x08001f21   Thumb Code    34  stm32f10x_exti.o(.text)
    EXTI_ClearITPendingBit                   0x08001f43   Thumb Code     8  stm32f10x_exti.o(.text)
    GPIO_DeInit                              0x08001f55   Thumb Code   172  stm32f10x_gpio.o(.text)
    GPIO_AFIODeInit                          0x08002001   Thumb Code    20  stm32f10x_gpio.o(.text)
    GPIO_Init                                0x08002015   Thumb Code   274  stm32f10x_gpio.o(.text)
    GPIO_StructInit                          0x08002127   Thumb Code    16  stm32f10x_gpio.o(.text)
    GPIO_ReadInputDataBit                    0x08002137   Thumb Code    18  stm32f10x_gpio.o(.text)
    GPIO_ReadInputData                       0x08002149   Thumb Code     8  stm32f10x_gpio.o(.text)
    GPIO_ReadOutputDataBit                   0x08002151   Thumb Code    18  stm32f10x_gpio.o(.text)
    GPIO_ReadOutputData                      0x08002163   Thumb Code     8  stm32f10x_gpio.o(.text)
    GPIO_SetBits                             0x0800216b   Thumb Code     4  stm32f10x_gpio.o(.text)
    GPIO_ResetBits                           0x0800216f   Thumb Code     4  stm32f10x_gpio.o(.text)
    GPIO_WriteBit                            0x08002173   Thumb Code    10  stm32f10x_gpio.o(.text)
    GPIO_Write                               0x0800217d   Thumb Code     4  stm32f10x_gpio.o(.text)
    GPIO_PinLockConfig                       0x08002181   Thumb Code    18  stm32f10x_gpio.o(.text)
    GPIO_EventOutputConfig                   0x08002193   Thumb Code    26  stm32f10x_gpio.o(.text)
    GPIO_EventOutputCmd                      0x080021ad   Thumb Code     6  stm32f10x_gpio.o(.text)
    GPIO_PinRemapConfig                      0x080021b3   Thumb Code   138  stm32f10x_gpio.o(.text)
    GPIO_EXTILineConfig                      0x0800223d   Thumb Code    66  stm32f10x_gpio.o(.text)
    GPIO_ETH_MediaInterfaceConfig            0x0800227f   Thumb Code     6  stm32f10x_gpio.o(.text)
    RCC_DeInit                               0x080022ad   Thumb Code    68  stm32f10x_rcc.o(.text)
    RCC_HSEConfig                            0x080022f1   Thumb Code    70  stm32f10x_rcc.o(.text)
    RCC_GetFlagStatus                        0x08002337   Thumb Code    56  stm32f10x_rcc.o(.text)
    RCC_WaitForHSEStartUp                    0x0800236f   Thumb Code    56  stm32f10x_rcc.o(.text)
    RCC_AdjustHSICalibrationValue            0x080023a7   Thumb Code    20  stm32f10x_rcc.o(.text)
    RCC_HSICmd                               0x080023bb   Thumb Code     6  stm32f10x_rcc.o(.text)
    RCC_PLLConfig                            0x080023c1   Thumb Code    24  stm32f10x_rcc.o(.text)
    RCC_PLLCmd                               0x080023d9   Thumb Code     6  stm32f10x_rcc.o(.text)
    RCC_PREDIV1Config                        0x080023df   Thumb Code    24  stm32f10x_rcc.o(.text)
    RCC_SYSCLKConfig                         0x080023f7   Thumb Code    18  stm32f10x_rcc.o(.text)
    RCC_GetSYSCLKSource                      0x08002409   Thumb Code    10  stm32f10x_rcc.o(.text)
    RCC_HCLKConfig                           0x08002413   Thumb Code    18  stm32f10x_rcc.o(.text)
    RCC_PCLK1Config                          0x08002425   Thumb Code    18  stm32f10x_rcc.o(.text)
    RCC_PCLK2Config                          0x08002437   Thumb Code    20  stm32f10x_rcc.o(.text)
    RCC_ITConfig                             0x0800244b   Thumb Code    26  stm32f10x_rcc.o(.text)
    RCC_USBCLKConfig                         0x08002465   Thumb Code     6  stm32f10x_rcc.o(.text)
    RCC_ADCCLKConfig                         0x0800246b   Thumb Code    18  stm32f10x_rcc.o(.text)
    RCC_LSEConfig                            0x0800247d   Thumb Code    44  stm32f10x_rcc.o(.text)
    RCC_LSICmd                               0x080024a9   Thumb Code     6  stm32f10x_rcc.o(.text)
    RCC_RTCCLKConfig                         0x080024af   Thumb Code    12  stm32f10x_rcc.o(.text)
    RCC_RTCCLKCmd                            0x080024bb   Thumb Code     8  stm32f10x_rcc.o(.text)
    RCC_GetClocksFreq                        0x080024c3   Thumb Code   190  stm32f10x_rcc.o(.text)
    RCC_AHBPeriphClockCmd                    0x08002581   Thumb Code    26  stm32f10x_rcc.o(.text)
    RCC_APB2PeriphClockCmd                   0x0800259b   Thumb Code    26  stm32f10x_rcc.o(.text)
    RCC_APB1PeriphClockCmd                   0x080025b5   Thumb Code    26  stm32f10x_rcc.o(.text)
    RCC_APB2PeriphResetCmd                   0x080025cf   Thumb Code    26  stm32f10x_rcc.o(.text)
    RCC_APB1PeriphResetCmd                   0x080025e9   Thumb Code    26  stm32f10x_rcc.o(.text)
    RCC_BackupResetCmd                       0x08002603   Thumb Code     8  stm32f10x_rcc.o(.text)
    RCC_ClockSecuritySystemCmd               0x0800260b   Thumb Code     6  stm32f10x_rcc.o(.text)
    RCC_MCOConfig                            0x08002611   Thumb Code     6  stm32f10x_rcc.o(.text)
    RCC_ClearFlag                            0x08002617   Thumb Code    14  stm32f10x_rcc.o(.text)
    RCC_GetITStatus                          0x08002625   Thumb Code    20  stm32f10x_rcc.o(.text)
    RCC_ClearITPendingBit                    0x08002639   Thumb Code     6  stm32f10x_rcc.o(.text)
    TIM_DeInit                               0x08002671   Thumb Code   424  stm32f10x_tim.o(.text)
    TIM_TimeBaseInit                         0x08002819   Thumb Code   122  stm32f10x_tim.o(.text)
    TIM_OC1Init                              0x08002893   Thumb Code   132  stm32f10x_tim.o(.text)
    TIM_OC2Init                              0x08002917   Thumb Code   154  stm32f10x_tim.o(.text)
    TIM_OC3Init                              0x080029b1   Thumb Code   150  stm32f10x_tim.o(.text)
    TIM_OC4Init                              0x08002a47   Thumb Code   182  stm32f10x_tim.o(.text)
    TIM_SetIC4Prescaler                      0x08002afd   Thumb Code    26  stm32f10x_tim.o(.text)
    TIM_SetIC3Prescaler                      0x08002b99   Thumb Code    18  stm32f10x_tim.o(.text)
    TIM_SetIC2Prescaler                      0x08002c25   Thumb Code    26  stm32f10x_tim.o(.text)
    TIM_SetIC1Prescaler                      0x08002cc1   Thumb Code    18  stm32f10x_tim.o(.text)
    TIM_ICInit                               0x08002d3f   Thumb Code   150  stm32f10x_tim.o(.text)
    TIM_PWMIConfig                           0x08002dd5   Thumb Code   124  stm32f10x_tim.o(.text)
    TIM_BDTRConfig                           0x08002e51   Thumb Code    32  stm32f10x_tim.o(.text)
    TIM_TimeBaseStructInit                   0x08002e71   Thumb Code    18  stm32f10x_tim.o(.text)
    TIM_OCStructInit                         0x08002e83   Thumb Code    20  stm32f10x_tim.o(.text)
    TIM_ICStructInit                         0x08002e97   Thumb Code    18  stm32f10x_tim.o(.text)
    TIM_BDTRStructInit                       0x08002ea9   Thumb Code    40  stm32f10x_tim.o(.text)
    TIM_Cmd                                  0x08002ed1   Thumb Code    24  stm32f10x_tim.o(.text)
    TIM_CtrlPWMOutputs                       0x08002ee9   Thumb Code    30  stm32f10x_tim.o(.text)
    TIM_ITConfig                             0x08002f07   Thumb Code    18  stm32f10x_tim.o(.text)
    TIM_GenerateEvent                        0x08002f19   Thumb Code     4  stm32f10x_tim.o(.text)
    TIM_DMAConfig                            0x08002f1d   Thumb Code    10  stm32f10x_tim.o(.text)
    TIM_DMACmd                               0x08002f27   Thumb Code    18  stm32f10x_tim.o(.text)
    TIM_InternalClockConfig                  0x08002f39   Thumb Code    12  stm32f10x_tim.o(.text)
    TIM_SelectInputTrigger                   0x08002f45   Thumb Code    18  stm32f10x_tim.o(.text)
    TIM_ITRxExternalClockConfig              0x08002f57   Thumb Code    24  stm32f10x_tim.o(.text)
    TIM_TIxExternalClockConfig               0x08002f6f   Thumb Code    62  stm32f10x_tim.o(.text)
    TIM_ETRConfig                            0x08002fad   Thumb Code    28  stm32f10x_tim.o(.text)
    TIM_ETRClockMode1Config                  0x08002fc9   Thumb Code    54  stm32f10x_tim.o(.text)
    TIM_ETRClockMode2Config                  0x08002fff   Thumb Code    32  stm32f10x_tim.o(.text)
    TIM_PrescalerConfig                      0x0800301f   Thumb Code     6  stm32f10x_tim.o(.text)
    TIM_CounterModeConfig                    0x08003025   Thumb Code    18  stm32f10x_tim.o(.text)
    TIM_EncoderInterfaceConfig               0x08003037   Thumb Code    66  stm32f10x_tim.o(.text)
    TIM_ForcedOC1Config                      0x08003079   Thumb Code    18  stm32f10x_tim.o(.text)
    TIM_ForcedOC2Config                      0x0800308b   Thumb Code    26  stm32f10x_tim.o(.text)
    TIM_ForcedOC3Config                      0x080030a5   Thumb Code    18  stm32f10x_tim.o(.text)
    TIM_ForcedOC4Config                      0x080030b7   Thumb Code    26  stm32f10x_tim.o(.text)
    TIM_ARRPreloadConfig                     0x080030d1   Thumb Code    24  stm32f10x_tim.o(.text)
    TIM_SelectCOM                            0x080030e9   Thumb Code    24  stm32f10x_tim.o(.text)
    TIM_SelectCCDMA                          0x08003101   Thumb Code    24  stm32f10x_tim.o(.text)
    TIM_CCPreloadControl                     0x08003119   Thumb Code    24  stm32f10x_tim.o(.text)
    TIM_OC1PreloadConfig                     0x08003131   Thumb Code    18  stm32f10x_tim.o(.text)
    TIM_OC2PreloadConfig                     0x08003143   Thumb Code    26  stm32f10x_tim.o(.text)
    TIM_OC3PreloadConfig                     0x0800315d   Thumb Code    18  stm32f10x_tim.o(.text)
    TIM_OC4PreloadConfig                     0x0800316f   Thumb Code    26  stm32f10x_tim.o(.text)
    TIM_OC1FastConfig                        0x08003189   Thumb Code    18  stm32f10x_tim.o(.text)
    TIM_OC2FastConfig                        0x0800319b   Thumb Code    26  stm32f10x_tim.o(.text)
    TIM_OC3FastConfig                        0x080031b5   Thumb Code    18  stm32f10x_tim.o(.text)
    TIM_OC4FastConfig                        0x080031c7   Thumb Code    26  stm32f10x_tim.o(.text)
    TIM_ClearOC1Ref                          0x080031e1   Thumb Code    18  stm32f10x_tim.o(.text)
    TIM_ClearOC2Ref                          0x080031f3   Thumb Code    24  stm32f10x_tim.o(.text)
    TIM_ClearOC3Ref                          0x0800320b   Thumb Code    18  stm32f10x_tim.o(.text)
    TIM_ClearOC4Ref                          0x0800321d   Thumb Code    24  stm32f10x_tim.o(.text)
    TIM_OC1PolarityConfig                    0x08003235   Thumb Code    18  stm32f10x_tim.o(.text)
    TIM_OC1NPolarityConfig                   0x08003247   Thumb Code    18  stm32f10x_tim.o(.text)
    TIM_OC2PolarityConfig                    0x08003259   Thumb Code    26  stm32f10x_tim.o(.text)
    TIM_OC2NPolarityConfig                   0x08003273   Thumb Code    26  stm32f10x_tim.o(.text)
    TIM_OC3PolarityConfig                    0x0800328d   Thumb Code    26  stm32f10x_tim.o(.text)
    TIM_OC3NPolarityConfig                   0x080032a7   Thumb Code    26  stm32f10x_tim.o(.text)
    TIM_OC4PolarityConfig                    0x080032c1   Thumb Code    26  stm32f10x_tim.o(.text)
    TIM_CCxCmd                               0x080032db   Thumb Code    30  stm32f10x_tim.o(.text)
    TIM_CCxNCmd                              0x080032f9   Thumb Code    30  stm32f10x_tim.o(.text)
    TIM_SelectOCxM                           0x08003317   Thumb Code    82  stm32f10x_tim.o(.text)
    TIM_UpdateDisableConfig                  0x08003369   Thumb Code    24  stm32f10x_tim.o(.text)
    TIM_UpdateRequestConfig                  0x08003381   Thumb Code    24  stm32f10x_tim.o(.text)
    TIM_SelectHallSensor                     0x08003399   Thumb Code    24  stm32f10x_tim.o(.text)
    TIM_SelectOnePulseMode                   0x080033b1   Thumb Code    18  stm32f10x_tim.o(.text)
    TIM_SelectOutputTrigger                  0x080033c3   Thumb Code    18  stm32f10x_tim.o(.text)
    TIM_SelectSlaveMode                      0x080033d5   Thumb Code    18  stm32f10x_tim.o(.text)
    TIM_SelectMasterSlaveMode                0x080033e7   Thumb Code    18  stm32f10x_tim.o(.text)
    TIM_SetCounter                           0x080033f9   Thumb Code     4  stm32f10x_tim.o(.text)
    TIM_SetAutoreload                        0x080033fd   Thumb Code     4  stm32f10x_tim.o(.text)
    TIM_SetCompare1                          0x08003401   Thumb Code     4  stm32f10x_tim.o(.text)
    TIM_SetCompare2                          0x08003405   Thumb Code     4  stm32f10x_tim.o(.text)
    TIM_SetCompare3                          0x08003409   Thumb Code     4  stm32f10x_tim.o(.text)
    TIM_SetCompare4                          0x0800340d   Thumb Code     6  stm32f10x_tim.o(.text)
    TIM_SetClockDivision                     0x08003413   Thumb Code    18  stm32f10x_tim.o(.text)
    TIM_GetCapture1                          0x08003425   Thumb Code     6  stm32f10x_tim.o(.text)
    TIM_GetCapture2                          0x0800342b   Thumb Code     6  stm32f10x_tim.o(.text)
    TIM_GetCapture3                          0x08003431   Thumb Code     6  stm32f10x_tim.o(.text)
    TIM_GetCapture4                          0x08003437   Thumb Code     8  stm32f10x_tim.o(.text)
    TIM_GetCounter                           0x0800343f   Thumb Code     6  stm32f10x_tim.o(.text)
    TIM_GetPrescaler                         0x08003445   Thumb Code     6  stm32f10x_tim.o(.text)
    TIM_GetFlagStatus                        0x0800344b   Thumb Code    18  stm32f10x_tim.o(.text)
    TIM_ClearFlag                            0x0800345d   Thumb Code     6  stm32f10x_tim.o(.text)
    TIM_GetITStatus                          0x08003463   Thumb Code    34  stm32f10x_tim.o(.text)
    TIM_ClearITPendingBit                    0x08003485   Thumb Code     6  stm32f10x_tim.o(.text)
    USART_DeInit                             0x0800348d   Thumb Code   134  stm32f10x_usart.o(.text)
    USART_Init                               0x08003513   Thumb Code   210  stm32f10x_usart.o(.text)
    USART_StructInit                         0x080035e5   Thumb Code    24  stm32f10x_usart.o(.text)
    USART_ClockInit                          0x080035fd   Thumb Code    34  stm32f10x_usart.o(.text)
    USART_ClockStructInit                    0x0800361f   Thumb Code    12  stm32f10x_usart.o(.text)
    USART_Cmd                                0x0800362b   Thumb Code    24  stm32f10x_usart.o(.text)
    USART_ITConfig                           0x08003643   Thumb Code    74  stm32f10x_usart.o(.text)
    USART_DMACmd                             0x0800368d   Thumb Code    18  stm32f10x_usart.o(.text)
    USART_SetAddress                         0x0800369f   Thumb Code    18  stm32f10x_usart.o(.text)
    USART_WakeUpConfig                       0x080036b1   Thumb Code    18  stm32f10x_usart.o(.text)
    USART_ReceiverWakeUpCmd                  0x080036c3   Thumb Code    24  stm32f10x_usart.o(.text)
    USART_LINBreakDetectLengthConfig         0x080036db   Thumb Code    18  stm32f10x_usart.o(.text)
    USART_LINCmd                             0x080036ed   Thumb Code    24  stm32f10x_usart.o(.text)
    USART_SendData                           0x08003705   Thumb Code     8  stm32f10x_usart.o(.text)
    USART_ReceiveData                        0x0800370d   Thumb Code    10  stm32f10x_usart.o(.text)
    USART_SendBreak                          0x08003717   Thumb Code    10  stm32f10x_usart.o(.text)
    USART_SetGuardTime                       0x08003721   Thumb Code    16  stm32f10x_usart.o(.text)
    USART_SetPrescaler                       0x08003731   Thumb Code    16  stm32f10x_usart.o(.text)
    USART_SmartCardCmd                       0x08003741   Thumb Code    24  stm32f10x_usart.o(.text)
    USART_SmartCardNACKCmd                   0x08003759   Thumb Code    24  stm32f10x_usart.o(.text)
    USART_HalfDuplexCmd                      0x08003771   Thumb Code    24  stm32f10x_usart.o(.text)
    USART_OverSampling8Cmd                   0x08003789   Thumb Code    22  stm32f10x_usart.o(.text)
    USART_OneBitMethodCmd                    0x0800379f   Thumb Code    24  stm32f10x_usart.o(.text)
    USART_IrDAConfig                         0x080037b7   Thumb Code    18  stm32f10x_usart.o(.text)
    USART_IrDACmd                            0x080037c9   Thumb Code    24  stm32f10x_usart.o(.text)
    USART_GetFlagStatus                      0x080037e1   Thumb Code    26  stm32f10x_usart.o(.text)
    USART_ClearFlag                          0x080037fb   Thumb Code    18  stm32f10x_usart.o(.text)
    USART_GetITStatus                        0x0800380d   Thumb Code    84  stm32f10x_usart.o(.text)
    USART_ClearITPendingBit                  0x08003861   Thumb Code    52  stm32f10x_usart.o(.text)
    SystemInit                               0x0800394d   Thumb Code    82  system_stm32f10x.o(.text)
    SystemCoreClockUpdate                    0x0800399f   Thumb Code   138  system_stm32f10x.o(.text)
    __aeabi_memset                           0x08003a49   Thumb Code    14  memseta.o(.text)
    __aeabi_memset4                          0x08003a49   Thumb Code     0  memseta.o(.text)
    __aeabi_memset8                          0x08003a49   Thumb Code     0  memseta.o(.text)
    __aeabi_memclr                           0x08003a57   Thumb Code     4  memseta.o(.text)
    __aeabi_memclr4                          0x08003a57   Thumb Code     0  memseta.o(.text)
    __aeabi_memclr8                          0x08003a57   Thumb Code     0  memseta.o(.text)
    _memset$wrapper                          0x08003a5b   Thumb Code    18  memseta.o(.text)
    __aeabi_uldivmod                         0x08003a6d   Thumb Code    98  uldiv.o(.text)
    __scatterload                            0x08003ad1   Thumb Code    28  init.o(.text)
    __scatterload_rt2                        0x08003ad1   Thumb Code     0  init.o(.text)
    __aeabi_llsl                             0x08003af5   Thumb Code    30  llshl.o(.text)
    _ll_shift_l                              0x08003af5   Thumb Code     0  llshl.o(.text)
    __aeabi_llsr                             0x08003b13   Thumb Code    32  llushr.o(.text)
    _ll_ushift_r                             0x08003b13   Thumb Code     0  llushr.o(.text)
    __0printf$5                              0x08003b35   Thumb Code    22  printf5.o(i.__0printf$5)
    __1printf$5                              0x08003b35   Thumb Code     0  printf5.o(i.__0printf$5)
    __2printf                                0x08003b35   Thumb Code     0  printf5.o(i.__0printf$5)
    __scatterload_copy                       0x08003b55   Thumb Code    14  handlers.o(i.__scatterload_copy)
    __scatterload_null                       0x08003b63   Thumb Code     2  handlers.o(i.__scatterload_null)
    __scatterload_zeroinit                   0x08003b65   Thumb Code    14  handlers.o(i.__scatterload_zeroinit)
    Dis_TAB                                  0x08003e34   Data          50  tm1629.o(.constdata)
    MenuProc                                 0x08003e68   Data        1284  menu.o(.constdata)
    Region$$Table$$Base                      0x0800436c   Number         0  anon$$obj.o(Region$$Table)
    Region$$Table$$Limit                     0x0800438c   Number         0  anon$$obj.o(Region$$Table)
    Flag_1_Sec                               0x20000000   Data           1  set_system_clock.o(.data)
    Flag_Half_Sec                            0x20000001   Data           1  set_system_clock.o(.data)
    System_Time_Count                        0x20000004   Data           4  set_system_clock.o(.data)
    LongPressSec                             0x20000008   Data           1  set_system_clock.o(.data)
    RF_Fun                                   0x2000000c   Data           1  rf.o(.data)
    RF_ID                                    0x20000010   Data           4  rf.o(.data)
    RF_Fun_Bak                               0x20000014   Data           1  rf.o(.data)
    RF_ID_Bak                                0x20000018   Data           4  rf.o(.data)
    RF_Temp                                  0x2000001c   Data           4  rf.o(.data)
    RF_Temp_Bak                              0x20000020   Data           4  rf.o(.data)
    RF_Count                                 0x20000024   Data           1  rf.o(.data)
    RF_Flag                                  0x20000025   Data           1  rf.o(.data)
    RF_Same_Count                            0x20000026   Data           1  rf.o(.data)
    Tm1629_Test_Time                         0x20000027   Data           8  tm1629.o(.data)
    index                                    0x2000003c   Data           1  key.o(.data)
    gKeyValue                                0x2000003d   Data           1  key.o(.data)
    Function                                 0x20000040   Data           4  key.o(.data)
    Remove_Call_Time                         0x20000044   Data           1  menu.o(.data)
    Cycle_Call_Time                          0x20000045   Data           1  menu.o(.data)
    Change_Standby_Display_Mode              0x20000046   Data           1  menu.o(.data)
    Set_Key_Remove_Call_Is_Or_Not            0x20000047   Data           1  menu.o(.data)
    Register_Call_Buff                       0x20000048   Data           5  menu.o(.data)
    Delete_Call_Buff                         0x2000004d   Data           5  menu.o(.data)
    Register_Host_Buff                       0x20000052   Data           5  menu.o(.data)
    Delete_Host_Buff                         0x20000057   Data           5  menu.o(.data)
    Register_Alarm_Buff                      0x2000005c   Data           5  menu.o(.data)
    Delete_Alarm_Buff                        0x20000061   Data           5  menu.o(.data)
    Register_Cancel_Buff                     0x20000066   Data           5  menu.o(.data)
    Delete_Cancel_Buff                       0x2000006b   Data           5  menu.o(.data)
    SystemCoreClock                          0x20000088   Data           4  system_stm32f10x.o(.data)
    AHBPrescTable                            0x2000008c   Data          16  system_stm32f10x.o(.data)
    __stdout                                 0x2000009c   Data           4  stdout.o(.data)
    Tm1629_Display_Ram                       0x200000a0   Data          48  tm1629.o(.bss)
    __initial_sp                             0x200004d0   Data           0  startup_stm32f10x_md.o(STACK)



==============================================================================

Memory Map of the image

  Image Entry point : 0x080000ed

  Load Region LR_IROM1 (Base: 0x08000000, Size: 0x0000442c, Max: 0x00010000, ABSOLUTE)

    Execution Region ER_IROM1 (Base: 0x08000000, Size: 0x0000438c, Max: 0x00010000, ABSOLUTE)

    Base Addr    Size         Type   Attr      Idx    E Section Name        Object

    0x08000000   0x000000ec   Data   RO            3    RESET               startup_stm32f10x_md.o
    0x080000ec   0x00000000   Code   RO          604  * .ARM.Collect$$$$00000000  mc_w.l(entry.o)
    0x080000ec   0x00000004   Code   RO          870    .ARM.Collect$$$$00000001  mc_w.l(entry2.o)
    0x080000f0   0x00000004   Code   RO          873    .ARM.Collect$$$$00000004  mc_w.l(entry5.o)
    0x080000f4   0x00000000   Code   RO          875    .ARM.Collect$$$$00000008  mc_w.l(entry7b.o)
    0x080000f4   0x00000000   Code   RO          877    .ARM.Collect$$$$0000000A  mc_w.l(entry8b.o)
    0x080000f4   0x00000008   Code   RO          878    .ARM.Collect$$$$0000000B  mc_w.l(entry9a.o)
    0x080000fc   0x00000000   Code   RO          880    .ARM.Collect$$$$0000000D  mc_w.l(entry10a.o)
    0x080000fc   0x00000000   Code   RO          882    .ARM.Collect$$$$0000000F  mc_w.l(entry11a.o)
    0x080000fc   0x00000004   Code   RO          871    .ARM.Collect$$$$00002712  mc_w.l(entry2.o)
    0x08000100   0x00000024   Code   RO            4    .text               startup_stm32f10x_md.o
    0x08000124   0x00000088   Code   RO           10    .text               main.o
    0x080001ac   0x00000050   Code   RO          144    .text               stm32f10x_it.o
    0x080001fc   0x000000ec   Code   RO          159    .text               set_system_clock.o
    0x080002e8   0x000000ec   Code   RO          181    .text               usart2.o
    0x080003d4   0x000000d0   Code   RO          193    .text               usart1.o
    0x080004a4   0x000001b8   Code   RO          205    .text               rf.o
    0x0800065c   0x00000828   Code   RO          223    .text               tm1629.o
    0x08000e84   0x000006f0   Code   RO          246    .text               eeprom_24c.o
    0x08001574   0x000002a4   Code   RO          262    .text               key.o
    0x08001818   0x00000544   Code   RO          280    .text               menu.o
    0x08001d5c   0x000000dc   Code   RO          298    .text               misc.o
    0x08001e38   0x0000011c   Code   RO          406    .text               stm32f10x_exti.o
    0x08001f54   0x00000358   Code   RO          442    .text               stm32f10x_gpio.o
    0x080022ac   0x000003c4   Code   RO          490    .text               stm32f10x_rcc.o
    0x08002670   0x00000e1a   Code   RO          540    .text               stm32f10x_tim.o
    0x0800348a   0x00000002   PAD
    0x0800348c   0x00000408   Code   RO          552    .text               stm32f10x_usart.o
    0x08003894   0x000001b4   Code   RO          586    .text               system_stm32f10x.o
    0x08003a48   0x00000024   Code   RO          607    .text               mc_w.l(memseta.o)
    0x08003a6c   0x00000062   Code   RO          887    .text               mc_w.l(uldiv.o)
    0x08003ace   0x00000002   PAD
    0x08003ad0   0x00000024   Code   RO          900    .text               mc_w.l(init.o)
    0x08003af4   0x0000001e   Code   RO          902    .text               mc_w.l(llshl.o)
    0x08003b12   0x00000020   Code   RO          904    .text               mc_w.l(llushr.o)
    0x08003b32   0x00000002   PAD
    0x08003b34   0x00000020   Code   RO          742    i.__0printf$5       mc_w.l(printf5.o)
    0x08003b54   0x0000000e   Code   RO          912    i.__scatterload_copy  mc_w.l(handlers.o)
    0x08003b62   0x00000002   Code   RO          913    i.__scatterload_null  mc_w.l(handlers.o)
    0x08003b64   0x0000000e   Code   RO          914    i.__scatterload_zeroinit  mc_w.l(handlers.o)
    0x08003b72   0x00000002   PAD
    0x08003b74   0x000002c0   Code   RO          749    i._printf_core      mc_w.l(printf5.o)
    0x08003e34   0x00000032   Data   RO          225    .constdata          tm1629.o
    0x08003e66   0x00000002   PAD
    0x08003e68   0x00000504   Data   RO          281    .constdata          menu.o
    0x0800436c   0x00000020   Data   RO          910    Region$$Table       anon$$obj.o


    Execution Region RW_IRAM1 (Base: 0x20000000, Size: 0x000004d0, Max: 0x00002000, ABSOLUTE)

    Base Addr    Size         Type   Attr      Idx    E Section Name        Object

    0x20000000   0x00000009   Data   RW          160    .data               set_system_clock.o
    0x20000009   0x00000003   PAD
    0x2000000c   0x0000001b   Data   RW          206    .data               rf.o
    0x20000027   0x00000012   Data   RW          226    .data               tm1629.o
    0x20000039   0x00000003   PAD
    0x2000003c   0x00000008   Data   RW          263    .data               key.o
    0x20000044   0x0000002d   Data   RW          282    .data               menu.o
    0x20000071   0x00000014   Data   RW          491    .data               stm32f10x_rcc.o
    0x20000085   0x00000003   PAD
    0x20000088   0x00000014   Data   RW          587    .data               system_stm32f10x.o
    0x2000009c   0x00000004   Data   RW          884    .data               mc_w.l(stdout.o)
    0x200000a0   0x00000030   Zero   RW          224    .bss                tm1629.o
    0x200000d0   0x00000400   Zero   RW            1    STACK               startup_stm32f10x_md.o


==============================================================================

Image component sizes


      Code (inc. data)   RO Data    RW Data    ZI Data      Debug   Object Name

      1776         40          0          0          0       9102   eeprom_24c.o
       676         44          0          8          0       1582   key.o
       136         46          0          0          0     257875   main.o
      1348         36       1284         45          0       9952   menu.o
       220         20          0          0          0       1601   misc.o
       440         42          0         27          0       1448   rf.o
       236         16          0          9          0      16146   set_system_clock.o
        36          8        236          0       1024        764   startup_stm32f10x_md.o
       284         10          0          0          0       2035   stm32f10x_exti.o
       856         40          0          0          0       5449   stm32f10x_gpio.o
        80         14          0          0          0       1210   stm32f10x_it.o
       964         50          0         20          0       8870   stm32f10x_rcc.o
      3610         88          0          0          0      21932   stm32f10x_tim.o
      1032         22          0          0          0       8168   stm32f10x_usart.o
       436         32          0         20          0       1587   system_stm32f10x.o
      2088         90         50         18         48       6398   tm1629.o
       208          8          0          0          0       1015   usart1.o
       236         14          0          0          0       1215   usart2.o

    ----------------------------------------------------------------------
     14664        620       1604        156       1072     356349   Object Totals
         0          0         32          0          0          0   (incl. Generated)
         2          0          2          9          0          0   (incl. Padding)

    ----------------------------------------------------------------------

      Code (inc. data)   RO Data    RW Data    ZI Data      Debug   Library Member Name

         0          0          0          0          0          0   entry.o
         0          0          0          0          0          0   entry10a.o
         0          0          0          0          0          0   entry11a.o
         8          4          0          0          0          0   entry2.o
         4          0          0          0          0          0   entry5.o
         0          0          0          0          0          0   entry7b.o
         0          0          0          0          0          0   entry8b.o
         8          4          0          0          0          0   entry9a.o
        30          0          0          0          0          0   handlers.o
        36          8          0          0          0         68   init.o
        30          0          0          0          0         68   llshl.o
        32          0          0          0          0         68   llushr.o
        36          0          0          0          0        108   memseta.o
       736         56          0          0          0        184   printf5.o
         0          0          0          4          0          0   stdout.o
        98          0          0          0          0         92   uldiv.o

    ----------------------------------------------------------------------
      1024         72          0          4          0        588   Library Totals
         6          0          0          0          0          0   (incl. Padding)

    ----------------------------------------------------------------------

      Code (inc. data)   RO Data    RW Data    ZI Data      Debug   Library Name

      1018         72          0          4          0        588   mc_w.l

    ----------------------------------------------------------------------
      1024         72          0          4          0        588   Library Totals

    ----------------------------------------------------------------------

==============================================================================


      Code (inc. data)   RO Data    RW Data    ZI Data      Debug   

     15688        692       1604        160       1072     355325   Grand Totals
     15688        692       1604        160       1072     355325   ELF Image Totals
     15688        692       1604        160          0          0   ROM Totals

==============================================================================

    Total RO  Size (Code + RO Data)                17292 (  16.89kB)
    Total RW  Size (RW Data + ZI Data)              1232 (   1.20kB)
    Total ROM Size (Code + RO Data + RW Data)      17452 (  17.04kB)

==============================================================================

