ARM Linker, 5.03 [Build 76] [MDK-ARM Standard]

==============================================================================

Section Cross References

    startup_stm32f10x_md.o(RESET) refers to startup_stm32f10x_md.o(STACK) for __initial_sp
    startup_stm32f10x_md.o(RESET) refers to startup_stm32f10x_md.o(.text) for Reset_Handler
    startup_stm32f10x_md.o(RESET) refers to stm32f10x_it.o(.text) for NMI_Handler
    startup_stm32f10x_md.o(RESET) refers to usart1.o(.text) for USART1_IRQHandler
    startup_stm32f10x_md.o(RESET) refers to usart2.o(.text) for USART2_IRQHandler
    startup_stm32f10x_md.o(RESET) refers to rf.o(.text) for EXTI15_10_IRQHandler
    startup_stm32f10x_md.o(.text) refers to system_stm32f10x.o(.text) for SystemInit
    startup_stm32f10x_md.o(.text) refers to entry.o(.ARM.Collect$$$$00000000) for __main
    main.o(.text) refers to misc.o(.text) for NVIC_PriorityGroupConfig
    main.o(.text) refers to set_system_clock.o(.text) for Set_System_Clock
    main.o(.text) refers to usart1.o(.text) for GD5800_USART1_Config
    main.o(.text) refers to gd5800.o(.text) for GD5800_Initialization
    main.o(.text) refers to usart2.o(.text) for CH340_USART2_Config
    main.o(.text) refers to rf.o(.text) for RF_Config
    main.o(.text) refers to tm1629.o(.text) for Tm1629_GPIO_Config
    main.o(.text) refers to eeprom_24c.o(.text) for I2C_IO_Init
    main.o(.text) refers to key.o(.text) for Key_IO_Init
    main.o(.text) refers to stm32_rtc.o(.text) for RTC_NVIC_Config
    main.o(.text) refers to rf_app.o(.text) for Decoder_Process
    main.o(.text) refers to gd5800.o(.bss) for Sound_Data
    main.o(.text) refers to stm32_rtc.o(.bss) for systmtime
    stm32f10x_it.o(.text) refers to stm32f10x_rtc.o(.text) for RTC_GetITStatus
    stm32f10x_it.o(.text) refers to set_system_clock.o(.data) for System_Time_Count
    stm32f10x_it.o(.text) refers to rf_app.o(.data) for Call_Off_Time
    stm32f10x_it.o(.text) refers to gd5800.o(.data) for GD5800_Busy_Soft_Table
    stm32f10x_it.o(.text) refers to key.o(.data) for M_index
    stm32f10x_it.o(.text) refers to menu.o(.data) for Return_Standby_Time_Count
    set_system_clock.o(.text) refers to stm32f10x_rcc.o(.text) for RCC_DeInit
    set_system_clock.o(.text) refers to stm32f10x_gpio.o(.text) for GPIO_PinRemapConfig
    set_system_clock.o(.text) refers to system_stm32f10x.o(.data) for SystemCoreClock
    usart2.o(.text) refers to stm32f10x_rcc.o(.text) for RCC_APB2PeriphClockCmd
    usart2.o(.text) refers to stm32f10x_gpio.o(.text) for GPIO_Init
    usart2.o(.text) refers to stm32f10x_usart.o(.text) for USART_Init
    usart2.o(.text) refers to misc.o(.text) for NVIC_Init
    usart2.o(.text) refers to printf2.o(i.__0printf$2) for __2printf
    usart2.o(.text) refers to stm32f10x_rtc.o(.text) for RTC_GetCounter
    usart2.o(.text) refers to bsp_date.o(.text) for to_tm
    usart2.o(.text) refers to menu.o(.text) for Struct_Time_To_Buff_Time
    usart2.o(.text) refers to stm32_rtc.o(.bss) for systmtime
    usart2.o(.text) refers to tm1629.o(.data) for Tm1629_Test_Time
    usart1.o(.text) refers to stm32f10x_rcc.o(.text) for RCC_APB2PeriphClockCmd
    usart1.o(.text) refers to stm32f10x_gpio.o(.text) for GPIO_Init
    usart1.o(.text) refers to stm32f10x_usart.o(.text) for USART_Init
    usart1.o(.text) refers to misc.o(.text) for NVIC_Init
    rf.o(.text) refers to stm32f10x_exti.o(.text) for EXTI_ClearITPendingBit
    rf.o(.text) refers to stm32f10x_rcc.o(.text) for RCC_APB2PeriphClockCmd
    rf.o(.text) refers to stm32f10x_gpio.o(.text) for GPIO_Init
    rf.o(.text) refers to misc.o(.text) for NVIC_Init
    rf.o(.text) refers to stm32f10x_tim.o(.text) for TIM_TimeBaseInit
    rf.o(.text) refers to rf.o(.data) for RF_Count
    rf.o(.text) refers to menu.o(.data) for Return_Standby_Time_Count
    rf.o(.text) refers to rf_app.o(.data) for Call_Off_Time
    rf.o(.text) refers to system_stm32f10x.o(.data) for SystemCoreClock
    tm1629.o(.text) refers to stm32f10x_rcc.o(.text) for RCC_APB2PeriphClockCmd
    tm1629.o(.text) refers to stm32f10x_gpio.o(.text) for GPIO_Init
    tm1629.o(.text) refers to menu.o(.data) for Return_Standby_Time_Count
    tm1629.o(.text) refers to tm1629.o(.bss) for Tm1629_Display_Ram
    tm1629.o(.text) refers to gd5800.o(.text) for Specify_Music_Play
    tm1629.o(.text) refers to memseta.o(.text) for __aeabi_memset
    tm1629.o(.text) refers to tm1629.o(.constdata) for INIT_CODE
    tm1629.o(.text) refers to tm1629.o(.data) for Flag_Tm1629_Blink_Time_Minute
    eeprom_24c.o(.text) refers to stm32f10x_rcc.o(.text) for RCC_APB2PeriphClockCmd
    eeprom_24c.o(.text) refers to stm32f10x_gpio.o(.text) for GPIO_Init
    eeprom_24c.o(.text) refers to gd5800.o(.text) for Specify_Music_Play
    eeprom_24c.o(.text) refers to menu.o(.data) for Set_Singal_Or_Multiple_Key_Mode
    eeprom_24c.o(.text) refers to memseta.o(.text) for __aeabi_memclr4
    eeprom_24c.o(.text) refers to memcpya.o(.text) for __aeabi_memcpy4
[...]
    entry2.o(.ARM.Collect$$$$00000001) refers to entry2.o(.ARM.Collect$$$$00002712) for __lit__00000000
    entry2.o(.ARM.Collect$$$$00002712) refers to startup_stm32f10x_md.o(STACK) for __initial_sp
    entry2.o(__vectab_stack_and_reset_area) refers to startup_stm32f10x_md.o(STACK) for __initial_sp
    entry2.o(__vectab_stack_and_reset_area) refers to entry.o(.ARM.Collect$$$$00000000) for __main
    entry5.o(.ARM.Collect$$$$00000004) refers to init.o(.text) for __scatterload
    entry9a.o(.ARM.Collect$$$$0000000B) refers to main.o(.text) for main
    entry9b.o(.ARM.Collect$$$$0000000C) refers to main.o(.text) for main
    uldiv.o(.text) refers to llushr.o(.text) for __aeabi_llsr
    uldiv.o(.text) refers to llshl.o(.text) for __aeabi_llsl
    dadd.o(.text) refers to llshl.o(.text) for __aeabi_llsl
    dadd.o(.text) refers to llsshr.o(.text) for __aeabi_lasr
    dadd.o(.text) refers to depilogue.o(.text) for _double_epilogue
    dmul.o(.text) refers to depilogue.o(.text) for _double_epilogue
    ddiv.o(.text) refers to depilogue.o(.text) for _double_round
    dfixul.o(.text) refers to llushr.o(.text) for __aeabi_llsr
    dfixul.o(.text) refers to llshl.o(.text) for __aeabi_llsl
    init.o(.text) refers to entry5.o(.ARM.Collect$$$$00000004) for __main_after_scatterload
    depilogue.o(.text) refers to llshl.o(.text) for __aeabi_llsl
    depilogue.o(.text) refers to llushr.o(.text) for __aeabi_llsr


==============================================================================

Removing Unused input sections from the image.

    Removing startup_stm32f10x_md.o(HEAP), (512 bytes).
    Removing stm32f10x_adc.o(.text), (1102 bytes).
    Removing stm32f10x_can.o(.text), (2540 bytes).
    Removing stm32f10x_cec.o(.text), (288 bytes).
    Removing stm32f10x_crc.o(.text), (72 bytes).
    Removing stm32f10x_dac.o(.text), (528 bytes).
    Removing stm32f10x_dbgmcu.o(.text), (48 bytes).
    Removing stm32f10x_dma.o(.text), (592 bytes).
    Removing stm32f10x_flash.o(.text), (1468 bytes).
    Removing stm32f10x_fsmc.o(.text), (1560 bytes).
    Removing stm32f10x_i2c.o(.text), (796 bytes).
    Removing stm32f10x_iwdg.o(.text), (64 bytes).
    Removing stm32f10x_sdio.o(.text), (472 bytes).
    Removing stm32f10x_spi.o(.text), (804 bytes).
    Removing stm32f10x_wwdg.o(.text), (136 bytes).
    Removing core_cm3.o(.emb_text), (32 bytes).
    Removing dadd.o(.text), (334 bytes).
    Removing dmul.o(.text), (228 bytes).
    Removing ddiv.o(.text), (222 bytes).
    Removing dfixul.o(.text), (48 bytes).
    Removing cdrcmple.o(.text), (40 bytes).
    Removing depilogue.o(.text), (190 bytes).

22 unused section(s) (total 12076 bytes) removed from the image.

==============================================================================

Image Symbol Table

    Local Symbols

    Symbol Name                              Value     Ov Type        Size  Object(Section)

    ../clib/microlib/division.c              0x00000000   Number         0  uidiv.o ABSOLUTE
    ../clib/microlib/division.c              0x00000000   Number         0  uldiv.o ABSOLUTE
    ../clib/microlib/init/entry.s            0x00000000   Number         0  entry11b.o ABSOLUTE
    ../clib/microlib/init/entry.s            0x00000000   Number         0  entry11a.o ABSOLUTE
    ../clib/microlib/init/entry.s            0x00000000   Number         0  entry10b.o ABSOLUTE
    ../clib/microlib/init/entry.s            0x00000000   Number         0  entry.o ABSOLUTE
    ../clib/microlib/init/entry.s            0x00000000   Number         0  entry10a.o ABSOLUTE
    ../clib/microlib/init/entry.s            0x00000000   Number         0  entry9b.o ABSOLUTE
    ../clib/microlib/init/entry.s            0x00000000   Number         0  entry7b.o ABSOLUTE
    ../clib/microlib/init/entry.s            0x00000000   Number         0  entry7a.o ABSOLUTE
    ../clib/microlib/init/entry.s            0x00000000   Number         0  entry5.o ABSOLUTE
    ../clib/microlib/init/entry.s            0x00000000   Number         0  entry9a.o ABSOLUTE
    ../clib/microlib/init/entry.s            0x00000000   Number         0  entry2.o ABSOLUTE
    ../clib/microlib/init/entry.s            0x00000000   Number         0  entry8b.o ABSOLUTE
    ../clib/microlib/init/entry.s            0x00000000   Number         0  entry8a.o ABSOLUTE
    ../clib/microlib/longlong.c              0x00000000   Number         0  llsshr.o ABSOLUTE
    ../clib/microlib/longlong.c              0x00000000   Number         0  llushr.o ABSOLUTE
    ../clib/microlib/longlong.c              0x00000000   Number         0  llshl.o ABSOLUTE
    ../clib/microlib/printf/printf.c         0x00000000   Number         0  printf7.o ABSOLUTE
    ../clib/microlib/printf/printf.c         0x00000000   Number         0  printf8.o ABSOLUTE
    ../clib/microlib/printf/printf.c         0x00000000   Number         0  printfa.o ABSOLUTE
    ../clib/microlib/printf/printf.c         0x00000000   Number         0  printfb.o ABSOLUTE
    ../clib/microlib/printf/printf.c         0x00000000   Number         0  printf0.o ABSOLUTE
    ../clib/microlib/printf/printf.c         0x00000000   Number         0  printf1.o ABSOLUTE
    ../clib/microlib/printf/printf.c         0x00000000   Number         0  printf5.o ABSOLUTE
    ../clib/microlib/printf/printf.c         0x00000000   Number         0  printf2.o ABSOLUTE
    ../clib/microlib/printf/printf.c         0x00000000   Number         0  printf3.o ABSOLUTE
    ../clib/microlib/printf/printf.c         0x00000000   Number         0  printf4.o ABSOLUTE
    ../clib/microlib/printf/printf.c         0x00000000   Number         0  printf6.o ABSOLUTE
    ../clib/microlib/printf/stubs.s          0x00000000   Number         0  stubs.o ABSOLUTE
    ../clib/microlib/stdio/streams.c         0x00000000   Number         0  stdout.o ABSOLUTE
    ../clib/microlib/string/memcpy.c         0x00000000   Number         0  memcpya.o ABSOLUTE
    ../clib/microlib/string/memcpy.c         0x00000000   Number         0  memcpyb.o ABSOLUTE
    ../clib/microlib/string/memset.c         0x00000000   Number         0  memseta.o ABSOLUTE
    ../clib/microlib/stubs.s                 0x00000000   Number         0  iusefp.o ABSOLUTE
    ../fplib/microlib/fpadd.c                0x00000000   Number         0  dadd.o ABSOLUTE
    ../fplib/microlib/fpdiv.c                0x00000000   Number         0  ddiv.o ABSOLUTE
    ../fplib/microlib/fpepilogue.c           0x00000000   Number         0  depilogue.o ABSOLUTE
    ../fplib/microlib/fpfix.c                0x00000000   Number         0  dfixul.o ABSOLUTE
    ../fplib/microlib/fpmul.c                0x00000000   Number         0  dmul.o ABSOLUTE
    ..\CMSIS\core_cm3.c                      0x00000000   Number         0  core_cm3.o ABSOLUTE
    ..\CMSIS\startup\startup_stm32f10x_md.s  0x00000000   Number         0  startup_stm32f10x_md.o ABSOLUTE
    ..\CMSIS\system_stm32f10x.c              0x00000000   Number         0  system_stm32f10x.o ABSOLUTE
    ..\FWlib\src\misc.c                      0x00000000   Number         0  misc.o ABSOLUTE
    ..\FWlib\src\stm32f10x_adc.c             0x00000000   Number         0  stm32f10x_adc.o ABSOLUTE
    ..\FWlib\src\stm32f10x_bkp.c             0x00000000   Number         0  stm32f10x_bkp.o ABSOLUTE
    ..\FWlib\src\stm32f10x_can.c             0x00000000   Number         0  stm32f10x_can.o ABSOLUTE
    ..\FWlib\src\stm32f10x_cec.c             0x00000000   Number         0  stm32f10x_cec.o ABSOLUTE
    ..\FWlib\src\stm32f10x_crc.c             0x00000000   Number         0  stm32f10x_crc.o ABSOLUTE
    ..\FWlib\src\stm32f10x_dac.c             0x00000000   Number         0  stm32f10x_dac.o ABSOLUTE
    ..\FWlib\src\stm32f10x_dbgmcu.c          0x00000000   Number         0  stm32f10x_dbgmcu.o ABSOLUTE
    ..\FWlib\src\stm32f10x_dma.c             0x00000000   Number         0  stm32f10x_dma.o ABSOLUTE
    ..\FWlib\src\stm32f10x_exti.c            0x00000000   Number         0  stm32f10x_exti.o ABSOLUTE
    ..\FWlib\src\stm32f10x_flash.c           0x00000000   Number         0  stm32f10x_flash.o ABSOLUTE
    ..\FWlib\src\stm32f10x_fsmc.c            0x00000000   Number         0  stm32f10x_fsmc.o ABSOLUTE
    ..\FWlib\src\stm32f10x_gpio.c            0x00000000   Number         0  stm32f10x_gpio.o ABSOLUTE
    ..\FWlib\src\stm32f10x_i2c.c             0x00000000   Number         0  stm32f10x_i2c.o ABSOLUTE
    ..\FWlib\src\stm32f10x_iwdg.c            0x00000000   Number         0  stm32f10x_iwdg.o ABSOLUTE
    ..\FWlib\src\stm32f10x_pwr.c             0x00000000   Number         0  stm32f10x_pwr.o ABSOLUTE
    ..\FWlib\src\stm32f10x_rcc.c             0x00000000   Number         0  stm32f10x_rcc.o ABSOLUTE
    ..\FWlib\src\stm32f10x_rtc.c             0x00000000   Number         0  stm32f10x_rtc.o ABSOLUTE
    ..\FWlib\src\stm32f10x_sdio.c            0x00000000   Number         0  stm32f10x_sdio.o ABSOLUTE
    ..\FWlib\src\stm32f10x_spi.c             0x00000000   Number         0  stm32f10x_spi.o ABSOLUTE
    ..\FWlib\src\stm32f10x_tim.c             0x00000000   Number         0  stm32f10x_tim.o ABSOLUTE
    ..\FWlib\src\stm32f10x_usart.c           0x00000000   Number         0  stm32f10x_usart.o ABSOLUTE
    ..\FWlib\src\stm32f10x_wwdg.c            0x00000000   Number         0  stm32f10x_wwdg.o ABSOLUTE
    ..\USER\bsp_date.c                       0x00000000   Number         0  bsp_date.o ABSOLUTE
    ..\USER\eeprom_24c.c                     0x00000000   Number         0  eeprom_24c.o ABSOLUTE
    ..\USER\gd5800.c                         0x00000000   Number         0  gd5800.o ABSOLUTE
    ..\USER\key.c                            0x00000000   Number         0  key.o ABSOLUTE
    ..\USER\main.c                           0x00000000   Number         0  main.o ABSOLUTE
    ..\USER\menu.c                           0x00000000   Number         0  menu.o ABSOLUTE
    ..\USER\rf.c                             0x00000000   Number         0  rf.o ABSOLUTE
    ..\USER\rf_app.c                         0x00000000   Number         0  rf_app.o ABSOLUTE
    ..\USER\set_system_clock.c               0x00000000   Number         0  set_system_clock.o ABSOLUTE
    ..\USER\stm32_rtc.c                      0x00000000   Number         0  stm32_rtc.o ABSOLUTE
    ..\USER\stm32f10x_it.c                   0x00000000   Number         0  stm32f10x_it.o ABSOLUTE
    ..\USER\tm1629.c                         0x00000000   Number         0  tm1629.o ABSOLUTE
    ..\USER\transmit.c                       0x00000000   Number         0  transmit.o ABSOLUTE
    ..\USER\usart1.c                         0x00000000   Number         0  usart1.o ABSOLUTE
    ..\USER\usart2.c                         0x00000000   Number         0  usart2.o ABSOLUTE
    ..\\CMSIS\\core_cm3.c                    0x00000000   Number         0  core_cm3.o ABSOLUTE
    cdrcmple.s                               0x00000000   Number         0  cdrcmple.o ABSOLUTE
    dc.s                                     0x00000000   Number         0  dc.o ABSOLUTE
    handlers.s                               0x00000000   Number         0  handlers.o ABSOLUTE
    init.s                                   0x00000000   Number         0  init.o ABSOLUTE
    RESET                                    0x08000000   Section      236  startup_stm32f10x_md.o(RESET)
    .ARM.Collect$$$$00000000                 0x080000ec   Section        0  entry.o(.ARM.Collect$$$$00000000)
    .ARM.Collect$$$$00000001                 0x080000ec   Section        4  entry2.o(.ARM.Collect$$$$00000001)
    .ARM.Collect$$$$00000004                 0x080000f0   Section        4  entry5.o(.ARM.Collect$$$$00000004)
    .ARM.Collect$$$$00000008                 0x080000f4   Section        0  entry7b.o(.ARM.Collect$$$$00000008)
    .ARM.Collect$$$$0000000A                 0x080000f4   Section        0  entry8b.o(.ARM.Collect$$$$0000000A)
    .ARM.Collect$$$$0000000B                 0x080000f4   Section        8  entry9a.o(.ARM.Collect$$$$0000000B)
    .ARM.Collect$$$$0000000D                 0x080000fc   Section        0  entry10a.o(.ARM.Collect$$$$0000000D)
    .ARM.Collect$$$$0000000F                 0x080000fc   Section        0  entry11a.o(.ARM.Collect$$$$0000000F)
    .ARM.Collect$$$$00002712                 0x080000fc   Section        4  entry2.o(.ARM.Collect$$$$00002712)
    __lit__00000000                          0x080000fc   Data           4  entry2.o(.ARM.Collect$$$$00002712)
    .text                                    0x08000100   Section       36  startup_stm32f10x_md.o(.text)
    .text                                    0x08000124   Section        0  main.o(.text)
    .text                                    0x0800018c   Section        0  stm32f10x_it.o(.text)
    .text                                    0x080002a0   Section        0  set_system_clock.o(.text)
    NVIC_SetPriority                         0x080002a1   Thumb Code    32  set_system_clock.o(.text)
    .text                                    0x0800038c   Section        0  usart2.o(.text)
    .text                                    0x08000650   Section        0  usart1.o(.text)
    .text                                    0x08000728   Section        0  rf.o(.text)
    RF_IO_Init                               0x08000827   Thumb Code    36  rf.o(.text)
    .text                                    0x08000910   Section        0  tm1629.o(.text)
    WriteDataTo1629_1                        0x08000983   Thumb Code    82  tm1629.o(.text)
    WriteDataTo1629_2                        0x080009d5   Thumb Code    80  tm1629.o(.text)
    WriteDataTo1629_3                        0x08000a25   Thumb Code    80  tm1629.o(.text)
    SendCommandTo1629_1                      0x08000a75   Thumb Code    34  tm1629.o(.text)
    SendCommandTo1629_2                      0x08000c71   Thumb Code    34  tm1629.o(.text)
    SendCommandTo1629_3                      0x08000c93   Thumb Code    34  tm1629.o(.text)
    .text                                    0x08001260   Section        0  eeprom_24c.o(.text)
    I2C_Delay_us                             0x080012af   Thumb Code    28  eeprom_24c.o(.text)
    I2C_Start                                0x080012cb   Thumb Code    60  eeprom_24c.o(.text)
    I2C_Send_Byte                            0x08001307   Thumb Code   146  eeprom_24c.o(.text)
    I2C_Receive_Byte                         0x08001399   Thumb Code    72  eeprom_24c.o(.text)
    I2C_Stop                                 0x080013e1   Thumb Code    60  eeprom_24c.o(.text)
    .text                                    0x08001ecc   Section        0  key.o(.text)
    Key_Delay_us                             0x08001eed   Thumb Code    28  key.o(.text)
    __set_FAULTMASK                          0x080024a3   Thumb Code    10  key.o(.text)
    NVIC_SystemReset                         0x080024ad   Thumb Code    26  key.o(.text)
    .text                                    0x080024f4   Section        0  menu.o(.text)
    Play_Navigation_Voice                    0x0800254b   Thumb Code   100  menu.o(.text)
    Menu_Standby                             0x08002615   Thumb Code    80  menu.o(.text)
    Menu_F0                                  0x08002665   Thumb Code    34  menu.o(.text)
    Menu_F1                                  0x08002687   Thumb Code    16  menu.o(.text)
    Menu_F2                                  0x08002697   Thumb Code    16  menu.o(.text)
    Menu_F3                                  0x080026a7   Thumb Code    16  menu.o(.text)
    Menu_F4                                  0x080026b7   Thumb Code    16  menu.o(.text)
    Menu_F5                                  0x080026c7   Thumb Code    16  menu.o(.text)
    Menu_F6                                  0x080026d7   Thumb Code    16  menu.o(.text)
    Menu_F7                                  0x080026e7   Thumb Code    16  menu.o(.text)
    Menu_F8                                  0x080026f7   Thumb Code    16  menu.o(.text)
    Menu_F9                                  0x08002707   Thumb Code    16  menu.o(.text)
    Menu_FA                                  0x08002717   Thumb Code    10  menu.o(.text)
    Menu_FB                                  0x08002721   Thumb Code    10  menu.o(.text)
    Menu_FC                                  0x0800272b   Thumb Code    10  menu.o(.text)
    Menu_FD                                  0x08002735   Thumb Code    10  menu.o(.text)
    Menu_FE                                  0x0800273f   Thumb Code    10  menu.o(.text)
    Menu_F0_Minute                           0x08002749   Thumb Code   100  menu.o(.text)
    Menu_F0_Hour                             0x080027ad   Thumb Code   100  menu.o(.text)
    Menu_F0_Day                              0x08002811   Thumb Code   102  menu.o(.text)
    Menu_F0_Month                            0x08002877   Thumb Code   102  menu.o(.text)
    Menu_F0_Year                             0x080028dd   Thumb Code   132  menu.o(.text)
    Menu_F0_Week                             0x08002961   Thumb Code     8  menu.o(.text)
    Menu_F1_E1                               0x08002969   Thumb Code    10  menu.o(.text)
    Menu_F1_E2                               0x08002973   Thumb Code    10  menu.o(.text)
    Menu_F1_E3                               0x0800297d   Thumb Code    10  menu.o(.text)
    Menu_F1_E4                               0x08002987   Thumb Code    10  menu.o(.text)
    Menu_F2_E1                               0x08002991   Thumb Code    10  menu.o(.text)
    Menu_F2_E2                               0x0800299b   Thumb Code    10  menu.o(.text)
    Menu_F2_E3                               0x080029a5   Thumb Code    10  menu.o(.text)
    Menu_F2_E4                               0x080029af   Thumb Code    10  menu.o(.text)
    Menu_F3_E1                               0x080029b9   Thumb Code    10  menu.o(.text)
    Menu_F3_E2                               0x080029c3   Thumb Code    10  menu.o(.text)
    Menu_F4_Set                              0x080029cd   Thumb Code    88  menu.o(.text)
    Menu_F5_Set                              0x08002a25   Thumb Code    88  menu.o(.text)
    Menu_F6_E1                               0x08002a7d   Thumb Code    10  menu.o(.text)
    Menu_F6_E2                               0x08002a87   Thumb Code    10  menu.o(.text)
    Menu_F6_E3                               0x08002a91   Thumb Code    10  menu.o(.text)
    Menu_F6_E4                               0x08002a9b   Thumb Code    10  menu.o(.text)
    Menu_F6_E5                               0x08002aa5   Thumb Code    10  menu.o(.text)
    Menu_F6_E6                               0x08002aaf   Thumb Code    10  menu.o(.text)
    Menu_F6_E7                               0x08002ab9   Thumb Code    10  menu.o(.text)
    Menu_F6_E8                               0x08002ac3   Thumb Code    10  menu.o(.text)
    Menu_F7_E1                               0x08002acd   Thumb Code    10  menu.o(.text)
    Menu_F7_E2                               0x08002ad7   Thumb Code    10  menu.o(.text)
    Menu_F7_E3                               0x08002ae1   Thumb Code    10  menu.o(.text)
    Menu_F7_E4                               0x08002aeb   Thumb Code    10  menu.o(.text)
    Menu_F8_E1                               0x08002af5   Thumb Code    18  menu.o(.text)
    Menu_F8_E2                               0x08002b07   Thumb Code    16  menu.o(.text)
    Menu_F9_E1                               0x08002b17   Thumb Code    10  menu.o(.text)
    Menu_F9_E2                               0x08002b21   Thumb Code    10  menu.o(.text)
    Menu_FA_Set                              0x08002b2b   Thumb Code     2  menu.o(.text)
    Menu_FB_Set                              0x08002b2d   Thumb Code    82  menu.o(.text)
    Menu_FC_Set                              0x08002b7f   Thumb Code    82  menu.o(.text)
    Menu_FD_Set                              0x08002bd1   Thumb Code   116  menu.o(.text)
    Menu_FE_E1                               0x08002c45   Thumb Code    10  menu.o(.text)
    Menu_FE_E2                               0x08002c4f   Thumb Code    10  menu.o(.text)
    Menu_F1_E1_D1                            0x08002c59   Thumb Code    90  menu.o(.text)
    Menu_F1_E1_D2                            0x08002cb3   Thumb Code    90  menu.o(.text)
    Menu_F1_E1_D3                            0x08002d0d   Thumb Code    90  menu.o(.text)
    Menu_F1_E1_D4                            0x08002d67   Thumb Code   144  menu.o(.text)
    Menu_F1_E2_D1                            0x08002df7   Thumb Code    90  menu.o(.text)
    Menu_F1_E2_D2                            0x08002e51   Thumb Code    90  menu.o(.text)
    Menu_F1_E2_D3                            0x08002eab   Thumb Code    90  menu.o(.text)
    Menu_F1_E2_D4                            0x08002f05   Thumb Code    90  menu.o(.text)
    Menu_F1_E3_D1                            0x08002f5f   Thumb Code    90  menu.o(.text)
    Menu_F1_E3_D2                            0x08002fb9   Thumb Code    90  menu.o(.text)
    Menu_F1_E3_D3                            0x08003013   Thumb Code    90  menu.o(.text)
    Menu_F1_E3_D4                            0x0800306d   Thumb Code    90  menu.o(.text)
    Menu_F1_E4_D1                            0x080030c7   Thumb Code    90  menu.o(.text)
    Menu_F1_E4_D2                            0x08003121   Thumb Code    90  menu.o(.text)
    Menu_F1_E4_D3                            0x0800317b   Thumb Code   112  menu.o(.text)
    Menu_F1_E4_D4                            0x080031eb   Thumb Code    90  menu.o(.text)
    Menu_F2_E1_D1                            0x08003245   Thumb Code    90  menu.o(.text)
    Menu_F2_E1_D2                            0x0800329f   Thumb Code    90  menu.o(.text)
    Menu_F2_E1_D3                            0x080032f9   Thumb Code    90  menu.o(.text)
    Menu_F2_E1_D4                            0x08003353   Thumb Code    90  menu.o(.text)
    Menu_F2_E2_D1                            0x080033ad   Thumb Code    90  menu.o(.text)
    Menu_F2_E2_D2                            0x08003407   Thumb Code    90  menu.o(.text)
    Menu_F2_E2_D3                            0x08003461   Thumb Code    90  menu.o(.text)
    Menu_F2_E2_D4                            0x080034bb   Thumb Code    90  menu.o(.text)
    Menu_F2_E3_D1                            0x08003515   Thumb Code    90  menu.o(.text)
    Menu_F2_E3_D2                            0x0800356f   Thumb Code   112  menu.o(.text)
    Menu_F2_E3_D3                            0x080035df   Thumb Code    90  menu.o(.text)
    Menu_F2_E3_D4                            0x08003639   Thumb Code    90  menu.o(.text)
    Menu_F2_E4_D1                            0x08003693   Thumb Code    90  menu.o(.text)
    Menu_F2_E4_D2                            0x080036ed   Thumb Code    90  menu.o(.text)
    Menu_F2_E4_D3                            0x08003747   Thumb Code    90  menu.o(.text)
    Menu_F2_E4_D4                            0x080037a1   Thumb Code    90  menu.o(.text)
    Menu_F3_E1_Set                           0x080037fb   Thumb Code    90  menu.o(.text)
    Menu_F3_E2_Set                           0x08003855   Thumb Code    90  menu.o(.text)
    Menu_F6_E1_Set                           0x080038af   Thumb Code    88  menu.o(.text)
    Menu_F6_E2_Set                           0x08003907   Thumb Code    90  menu.o(.text)
    Menu_F6_E3_Set                           0x08003961   Thumb Code   116  menu.o(.text)
    Menu_F6_E4_Set                           0x080039d5   Thumb Code   118  menu.o(.text)
    Menu_F6_E5_Set                           0x08003a4b   Thumb Code    90  menu.o(.text)
    Menu_F6_E6_Set                           0x08003aa5   Thumb Code    82  menu.o(.text)
    Menu_F6_E7_Set                           0x08003af7   Thumb Code    82  menu.o(.text)
    Menu_F6_E8_Set                           0x08003b49   Thumb Code    82  menu.o(.text)
    Menu_F7_E1_Set                           0x08003b9b   Thumb Code   150  menu.o(.text)
    Menu_F7_E2_Set                           0x08003c31   Thumb Code    80  menu.o(.text)
    Menu_F7_E3_Set                           0x08003c81   Thumb Code    80  menu.o(.text)
    Menu_F7_E4_Set                           0x08003cd1   Thumb Code    80  menu.o(.text)
    Menu_F8_E1_Set                           0x08003d21   Thumb Code   106  menu.o(.text)
    Menu_F8_E2_Set                           0x08003d8b   Thumb Code   184  menu.o(.text)
    Menu_Decoder                             0x08003e43   Thumb Code    82  menu.o(.text)
    .text                                    0x08003eac   Section        0  rf_app.o(.text)
    Decoder_Line_To_Display_Ram_For_Eight_Byte 0x08003ead   Thumb Code   186  rf_app.o(.text)
    Buff_Move_Up_One_Position                0x08004057   Thumb Code    10  rf_app.o(.text)
    Return_End_Of_Buff                       0x08004061   Thumb Code    36  rf_app.o(.text)
    Decoder_Function_Of_Cancel               0x08004085   Thumb Code   100  rf_app.o(.text)
    Buff_Move_Up_All_Position_And_Init       0x080040e9   Thumb Code    46  rf_app.o(.text)
    Left_Buff_Add_To_End_Of_Right_Buff       0x08004117   Thumb Code    62  rf_app.o(.text)
    Buff_Move_Down_One_Position              0x08004155   Thumb Code    10  rf_app.o(.text)
    Buff_Move_Down_All_Position_And_Init     0x0800415f   Thumb Code    54  rf_app.o(.text)
    Decoder_Search_Buff_Is_Or_Not_In_Queue   0x080041ab   Thumb Code   118  rf_app.o(.text)
    Decoder_Function_Of_Return_Fun_Id        0x08004221   Thumb Code    32  rf_app.o(.text)
    Decoder_Function_Of_Assignment_For_Call_Id 0x08004241   Thumb Code    54  rf_app.o(.text)
    Decoder_Function_Of_Assignment_For_KeyBoard 0x08004277   Thumb Code    70  rf_app.o(.text)
    Decoder_Funciton_Of_Is_Or_Not_KeyBoard   0x080042bd   Thumb Code    40  rf_app.o(.text)
    Decoder_Decoder_Menu                     0x080042e5   Thumb Code   342  rf_app.o(.text)
    Decoder_F8_E2                            0x0800443b   Thumb Code    44  rf_app.o(.text)
    Decoder_F1_E4                            0x08004467   Thumb Code    36  rf_app.o(.text)
    Decoder_F1_E3                            0x0800448b   Thumb Code    36  rf_app.o(.text)
    Decoder_F1_E2                            0x080044af   Thumb Code    36  rf_app.o(.text)
    Decoder_F1_E1                            0x080044d3   Thumb Code    36  rf_app.o(.text)
    Decoder_Standby                          0x080044f7   Thumb Code   268  rf_app.o(.text)
    .text                                    0x08004948   Section        0  gd5800.o(.text)
    GD5800_Play_Music_Of_Defense_Area_For_Head 0x080049d7   Thumb Code   140  gd5800.o(.text)
    GD5800_Play_Music_Of_Defense_Area_For_End 0x08004a63   Thumb Code   124  gd5800.o(.text)
    GD5800_Play_Music_Of_Hundred             0x08004adf   Thumb Code    50  gd5800.o(.text)
    GD5800_Play_Music_Of_Ten                 0x08004b11   Thumb Code    68  gd5800.o(.text)
    GD5800_Play_Music_Of_One                 0x08004b55   Thumb Code    44  gd5800.o(.text)
    GD5800_Play_Music_Of_Other               0x08004b81   Thumb Code    60  gd5800.o(.text)
    GD5800_Play_Music_Of_Last_Three_Bit      0x08004bbd   Thumb Code    44  gd5800.o(.text)
    GD5800_Play_Music_Of_Play_Music_Of_Mode_Within_NOT_REPORT_C 0x08004be9   Thumb Code    32  gd5800.o(.text)
    GD5800_Play_Music_Of_Play_Music_Of_Mode_More_Than_NOT_REPORT_C 0x08004c09   Thumb Code    34  gd5800.o(.text)
    GD5800_Buff_Move_Up_One_Position         0x08004cf3   Thumb Code    10  gd5800.o(.text)
    GD5800_Return_End_Of_Buff                0x08004cfd   Thumb Code    26  gd5800.o(.text)
    GD5800_Buff_Move_Up_All_Position_And_Init 0x08004d17   Thumb Code    58  gd5800.o(.text)
    .text                                    0x08004e68   Section        0  stm32_rtc.o(.text)
    RTC_Configuration                        0x08004e8b   Thumb Code    88  stm32_rtc.o(.text)
    .text                                    0x08004f40   Section        0  bsp_date.o(.text)
    .text                                    0x08005120   Section        0  misc.o(.text)
    .text                                    0x080051fc   Section        0  stm32f10x_bkp.o(.text)
    .text                                    0x080052c0   Section        0  stm32f10x_exti.o(.text)
    .text                                    0x080053dc   Section        0  stm32f10x_gpio.o(.text)
    .text                                    0x08005734   Section        0  stm32f10x_pwr.o(.text)
    .text                                    0x08005800   Section        0  stm32f10x_rcc.o(.text)
    .text                                    0x08005bc4   Section        0  stm32f10x_rtc.o(.text)
    .text                                    0x08005d08   Section        0  stm32f10x_tim.o(.text)
    TI4_Config                               0x080061af   Thumb Code   130  stm32f10x_tim.o(.text)
    TI3_Config                               0x08006243   Thumb Code   122  stm32f10x_tim.o(.text)
    TI2_Config                               0x080062d7   Thumb Code   130  stm32f10x_tim.o(.text)
    TI1_Config                               0x0800636b   Thumb Code   108  stm32f10x_tim.o(.text)
    .text                                    0x08006b24   Section        0  stm32f10x_usart.o(.text)
    .text                                    0x08006f2c   Section        0  system_stm32f10x.o(.text)
    SetSysClockTo24                          0x08006f2d   Thumb Code   176  system_stm32f10x.o(.text)
    SetSysClock                              0x08006fdd   Thumb Code     8  system_stm32f10x.o(.text)
    .text                                    0x080070e0   Section        0  memcpya.o(.text)
    .text                                    0x08007104   Section        0  memseta.o(.text)
    .text                                    0x08007128   Section       36  init.o(.text)
    i.__0printf$2                            0x0800714c   Section        0  printf2.o(i.__0printf$2)
    i.__scatterload_copy                     0x0800716c   Section       14  handlers.o(i.__scatterload_copy)
    i.__scatterload_null                     0x0800717a   Section        2  handlers.o(i.__scatterload_null)
    i.__scatterload_zeroinit                 0x0800717c   Section       14  handlers.o(i.__scatterload_zeroinit)
    i._printf_core                           0x0800718a   Section        0  printf2.o(i._printf_core)
    _printf_core                             0x0800718b   Thumb Code   208  printf2.o(i._printf_core)
    .constdata                               0x0800725a   Section       58  tm1629.o(.constdata)
    .constdata                               0x08007294   Section     1284  menu.o(.constdata)
    .constdata                               0x08007798   Section       48  bsp_date.o(.constdata)
    .data                                    0x20000000   Section        9  set_system_clock.o(.data)
    .data                                    0x2000000c   Section       27  rf.o(.data)
    .data                                    0x20000027   Section       18  tm1629.o(.data)
    Flag_Tm1629_Blink_Time_Minute            0x2000002f   Data           1  tm1629.o(.data)
    Flag_Tm1629_Blink_Time_Hour              0x20000030   Data           1  tm1629.o(.data)
    Flag_Tm1629_Blink_Time_Day               0x20000031   Data           1  tm1629.o(.data)
    Flag_Tm1629_Blink_Time_Month             0x20000032   Data           1  tm1629.o(.data)
    Flag_Tm1629_Blink_Time_Year              0x20000033   Data           1  tm1629.o(.data)
    Flag_Tm1629_Blink_Time_Week              0x20000034   Data           1  tm1629.o(.data)
    Flag_Tm1629_Blink_One_Position           0x20000035   Data           1  tm1629.o(.data)
    Flag_Tm1629_Blink_Two_Position           0x20000036   Data           1  tm1629.o(.data)
    Flag_Tm1629_Blink_Three_Position         0x20000037   Data           1  tm1629.o(.data)
    Flag_Tm1629_Blink_Four_Position          0x20000038   Data           1  tm1629.o(.data)
    .data                                    0x2000003c   Section        8  key.o(.data)
    .data                                    0x20000044   Section       67  menu.o(.data)
    Standby_index                            0x20000085   Data           1  menu.o(.data)
    index                                    0x20000086   Data           1  menu.o(.data)
    .data                                    0x20000088   Section       45  rf_app.o(.data)
    .data                                    0x200000b5   Section        2  gd5800.o(.data)
    .data                                    0x200000b8   Section       48  bsp_date.o(.data)
    month_days                               0x200000b8   Data          48  bsp_date.o(.data)
    .data                                    0x200000e8   Section       20  stm32f10x_rcc.o(.data)
    APBAHBPrescTable                         0x200000e8   Data          16  stm32f10x_rcc.o(.data)
    ADCPrescTable                            0x200000f8   Data           4  stm32f10x_rcc.o(.data)
    .data                                    0x200000fc   Section       20  system_stm32f10x.o(.data)
    .data                                    0x20000110   Section        4  stdout.o(.data)
    .bss                                     0x20000114   Section       48  tm1629.o(.bss)
    .bss                                     0x20000144   Section       16  eeprom_24c.o(.bss)
    .bss                                     0x20000154   Section      800  rf_app.o(.bss)
    .bss                                     0x20000474   Section      820  gd5800.o(.bss)
    .bss                                     0x200007a8   Section       28  stm32_rtc.o(.bss)
    STACK                                    0x200007c8   Section     1024  startup_stm32f10x_md.o(STACK)

    Global Symbols

    Symbol Name                              Value     Ov Type        Size  Object(Section)

    BuildAttributes$$THM_ISAv4$P$D$K$B$S$PE$A:L22UL41UL21$X:L11$S22US41US21$IEEE1$IW$USESV6$~STKCKD$USESV7$~SHL$OSPACE$ROPI$EBA8$MICROLIB$REQ8$PRES8$EABIv2 0x00000000   Number         0  anon$$obj.o ABSOLUTE
    __ARM_use_no_argv                        0x00000000   Number         0  main.o ABSOLUTE
    _printf_a                                0x00000000   Number         0  stubs.o ABSOLUTE
    _printf_c                                0x00000000   Number         0  stubs.o ABSOLUTE
    _printf_charcount                        0x00000000   Number         0  stubs.o ABSOLUTE
    _printf_d                                0x00000000   Number         0  stubs.o ABSOLUTE
    _printf_e                                0x00000000   Number         0  stubs.o ABSOLUTE
    _printf_f                                0x00000000   Number         0  stubs.o ABSOLUTE
    _printf_flags                            0x00000000   Number         0  stubs.o ABSOLUTE
    _printf_fp_dec                           0x00000000   Number         0  stubs.o ABSOLUTE
    _printf_fp_hex                           0x00000000   Number         0  stubs.o ABSOLUTE
    _printf_g                                0x00000000   Number         0  stubs.o ABSOLUTE
    _printf_i                                0x00000000   Number         0  stubs.o ABSOLUTE
    _printf_int_dec                          0x00000000   Number         0  stubs.o ABSOLUTE
    _printf_l                                0x00000000   Number         0  stubs.o ABSOLUTE
    _printf_lc                               0x00000000   Number         0  stubs.o ABSOLUTE
    _printf_ll                               0x00000000   Number         0  stubs.o ABSOLUTE
    _printf_lld                              0x00000000   Number         0  stubs.o ABSOLUTE
    _printf_lli                              0x00000000   Number         0  stubs.o ABSOLUTE
    _printf_llo                              0x00000000   Number         0  stubs.o ABSOLUTE
    _printf_llu                              0x00000000   Number         0  stubs.o ABSOLUTE
    _printf_llx                              0x00000000   Number         0  stubs.o ABSOLUTE
    _printf_longlong_dec                     0x00000000   Number         0  stubs.o ABSOLUTE
    _printf_longlong_hex                     0x00000000   Number         0  stubs.o ABSOLUTE
    _printf_longlong_oct                     0x00000000   Number         0  stubs.o ABSOLUTE
    _printf_ls                               0x00000000   Number         0  stubs.o ABSOLUTE
    _printf_mbtowc                           0x00000000   Number         0  stubs.o ABSOLUTE
    _printf_n                                0x00000000   Number         0  stubs.o ABSOLUTE
    _printf_o                                0x00000000   Number         0  stubs.o ABSOLUTE
    _printf_p                                0x00000000   Number         0  stubs.o ABSOLUTE
    _printf_percent                          0x00000000   Number         0  stubs.o ABSOLUTE
    _printf_pre_padding                      0x00000000   Number         0  stubs.o ABSOLUTE
    _printf_return_value                     0x00000000   Number         0  stubs.o ABSOLUTE
    _printf_s                                0x00000000   Number         0  stubs.o ABSOLUTE
    _printf_sizespec                         0x00000000   Number         0  stubs.o ABSOLUTE
    _printf_str                              0x00000000   Number         0  stubs.o ABSOLUTE
    _printf_truncate_signed                  0x00000000   Number         0  stubs.o ABSOLUTE
    _printf_truncate_unsigned                0x00000000   Number         0  stubs.o ABSOLUTE
    _printf_u                                0x00000000   Number         0  stubs.o ABSOLUTE
    _printf_wc                               0x00000000   Number         0  stubs.o ABSOLUTE
    _printf_wctomb                           0x00000000   Number         0  stubs.o ABSOLUTE
    _printf_widthprec                        0x00000000   Number         0  stubs.o ABSOLUTE
    _printf_x                                0x00000000   Number         0  stubs.o ABSOLUTE
    __cpp_initialize__aeabi_                  - Undefined Weak Reference
    __cxa_finalize                            - Undefined Weak Reference
    __decompress                              - Undefined Weak Reference
    _clock_init                               - Undefined Weak Reference
    _microlib_exit                            - Undefined Weak Reference
    __Vectors_Size                           0x000000ec   Number         0  startup_stm32f10x_md.o ABSOLUTE
    __Vectors                                0x08000000   Data           4  startup_stm32f10x_md.o(RESET)
    __Vectors_End                            0x080000ec   Data           0  startup_stm32f10x_md.o(RESET)
    __main                                   0x080000ed   Thumb Code     0  entry.o(.ARM.Collect$$$$00000000)
    _main_stk                                0x080000ed   Thumb Code     0  entry2.o(.ARM.Collect$$$$00000001)
    _main_scatterload                        0x080000f1   Thumb Code     0  entry5.o(.ARM.Collect$$$$00000004)
    __main_after_scatterload                 0x080000f5   Thumb Code     0  entry5.o(.ARM.Collect$$$$00000004)
    _main_clock                              0x080000f5   Thumb Code     0  entry7b.o(.ARM.Collect$$$$00000008)
    _main_cpp_init                           0x080000f5   Thumb Code     0  entry8b.o(.ARM.Collect$$$$0000000A)
    _main_init                               0x080000f5   Thumb Code     0  entry9a.o(.ARM.Collect$$$$0000000B)
    __rt_final_cpp                           0x080000fd   Thumb Code     0  entry10a.o(.ARM.Collect$$$$0000000D)
    __rt_final_exit                          0x080000fd   Thumb Code     0  entry11a.o(.ARM.Collect$$$$0000000F)
    Reset_Handler                            0x08000101   Thumb Code     8  startup_stm32f10x_md.o(.text)
    ADC1_2_IRQHandler                        0x0800011b   Thumb Code     0  startup_stm32f10x_md.o(.text)
    CAN1_RX1_IRQHandler                      0x0800011b   Thumb Code     0  startup_stm32f10x_md.o(.text)
    CAN1_SCE_IRQHandler                      0x0800011b   Thumb Code     0  startup_stm32f10x_md.o(.text)
    DMA1_Channel1_IRQHandler                 0x0800011b   Thumb Code     0  startup_stm32f10x_md.o(.text)
    DMA1_Channel2_IRQHandler                 0x0800011b   Thumb Code     0  startup_stm32f10x_md.o(.text)
    DMA1_Channel3_IRQHandler                 0x0800011b   Thumb Code     0  startup_stm32f10x_md.o(.text)
    DMA1_Channel4_IRQHandler                 0x0800011b   Thumb Code     0  startup_stm32f10x_md.o(.text)
    DMA1_Channel5_IRQHandler                 0x0800011b   Thumb Code     0  startup_stm32f10x_md.o(.text)
    DMA1_Channel6_IRQHandler                 0x0800011b   Thumb Code     0  startup_stm32f10x_md.o(.text)
    DMA1_Channel7_IRQHandler                 0x0800011b   Thumb Code     0  startup_stm32f10x_md.o(.text)
    EXTI0_IRQHandler                         0x0800011b   Thumb Code     0  startup_stm32f10x_md.o(.text)
    EXTI1_IRQHandler                         0x0800011b   Thumb Code     0  startup_stm32f10x_md.o(.text)
    EXTI2_IRQHandler                         0x0800011b   Thumb Code     0  startup_stm32f10x_md.o(.text)
    EXTI3_IRQHandler                         0x0800011b   Thumb Code     0  startup_stm32f10x_md.o(.text)
    EXTI4_IRQHandler                         0x0800011b   Thumb Code     0  startup_stm32f10x_md.o(.text)
    EXTI9_5_IRQHandler                       0x0800011b   Thumb Code     0  startup_stm32f10x_md.o(.text)
    FLASH_IRQHandler                         0x0800011b   Thumb Code     0  startup_stm32f10x_md.o(.text)
    I2C1_ER_IRQHandler                       0x0800011b   Thumb Code     0  startup_stm32f10x_md.o(.text)
    I2C1_EV_IRQHandler                       0x0800011b   Thumb Code     0  startup_stm32f10x_md.o(.text)
    I2C2_ER_IRQHandler                       0x0800011b   Thumb Code     0  startup_stm32f10x_md.o(.text)
    I2C2_EV_IRQHandler                       0x0800011b   Thumb Code     0  startup_stm32f10x_md.o(.text)
    PVD_IRQHandler                           0x0800011b   Thumb Code     0  startup_stm32f10x_md.o(.text)
    RCC_IRQHandler                           0x0800011b   Thumb Code     0  startup_stm32f10x_md.o(.text)
    RTCAlarm_IRQHandler                      0x0800011b   Thumb Code     0  startup_stm32f10x_md.o(.text)
    SPI1_IRQHandler                          0x0800011b   Thumb Code     0  startup_stm32f10x_md.o(.text)
    SPI2_IRQHandler                          0x0800011b   Thumb Code     0  startup_stm32f10x_md.o(.text)
    TAMPER_IRQHandler                        0x0800011b   Thumb Code     0  startup_stm32f10x_md.o(.text)
    TIM1_BRK_IRQHandler                      0x0800011b   Thumb Code     0  startup_stm32f10x_md.o(.text)
    TIM1_CC_IRQHandler                       0x0800011b   Thumb Code     0  startup_stm32f10x_md.o(.text)
    TIM1_TRG_COM_IRQHandler                  0x0800011b   Thumb Code     0  startup_stm32f10x_md.o(.text)
    TIM1_UP_IRQHandler                       0x0800011b   Thumb Code     0  startup_stm32f10x_md.o(.text)
    TIM2_IRQHandler                          0x0800011b   Thumb Code     0  startup_stm32f10x_md.o(.text)
    TIM3_IRQHandler                          0x0800011b   Thumb Code     0  startup_stm32f10x_md.o(.text)
    TIM4_IRQHandler                          0x0800011b   Thumb Code     0  startup_stm32f10x_md.o(.text)
    USART3_IRQHandler                        0x0800011b   Thumb Code     0  startup_stm32f10x_md.o(.text)
    USBWakeUp_IRQHandler                     0x0800011b   Thumb Code     0  startup_stm32f10x_md.o(.text)
    USB_HP_CAN1_TX_IRQHandler                0x0800011b   Thumb Code     0  startup_stm32f10x_md.o(.text)
    USB_LP_CAN1_RX0_IRQHandler               0x0800011b   Thumb Code     0  startup_stm32f10x_md.o(.text)
    WWDG_IRQHandler                          0x0800011b   Thumb Code     0  startup_stm32f10x_md.o(.text)
    main                                     0x08000125   Thumb Code    96  main.o(.text)
    NMI_Handler                              0x0800018d   Thumb Code     2  stm32f10x_it.o(.text)
    HardFault_Handler                        0x0800018f   Thumb Code     4  stm32f10x_it.o(.text)
    MemManage_Handler                        0x08000193   Thumb Code     4  stm32f10x_it.o(.text)
    BusFault_Handler                         0x08000197   Thumb Code     4  stm32f10x_it.o(.text)
    UsageFault_Handler                       0x0800019b   Thumb Code     4  stm32f10x_it.o(.text)
    DebugMon_Handler                         0x0800019f   Thumb Code     2  stm32f10x_it.o(.text)
    SVC_Handler                              0x080001a1   Thumb Code     2  stm32f10x_it.o(.text)
    PendSV_Handler                           0x080001a3   Thumb Code     2  stm32f10x_it.o(.text)
    RTC_IRQHandler                           0x080001a5   Thumb Code    22  stm32f10x_it.o(.text)
    SysTick_Handler                          0x080001bb   Thumb Code   184  stm32f10x_it.o(.text)
    Set_System_Clock                         0x080002c1   Thumb Code   114  set_system_clock.o(.text)
    SysTick_Configuration                    0x08000333   Thumb Code    74  set_system_clock.o(.text)
    CH340_USART2_Config                      0x0800038d   Thumb Code   128  usart2.o(.text)
    CH340_NVIC_Configuration                 0x0800040d   Thumb Code    34  usart2.o(.text)
    fputc                                    0x0800042f   Thumb Code    30  usart2.o(.text)
    USART2_SendByte                          0x0800044d   Thumb Code    14  usart2.o(.text)
    USART2_IRQHandler                        0x0800045b   Thumb Code    26  usart2.o(.text)
    Mcu_Send_Call_To_Computer                0x08000475   Thumb Code   454  usart2.o(.text)
    GD5800_USART1_Config                     0x08000651   Thumb Code   126  usart1.o(.text)
    GD5800_NVIC_Configuration                0x080006cf   Thumb Code    30  usart1.o(.text)
    USART1_SendByte                          0x080006ed   Thumb Code    26  usart1.o(.text)
    USART1_IRQHandler                        0x08000707   Thumb Code    26  usart1.o(.text)
    EXTI15_10_IRQHandler                     0x08000729   Thumb Code   254  rf.o(.text)
    RF_Config                                0x0800084b   Thumb Code   150  rf.o(.text)
    Delayus                                  0x08000911   Thumb Code    26  tm1629.o(.text)
    Delayms                                  0x0800092b   Thumb Code    28  tm1629.o(.text)
    Tm1629_GPIO_Config                       0x08000947   Thumb Code    60  tm1629.o(.text)
    ReadDataFrom1629_1                       0x08000a97   Thumb Code   474  tm1629.o(.text)
    Tm1629_Display                           0x08000cb5   Thumb Code   234  tm1629.o(.text)
    Tm1629_Display_Test                      0x08000d9f   Thumb Code   154  tm1629.o(.text)
    Tm1629_Init                              0x08000e39   Thumb Code    48  tm1629.o(.text)
    Tm1629_Clear                             0x08000e69   Thumb Code    14  tm1629.o(.text)
    Tm1629_Show_Fx                           0x08000e77   Thumb Code    30  tm1629.o(.text)
    Tm1629_Show_Ex                           0x08000e95   Thumb Code    30  tm1629.o(.text)
    Tm1629_Show_Time                         0x08000eb3   Thumb Code   282  tm1629.o(.text)
    Tm1629_Blink_Time_Minute                 0x08000fcd   Thumb Code    44  tm1629.o(.text)
    Tm1629_Blink_Time_Hour                   0x08000ff9   Thumb Code    44  tm1629.o(.text)
    Tm1629_Blink_Time_Day                    0x08001025   Thumb Code    44  tm1629.o(.text)
    Tm1629_Blink_Time_Month                  0x08001051   Thumb Code    44  tm1629.o(.text)
    Tm1629_Blink_Time_Year                   0x0800107d   Thumb Code    50  tm1629.o(.text)
    Tm1629_Blink_Time_Week                   0x080010af   Thumb Code    42  tm1629.o(.text)
    Tm1629_Show_Four_Number                  0x080010d9   Thumb Code    62  tm1629.o(.text)
    Tm1629_Show_Two_Number                   0x08001117   Thumb Code    50  tm1629.o(.text)
    Tm1629_Show_One_Number                   0x08001149   Thumb Code    92  tm1629.o(.text)
    Tm1629_Blink_One_Position                0x080011a5   Thumb Code    42  tm1629.o(.text)
    Tm1629_Blink_Two_Position                0x080011cf   Thumb Code    42  tm1629.o(.text)
    Tm1629_Blink_Three_Position              0x080011f9   Thumb Code    42  tm1629.o(.text)
    Tm1629_Blink_Four_Position               0x08001223   Thumb Code    42  tm1629.o(.text)
    I2C_IO_Init                              0x08001261   Thumb Code    78  eeprom_24c.o(.text)
    EEP_Read_Buffer                          0x0800141d   Thumb Code   196  eeprom_24c.o(.text)
    EEP_Write_Buffer                         0x080014e1   Thumb Code   144  eeprom_24c.o(.text)
    Register_Call_Function                   0x08001571   Thumb Code   140  eeprom_24c.o(.text)
    Register_Host_Function                   0x080015fd   Thumb Code   184  eeprom_24c.o(.text)
    Register_Alarm_Function                  0x080016b5   Thumb Code   140  eeprom_24c.o(.text)
    Register_Cancel_Function                 0x08001741   Thumb Code   140  eeprom_24c.o(.text)
    Delete_Call_Function                     0x080017cd   Thumb Code   140  eeprom_24c.o(.text)
    Delete_Host_Function                     0x08001859   Thumb Code   140  eeprom_24c.o(.text)
    Delete_Alarm_Function                    0x080018e5   Thumb Code   140  eeprom_24c.o(.text)
    Delete_Cancel_Function                   0x08001971   Thumb Code   140  eeprom_24c.o(.text)
    Delete_All_Data                          0x080019fd   Thumb Code    44  eeprom_24c.o(.text)
    Find_RF_EEPROM_Call                      0x08001a29   Thumb Code    84  eeprom_24c.o(.text)
    Find_RF_EEPROM_Alarm                     0x08001a7d   Thumb Code   136  eeprom_24c.o(.text)
    Find_RF_EEPROM_Cancel                    0x08001b05   Thumb Code    84  eeprom_24c.o(.text)
    Find_RF_EEPROM                           0x08001b59   Thumb Code    52  eeprom_24c.o(.text)
    Find_RF_EEPROM_Host                      0x08001b8d   Thumb Code    84  eeprom_24c.o(.text)
    Env_Save                                 0x08001be1   Thumb Code   112  eeprom_24c.o(.text)
    Key_Init                                 0x08001c51   Thumb Code    64  eeprom_24c.o(.text)
    Env_Init                                 0x08001c91   Thumb Code   412  eeprom_24c.o(.text)
    Var_Init                                 0x08001e2d   Thumb Code    78  eeprom_24c.o(.text)
    Key_IO_Init                              0x08001ecd   Thumb Code    32  key.o(.text)
    Key_Scan                                 0x08001f09   Thumb Code   102  key.o(.text)
    Key_Process                              0x08001f6f   Thumb Code  1332  key.o(.text)
    Buff_Add_One                             0x080024f5   Thumb Code    86  menu.o(.text)
    Buff_Time_To_Struct_Time                 0x080025af   Thumb Code    34  menu.o(.text)
    Struct_Time_To_Buff_Time                 0x080025d1   Thumb Code    34  menu.o(.text)
    Time_Adjust                              0x080025f3   Thumb Code    34  menu.o(.text)
    Display_Ram_To_Tm1629                    0x08003f67   Thumb Code   240  rf_app.o(.text)
    Left_Buff_Add_To_Head_Of_Right_Buff      0x08004195   Thumb Code    22  rf_app.o(.text)
    Decoder_Process                          0x08004603   Thumb Code   512  rf_app.o(.text)
    Decoder_Function_Of_Esc                  0x08004803   Thumb Code    14  rf_app.o(.text)
    Decoder_Function_Of_Up                   0x08004811   Thumb Code    38  rf_app.o(.text)
    Decoder_Function_Of_Down                 0x08004837   Thumb Code    60  rf_app.o(.text)
    Decoder_Function_Of_Remove_Call_Time     0x08004873   Thumb Code    74  rf_app.o(.text)
    Decoder_Function_Of_Cycle_Call_Time      0x080048bd   Thumb Code   104  rf_app.o(.text)
    GD5800_Initialization                    0x08004949   Thumb Code    64  gd5800.o(.text)
    Specify_Music_Play                       0x08004989   Thumb Code    42  gd5800.o(.text)
    Specify_Volume                           0x080049b3   Thumb Code    36  gd5800.o(.text)
    GD5800_Play_Music_Of_Play_Music          0x08004c2b   Thumb Code   138  gd5800.o(.text)
    GD5800_Play_Mucic_Of_Decoder_Process     0x08004cb5   Thumb Code    62  gd5800.o(.text)
    GD5800_Play_Mucic_Of_Main_Process        0x08004d51   Thumb Code   196  gd5800.o(.text)
    GD5800_Left_Buff_Add_To_End_Of_Right_Buff 0x08004e15   Thumb Code    52  gd5800.o(.text)
    RTC_NVIC_Config                          0x08004e69   Thumb Code    34  stm32_rtc.o(.text)
    RTC_CheckAndConfig                       0x08004ee3   Thumb Code    92  stm32_rtc.o(.text)
    GregorianDay                             0x08004f41   Thumb Code   146  bsp_date.o(.text)
    mktimev                                  0x08004fd3   Thumb Code   124  bsp_date.o(.text)
    to_tm                                    0x0800504f   Thumb Code   194  bsp_date.o(.text)
    NVIC_PriorityGroupConfig                 0x08005121   Thumb Code    10  misc.o(.text)
    NVIC_Init                                0x0800512b   Thumb Code   102  misc.o(.text)
    NVIC_SetVectorTable                      0x08005191   Thumb Code    14  misc.o(.text)
    NVIC_SystemLPConfig                      0x0800519f   Thumb Code    34  misc.o(.text)
    SysTick_CLKSourceConfig                  0x080051c1   Thumb Code    40  misc.o(.text)
    BKP_DeInit                               0x080051fd   Thumb Code    16  stm32f10x_bkp.o(.text)
    BKP_TamperPinLevelConfig                 0x0800520d   Thumb Code     6  stm32f10x_bkp.o(.text)
    BKP_TamperPinCmd                         0x08005213   Thumb Code     8  stm32f10x_bkp.o(.text)
    BKP_ITConfig                             0x0800521b   Thumb Code     8  stm32f10x_bkp.o(.text)
    BKP_RTCOutputConfig                      0x08005223   Thumb Code    22  stm32f10x_bkp.o(.text)
    BKP_SetRTCCalibrationValue               0x08005239   Thumb Code    22  stm32f10x_bkp.o(.text)
    BKP_WriteBackupRegister                  0x0800524f   Thumb Code    24  stm32f10x_bkp.o(.text)
    BKP_ReadBackupRegister                   0x08005267   Thumb Code    26  stm32f10x_bkp.o(.text)
    BKP_GetFlagStatus                        0x08005281   Thumb Code    10  stm32f10x_bkp.o(.text)
    BKP_ClearFlag                            0x0800528b   Thumb Code    18  stm32f10x_bkp.o(.text)
    BKP_GetITStatus                          0x0800529d   Thumb Code    10  stm32f10x_bkp.o(.text)
    BKP_ClearITPendingBit                    0x080052a7   Thumb Code    18  stm32f10x_bkp.o(.text)
    EXTI_DeInit                              0x080052c1   Thumb Code    28  stm32f10x_exti.o(.text)
    EXTI_Init                                0x080052dd   Thumb Code   142  stm32f10x_exti.o(.text)
    EXTI_StructInit                          0x0800536b   Thumb Code    16  stm32f10x_exti.o(.text)
    EXTI_GenerateSWInterrupt                 0x0800537b   Thumb Code    16  stm32f10x_exti.o(.text)
    EXTI_GetFlagStatus                       0x0800538b   Thumb Code    22  stm32f10x_exti.o(.text)
    EXTI_ClearFlag                           0x080053a1   Thumb Code     8  stm32f10x_exti.o(.text)
    EXTI_GetITStatus                         0x080053a9   Thumb Code    34  stm32f10x_exti.o(.text)
    EXTI_ClearITPendingBit                   0x080053cb   Thumb Code     8  stm32f10x_exti.o(.text)
    GPIO_DeInit                              0x080053dd   Thumb Code   172  stm32f10x_gpio.o(.text)
    GPIO_AFIODeInit                          0x08005489   Thumb Code    20  stm32f10x_gpio.o(.text)
    GPIO_Init                                0x0800549d   Thumb Code   274  stm32f10x_gpio.o(.text)
    GPIO_StructInit                          0x080055af   Thumb Code    16  stm32f10x_gpio.o(.text)
    GPIO_ReadInputDataBit                    0x080055bf   Thumb Code    18  stm32f10x_gpio.o(.text)
    GPIO_ReadInputData                       0x080055d1   Thumb Code     8  stm32f10x_gpio.o(.text)
    GPIO_ReadOutputDataBit                   0x080055d9   Thumb Code    18  stm32f10x_gpio.o(.text)
    GPIO_ReadOutputData                      0x080055eb   Thumb Code     8  stm32f10x_gpio.o(.text)
    GPIO_SetBits                             0x080055f3   Thumb Code     4  stm32f10x_gpio.o(.text)
    GPIO_ResetBits                           0x080055f7   Thumb Code     4  stm32f10x_gpio.o(.text)
    GPIO_WriteBit                            0x080055fb   Thumb Code    10  stm32f10x_gpio.o(.text)
    GPIO_Write                               0x08005605   Thumb Code     4  stm32f10x_gpio.o(.text)
    GPIO_PinLockConfig                       0x08005609   Thumb Code    18  stm32f10x_gpio.o(.text)
    GPIO_EventOutputConfig                   0x0800561b   Thumb Code    26  stm32f10x_gpio.o(.text)
    GPIO_EventOutputCmd                      0x08005635   Thumb Code     6  stm32f10x_gpio.o(.text)
    GPIO_PinRemapConfig                      0x0800563b   Thumb Code   138  stm32f10x_gpio.o(.text)
    GPIO_EXTILineConfig                      0x080056c5   Thumb Code    66  stm32f10x_gpio.o(.text)
    GPIO_ETH_MediaInterfaceConfig            0x08005707   Thumb Code     6  stm32f10x_gpio.o(.text)
    PWR_DeInit                               0x08005735   Thumb Code    22  stm32f10x_pwr.o(.text)
    PWR_BackupAccessCmd                      0x0800574b   Thumb Code     6  stm32f10x_pwr.o(.text)
    PWR_PVDCmd                               0x08005751   Thumb Code     6  stm32f10x_pwr.o(.text)
    PWR_PVDLevelConfig                       0x08005757   Thumb Code    18  stm32f10x_pwr.o(.text)
    PWR_WakeUpPinCmd                         0x08005769   Thumb Code     6  stm32f10x_pwr.o(.text)
    PWR_EnterSTOPMode                        0x0800576f   Thumb Code    54  stm32f10x_pwr.o(.text)
    PWR_EnterSTANDBYMode                     0x080057a5   Thumb Code    42  stm32f10x_pwr.o(.text)
    PWR_GetFlagStatus                        0x080057cf   Thumb Code    20  stm32f10x_pwr.o(.text)
    PWR_ClearFlag                            0x080057e3   Thumb Code    14  stm32f10x_pwr.o(.text)
    RCC_DeInit                               0x08005801   Thumb Code    68  stm32f10x_rcc.o(.text)
    RCC_HSEConfig                            0x08005845   Thumb Code    70  stm32f10x_rcc.o(.text)
    RCC_GetFlagStatus                        0x0800588b   Thumb Code    56  stm32f10x_rcc.o(.text)
    RCC_WaitForHSEStartUp                    0x080058c3   Thumb Code    56  stm32f10x_rcc.o(.text)
    RCC_AdjustHSICalibrationValue            0x080058fb   Thumb Code    20  stm32f10x_rcc.o(.text)
    RCC_HSICmd                               0x0800590f   Thumb Code     6  stm32f10x_rcc.o(.text)
    RCC_PLLConfig                            0x08005915   Thumb Code    24  stm32f10x_rcc.o(.text)
    RCC_PLLCmd                               0x0800592d   Thumb Code     6  stm32f10x_rcc.o(.text)
    RCC_PREDIV1Config                        0x08005933   Thumb Code    24  stm32f10x_rcc.o(.text)
    RCC_SYSCLKConfig                         0x0800594b   Thumb Code    18  stm32f10x_rcc.o(.text)
    RCC_GetSYSCLKSource                      0x0800595d   Thumb Code    10  stm32f10x_rcc.o(.text)
    RCC_HCLKConfig                           0x08005967   Thumb Code    18  stm32f10x_rcc.o(.text)
    RCC_PCLK1Config                          0x08005979   Thumb Code    18  stm32f10x_rcc.o(.text)
    RCC_PCLK2Config                          0x0800598b   Thumb Code    20  stm32f10x_rcc.o(.text)
    RCC_ITConfig                             0x0800599f   Thumb Code    26  stm32f10x_rcc.o(.text)
    RCC_USBCLKConfig                         0x080059b9   Thumb Code     6  stm32f10x_rcc.o(.text)
    RCC_ADCCLKConfig                         0x080059bf   Thumb Code    18  stm32f10x_rcc.o(.text)
    RCC_LSEConfig                            0x080059d1   Thumb Code    44  stm32f10x_rcc.o(.text)
    RCC_LSICmd                               0x080059fd   Thumb Code     6  stm32f10x_rcc.o(.text)
    RCC_RTCCLKConfig                         0x08005a03   Thumb Code    12  stm32f10x_rcc.o(.text)
    RCC_RTCCLKCmd                            0x08005a0f   Thumb Code     8  stm32f10x_rcc.o(.text)
    RCC_GetClocksFreq                        0x08005a17   Thumb Code   190  stm32f10x_rcc.o(.text)
    RCC_AHBPeriphClockCmd                    0x08005ad5   Thumb Code    26  stm32f10x_rcc.o(.text)
    RCC_APB2PeriphClockCmd                   0x08005aef   Thumb Code    26  stm32f10x_rcc.o(.text)
    RCC_APB1PeriphClockCmd                   0x08005b09   Thumb Code    26  stm32f10x_rcc.o(.text)
    RCC_APB2PeriphResetCmd                   0x08005b23   Thumb Code    26  stm32f10x_rcc.o(.text)
    RCC_APB1PeriphResetCmd                   0x08005b3d   Thumb Code    26  stm32f10x_rcc.o(.text)
    RCC_BackupResetCmd                       0x08005b57   Thumb Code     8  stm32f10x_rcc.o(.text)
    RCC_ClockSecuritySystemCmd               0x08005b5f   Thumb Code     6  stm32f10x_rcc.o(.text)
    RCC_MCOConfig                            0x08005b65   Thumb Code     6  stm32f10x_rcc.o(.text)
    RCC_ClearFlag                            0x08005b6b   Thumb Code    14  stm32f10x_rcc.o(.text)
    RCC_GetITStatus                          0x08005b79   Thumb Code    20  stm32f10x_rcc.o(.text)
    RCC_ClearITPendingBit                    0x08005b8d   Thumb Code     6  stm32f10x_rcc.o(.text)
    RTC_ITConfig                             0x08005bc5   Thumb Code    26  stm32f10x_rtc.o(.text)
    RTC_EnterConfigMode                      0x08005bdf   Thumb Code    18  stm32f10x_rtc.o(.text)
    RTC_ExitConfigMode                       0x08005bf1   Thumb Code    20  stm32f10x_rtc.o(.text)
    RTC_GetCounter                           0x08005c05   Thumb Code    18  stm32f10x_rtc.o(.text)
    RTC_SetCounter                           0x08005c17   Thumb Code    26  stm32f10x_rtc.o(.text)
    RTC_SetPrescaler                         0x08005c31   Thumb Code    28  stm32f10x_rtc.o(.text)
    RTC_SetAlarm                             0x08005c4d   Thumb Code    26  stm32f10x_rtc.o(.text)
    RTC_GetDivider                           0x08005c67   Thumb Code    22  stm32f10x_rtc.o(.text)
    RTC_WaitForLastTask                      0x08005c7d   Thumb Code    16  stm32f10x_rtc.o(.text)
    RTC_WaitForSynchro                       0x08005c8d   Thumb Code    34  stm32f10x_rtc.o(.text)
    RTC_GetFlagStatus                        0x08005caf   Thumb Code    22  stm32f10x_rtc.o(.text)
    RTC_ClearFlag                            0x08005cc5   Thumb Code    16  stm32f10x_rtc.o(.text)
    RTC_GetITStatus                          0x08005cd5   Thumb Code    32  stm32f10x_rtc.o(.text)
    RTC_ClearITPendingBit                    0x08005cf5   Thumb Code    16  stm32f10x_rtc.o(.text)
    TIM_DeInit                               0x08005d09   Thumb Code   424  stm32f10x_tim.o(.text)
    TIM_TimeBaseInit                         0x08005eb1   Thumb Code   122  stm32f10x_tim.o(.text)
    TIM_OC1Init                              0x08005f2b   Thumb Code   132  stm32f10x_tim.o(.text)
    TIM_OC2Init                              0x08005faf   Thumb Code   154  stm32f10x_tim.o(.text)
    TIM_OC3Init                              0x08006049   Thumb Code   150  stm32f10x_tim.o(.text)
    TIM_OC4Init                              0x080060df   Thumb Code   182  stm32f10x_tim.o(.text)
    TIM_SetIC4Prescaler                      0x08006195   Thumb Code    26  stm32f10x_tim.o(.text)
    TIM_SetIC3Prescaler                      0x08006231   Thumb Code    18  stm32f10x_tim.o(.text)
    TIM_SetIC2Prescaler                      0x080062bd   Thumb Code    26  stm32f10x_tim.o(.text)
    TIM_SetIC1Prescaler                      0x08006359   Thumb Code    18  stm32f10x_tim.o(.text)
    TIM_ICInit                               0x080063d7   Thumb Code   150  stm32f10x_tim.o(.text)
    TIM_PWMIConfig                           0x0800646d   Thumb Code   124  stm32f10x_tim.o(.text)
    TIM_BDTRConfig                           0x080064e9   Thumb Code    32  stm32f10x_tim.o(.text)
    TIM_TimeBaseStructInit                   0x08006509   Thumb Code    18  stm32f10x_tim.o(.text)
    TIM_OCStructInit                         0x0800651b   Thumb Code    20  stm32f10x_tim.o(.text)
    TIM_ICStructInit                         0x0800652f   Thumb Code    18  stm32f10x_tim.o(.text)
    TIM_BDTRStructInit                       0x08006541   Thumb Code    40  stm32f10x_tim.o(.text)
    TIM_Cmd                                  0x08006569   Thumb Code    24  stm32f10x_tim.o(.text)
    TIM_CtrlPWMOutputs                       0x08006581   Thumb Code    30  stm32f10x_tim.o(.text)
    TIM_ITConfig                             0x0800659f   Thumb Code    18  stm32f10x_tim.o(.text)
    TIM_GenerateEvent                        0x080065b1   Thumb Code     4  stm32f10x_tim.o(.text)
    TIM_DMAConfig                            0x080065b5   Thumb Code    10  stm32f10x_tim.o(.text)
    TIM_DMACmd                               0x080065bf   Thumb Code    18  stm32f10x_tim.o(.text)
    TIM_InternalClockConfig                  0x080065d1   Thumb Code    12  stm32f10x_tim.o(.text)
    TIM_SelectInputTrigger                   0x080065dd   Thumb Code    18  stm32f10x_tim.o(.text)
    TIM_ITRxExternalClockConfig              0x080065ef   Thumb Code    24  stm32f10x_tim.o(.text)
    TIM_TIxExternalClockConfig               0x08006607   Thumb Code    62  stm32f10x_tim.o(.text)
    TIM_ETRConfig                            0x08006645   Thumb Code    28  stm32f10x_tim.o(.text)
    TIM_ETRClockMode1Config                  0x08006661   Thumb Code    54  stm32f10x_tim.o(.text)
    TIM_ETRClockMode2Config                  0x08006697   Thumb Code    32  stm32f10x_tim.o(.text)
    TIM_PrescalerConfig                      0x080066b7   Thumb Code     6  stm32f10x_tim.o(.text)
    TIM_CounterModeConfig                    0x080066bd   Thumb Code    18  stm32f10x_tim.o(.text)
    TIM_EncoderInterfaceConfig               0x080066cf   Thumb Code    66  stm32f10x_tim.o(.text)
    TIM_ForcedOC1Config                      0x08006711   Thumb Code    18  stm32f10x_tim.o(.text)
    TIM_ForcedOC2Config                      0x08006723   Thumb Code    26  stm32f10x_tim.o(.text)
    TIM_ForcedOC3Config                      0x0800673d   Thumb Code    18  stm32f10x_tim.o(.text)
    TIM_ForcedOC4Config                      0x0800674f   Thumb Code    26  stm32f10x_tim.o(.text)
    TIM_ARRPreloadConfig                     0x08006769   Thumb Code    24  stm32f10x_tim.o(.text)
    TIM_SelectCOM                            0x08006781   Thumb Code    24  stm32f10x_tim.o(.text)
    TIM_SelectCCDMA                          0x08006799   Thumb Code    24  stm32f10x_tim.o(.text)
    TIM_CCPreloadControl                     0x080067b1   Thumb Code    24  stm32f10x_tim.o(.text)
    TIM_OC1PreloadConfig                     0x080067c9   Thumb Code    18  stm32f10x_tim.o(.text)
    TIM_OC2PreloadConfig                     0x080067db   Thumb Code    26  stm32f10x_tim.o(.text)
    TIM_OC3PreloadConfig                     0x080067f5   Thumb Code    18  stm32f10x_tim.o(.text)
    TIM_OC4PreloadConfig                     0x08006807   Thumb Code    26  stm32f10x_tim.o(.text)
    TIM_OC1FastConfig                        0x08006821   Thumb Code    18  stm32f10x_tim.o(.text)
    TIM_OC2FastConfig                        0x08006833   Thumb Code    26  stm32f10x_tim.o(.text)
    TIM_OC3FastConfig                        0x0800684d   Thumb Code    18  stm32f10x_tim.o(.text)
    TIM_OC4FastConfig                        0x0800685f   Thumb Code    26  stm32f10x_tim.o(.text)
    TIM_ClearOC1Ref                          0x08006879   Thumb Code    18  stm32f10x_tim.o(.text)
    TIM_ClearOC2Ref                          0x0800688b   Thumb Code    24  stm32f10x_tim.o(.text)
    TIM_ClearOC3Ref                          0x080068a3   Thumb Code    18  stm32f10x_tim.o(.text)
    TIM_ClearOC4Ref                          0x080068b5   Thumb Code    24  stm32f10x_tim.o(.text)
    TIM_OC1PolarityConfig                    0x080068cd   Thumb Code    18  stm32f10x_tim.o(.text)
    TIM_OC1NPolarityConfig                   0x080068df   Thumb Code    18  stm32f10x_tim.o(.text)
    TIM_OC2PolarityConfig                    0x080068f1   Thumb Code    26  stm32f10x_tim.o(.text)
    TIM_OC2NPolarityConfig                   0x0800690b   Thumb Code    26  stm32f10x_tim.o(.text)
    TIM_OC3PolarityConfig                    0x08006925   Thumb Code    26  stm32f10x_tim.o(.text)
    TIM_OC3NPolarityConfig                   0x0800693f   Thumb Code    26  stm32f10x_tim.o(.text)
    TIM_OC4PolarityConfig                    0x08006959   Thumb Code    26  stm32f10x_tim.o(.text)
    TIM_CCxCmd                               0x08006973   Thumb Code    30  stm32f10x_tim.o(.text)
    TIM_CCxNCmd                              0x08006991   Thumb Code    30  stm32f10x_tim.o(.text)
    TIM_SelectOCxM                           0x080069af   Thumb Code    82  stm32f10x_tim.o(.text)
    TIM_UpdateDisableConfig                  0x08006a01   Thumb Code    24  stm32f10x_tim.o(.text)
    TIM_UpdateRequestConfig                  0x08006a19   Thumb Code    24  stm32f10x_tim.o(.text)
    TIM_SelectHallSensor                     0x08006a31   Thumb Code    24  stm32f10x_tim.o(.text)
    TIM_SelectOnePulseMode                   0x08006a49   Thumb Code    18  stm32f10x_tim.o(.text)
    TIM_SelectOutputTrigger                  0x08006a5b   Thumb Code    18  stm32f10x_tim.o(.text)
    TIM_SelectSlaveMode                      0x08006a6d   Thumb Code    18  stm32f10x_tim.o(.text)
    TIM_SelectMasterSlaveMode                0x08006a7f   Thumb Code    18  stm32f10x_tim.o(.text)
    TIM_SetCounter                           0x08006a91   Thumb Code     4  stm32f10x_tim.o(.text)
    TIM_SetAutoreload                        0x08006a95   Thumb Code     4  stm32f10x_tim.o(.text)
    TIM_SetCompare1                          0x08006a99   Thumb Code     4  stm32f10x_tim.o(.text)
    TIM_SetCompare2                          0x08006a9d   Thumb Code     4  stm32f10x_tim.o(.text)
    TIM_SetCompare3                          0x08006aa1   Thumb Code     4  stm32f10x_tim.o(.text)
    TIM_SetCompare4                          0x08006aa5   Thumb Code     6  stm32f10x_tim.o(.text)
    TIM_SetClockDivision                     0x08006aab   Thumb Code    18  stm32f10x_tim.o(.text)
    TIM_GetCapture1                          0x08006abd   Thumb Code     6  stm32f10x_tim.o(.text)
    TIM_GetCapture2                          0x08006ac3   Thumb Code     6  stm32f10x_tim.o(.text)
    TIM_GetCapture3                          0x08006ac9   Thumb Code     6  stm32f10x_tim.o(.text)
    TIM_GetCapture4                          0x08006acf   Thumb Code     8  stm32f10x_tim.o(.text)
    TIM_GetCounter                           0x08006ad7   Thumb Code     6  stm32f10x_tim.o(.text)
    TIM_GetPrescaler                         0x08006add   Thumb Code     6  stm32f10x_tim.o(.text)
    TIM_GetFlagStatus                        0x08006ae3   Thumb Code    18  stm32f10x_tim.o(.text)
    TIM_ClearFlag                            0x08006af5   Thumb Code     6  stm32f10x_tim.o(.text)
    TIM_GetITStatus                          0x08006afb   Thumb Code    34  stm32f10x_tim.o(.text)
    TIM_ClearITPendingBit                    0x08006b1d   Thumb Code     6  stm32f10x_tim.o(.text)
    USART_DeInit                             0x08006b25   Thumb Code   134  stm32f10x_usart.o(.text)
    USART_Init                               0x08006bab   Thumb Code   210  stm32f10x_usart.o(.text)
    USART_StructInit                         0x08006c7d   Thumb Code    24  stm32f10x_usart.o(.text)
    USART_ClockInit                          0x08006c95   Thumb Code    34  stm32f10x_usart.o(.text)
    USART_ClockStructInit                    0x08006cb7   Thumb Code    12  stm32f10x_usart.o(.text)
    USART_Cmd                                0x08006cc3   Thumb Code    24  stm32f10x_usart.o(.text)
    USART_ITConfig                           0x08006cdb   Thumb Code    74  stm32f10x_usart.o(.text)
    USART_DMACmd                             0x08006d25   Thumb Code    18  stm32f10x_usart.o(.text)
    USART_SetAddress                         0x08006d37   Thumb Code    18  stm32f10x_usart.o(.text)
    USART_WakeUpConfig                       0x08006d49   Thumb Code    18  stm32f10x_usart.o(.text)
    USART_ReceiverWakeUpCmd                  0x08006d5b   Thumb Code    24  stm32f10x_usart.o(.text)
    USART_LINBreakDetectLengthConfig         0x08006d73   Thumb Code    18  stm32f10x_usart.o(.text)
    USART_LINCmd                             0x08006d85   Thumb Code    24  stm32f10x_usart.o(.text)
    USART_SendData                           0x08006d9d   Thumb Code     8  stm32f10x_usart.o(.text)
    USART_ReceiveData                        0x08006da5   Thumb Code    10  stm32f10x_usart.o(.text)
    USART_SendBreak                          0x08006daf   Thumb Code    10  stm32f10x_usart.o(.text)
    USART_SetGuardTime                       0x08006db9   Thumb Code    16  stm32f10x_usart.o(.text)
    USART_SetPrescaler                       0x08006dc9   Thumb Code    16  stm32f10x_usart.o(.text)
    USART_SmartCardCmd                       0x08006dd9   Thumb Code    24  stm32f10x_usart.o(.text)
    USART_SmartCardNACKCmd                   0x08006df1   Thumb Code    24  stm32f10x_usart.o(.text)
    USART_HalfDuplexCmd                      0x08006e09   Thumb Code    24  stm32f10x_usart.o(.text)
    USART_OverSampling8Cmd                   0x08006e21   Thumb Code    22  stm32f10x_usart.o(.text)
    USART_OneBitMethodCmd                    0x08006e37   Thumb Code    24  stm32f10x_usart.o(.text)
    USART_IrDAConfig                         0x08006e4f   Thumb Code    18  stm32f10x_usart.o(.text)
    USART_IrDACmd                            0x08006e61   Thumb Code    24  stm32f10x_usart.o(.text)
    USART_GetFlagStatus                      0x08006e79   Thumb Code    26  stm32f10x_usart.o(.text)
    USART_ClearFlag                          0x08006e93   Thumb Code    18  stm32f10x_usart.o(.text)
    USART_GetITStatus                        0x08006ea5   Thumb Code    84  stm32f10x_usart.o(.text)
    USART_ClearITPendingBit                  0x08006ef9   Thumb Code    52  stm32f10x_usart.o(.text)
    SystemInit                               0x08006fe5   Thumb Code    82  system_stm32f10x.o(.text)
    SystemCoreClockUpdate                    0x08007037   Thumb Code   138  system_stm32f10x.o(.text)
    __aeabi_memcpy                           0x080070e1   Thumb Code    36  memcpya.o(.text)
    __aeabi_memcpy4                          0x080070e1   Thumb Code     0  memcpya.o(.text)
    __aeabi_memcpy8                          0x080070e1   Thumb Code     0  memcpya.o(.text)
    __aeabi_memset                           0x08007105   Thumb Code    14  memseta.o(.text)
    __aeabi_memset4                          0x08007105   Thumb Code     0  memseta.o(.text)
    __aeabi_memset8                          0x08007105   Thumb Code     0  memseta.o(.text)
    __aeabi_memclr                           0x08007113   Thumb Code     4  memseta.o(.text)
    __aeabi_memclr4                          0x08007113   Thumb Code     0  memseta.o(.text)
    __aeabi_memclr8                          0x08007113   Thumb Code     0  memseta.o(.text)
    _memset$wrapper                          0x08007117   Thumb Code    18  memseta.o(.text)
    __scatterload                            0x08007129   Thumb Code    28  init.o(.text)
    __scatterload_rt2                        0x08007129   Thumb Code     0  init.o(.text)
    __0printf$2                              0x0800714d   Thumb Code    22  printf2.o(i.__0printf$2)
    __1printf$2                              0x0800714d   Thumb Code     0  printf2.o(i.__0printf$2)
    __2printf                                0x0800714d   Thumb Code     0  printf2.o(i.__0printf$2)
    __scatterload_copy                       0x0800716d   Thumb Code    14  handlers.o(i.__scatterload_copy)
    __scatterload_null                       0x0800717b   Thumb Code     2  handlers.o(i.__scatterload_null)
    __scatterload_zeroinit                   0x0800717d   Thumb Code    14  handlers.o(i.__scatterload_zeroinit)
    Dis_TAB                                  0x0800725a   Data          50  tm1629.o(.constdata)
    INIT_CODE                                0x0800728c   Data           8  tm1629.o(.constdata)
    MenuProc                                 0x08007294   Data        1284  menu.o(.constdata)
    Region$$Table$$Base                      0x080077c8   Number         0  anon$$obj.o(Region$$Table)
    Region$$Table$$Limit                     0x080077e8   Number         0  anon$$obj.o(Region$$Table)
    Flag_1_Sec                               0x20000000   Data           1  set_system_clock.o(.data)
    Flag_Half_Sec                            0x20000001   Data           1  set_system_clock.o(.data)
    System_Time_Count                        0x20000004   Data           4  set_system_clock.o(.data)
    LongPressSec                             0x20000008   Data           1  set_system_clock.o(.data)
    RF_Fun                                   0x2000000c   Data           1  rf.o(.data)
    RF_ID                                    0x20000010   Data           4  rf.o(.data)
    RF_Fun_Bak                               0x20000014   Data           1  rf.o(.data)
    RF_ID_Bak                                0x20000018   Data           4  rf.o(.data)
    RF_Temp                                  0x2000001c   Data           4  rf.o(.data)
    RF_Temp_Bak                              0x20000020   Data           4  rf.o(.data)
    RF_Count                                 0x20000024   Data           1  rf.o(.data)
    RF_Flag                                  0x20000025   Data           1  rf.o(.data)
    RF_Same_Count                            0x20000026   Data           1  rf.o(.data)
    Tm1629_Test_Time                         0x20000027   Data           8  tm1629.o(.data)
    M_index                                  0x2000003c   Data           1  key.o(.data)
    gKeyValue                                0x2000003d   Data           1  key.o(.data)
    Decoder_First_Long_Press                 0x2000003e   Data           1  key.o(.data)
    Function                                 0x20000040   Data           4  key.o(.data)
    Remove_Call_Time                         0x20000044   Data           1  menu.o(.data)
    Cycle_Call_Time                          0x20000045   Data           1  menu.o(.data)
    Change_Standby_Display_Mode              0x20000046   Data           1  menu.o(.data)
    Set_Key_Remove_Call_Is_Or_Not            0x20000047   Data           1  menu.o(.data)
    Register_Call_Buff                       0x20000048   Data           5  menu.o(.data)
    Delete_Call_Buff                         0x2000004d   Data           5  menu.o(.data)
    Register_Host_Buff                       0x20000052   Data           5  menu.o(.data)
    Delete_Host_Buff                         0x20000057   Data           5  menu.o(.data)
    Register_Alarm_Buff                      0x2000005c   Data           5  menu.o(.data)
    Delete_Alarm_Buff                        0x20000061   Data           5  menu.o(.data)
    Register_Cancel_Buff                     0x20000066   Data           5  menu.o(.data)
    Delete_Cancel_Buff                       0x2000006b   Data           5  menu.o(.data)
    Set_Call_Queue_Mode                      0x20000070   Data           1  menu.o(.data)
    Set_Call_Display_Number                  0x20000071   Data           1  menu.o(.data)
    Set_Voice_Play_Mode                      0x20000072   Data           1  menu.o(.data)
    Set_Voice_Play_Time                      0x20000073   Data           1  menu.o(.data)
    Set_Voice_Play_Is_Or_Not_In_Cycle_Mode   0x20000074   Data           1  menu.o(.data)
    Set_Voice_Volume                         0x20000075   Data           1  menu.o(.data)
    Set_Display_Tube_Brightness              0x20000076   Data           1  menu.o(.data)
    Set_Voice_Navigation_On_Or_OFF           0x20000077   Data           1  menu.o(.data)
    Set_Voice_Navigation_Mode                0x20000078   Data           1  menu.o(.data)
    Set_Display_LED_Mode                     0x20000079   Data           1  menu.o(.data)
    Set_Two_Menu_F7_E1                       0x2000007a   Data           1  menu.o(.data)
    Set_Two_Menu_F7_E2                       0x2000007b   Data           1  menu.o(.data)
    Set_Two_Menu_F7_E3                       0x2000007c   Data           1  menu.o(.data)
    Set_Two_Menu_F7_E4                       0x2000007d   Data           1  menu.o(.data)
    Set_Singal_Or_Multiple_Key_Mode          0x2000007e   Data           1  menu.o(.data)
    Set_Key_Of_Call_Mode                     0x2000007f   Data           1  menu.o(.data)
    Return_Standby_Time_Count                0x20000080   Data           4  menu.o(.data)
    Set_Singal_Or_Multiple_Key_Mode_Bak      0x20000084   Data           1  menu.o(.data)
    Call_Code_Bak                            0x20000088   Data           4  rf_app.o(.data)
    Call_Off_Time                            0x2000008c   Data           4  rf_app.o(.data)
    Remove_Or_Cycle_Time_Count               0x20000090   Data           1  rf_app.o(.data)
    Remove_Or_Cycle_Time_Sec_Number          0x20000091   Data           1  rf_app.o(.data)
    Host_Enter_Table                         0x20000092   Data           1  rf_app.o(.data)
    Host_Enter_Fun_Id                        0x20000093   Data           1  rf_app.o(.data)
    Host_Enter_Times                         0x20000094   Data           1  rf_app.o(.data)
    single_key                               0x20000095   Data          16  rf_app.o(.data)
    multiple_key                             0x200000a5   Data          16  rf_app.o(.data)
    GD5800_Busy_Soft_Table_Count             0x200000b5   Data           1  gd5800.o(.data)
    GD5800_Busy_Soft_Table                   0x200000b6   Data           1  gd5800.o(.data)
    SystemCoreClock                          0x200000fc   Data           4  system_stm32f10x.o(.data)
    AHBPrescTable                            0x20000100   Data          16  system_stm32f10x.o(.data)
    __stdout                                 0x20000110   Data           4  stdout.o(.data)
    Tm1629_Display_Ram                       0x20000114   Data          48  tm1629.o(.bss)
    EEPROM                                   0x20000144   Data          16  eeprom_24c.o(.bss)
    Decoder_Call_Save_Queue                  0x20000154   Data         800  rf_app.o(.bss)
    GD5800_Voice_Save_Queue                  0x20000474   Data         800  gd5800.o(.bss)
    Sound_Data                               0x20000794   Data          20  gd5800.o(.bss)
    systmtime                                0x200007a8   Data          28  stm32_rtc.o(.bss)
    __initial_sp                             0x20000bc8   Data           0  startup_stm32f10x_md.o(STACK)



==============================================================================

Memory Map of the image

  Image Entry point : 0x080000ed

  Load Region LR_IROM1 (Base: 0x08000000, Size: 0x000078fc, Max: 0x00010000, ABSOLUTE)

    Execution Region ER_IROM1 (Base: 0x08000000, Size: 0x000077e8, Max: 0x00010000, ABSOLUTE)

    Base Addr    Size         Type   Attr      Idx    E Section Name        Object

    0x08000000   0x000000ec   Data   RO            3    RESET               startup_stm32f10x_md.o
    0x080000ec   0x00000000   Code   RO          722  * .ARM.Collect$$$$00000000  mc_w.l(entry.o)
    0x080000ec   0x00000004   Code   RO          992    .ARM.Collect$$$$00000001  mc_w.l(entry2.o)
    0x080000f0   0x00000004   Code   RO          995    .ARM.Collect$$$$00000004  mc_w.l(entry5.o)
    0x080000f4   0x00000000   Code   RO          997    .ARM.Collect$$$$00000008  mc_w.l(entry7b.o)
    0x080000f4   0x00000000   Code   RO          999    .ARM.Collect$$$$0000000A  mc_w.l(entry8b.o)
    0x080000f4   0x00000008   Code   RO         1000    .ARM.Collect$$$$0000000B  mc_w.l(entry9a.o)
    0x080000fc   0x00000000   Code   RO         1002    .ARM.Collect$$$$0000000D  mc_w.l(entry10a.o)
    0x080000fc   0x00000000   Code   RO         1004    .ARM.Collect$$$$0000000F  mc_w.l(entry11a.o)
    0x080000fc   0x00000004   Code   RO          993    .ARM.Collect$$$$00002712  mc_w.l(entry2.o)
    0x08000100   0x00000024   Code   RO            4    .text               startup_stm32f10x_md.o
    0x08000124   0x00000068   Code   RO           10    .text               main.o
    0x0800018c   0x00000114   Code   RO          170    .text               stm32f10x_it.o
    0x080002a0   0x000000ec   Code   RO          185    .text               set_system_clock.o
    0x0800038c   0x000002c4   Code   RO          207    .text               usart2.o
    0x08000650   0x000000d8   Code   RO          219    .text               usart1.o
    0x08000728   0x000001e8   Code   RO          231    .text               rf.o
    0x08000910   0x00000950   Code   RO          249    .text               tm1629.o
    0x08001260   0x00000c6c   Code   RO          272    .text               eeprom_24c.o
    0x08001ecc   0x00000628   Code   RO          291    .text               key.o
    0x080024f4   0x000019b8   Code   RO          316    .text               menu.o
    0x08003eac   0x00000a9c   Code   RO          339    .text               rf_app.o
    0x08004948   0x00000520   Code   RO          358    .text               gd5800.o
    0x08004e68   0x000000d6   Code   RO          377    .text               stm32_rtc.o
    0x08004f3e   0x00000002   PAD
    0x08004f40   0x000001e0   Code   RO          395    .text               bsp_date.o
    0x08005120   0x000000dc   Code   RO          416    .text               misc.o
    0x080051fc   0x000000c4   Code   RO          440    .text               stm32f10x_bkp.o
    0x080052c0   0x0000011c   Code   RO          524    .text               stm32f10x_exti.o
    0x080053dc   0x00000358   Code   RO          560    .text               stm32f10x_gpio.o
    0x08005734   0x000000cc   Code   RO          596    .text               stm32f10x_pwr.o
    0x08005800   0x000003c4   Code   RO          608    .text               stm32f10x_rcc.o
    0x08005bc4   0x00000144   Code   RO          622    .text               stm32f10x_rtc.o
    0x08005d08   0x00000e1a   Code   RO          658    .text               stm32f10x_tim.o
    0x08006b22   0x00000002   PAD
    0x08006b24   0x00000408   Code   RO          670    .text               stm32f10x_usart.o
    0x08006f2c   0x000001b4   Code   RO          704    .text               system_stm32f10x.o
    0x080070e0   0x00000024   Code   RO          725    .text               mc_w.l(memcpya.o)
    0x08007104   0x00000024   Code   RO          727    .text               mc_w.l(memseta.o)
    0x08007128   0x00000024   Code   RO         1022    .text               mc_w.l(init.o)
    0x0800714c   0x00000020   Code   RO          798    i.__0printf$2       mc_w.l(printf2.o)
    0x0800716c   0x0000000e   Code   RO         1034    i.__scatterload_copy  mc_w.l(handlers.o)
    0x0800717a   0x00000002   Code   RO         1035    i.__scatterload_null  mc_w.l(handlers.o)
    0x0800717c   0x0000000e   Code   RO         1036    i.__scatterload_zeroinit  mc_w.l(handlers.o)
    0x0800718a   0x000000d0   Code   RO          805    i._printf_core      mc_w.l(printf2.o)
    0x0800725a   0x0000003a   Data   RO          251    .constdata          tm1629.o
    0x08007294   0x00000504   Data   RO          317    .constdata          menu.o
    0x08007798   0x00000030   Data   RO          396    .constdata          bsp_date.o
    0x080077c8   0x00000020   Data   RO         1032    Region$$Table       anon$$obj.o


    Execution Region RW_IRAM1 (Base: 0x20000000, Size: 0x00000bc8, Max: 0x00002000, ABSOLUTE)

    Base Addr    Size         Type   Attr      Idx    E Section Name        Object

    0x20000000   0x00000009   Data   RW          186    .data               set_system_clock.o
    0x20000009   0x00000003   PAD
    0x2000000c   0x0000001b   Data   RW          232    .data               rf.o
    0x20000027   0x00000012   Data   RW          252    .data               tm1629.o
    0x20000039   0x00000003   PAD
    0x2000003c   0x00000008   Data   RW          292    .data               key.o
    0x20000044   0x00000043   Data   RW          318    .data               menu.o
    0x20000087   0x00000001   PAD
    0x20000088   0x0000002d   Data   RW          341    .data               rf_app.o
    0x200000b5   0x00000002   Data   RW          360    .data               gd5800.o
    0x200000b7   0x00000001   PAD
    0x200000b8   0x00000030   Data   RW          397    .data               bsp_date.o
    0x200000e8   0x00000014   Data   RW          609    .data               stm32f10x_rcc.o
    0x200000fc   0x00000014   Data   RW          705    .data               system_stm32f10x.o
    0x20000110   0x00000004   Data   RW         1006    .data               mc_w.l(stdout.o)
    0x20000114   0x00000030   Zero   RW          250    .bss                tm1629.o
    0x20000144   0x00000010   Zero   RW          273    .bss                eeprom_24c.o
    0x20000154   0x00000320   Zero   RW          340    .bss                rf_app.o
    0x20000474   0x00000334   Zero   RW          359    .bss                gd5800.o
    0x200007a8   0x0000001c   Zero   RW          378    .bss                stm32_rtc.o
    0x200007c4   0x00000004   PAD
    0x200007c8   0x00000400   Zero   RW            1    STACK               startup_stm32f10x_md.o


==============================================================================

Image component sizes


      Code (inc. data)   RO Data    RW Data    ZI Data      Debug   Object Name

       480         16         48         48          0       1613   bsp_date.o
      3180        174          0          0         16       9440   eeprom_24c.o
      1312         56          0          2        820       6444   gd5800.o
      1576        156          0          8          0      17512   key.o
       104          8          0          0          0     263116   main.o
      6584        248       1284         67          0      20498   menu.o
       220         20          0          0          0       1601   misc.o
       488         48          0         27          0       1488   rf.o
      2716        170          0         45        800       7950   rf_app.o
       236         16          0          9          0      16146   set_system_clock.o
        36          8        236          0       1024        764   startup_stm32f10x_md.o
       214          0          0          0         28       1189   stm32_rtc.o
       196          8          0          0          0       3264   stm32f10x_bkp.o
       284         10          0          0          0       2035   stm32f10x_exti.o
       856         40          0          0          0       5449   stm32f10x_gpio.o
       276         46          0          0          0       1493   stm32f10x_it.o
       204         16          0          0          0       1823   stm32f10x_pwr.o
       964         50          0         20          0       8870   stm32f10x_rcc.o
       324          4          0          0          0       2574   stm32f10x_rtc.o
      3610         88          0          0          0      21932   stm32f10x_tim.o
      1032         22          0          0          0       8168   stm32f10x_usart.o
       436         32          0         20          0       1587   system_stm32f10x.o
      2384        122         58         18         48       7468   tm1629.o
       216          8          0          0          0       1019   usart1.o
       708         38          0          0          0       1845   usart2.o

    ----------------------------------------------------------------------
     28640       1404       1658        272       2740     415288   Object Totals
         0          0         32          0          0          0   (incl. Generated)
         4          0          0          8          4          0   (incl. Padding)

    ----------------------------------------------------------------------

      Code (inc. data)   RO Data    RW Data    ZI Data      Debug   Library Member Name

         0          0          0          0          0          0   entry.o
         0          0          0          0          0          0   entry10a.o
         0          0          0          0          0          0   entry11a.o
         8          4          0          0          0          0   entry2.o
         4          0          0          0          0          0   entry5.o
         0          0          0          0          0          0   entry7b.o
         0          0          0          0          0          0   entry8b.o
         8          4          0          0          0          0   entry9a.o
        30          0          0          0          0          0   handlers.o
        36          8          0          0          0         68   init.o
        36          0          0          0          0         68   memcpya.o
        36          0          0          0          0        108   memseta.o
       240         10          0          0          0        176   printf2.o
         0          0          0          4          0          0   stdout.o

    ----------------------------------------------------------------------
       398         26          0          4          0        420   Library Totals
         0          0          0          0          0          0   (incl. Padding)

    ----------------------------------------------------------------------

      Code (inc. data)   RO Data    RW Data    ZI Data      Debug   Library Name

       398         26          0          4          0        420   mc_w.l

    ----------------------------------------------------------------------
       398         26          0          4          0        420   Library Totals

    ----------------------------------------------------------------------

==============================================================================


      Code (inc. data)   RO Data    RW Data    ZI Data      Debug   

     29038       1430       1658        276       2740     413212   Grand Totals
     29038       1430       1658        276       2740     413212   ELF Image Totals
     29038       1430       1658        276          0          0   ROM Totals

==============================================================================

    Total RO  Size (Code + RO Data)                30696 (  29.98kB)
    Total RW  Size (RW Data + ZI Data)              3016 (   2.95kB)
    Total ROM Size (Code + RO Data + RW Data)      30972 (  30.25kB)

==============================================================================

