ARM Linker, 5.03 [Build 76] [MDK-ARM Standard]

==============================================================================

Section Cross References

    startup_stm32f10x_md.o(RESET) refers to startup_stm32f10x_md.o(STACK) for __initial_sp
    startup_stm32f10x_md.o(RESET) refers to startup_stm32f10x_md.o(.text) for Reset_Handler
    startup_stm32f10x_md.o(RESET) refers to stm32f10x_it.o(.text) for NMI_Handler
    startup_stm32f10x_md.o(RESET) refers to usart1.o(.text) for USART1_IRQHandler
    startup_stm32f10x_md.o(RESET) refers to usart2.o(.text) for USART2_IRQHandler
    startup_stm32f10x_md.o(RESET) refers to rf.o(.text) for EXTI15_10_IRQHandler
    startup_stm32f10x_md.o(.text) refers to system_stm32f10x.o(.text) for SystemInit
    startup_stm32f10x_md.o(.text) refers to entry.o(.ARM.Collect$$$$00000000) for __main
    main.o(.text) refers to misc.o(.text) for NVIC_PriorityGroupConfig
    main.o(.text) refers to set_system_clock.o(.text) for Set_System_Clock
    main.o(.text) refers to usart1.o(.text) for GD5800_USART1_Config
    main.o(.text) refers to gd5800.o(.text) for GD5800_Initialization
    main.o(.text) refers to usart2.o(.text) for CH340_USART2_Config
    main.o(.text) refers to rf.o(.text) for RF_Config
    main.o(.text) refers to tm1629.o(.text) for Tm1629_GPIO_Config
    main.o(.text) refers to eeprom_24c.o(.text) for I2C_IO_Init
    main.o(.text) refers to key.o(.text) for Key_IO_Init
    main.o(.text) refers to printf2.o(i.__0printf$2) for __2printf
    main.o(.text) refers to rf_app.o(.text) for Decoder_Process
    stm32f10x_it.o(.text) refers to set_system_clock.o(.data) for System_Time_Count
    stm32f10x_it.o(.text) refers to rf_app.o(.data) for Call_Off_Time
    set_system_clock.o(.text) refers to stm32f10x_rcc.o(.text) for RCC_DeInit
    set_system_clock.o(.text) refers to stm32f10x_gpio.o(.text) for GPIO_PinRemapConfig
    set_system_clock.o(.text) refers to system_stm32f10x.o(.data) for SystemCoreClock
    usart2.o(.text) refers to stm32f10x_rcc.o(.text) for RCC_APB2PeriphClockCmd
    usart2.o(.text) refers to stm32f10x_gpio.o(.text) for GPIO_Init
    usart2.o(.text) refers to stm32f10x_usart.o(.text) for USART_Init
    usart2.o(.text) refers to misc.o(.text) for NVIC_Init
    usart2.o(.text) refers to printf2.o(i.__0printf$2) for __2printf
    usart1.o(.text) refers to stm32f10x_rcc.o(.text) for RCC_APB2PeriphClockCmd
    usart1.o(.text) refers to stm32f10x_gpio.o(.text) for GPIO_Init
    usart1.o(.text) refers to stm32f10x_usart.o(.text) for USART_Init
    usart1.o(.text) refers to misc.o(.text) for NVIC_Init
    rf.o(.text) refers to stm32f10x_exti.o(.text) for EXTI_ClearITPendingBit
    rf.o(.text) refers to stm32f10x_rcc.o(.text) for RCC_APB2PeriphClockCmd
    rf.o(.text) refers to stm32f10x_gpio.o(.text) for GPIO_Init
    rf.o(.text) refers to misc.o(.text) for NVIC_Init
    rf.o(.text) refers to stm32f10x_tim.o(.text) for TIM_TimeBaseInit
    rf.o(.text) refers to rf.o(.data) for RF_Count
    rf.o(.text) refers to rf_app.o(.data) for Call_Off_Time
    rf.o(.text) refers to system_stm32f10x.o(.data) for SystemCoreClock
    tm1629.o(.text) refers to stm32f10x_rcc.o(.text) for RCC_APB2PeriphClockCmd
    tm1629.o(.text) refers to stm32f10x_gpio.o(.text) for GPIO_Init
    tm1629.o(.text) refers to tm1629.o(.bss) for Tm1629_Display_Ram
    tm1629.o(.text) refers to memseta.o(.text) for __aeabi_memclr
    tm1629.o(.text) refers to tm1629.o(.constdata) for Dis_TAB
    tm1629.o(.text) refers to tm1629.o(.data) for Flag_Tm1629_Blink_Time_Minute
    eeprom_24c.o(.text) refers to stm32f10x_rcc.o(.text) for RCC_APB2PeriphClockCmd
    eeprom_24c.o(.text) refers to stm32f10x_gpio.o(.text) for GPIO_Init
    eeprom_24c.o(.text) refers to menu.o(.data) for Register_Call_Buff
    eeprom_24c.o(.text) refers to memseta.o(.text) for __aeabi_memclr4
    eeprom_24c.o(.text) refers to memcpya.o(.text) for __aeabi_memcpy4
    key.o(.text) refers to stm32f10x_rcc.o(.text) for RCC_APB2PeriphClockCmd
    key.o(.text) refers to stm32f10x_gpio.o(.text) for GPIO_Init
    key.o(.text) refers to eeprom_24c.o(.text) for Delete_Call_Function
    key.o(.text) refers to rf_app.o(.text) for Decoder_Function_Of_Remove_Call_Time
    key.o(.text) refers to set_system_clock.o(.data) for LongPressSec
    key.o(.text) refers to key.o(.data) for gKeyValue
    key.o(.text) refers to menu.o(.data) for Delete_Call_Buff
    key.o(.text) refers to menu.o(.constdata) for MenuProc
    key.o(.text) refers to rf.o(.data) for RF_Flag
    menu.o(.text) refers to tm1629.o(.text) for Tm1629_Clear
    menu.o(.text) refers to rf_app.o(.text) for Decoder_Function_Of_Down
    menu.o(.text) refers to rf_app.o(.bss) for Decoder_Call_Save_Queue
    menu.o(.text) refers to menu.o(.data) for Standby_index
    menu.o(.text) refers to tm1629.o(.bss) for Tm1629_Display_Ram
    menu.o(.text) refers to key.o(.data) for gKeyValue
    menu.o(.text) refers to tm1629.o(.data) for Tm1629_Test_Time
[...]
    printf4.o(i.__0vsprintf$4) refers to printf4.o(i._printf_core) for _printf_core
    printf4.o(i.__0vsprintf$4) refers to printf4.o(i._sputc) for _sputc
    printf4.o(i._printf_core) refers to uldiv.o(.text) for __aeabi_uldivmod
    printf5.o(i.__0fprintf$5) refers to printf5.o(i._printf_core) for _printf_core
    printf5.o(i.__0fprintf$5) refers to usart2.o(.text) for fputc
    printf5.o(i.__0printf$5) refers to printf5.o(i._printf_core) for _printf_core
    printf5.o(i.__0printf$5) refers to usart2.o(.text) for fputc
    printf5.o(i.__0printf$5) refers to stdout.o(.data) for __stdout
    printf5.o(i.__0snprintf$5) refers to printf5.o(i._printf_core) for _printf_core
    printf5.o(i.__0snprintf$5) refers to printf5.o(i._snputc) for _snputc
    printf5.o(i.__0sprintf$5) refers to printf5.o(i._printf_core) for _printf_core
    printf5.o(i.__0sprintf$5) refers to printf5.o(i._sputc) for _sputc
    printf5.o(i.__0vfprintf$5) refers to printf5.o(i._printf_core) for _printf_core
    printf5.o(i.__0vfprintf$5) refers to usart2.o(.text) for fputc
    printf5.o(i.__0vprintf$5) refers to printf5.o(i._printf_core) for _printf_core
    printf5.o(i.__0vprintf$5) refers to usart2.o(.text) for fputc
    printf5.o(i.__0vprintf$5) refers to stdout.o(.data) for __stdout
    printf5.o(i.__0vsnprintf$5) refers to printf5.o(i._printf_core) for _printf_core
    printf5.o(i.__0vsnprintf$5) refers to printf5.o(i._snputc) for _snputc
    printf5.o(i.__0vsprintf$5) refers to printf5.o(i._printf_core) for _printf_core
    printf5.o(i.__0vsprintf$5) refers to printf5.o(i._sputc) for _sputc
    printf5.o(i._printf_core) refers to uldiv.o(.text) for __aeabi_uldivmod
    printf6.o(i.__0fprintf$6) refers to printf6.o(i._printf_core) for _printf_core
    printf6.o(i.__0fprintf$6) refers to usart2.o(.text) for fputc
    printf6.o(i.__0printf$6) refers to printf6.o(i._printf_core) for _printf_core
    printf6.o(i.__0printf$6) refers to usart2.o(.text) for fputc
    printf6.o(i.__0printf$6) refers to stdout.o(.data) for __stdout
    printf6.o(i.__0snprintf$6) refers to printf6.o(i._printf_core) for _printf_core
    printf6.o(i.__0snprintf$6) refers to printf6.o(i._snputc) for _snputc
    printf6.o(i.__0sprintf$6) refers to printf6.o(i._printf_core) for _printf_core
    printf6.o(i.__0sprintf$6) refers to printf6.o(i._sputc) for _sputc
    printf6.o(i.__0vfprintf$6) refers to printf6.o(i._printf_core) for _printf_core
    printf6.o(i.__0vfprintf$6) refers to usart2.o(.text) for fputc
    printf6.o(i.__0vprintf$6) refers to printf6.o(i._printf_core) for _printf_core
    printf6.o(i.__0vprintf$6) refers to usart2.o(.text) for fputc
    printf6.o(i.__0vprintf$6) refers to stdout.o(.data) for __stdout
    printf6.o(i.__0vsnprintf$6) refers to printf6.o(i._printf_core) for _printf_core
    printf6.o(i.__0vsnprintf$6) refers to printf6.o(i._snputc) for _snputc
    printf6.o(i.__0vsprintf$6) refers to printf6.o(i._printf_core) for _printf_core
    printf6.o(i.__0vsprintf$6) refers to printf6.o(i._sputc) for _sputc
    printf6.o(i._printf_core) refers to printf6.o(i._printf_pre_padding) for _printf_pre_padding
    printf6.o(i._printf_core) refers to uidiv.o(.text) for __aeabi_uidivmod
    printf6.o(i._printf_core) refers to printf6.o(i._printf_post_padding) for _printf_post_padding
    printf7.o(i.__0fprintf$7) refers to printf7.o(i._printf_core) for _printf_core
    printf7.o(i.__0fprintf$7) refers to usart2.o(.text) for fputc
    printf7.o(i.__0printf$7) refers to printf7.o(i._printf_core) for _printf_core
    printf7.o(i.__0printf$7) refers to usart2.o(.text) for fputc
    printf7.o(i.__0printf$7) refers to stdout.o(.data) for __stdout
    printf7.o(i.__0snprintf$7) refers to printf7.o(i._printf_core) for _printf_core
    printf7.o(i.__0snprintf$7) refers to printf7.o(i._snputc) for _snputc
    printf7.o(i.__0sprintf$7) refers to printf7.o(i._printf_core) for _printf_core
    printf7.o(i.__0sprintf$7) refers to printf7.o(i._sputc) for _sputc
    printf7.o(i.__0vfprintf$7) refers to printf7.o(i._printf_core) for _printf_core
    printf7.o(i.__0vfprintf$7) refers to usart2.o(.text) for fputc
    printf7.o(i.__0vprintf$7) refers to printf7.o(i._printf_core) for _printf_core
    printf7.o(i.__0vprintf$7) refers to usart2.o(.text) for fputc
    printf7.o(i.__0vprintf$7) refers to stdout.o(.data) for __stdout
    printf7.o(i.__0vsnprintf$7) refers to printf7.o(i._printf_core) for _printf_core
    printf7.o(i.__0vsnprintf$7) refers to printf7.o(i._snputc) for _snputc
    printf7.o(i.__0vsprintf$7) refers to printf7.o(i._printf_core) for _printf_core
    printf7.o(i.__0vsprintf$7) refers to printf7.o(i._sputc) for _sputc
    printf7.o(i._printf_core) refers to printf7.o(i._printf_pre_padding) for _printf_pre_padding
    printf7.o(i._printf_core) refers to uldiv.o(.text) for __aeabi_uldivmod
    printf7.o(i._printf_core) refers to printf7.o(i._printf_post_padding) for _printf_post_padding
    printf8.o(i.__0fprintf$8) refers to printf8.o(i._printf_core) for _printf_core
    printf8.o(i.__0fprintf$8) refers to usart2.o(.text) for fputc
    printf8.o(i.__0printf$8) refers to printf8.o(i._printf_core) for _printf_core
    printf8.o(i.__0printf$8) refers to usart2.o(.text) for fputc
    printf8.o(i.__0printf$8) refers to stdout.o(.data) for __stdout
    printf8.o(i.__0snprintf$8) refers to printf8.o(i._printf_core) for _printf_core
    printf8.o(i.__0snprintf$8) refers to printf8.o(i._snputc) for _snputc
    printf8.o(i.__0sprintf$8) refers to printf8.o(i._printf_core) for _printf_core
    printf8.o(i.__0sprintf$8) refers to printf8.o(i._sputc) for _sputc
    printf8.o(i.__0vfprintf$8) refers to printf8.o(i._printf_core) for _printf_core
    printf8.o(i.__0vfprintf$8) refers to usart2.o(.text) for fputc
    printf8.o(i.__0vprintf$8) refers to printf8.o(i._printf_core) for _printf_core
    printf8.o(i.__0vprintf$8) refers to usart2.o(.text) for fputc
    printf8.o(i.__0vprintf$8) refers to stdout.o(.data) for __stdout
    printf8.o(i.__0vsnprintf$8) refers to printf8.o(i._printf_core) for _printf_core
    printf8.o(i.__0vsnprintf$8) refers to printf8.o(i._snputc) for _snputc
    printf8.o(i.__0vsprintf$8) refers to printf8.o(i._printf_core) for _printf_core
    printf8.o(i.__0vsprintf$8) refers to printf8.o(i._sputc) for _sputc
    printf8.o(i._printf_core) refers to printf8.o(i._printf_pre_padding) for _printf_pre_padding
    printf8.o(i._printf_core) refers to uldiv.o(.text) for __aeabi_uldivmod
    printf8.o(i._printf_core) refers to printf8.o(i._printf_post_padding) for _printf_post_padding
    printfa.o(i.__0fprintf) refers (Special) to iusefp.o(.text) for __I$use$fp
    printfa.o(i.__0fprintf) refers to printfa.o(i._printf_core) for _printf_core
    printfa.o(i.__0fprintf) refers to usart2.o(.text) for fputc
    printfa.o(i.__0printf) refers (Special) to iusefp.o(.text) for __I$use$fp
    printfa.o(i.__0printf) refers to printfa.o(i._printf_core) for _printf_core
    printfa.o(i.__0printf) refers to usart2.o(.text) for fputc
    printfa.o(i.__0printf) refers to stdout.o(.data) for __stdout
    printfa.o(i.__0snprintf) refers (Special) to iusefp.o(.text) for __I$use$fp
    printfa.o(i.__0snprintf) refers to printfa.o(i._printf_core) for _printf_core
    printfa.o(i.__0snprintf) refers to printfa.o(i._snputc) for _snputc
    printfa.o(i.__0sprintf) refers (Special) to iusefp.o(.text) for __I$use$fp
    printfa.o(i.__0sprintf) refers to printfa.o(i._printf_core) for _printf_core
    printfa.o(i.__0sprintf) refers to printfa.o(i._sputc) for _sputc
    printfa.o(i.__0vfprintf) refers (Special) to iusefp.o(.text) for __I$use$fp
    printfa.o(i.__0vfprintf) refers to printfa.o(i._printf_core) for _printf_core
    printfa.o(i.__0vfprintf) refers to usart2.o(.text) for fputc
    printfa.o(i.__0vprintf) refers (Special) to iusefp.o(.text) for __I$use$fp
    printfa.o(i.__0vprintf) refers to printfa.o(i._printf_core) for _printf_core
    printfa.o(i.__0vprintf) refers to usart2.o(.text) for fputc
    printfa.o(i.__0vprintf) refers to stdout.o(.data) for __stdout
    printfa.o(i.__0vsnprintf) refers (Special) to iusefp.o(.text) for __I$use$fp
    printfa.o(i.__0vsnprintf) refers to printfa.o(i._printf_core) for _printf_core
    printfa.o(i.__0vsnprintf) refers to printfa.o(i._snputc) for _snputc
    printfa.o(i.__0vsprintf) refers (Special) to iusefp.o(.text) for __I$use$fp
    printfa.o(i.__0vsprintf) refers to printfa.o(i._printf_core) for _printf_core
    printfa.o(i.__0vsprintf) refers to printfa.o(i._sputc) for _sputc
    printfa.o(i._fp_digits) refers (Special) to iusefp.o(.text) for __I$use$fp
    printfa.o(i._fp_digits) refers to dmul.o(.text) for __aeabi_dmul
    printfa.o(i._fp_digits) refers to ddiv.o(.text) for __aeabi_ddiv
    printfa.o(i._fp_digits) refers to cdrcmple.o(.text) for __aeabi_cdrcmple
    printfa.o(i._fp_digits) refers to dadd.o(.text) for __aeabi_dadd
    printfa.o(i._fp_digits) refers to dfixul.o(.text) for __aeabi_d2ulz
    printfa.o(i._fp_digits) refers to uldiv.o(.text) for __aeabi_uldivmod
    printfa.o(i._printf_core) refers (Special) to iusefp.o(.text) for __I$use$fp
    printfa.o(i._printf_core) refers to printfa.o(i._printf_pre_padding) for _printf_pre_padding
    printfa.o(i._printf_core) refers to uldiv.o(.text) for __aeabi_uldivmod
    printfa.o(i._printf_core) refers to printfa.o(i._printf_post_padding) for _printf_post_padding
    printfa.o(i._printf_core) refers to printfa.o(i._fp_digits) for _fp_digits
    printfa.o(i._printf_core) refers to uidiv.o(.text) for __aeabi_uidivmod
    printfa.o(i._printf_post_padding) refers (Special) to iusefp.o(.text) for __I$use$fp
    printfa.o(i._printf_pre_padding) refers (Special) to iusefp.o(.text) for __I$use$fp
    printfa.o(i._snputc) refers (Special) to iusefp.o(.text) for __I$use$fp
    printfa.o(i._sputc) refers (Special) to iusefp.o(.text) for __I$use$fp
    entry2.o(.ARM.Collect$$$$00000001) refers to entry2.o(.ARM.Collect$$$$00002712) for __lit__00000000
    entry2.o(.ARM.Collect$$$$00002712) refers to startup_stm32f10x_md.o(STACK) for __initial_sp
    entry2.o(__vectab_stack_and_reset_area) refers to startup_stm32f10x_md.o(STACK) for __initial_sp
    entry2.o(__vectab_stack_and_reset_area) refers to entry.o(.ARM.Collect$$$$00000000) for __main
    entry5.o(.ARM.Collect$$$$00000004) refers to init.o(.text) for __scatterload
    entry9a.o(.ARM.Collect$$$$0000000B) refers to main.o(.text) for main
    entry9b.o(.ARM.Collect$$$$0000000C) refers to main.o(.text) for main
    uldiv.o(.text) refers to llushr.o(.text) for __aeabi_llsr
    uldiv.o(.text) refers to llshl.o(.text) for __aeabi_llsl
    dadd.o(.text) refers to llshl.o(.text) for __aeabi_llsl
    dadd.o(.text) refers to llsshr.o(.text) for __aeabi_lasr
    dadd.o(.text) refers to depilogue.o(.text) for _double_epilogue
    dmul.o(.text) refers to depilogue.o(.text) for _double_epilogue
    ddiv.o(.text) refers to depilogue.o(.text) for _double_round
    dfixul.o(.text) refers to llushr.o(.text) for __aeabi_llsr
    dfixul.o(.text) refers to llshl.o(.text) for __aeabi_llsl
    init.o(.text) refers to entry5.o(.ARM.Collect$$$$00000004) for __main_after_scatterload
    depilogue.o(.text) refers to llshl.o(.text) for __aeabi_llsl
    depilogue.o(.text) refers to llushr.o(.text) for __aeabi_llsr


==============================================================================

Removing Unused input sections from the image.

    Removing startup_stm32f10x_md.o(HEAP), (512 bytes).
    Removing stm32f10x_adc.o(.text), (1102 bytes).
    Removing stm32f10x_bkp.o(.text), (196 bytes).
    Removing stm32f10x_can.o(.text), (2540 bytes).
    Removing stm32f10x_cec.o(.text), (288 bytes).
    Removing stm32f10x_crc.o(.text), (72 bytes).
    Removing stm32f10x_dac.o(.text), (528 bytes).
    Removing stm32f10x_dbgmcu.o(.text), (48 bytes).
    Removing stm32f10x_dma.o(.text), (592 bytes).
    Removing stm32f10x_flash.o(.text), (1468 bytes).
    Removing stm32f10x_fsmc.o(.text), (1560 bytes).
    Removing stm32f10x_i2c.o(.text), (796 bytes).
    Removing stm32f10x_iwdg.o(.text), (64 bytes).
    Removing stm32f10x_pwr.o(.text), (204 bytes).
    Removing stm32f10x_rtc.o(.text), (324 bytes).
    Removing stm32f10x_sdio.o(.text), (472 bytes).
    Removing stm32f10x_spi.o(.text), (804 bytes).
    Removing stm32f10x_wwdg.o(.text), (136 bytes).
    Removing core_cm3.o(.emb_text), (32 bytes).
    Removing dadd.o(.text), (334 bytes).
    Removing dmul.o(.text), (228 bytes).
    Removing ddiv.o(.text), (222 bytes).
    Removing dfixul.o(.text), (48 bytes).
    Removing cdrcmple.o(.text), (40 bytes).
    Removing depilogue.o(.text), (190 bytes).

25 unused section(s) (total 12800 bytes) removed from the image.

==============================================================================

Image Symbol Table

    Local Symbols

    Symbol Name                              Value     Ov Type        Size  Object(Section)

    ../clib/microlib/division.c              0x00000000   Number         0  uldiv.o ABSOLUTE
    ../clib/microlib/division.c              0x00000000   Number         0  uidiv.o ABSOLUTE
    ../clib/microlib/init/entry.s            0x00000000   Number         0  entry2.o ABSOLUTE
    ../clib/microlib/init/entry.s            0x00000000   Number         0  entry10b.o ABSOLUTE
    ../clib/microlib/init/entry.s            0x00000000   Number         0  entry11a.o ABSOLUTE
    ../clib/microlib/init/entry.s            0x00000000   Number         0  entry11b.o ABSOLUTE
    ../clib/microlib/init/entry.s            0x00000000   Number         0  entry.o ABSOLUTE
    ../clib/microlib/init/entry.s            0x00000000   Number         0  entry9a.o ABSOLUTE
    ../clib/microlib/init/entry.s            0x00000000   Number         0  entry5.o ABSOLUTE
    ../clib/microlib/init/entry.s            0x00000000   Number         0  entry7a.o ABSOLUTE
    ../clib/microlib/init/entry.s            0x00000000   Number         0  entry7b.o ABSOLUTE
    ../clib/microlib/init/entry.s            0x00000000   Number         0  entry8a.o ABSOLUTE
    ../clib/microlib/init/entry.s            0x00000000   Number         0  entry8b.o ABSOLUTE
    ../clib/microlib/init/entry.s            0x00000000   Number         0  entry9b.o ABSOLUTE
    ../clib/microlib/init/entry.s            0x00000000   Number         0  entry10a.o ABSOLUTE
    ../clib/microlib/longlong.c              0x00000000   Number         0  llshl.o ABSOLUTE
    ../clib/microlib/longlong.c              0x00000000   Number         0  llushr.o ABSOLUTE
    ../clib/microlib/longlong.c              0x00000000   Number         0  llsshr.o ABSOLUTE
    ../clib/microlib/printf/printf.c         0x00000000   Number         0  printfb.o ABSOLUTE
    ../clib/microlib/printf/printf.c         0x00000000   Number         0  printf0.o ABSOLUTE
    ../clib/microlib/printf/printf.c         0x00000000   Number         0  printf1.o ABSOLUTE
    ../clib/microlib/printf/printf.c         0x00000000   Number         0  printf7.o ABSOLUTE
    ../clib/microlib/printf/printf.c         0x00000000   Number         0  printf3.o ABSOLUTE
    ../clib/microlib/printf/printf.c         0x00000000   Number         0  printf4.o ABSOLUTE
    ../clib/microlib/printf/printf.c         0x00000000   Number         0  printf5.o ABSOLUTE
    ../clib/microlib/printf/printf.c         0x00000000   Number         0  printf6.o ABSOLUTE
    ../clib/microlib/printf/printf.c         0x00000000   Number         0  printf8.o ABSOLUTE
    ../clib/microlib/printf/printf.c         0x00000000   Number         0  printfa.o ABSOLUTE
    ../clib/microlib/printf/printf.c         0x00000000   Number         0  printf2.o ABSOLUTE
    ../clib/microlib/printf/stubs.s          0x00000000   Number         0  stubs.o ABSOLUTE
    ../clib/microlib/stdio/streams.c         0x00000000   Number         0  stdout.o ABSOLUTE
    ../clib/microlib/string/memcpy.c         0x00000000   Number         0  memcpyb.o ABSOLUTE
    ../clib/microlib/string/memcpy.c         0x00000000   Number         0  memcpya.o ABSOLUTE
    ../clib/microlib/string/memset.c         0x00000000   Number         0  memseta.o ABSOLUTE
    ../clib/microlib/stubs.s                 0x00000000   Number         0  iusefp.o ABSOLUTE
    ../fplib/microlib/fpadd.c                0x00000000   Number         0  dadd.o ABSOLUTE
    ../fplib/microlib/fpdiv.c                0x00000000   Number         0  ddiv.o ABSOLUTE
    ../fplib/microlib/fpepilogue.c           0x00000000   Number         0  depilogue.o ABSOLUTE
    ../fplib/microlib/fpfix.c                0x00000000   Number         0  dfixul.o ABSOLUTE
    ../fplib/microlib/fpmul.c                0x00000000   Number         0  dmul.o ABSOLUTE
    ..\CMSIS\core_cm3.c                      0x00000000   Number         0  core_cm3.o ABSOLUTE
    ..\CMSIS\startup\startup_stm32f10x_md.s  0x00000000   Number         0  startup_stm32f10x_md.o ABSOLUTE
    ..\CMSIS\system_stm32f10x.c              0x00000000   Number         0  system_stm32f10x.o ABSOLUTE
    ..\FWlib\src\misc.c                      0x00000000   Number         0  misc.o ABSOLUTE
    ..\FWlib\src\stm32f10x_adc.c             0x00000000   Number         0  stm32f10x_adc.o ABSOLUTE
    ..\FWlib\src\stm32f10x_bkp.c             0x00000000   Number         0  stm32f10x_bkp.o ABSOLUTE
    ..\FWlib\src\stm32f10x_can.c             0x00000000   Number         0  stm32f10x_can.o ABSOLUTE
    ..\FWlib\src\stm32f10x_cec.c             0x00000000   Number         0  stm32f10x_cec.o ABSOLUTE
    ..\FWlib\src\stm32f10x_crc.c             0x00000000   Number         0  stm32f10x_crc.o ABSOLUTE
    ..\FWlib\src\stm32f10x_dac.c             0x00000000   Number         0  stm32f10x_dac.o ABSOLUTE
    ..\FWlib\src\stm32f10x_dbgmcu.c          0x00000000   Number         0  stm32f10x_dbgmcu.o ABSOLUTE
    ..\FWlib\src\stm32f10x_dma.c             0x00000000   Number         0  stm32f10x_dma.o ABSOLUTE
    ..\FWlib\src\stm32f10x_exti.c            0x00000000   Number         0  stm32f10x_exti.o ABSOLUTE
    ..\FWlib\src\stm32f10x_flash.c           0x00000000   Number         0  stm32f10x_flash.o ABSOLUTE
    ..\FWlib\src\stm32f10x_fsmc.c            0x00000000   Number         0  stm32f10x_fsmc.o ABSOLUTE
    ..\FWlib\src\stm32f10x_gpio.c            0x00000000   Number         0  stm32f10x_gpio.o ABSOLUTE
    ..\FWlib\src\stm32f10x_i2c.c             0x00000000   Number         0  stm32f10x_i2c.o ABSOLUTE
    ..\FWlib\src\stm32f10x_iwdg.c            0x00000000   Number         0  stm32f10x_iwdg.o ABSOLUTE
    ..\FWlib\src\stm32f10x_pwr.c             0x00000000   Number         0  stm32f10x_pwr.o ABSOLUTE
    ..\FWlib\src\stm32f10x_rcc.c             0x00000000   Number         0  stm32f10x_rcc.o ABSOLUTE
    ..\FWlib\src\stm32f10x_rtc.c             0x00000000   Number         0  stm32f10x_rtc.o ABSOLUTE
    ..\FWlib\src\stm32f10x_sdio.c            0x00000000   Number         0  stm32f10x_sdio.o ABSOLUTE
    ..\FWlib\src\stm32f10x_spi.c             0x00000000   Number         0  stm32f10x_spi.o ABSOLUTE
    ..\FWlib\src\stm32f10x_tim.c             0x00000000   Number         0  stm32f10x_tim.o ABSOLUTE
    ..\FWlib\src\stm32f10x_usart.c           0x00000000   Number         0  stm32f10x_usart.o ABSOLUTE
    ..\FWlib\src\stm32f10x_wwdg.c            0x00000000   Number         0  stm32f10x_wwdg.o ABSOLUTE
    ..\USER\eeprom_24c.c                     0x00000000   Number         0  eeprom_24c.o ABSOLUTE
    ..\USER\gd5800.c                         0x00000000   Number         0  gd5800.o ABSOLUTE
    ..\USER\key.c                            0x00000000   Number         0  key.o ABSOLUTE
    ..\USER\main.c                           0x00000000   Number         0  main.o ABSOLUTE
    ..\USER\menu.c                           0x00000000   Number         0  menu.o ABSOLUTE
    ..\USER\rf.c                             0x00000000   Number         0  rf.o ABSOLUTE
    ..\USER\rf_app.c                         0x00000000   Number         0  rf_app.o ABSOLUTE
    ..\USER\set_system_clock.c               0x00000000   Number         0  set_system_clock.o ABSOLUTE
    ..\USER\stm32f10x_it.c                   0x00000000   Number         0  stm32f10x_it.o ABSOLUTE
    ..\USER\tm1629.c                         0x00000000   Number         0  tm1629.o ABSOLUTE
    ..\USER\usart1.c                         0x00000000   Number         0  usart1.o ABSOLUTE
    ..\USER\usart2.c                         0x00000000   Number         0  usart2.o ABSOLUTE
    ..\\CMSIS\\core_cm3.c                    0x00000000   Number         0  core_cm3.o ABSOLUTE
    cdrcmple.s                               0x00000000   Number         0  cdrcmple.o ABSOLUTE
    dc.s                                     0x00000000   Number         0  dc.o ABSOLUTE
    handlers.s                               0x00000000   Number         0  handlers.o ABSOLUTE
    init.s                                   0x00000000   Number         0  init.o ABSOLUTE
    RESET                                    0x08000000   Section      236  startup_stm32f10x_md.o(RESET)
    .ARM.Collect$$$$00000000                 0x080000ec   Section        0  entry.o(.ARM.Collect$$$$00000000)
    .ARM.Collect$$$$00000001                 0x080000ec   Section        4  entry2.o(.ARM.Collect$$$$00000001)
    .ARM.Collect$$$$00000004                 0x080000f0   Section        4  entry5.o(.ARM.Collect$$$$00000004)
    .ARM.Collect$$$$00000008                 0x080000f4   Section        0  entry7b.o(.ARM.Collect$$$$00000008)
    .ARM.Collect$$$$0000000A                 0x080000f4   Section        0  entry8b.o(.ARM.Collect$$$$0000000A)
    .ARM.Collect$$$$0000000B                 0x080000f4   Section        8  entry9a.o(.ARM.Collect$$$$0000000B)
    .ARM.Collect$$$$0000000D                 0x080000fc   Section        0  entry10a.o(.ARM.Collect$$$$0000000D)
    .ARM.Collect$$$$0000000F                 0x080000fc   Section        0  entry11a.o(.ARM.Collect$$$$0000000F)
    .ARM.Collect$$$$00002712                 0x080000fc   Section        4  entry2.o(.ARM.Collect$$$$00002712)
    __lit__00000000                          0x080000fc   Data           4  entry2.o(.ARM.Collect$$$$00002712)
    .text                                    0x08000100   Section       36  startup_stm32f10x_md.o(.text)
    .text                                    0x08000124   Section        0  main.o(.text)
    .text                                    0x08000198   Section        0  stm32f10x_it.o(.text)
    .text                                    0x08000234   Section        0  set_system_clock.o(.text)
    NVIC_SetPriority                         0x08000235   Thumb Code    32  set_system_clock.o(.text)
    .text                                    0x08000320   Section        0  usart2.o(.text)
    .text                                    0x08000414   Section        0  usart1.o(.text)
    .text                                    0x080004ec   Section        0  rf.o(.text)
    RF_IO_Init                               0x080005cf   Thumb Code    36  rf.o(.text)
    .text                                    0x080006b4   Section        0  tm1629.o(.text)
    WriteDataTo1629_1                        0x0800070b   Thumb Code    82  tm1629.o(.text)
    WriteDataTo1629_2                        0x0800075d   Thumb Code    80  tm1629.o(.text)
    WriteDataTo1629_3                        0x080007ad   Thumb Code    80  tm1629.o(.text)
    SendCommandTo1629_1                      0x080007fd   Thumb Code    34  tm1629.o(.text)
    SendCommandTo1629_2                      0x080009f5   Thumb Code    34  tm1629.o(.text)
    SendCommandTo1629_3                      0x08000a17   Thumb Code    34  tm1629.o(.text)
    .text                                    0x08000ea0   Section        0  eeprom_24c.o(.text)
    I2C_Delay_us                             0x08000eef   Thumb Code    28  eeprom_24c.o(.text)
    I2C_Start                                0x08000f0b   Thumb Code    60  eeprom_24c.o(.text)
    I2C_Send_Byte                            0x08000f47   Thumb Code   146  eeprom_24c.o(.text)
    I2C_Receive_Byte                         0x08000fd9   Thumb Code    72  eeprom_24c.o(.text)
    I2C_Stop                                 0x08001021   Thumb Code    60  eeprom_24c.o(.text)
    .text                                    0x0800176c   Section        0  key.o(.text)
    Key_Delay_us                             0x0800178d   Thumb Code    28  key.o(.text)
    .text                                    0x08001b34   Section        0  menu.o(.text)
    Menu_Standby                             0x08001b8b   Thumb Code    82  menu.o(.text)
    Menu_F0                                  0x08001bdd   Thumb Code    10  menu.o(.text)
    Menu_F1                                  0x08001be7   Thumb Code    10  menu.o(.text)
    Menu_F2                                  0x08001bf1   Thumb Code    10  menu.o(.text)
    Menu_F3                                  0x08001bfb   Thumb Code    10  menu.o(.text)
    Menu_F4                                  0x08001c05   Thumb Code    10  menu.o(.text)
    Menu_F5                                  0x08001c0f   Thumb Code    10  menu.o(.text)
    Menu_F6                                  0x08001c19   Thumb Code    10  menu.o(.text)
    Menu_F7                                  0x08001c23   Thumb Code    10  menu.o(.text)
    Menu_F8                                  0x08001c2d   Thumb Code    10  menu.o(.text)
    Menu_F9                                  0x08001c37   Thumb Code    10  menu.o(.text)
    Menu_FA                                  0x08001c41   Thumb Code    10  menu.o(.text)
    Menu_FB                                  0x08001c4b   Thumb Code    10  menu.o(.text)
    Menu_FC                                  0x08001c55   Thumb Code    10  menu.o(.text)
    Menu_FD                                  0x08001c5f   Thumb Code    10  menu.o(.text)
    Menu_FE                                  0x08001c69   Thumb Code    10  menu.o(.text)
    Menu_F0_Minute                           0x08001c73   Thumb Code    88  menu.o(.text)
    Menu_F0_Hour                             0x08001ccb   Thumb Code    88  menu.o(.text)
    Menu_F0_Day                              0x08001d23   Thumb Code    90  menu.o(.text)
    Menu_F0_Month                            0x08001d7d   Thumb Code    90  menu.o(.text)
    Menu_F0_Year                             0x08001dd7   Thumb Code    88  menu.o(.text)
    Menu_F0_Week                             0x08001e2f   Thumb Code    90  menu.o(.text)
    Menu_F1_E1                               0x08001e89   Thumb Code    10  menu.o(.text)
    Menu_F1_E2                               0x08001e93   Thumb Code    10  menu.o(.text)
    Menu_F1_E3                               0x08001e9d   Thumb Code    10  menu.o(.text)
    Menu_F1_E4                               0x08001ea7   Thumb Code    10  menu.o(.text)
    Menu_F2_E1                               0x08001eb1   Thumb Code    10  menu.o(.text)
    Menu_F2_E2                               0x08001ebb   Thumb Code    10  menu.o(.text)
    Menu_F2_E3                               0x08001ec5   Thumb Code    10  menu.o(.text)
    Menu_F2_E4                               0x08001ecf   Thumb Code    10  menu.o(.text)
    Menu_F3_E1                               0x08001ed9   Thumb Code    10  menu.o(.text)
    Menu_F3_E2                               0x08001ee3   Thumb Code    10  menu.o(.text)
    Menu_F4_Set                              0x08001eed   Thumb Code    80  menu.o(.text)
    Menu_F5_Set                              0x08001f3d   Thumb Code   108  menu.o(.text)
    Menu_F6_E1                               0x08001fa9   Thumb Code    10  menu.o(.text)
    Menu_F6_E2                               0x08001fb3   Thumb Code    10  menu.o(.text)
    Menu_F6_E3                               0x08001fbd   Thumb Code    10  menu.o(.text)
    Menu_F6_E4                               0x08001fc7   Thumb Code    10  menu.o(.text)
    Menu_F6_E5                               0x08001fd1   Thumb Code    10  menu.o(.text)
    Menu_F6_E6                               0x08001fdb   Thumb Code    10  menu.o(.text)
    Menu_F6_E7                               0x08001fe5   Thumb Code    10  menu.o(.text)
    Menu_F6_E8                               0x08001fef   Thumb Code    10  menu.o(.text)
    Menu_F7_E1                               0x08001ff9   Thumb Code    10  menu.o(.text)
    Menu_F7_E2                               0x08002003   Thumb Code    10  menu.o(.text)
    Menu_F7_E3                               0x0800200d   Thumb Code    10  menu.o(.text)
    Menu_F7_E4                               0x08002017   Thumb Code    10  menu.o(.text)
    Menu_F8_E1                               0x08002021   Thumb Code    10  menu.o(.text)
    Menu_F8_E2                               0x0800202b   Thumb Code    16  menu.o(.text)
    Menu_F9_E1                               0x0800203b   Thumb Code    10  menu.o(.text)
    Menu_F9_E2                               0x08002045   Thumb Code    10  menu.o(.text)
    Menu_FA_Set                              0x0800204f   Thumb Code     2  menu.o(.text)
    Menu_FB_Set                              0x08002051   Thumb Code    74  menu.o(.text)
    Menu_FC_Set                              0x0800209b   Thumb Code    74  menu.o(.text)
    Menu_FD_Set                              0x080020e5   Thumb Code     2  menu.o(.text)
    Menu_FE_E1                               0x080020e7   Thumb Code    10  menu.o(.text)
    Menu_FE_E2                               0x080020f1   Thumb Code    10  menu.o(.text)
    Menu_F1_E1_D1                            0x080020fb   Thumb Code    90  menu.o(.text)
    Menu_F1_E1_D2                            0x08002155   Thumb Code    90  menu.o(.text)
    Menu_F1_E1_D3                            0x080021af   Thumb Code    90  menu.o(.text)
    Menu_F1_E1_D4                            0x08002209   Thumb Code    90  menu.o(.text)
    Menu_F1_E2_D1                            0x08002263   Thumb Code    90  menu.o(.text)
    Menu_F1_E2_D2                            0x080022bd   Thumb Code    90  menu.o(.text)
    Menu_F1_E2_D3                            0x08002317   Thumb Code   118  menu.o(.text)
    Menu_F1_E2_D4                            0x0800238d   Thumb Code    90  menu.o(.text)
    Menu_F1_E3_D1                            0x080023e7   Thumb Code    90  menu.o(.text)
    Menu_F1_E3_D2                            0x08002441   Thumb Code    90  menu.o(.text)
    Menu_F1_E3_D3                            0x0800249b   Thumb Code    90  menu.o(.text)
    Menu_F1_E3_D4                            0x080024f5   Thumb Code    90  menu.o(.text)
    Menu_F1_E4_D1                            0x0800254f   Thumb Code    90  menu.o(.text)
    Menu_F1_E4_D2                            0x080025a9   Thumb Code    90  menu.o(.text)
    Menu_F1_E4_D3                            0x08002603   Thumb Code    90  menu.o(.text)
    Menu_F1_E4_D4                            0x0800265d   Thumb Code    90  menu.o(.text)
    Menu_F2_E1_D1                            0x080026b7   Thumb Code    90  menu.o(.text)
    Menu_F2_E1_D2                            0x08002711   Thumb Code   112  menu.o(.text)
    Menu_F2_E1_D3                            0x08002781   Thumb Code    90  menu.o(.text)
    Menu_F2_E1_D4                            0x080027db   Thumb Code    90  menu.o(.text)
    Menu_F2_E2_D1                            0x08002835   Thumb Code    90  menu.o(.text)
    Menu_F2_E2_D2                            0x0800288f   Thumb Code    90  menu.o(.text)
    Menu_F2_E2_D3                            0x080028e9   Thumb Code    90  menu.o(.text)
    Menu_F2_E2_D4                            0x08002943   Thumb Code    90  menu.o(.text)
    Menu_F2_E3_D1                            0x0800299d   Thumb Code    90  menu.o(.text)
    Menu_F2_E3_D2                            0x080029f7   Thumb Code    90  menu.o(.text)
    Menu_F2_E3_D3                            0x08002a51   Thumb Code    90  menu.o(.text)
    Menu_F2_E3_D4                            0x08002aab   Thumb Code    90  menu.o(.text)
    Menu_F2_E4_D1                            0x08002b05   Thumb Code   112  menu.o(.text)
    Menu_F2_E4_D2                            0x08002b75   Thumb Code    90  menu.o(.text)
    Menu_F2_E4_D3                            0x08002bcf   Thumb Code    90  menu.o(.text)
    Menu_F2_E4_D4                            0x08002c29   Thumb Code    90  menu.o(.text)
    Menu_F3_E1_Set                           0x08002c83   Thumb Code    74  menu.o(.text)
    Menu_F3_E2_Set                           0x08002ccd   Thumb Code    80  menu.o(.text)
    Menu_F6_E1_Set                           0x08002d1d   Thumb Code    80  menu.o(.text)
    Menu_F6_E2_Set                           0x08002d6d   Thumb Code    82  menu.o(.text)
    Menu_F6_E3_Set                           0x08002dbf   Thumb Code    74  menu.o(.text)
    Menu_F6_E4_Set                           0x08002e09   Thumb Code    82  menu.o(.text)
    Menu_F6_E5_Set                           0x08002e5b   Thumb Code    82  menu.o(.text)
    Menu_F6_E6_Set                           0x08002ead   Thumb Code    74  menu.o(.text)
    Menu_F6_E7_Set                           0x08002ef7   Thumb Code    74  menu.o(.text)
    Menu_F6_E8_Set                           0x08002f41   Thumb Code   124  menu.o(.text)
    Menu_F7_E1_Set                           0x08002fbd   Thumb Code    80  menu.o(.text)
    Menu_F7_E2_Set                           0x0800300d   Thumb Code    80  menu.o(.text)
    Menu_F7_E3_Set                           0x0800305d   Thumb Code    80  menu.o(.text)
    Menu_F7_E4_Set                           0x080030ad   Thumb Code    80  menu.o(.text)
    Menu_F8_E1_Set                           0x080030fd   Thumb Code    74  menu.o(.text)
    Menu_F8_E2_Set                           0x08003147   Thumb Code    80  menu.o(.text)
    Menu_Decoder                             0x08003197   Thumb Code    56  menu.o(.text)
    .text                                    0x080031f8   Section        0  rf_app.o(.text)
    Decoder_Line_To_Display_Ram_For_Eight_Byte 0x080031f9   Thumb Code   186  rf_app.o(.text)
    Display_Ram_To_Tm1629                    0x080032b3   Thumb Code   240  rf_app.o(.text)
    Buff_Move_Up_One_Position                0x080033a3   Thumb Code    10  rf_app.o(.text)
    Return_End_Of_Buff                       0x080033ad   Thumb Code    36  rf_app.o(.text)
    Decoder_Function_Of_Cancel               0x080033d1   Thumb Code   100  rf_app.o(.text)
    Buff_Move_Up_All_Position_And_Init       0x08003435   Thumb Code    46  rf_app.o(.text)
    Left_Buff_Add_To_End_Of_Right_Buff       0x08003463   Thumb Code    62  rf_app.o(.text)
    Buff_Move_Down_One_Position              0x080034a1   Thumb Code    10  rf_app.o(.text)
    Buff_Move_Down_All_Position_And_Init     0x080034ab   Thumb Code    54  rf_app.o(.text)
    Left_Buff_Add_To_Head_Of_Right_Buff      0x080034e1   Thumb Code    22  rf_app.o(.text)
    Decoder_Search_Buff_Is_Or_Not_In_Queue   0x080034f7   Thumb Code   118  rf_app.o(.text)
    Decoder_Function_Of_Return_Fun_Id        0x0800356d   Thumb Code    32  rf_app.o(.text)
    Decoder_Function_Of_Assignment_For_Call_Id 0x0800358d   Thumb Code    54  rf_app.o(.text)
    Decoder_Function_Of_Assignment_For_KeyBoard 0x080035c3   Thumb Code    70  rf_app.o(.text)
    Decoder_Funciton_Of_Is_Or_Not_KeyBoard   0x08003609   Thumb Code    40  rf_app.o(.text)
    Decoder_Decoder_Menu                     0x08003631   Thumb Code   194  rf_app.o(.text)
    Decoder_F8_E2                            0x080036f3   Thumb Code    44  rf_app.o(.text)
    Decoder_F1_E4                            0x0800371f   Thumb Code    36  rf_app.o(.text)
    Decoder_F1_E3                            0x08003743   Thumb Code    36  rf_app.o(.text)
    Decoder_F1_E2                            0x08003767   Thumb Code    36  rf_app.o(.text)
    Decoder_F1_E1                            0x0800378b   Thumb Code    36  rf_app.o(.text)
    Decoder_Standby                          0x080037af   Thumb Code   188  rf_app.o(.text)
    .text                                    0x08003b3c   Section        0  gd5800.o(.text)
    GD5800_Play_Music_Of_Defense_Area_For_Head 0x08003bad   Thumb Code   140  gd5800.o(.text)
    GD5800_Play_Music_Of_Defense_Area_For_End 0x08003c39   Thumb Code   124  gd5800.o(.text)
    GD5800_Play_Music_Of_Hundred             0x08003cb5   Thumb Code    50  gd5800.o(.text)
    GD5800_Play_Music_Of_Ten                 0x08003ce7   Thumb Code    68  gd5800.o(.text)
    GD5800_Play_Music_Of_One                 0x08003d2b   Thumb Code    44  gd5800.o(.text)
    GD5800_Play_Music_Of_Other               0x08003d57   Thumb Code    60  gd5800.o(.text)
    GD5800_Play_Music_Of_Last_Three_Bit      0x08003d93   Thumb Code    44  gd5800.o(.text)
    GD5800_Play_Music_Of_Play_Music_Of_Mode_Within_NOT_REPORT_C 0x08003dbf   Thumb Code    32  gd5800.o(.text)
    GD5800_Play_Music_Of_Play_Music_Of_Mode_More_Than_NOT_REPORT_C 0x08003ddf   Thumb Code    34  gd5800.o(.text)
    .text                                    0x08003e90   Section        0  misc.o(.text)
    .text                                    0x08003f6c   Section        0  stm32f10x_exti.o(.text)
    .text                                    0x08004088   Section        0  stm32f10x_gpio.o(.text)
    .text                                    0x080043e0   Section        0  stm32f10x_rcc.o(.text)
    .text                                    0x080047a4   Section        0  stm32f10x_tim.o(.text)
    TI4_Config                               0x08004c4b   Thumb Code   130  stm32f10x_tim.o(.text)
    TI3_Config                               0x08004cdf   Thumb Code   122  stm32f10x_tim.o(.text)
    TI2_Config                               0x08004d73   Thumb Code   130  stm32f10x_tim.o(.text)
    TI1_Config                               0x08004e07   Thumb Code   108  stm32f10x_tim.o(.text)
    .text                                    0x080055c0   Section        0  stm32f10x_usart.o(.text)
    .text                                    0x080059c8   Section        0  system_stm32f10x.o(.text)
    SetSysClockTo24                          0x080059c9   Thumb Code   176  system_stm32f10x.o(.text)
    SetSysClock                              0x08005a79   Thumb Code     8  system_stm32f10x.o(.text)
    .text                                    0x08005b7c   Section        0  memcpya.o(.text)
    .text                                    0x08005ba0   Section        0  memseta.o(.text)
    .text                                    0x08005bc4   Section       36  init.o(.text)
    i.__0printf$2                            0x08005be8   Section        0  printf2.o(i.__0printf$2)
    i.__scatterload_copy                     0x08005c08   Section       14  handlers.o(i.__scatterload_copy)
    i.__scatterload_null                     0x08005c16   Section        2  handlers.o(i.__scatterload_null)
    i.__scatterload_zeroinit                 0x08005c18   Section       14  handlers.o(i.__scatterload_zeroinit)
    i._printf_core                           0x08005c26   Section        0  printf2.o(i._printf_core)
    _printf_core                             0x08005c27   Thumb Code   208  printf2.o(i._printf_core)
    .constdata                               0x08005cf6   Section       50  tm1629.o(.constdata)
    .constdata                               0x08005d28   Section     1284  menu.o(.constdata)
    .data                                    0x20000000   Section        9  set_system_clock.o(.data)
    .data                                    0x2000000c   Section       27  rf.o(.data)
    .data                                    0x20000027   Section       18  tm1629.o(.data)
    Flag_Tm1629_Blink_Time_Minute            0x2000002f   Data           1  tm1629.o(.data)
    Flag_Tm1629_Blink_Time_Hour              0x20000030   Data           1  tm1629.o(.data)
    Flag_Tm1629_Blink_Time_Day               0x20000031   Data           1  tm1629.o(.data)
    Flag_Tm1629_Blink_Time_Month             0x20000032   Data           1  tm1629.o(.data)
    Flag_Tm1629_Blink_Time_Year              0x20000033   Data           1  tm1629.o(.data)
    Flag_Tm1629_Blink_Time_Week              0x20000034   Data           1  tm1629.o(.data)
    Flag_Tm1629_Blink_One_Position           0x20000035   Data           1  tm1629.o(.data)
    Flag_Tm1629_Blink_Two_Position           0x20000036   Data           1  tm1629.o(.data)
    Flag_Tm1629_Blink_Three_Position         0x20000037   Data           1  tm1629.o(.data)
    Flag_Tm1629_Blink_Four_Position          0x20000038   Data           1  tm1629.o(.data)
    .data                                    0x2000003c   Section        8  key.o(.data)
    .data                                    0x20000044   Section       61  menu.o(.data)
    Standby_index                            0x20000080   Data           1  menu.o(.data)
    .data                                    0x20000084   Section       42  rf_app.o(.data)
    .data                                    0x200000ae   Section       20  stm32f10x_rcc.o(.data)
    APBAHBPrescTable                         0x200000ae   Data          16  stm32f10x_rcc.o(.data)
    ADCPrescTable                            0x200000be   Data           4  stm32f10x_rcc.o(.data)
    .data                                    0x200000c4   Section       20  system_stm32f10x.o(.data)
    .data                                    0x200000d8   Section        4  stdout.o(.data)
    .bss                                     0x200000dc   Section       48  tm1629.o(.bss)
    .bss                                     0x2000010c   Section      800  rf_app.o(.bss)
    STACK                                    0x20000430   Section     1024  startup_stm32f10x_md.o(STACK)

    Global Symbols

    Symbol Name                              Value     Ov Type        Size  Object(Section)

    BuildAttributes$$THM_ISAv4$P$D$K$B$S$PE$A:L22UL41UL21$X:L11$S22US41US21$IEEE1$IW$USESV6$~STKCKD$USESV7$~SHL$OSPACE$ROPI$EBA8$MICROLIB$REQ8$PRES8$EABIv2 0x00000000   Number         0  anon$$obj.o ABSOLUTE
    __ARM_use_no_argv                        0x00000000   Number         0  main.o ABSOLUTE
    _printf_a                                0x00000000   Number         0  stubs.o ABSOLUTE
    _printf_c                                0x00000000   Number         0  stubs.o ABSOLUTE
    _printf_charcount                        0x00000000   Number         0  stubs.o ABSOLUTE
    _printf_d                                0x00000000   Number         0  stubs.o ABSOLUTE
    _printf_e                                0x00000000   Number         0  stubs.o ABSOLUTE
    _printf_f                                0x00000000   Number         0  stubs.o ABSOLUTE
    _printf_flags                            0x00000000   Number         0  stubs.o ABSOLUTE
    _printf_fp_dec                           0x00000000   Number         0  stubs.o ABSOLUTE
    _printf_fp_hex                           0x00000000   Number         0  stubs.o ABSOLUTE
    _printf_g                                0x00000000   Number         0  stubs.o ABSOLUTE
    _printf_i                                0x00000000   Number         0  stubs.o ABSOLUTE
    _printf_int_dec                          0x00000000   Number         0  stubs.o ABSOLUTE
    _printf_l                                0x00000000   Number         0  stubs.o ABSOLUTE
    _printf_lc                               0x00000000   Number         0  stubs.o ABSOLUTE
    _printf_ll                               0x00000000   Number         0  stubs.o ABSOLUTE
    _printf_lld                              0x00000000   Number         0  stubs.o ABSOLUTE
    _printf_lli                              0x00000000   Number         0  stubs.o ABSOLUTE
    _printf_llo                              0x00000000   Number         0  stubs.o ABSOLUTE
    _printf_llu                              0x00000000   Number         0  stubs.o ABSOLUTE
    _printf_llx                              0x00000000   Number         0  stubs.o ABSOLUTE
    _printf_longlong_dec                     0x00000000   Number         0  stubs.o ABSOLUTE
    _printf_longlong_hex                     0x00000000   Number         0  stubs.o ABSOLUTE
    _printf_longlong_oct                     0x00000000   Number         0  stubs.o ABSOLUTE
    _printf_ls                               0x00000000   Number         0  stubs.o ABSOLUTE
    _printf_mbtowc                           0x00000000   Number         0  stubs.o ABSOLUTE
    _printf_n                                0x00000000   Number         0  stubs.o ABSOLUTE
    _printf_o                                0x00000000   Number         0  stubs.o ABSOLUTE
    _printf_p                                0x00000000   Number         0  stubs.o ABSOLUTE
    _printf_percent                          0x00000000   Number         0  stubs.o ABSOLUTE
    _printf_pre_padding                      0x00000000   Number         0  stubs.o ABSOLUTE
    _printf_return_value                     0x00000000   Number         0  stubs.o ABSOLUTE
    _printf_s                                0x00000000   Number         0  stubs.o ABSOLUTE
    _printf_sizespec                         0x00000000   Number         0  stubs.o ABSOLUTE
    _printf_str                              0x00000000   Number         0  stubs.o ABSOLUTE
    _printf_truncate_signed                  0x00000000   Number         0  stubs.o ABSOLUTE
    _printf_truncate_unsigned                0x00000000   Number         0  stubs.o ABSOLUTE
    _printf_u                                0x00000000   Number         0  stubs.o ABSOLUTE
    _printf_wc                               0x00000000   Number         0  stubs.o ABSOLUTE
    _printf_wctomb                           0x00000000   Number         0  stubs.o ABSOLUTE
    _printf_widthprec                        0x00000000   Number         0  stubs.o ABSOLUTE
    _printf_x                                0x00000000   Number         0  stubs.o ABSOLUTE
    __cpp_initialize__aeabi_                  - Undefined Weak Reference
    __cxa_finalize                            - Undefined Weak Reference
    __decompress                              - Undefined Weak Reference
    _clock_init                               - Undefined Weak Reference
    _microlib_exit                            - Undefined Weak Reference
    __Vectors_Size                           0x000000ec   Number         0  startup_stm32f10x_md.o ABSOLUTE
    __Vectors                                0x08000000   Data           4  startup_stm32f10x_md.o(RESET)
    __Vectors_End                            0x080000ec   Data           0  startup_stm32f10x_md.o(RESET)
    __main                                   0x080000ed   Thumb Code     0  entry.o(.ARM.Collect$$$$00000000)
    _main_stk                                0x080000ed   Thumb Code     0  entry2.o(.ARM.Collect$$$$00000001)
    _main_scatterload                        0x080000f1   Thumb Code     0  entry5.o(.ARM.Collect$$$$00000004)
    __main_after_scatterload                 0x080000f5   Thumb Code     0  entry5.o(.ARM.Collect$$$$00000004)
    _main_clock                              0x080000f5   Thumb Code     0  entry7b.o(.ARM.Collect$$$$00000008)
    _main_cpp_init                           0x080000f5   Thumb Code     0  entry8b.o(.ARM.Collect$$$$0000000A)
    _main_init                               0x080000f5   Thumb Code     0  entry9a.o(.ARM.Collect$$$$0000000B)
    __rt_final_cpp                           0x080000fd   Thumb Code     0  entry10a.o(.ARM.Collect$$$$0000000D)
    __rt_final_exit                          0x080000fd   Thumb Code     0  entry11a.o(.ARM.Collect$$$$0000000F)
    Reset_Handler                            0x08000101   Thumb Code     8  startup_stm32f10x_md.o(.text)
    ADC1_2_IRQHandler                        0x0800011b   Thumb Code     0  startup_stm32f10x_md.o(.text)
    CAN1_RX1_IRQHandler                      0x0800011b   Thumb Code     0  startup_stm32f10x_md.o(.text)
    CAN1_SCE_IRQHandler                      0x0800011b   Thumb Code     0  startup_stm32f10x_md.o(.text)
    DMA1_Channel1_IRQHandler                 0x0800011b   Thumb Code     0  startup_stm32f10x_md.o(.text)
    DMA1_Channel2_IRQHandler                 0x0800011b   Thumb Code     0  startup_stm32f10x_md.o(.text)
    DMA1_Channel3_IRQHandler                 0x0800011b   Thumb Code     0  startup_stm32f10x_md.o(.text)
    DMA1_Channel4_IRQHandler                 0x0800011b   Thumb Code     0  startup_stm32f10x_md.o(.text)
    DMA1_Channel5_IRQHandler                 0x0800011b   Thumb Code     0  startup_stm32f10x_md.o(.text)
    DMA1_Channel6_IRQHandler                 0x0800011b   Thumb Code     0  startup_stm32f10x_md.o(.text)
    DMA1_Channel7_IRQHandler                 0x0800011b   Thumb Code     0  startup_stm32f10x_md.o(.text)
    EXTI0_IRQHandler                         0x0800011b   Thumb Code     0  startup_stm32f10x_md.o(.text)
    EXTI1_IRQHandler                         0x0800011b   Thumb Code     0  startup_stm32f10x_md.o(.text)
    EXTI2_IRQHandler                         0x0800011b   Thumb Code     0  startup_stm32f10x_md.o(.text)
    EXTI3_IRQHandler                         0x0800011b   Thumb Code     0  startup_stm32f10x_md.o(.text)
    EXTI4_IRQHandler                         0x0800011b   Thumb Code     0  startup_stm32f10x_md.o(.text)
    EXTI9_5_IRQHandler                       0x0800011b   Thumb Code     0  startup_stm32f10x_md.o(.text)
    FLASH_IRQHandler                         0x0800011b   Thumb Code     0  startup_stm32f10x_md.o(.text)
    I2C1_ER_IRQHandler                       0x0800011b   Thumb Code     0  startup_stm32f10x_md.o(.text)
    I2C1_EV_IRQHandler                       0x0800011b   Thumb Code     0  startup_stm32f10x_md.o(.text)
    I2C2_ER_IRQHandler                       0x0800011b   Thumb Code     0  startup_stm32f10x_md.o(.text)
    I2C2_EV_IRQHandler                       0x0800011b   Thumb Code     0  startup_stm32f10x_md.o(.text)
    PVD_IRQHandler                           0x0800011b   Thumb Code     0  startup_stm32f10x_md.o(.text)
    RCC_IRQHandler                           0x0800011b   Thumb Code     0  startup_stm32f10x_md.o(.text)
    RTCAlarm_IRQHandler                      0x0800011b   Thumb Code     0  startup_stm32f10x_md.o(.text)
    RTC_IRQHandler                           0x0800011b   Thumb Code     0  startup_stm32f10x_md.o(.text)
    SPI1_IRQHandler                          0x0800011b   Thumb Code     0  startup_stm32f10x_md.o(.text)
    SPI2_IRQHandler                          0x0800011b   Thumb Code     0  startup_stm32f10x_md.o(.text)
    TAMPER_IRQHandler                        0x0800011b   Thumb Code     0  startup_stm32f10x_md.o(.text)
    TIM1_BRK_IRQHandler                      0x0800011b   Thumb Code     0  startup_stm32f10x_md.o(.text)
    TIM1_CC_IRQHandler                       0x0800011b   Thumb Code     0  startup_stm32f10x_md.o(.text)
    TIM1_TRG_COM_IRQHandler                  0x0800011b   Thumb Code     0  startup_stm32f10x_md.o(.text)
    TIM1_UP_IRQHandler                       0x0800011b   Thumb Code     0  startup_stm32f10x_md.o(.text)
    TIM2_IRQHandler                          0x0800011b   Thumb Code     0  startup_stm32f10x_md.o(.text)
    TIM3_IRQHandler                          0x0800011b   Thumb Code     0  startup_stm32f10x_md.o(.text)
    TIM4_IRQHandler                          0x0800011b   Thumb Code     0  startup_stm32f10x_md.o(.text)
    USART3_IRQHandler                        0x0800011b   Thumb Code     0  startup_stm32f10x_md.o(.text)
    USBWakeUp_IRQHandler                     0x0800011b   Thumb Code     0  startup_stm32f10x_md.o(.text)
    USB_HP_CAN1_TX_IRQHandler                0x0800011b   Thumb Code     0  startup_stm32f10x_md.o(.text)
    USB_LP_CAN1_RX0_IRQHandler               0x0800011b   Thumb Code     0  startup_stm32f10x_md.o(.text)
    WWDG_IRQHandler                          0x0800011b   Thumb Code     0  startup_stm32f10x_md.o(.text)
    main                                     0x08000125   Thumb Code    80  main.o(.text)
    NMI_Handler                              0x08000199   Thumb Code     2  stm32f10x_it.o(.text)
    HardFault_Handler                        0x0800019b   Thumb Code     4  stm32f10x_it.o(.text)
    MemManage_Handler                        0x0800019f   Thumb Code     4  stm32f10x_it.o(.text)
    BusFault_Handler                         0x080001a3   Thumb Code     4  stm32f10x_it.o(.text)
    UsageFault_Handler                       0x080001a7   Thumb Code     4  stm32f10x_it.o(.text)
    DebugMon_Handler                         0x080001ab   Thumb Code     2  stm32f10x_it.o(.text)
    SVC_Handler                              0x080001ad   Thumb Code     2  stm32f10x_it.o(.text)
    PendSV_Handler                           0x080001af   Thumb Code     2  stm32f10x_it.o(.text)
    SysTick_Handler                          0x080001b1   Thumb Code   102  stm32f10x_it.o(.text)
    Set_System_Clock                         0x08000255   Thumb Code   114  set_system_clock.o(.text)
    SysTick_Configuration                    0x080002c7   Thumb Code    74  set_system_clock.o(.text)
    CH340_USART2_Config                      0x08000321   Thumb Code   128  usart2.o(.text)
    CH340_NVIC_Configuration                 0x080003a1   Thumb Code    34  usart2.o(.text)
    fputc                                    0x080003c3   Thumb Code    30  usart2.o(.text)
    USART2_SendByte                          0x080003e1   Thumb Code    14  usart2.o(.text)
    USART2_IRQHandler                        0x080003ef   Thumb Code    26  usart2.o(.text)
    GD5800_USART1_Config                     0x08000415   Thumb Code   126  usart1.o(.text)
    GD5800_NVIC_Configuration                0x08000493   Thumb Code    30  usart1.o(.text)
    USART1_SendByte                          0x080004b1   Thumb Code    26  usart1.o(.text)
    USART1_IRQHandler                        0x080004cb   Thumb Code    26  usart1.o(.text)
    EXTI15_10_IRQHandler                     0x080004ed   Thumb Code   226  rf.o(.text)
    RF_Config                                0x080005f3   Thumb Code   150  rf.o(.text)
    Delayus                                  0x080006b5   Thumb Code    26  tm1629.o(.text)
    Tm1629_GPIO_Config                       0x080006cf   Thumb Code    60  tm1629.o(.text)
    ReadDataFrom1629_1                       0x0800081f   Thumb Code   470  tm1629.o(.text)
    Tm1629_Display                           0x08000a39   Thumb Code   212  tm1629.o(.text)
    Tm1629_Clear                             0x08000b0d   Thumb Code    12  tm1629.o(.text)
    Tm1629_Show_Fx                           0x08000b19   Thumb Code    28  tm1629.o(.text)
    Tm1629_Show_Ex                           0x08000b35   Thumb Code    28  tm1629.o(.text)
    Tm1629_Show_Time                         0x08000b51   Thumb Code   240  tm1629.o(.text)
    Tm1629_Blink_Time_Minute                 0x08000c41   Thumb Code    42  tm1629.o(.text)
    Tm1629_Blink_Time_Hour                   0x08000c6b   Thumb Code    42  tm1629.o(.text)
    Tm1629_Blink_Time_Day                    0x08000c95   Thumb Code    42  tm1629.o(.text)
    Tm1629_Blink_Time_Month                  0x08000cbf   Thumb Code    42  tm1629.o(.text)
    Tm1629_Blink_Time_Year                   0x08000ce9   Thumb Code    46  tm1629.o(.text)
    Tm1629_Blink_Time_Week                   0x08000d17   Thumb Code    40  tm1629.o(.text)
    Tm1629_Show_Four_Number                  0x08000d3f   Thumb Code    54  tm1629.o(.text)
    Tm1629_Show_Two_Number                   0x08000d75   Thumb Code    46  tm1629.o(.text)
    Tm1629_Show_One_Number                   0x08000da3   Thumb Code    32  tm1629.o(.text)
    Tm1629_Blink_One_Position                0x08000dc3   Thumb Code    42  tm1629.o(.text)
    Tm1629_Blink_Two_Position                0x08000ded   Thumb Code    42  tm1629.o(.text)
    Tm1629_Blink_Three_Position              0x08000e17   Thumb Code    42  tm1629.o(.text)
    Tm1629_Blink_Four_Position               0x08000e41   Thumb Code    42  tm1629.o(.text)
    I2C_IO_Init                              0x08000ea1   Thumb Code    78  eeprom_24c.o(.text)
    EEP_Read_Buffer                          0x0800105d   Thumb Code   196  eeprom_24c.o(.text)
    EEP_Write_Buffer                         0x08001121   Thumb Code   144  eeprom_24c.o(.text)
    Register_Call_Function                   0x080011b1   Thumb Code    98  eeprom_24c.o(.text)
    Register_Host_Function                   0x08001213   Thumb Code    98  eeprom_24c.o(.text)
    Register_Alarm_Function                  0x08001275   Thumb Code   134  eeprom_24c.o(.text)
    Register_Cancel_Function                 0x080012fb   Thumb Code    98  eeprom_24c.o(.text)
    Delete_Call_Function                     0x0800135d   Thumb Code   140  eeprom_24c.o(.text)
    Delete_Host_Function                     0x080013e9   Thumb Code   140  eeprom_24c.o(.text)
    Delete_Alarm_Function                    0x08001475   Thumb Code   140  eeprom_24c.o(.text)
    Delete_Cancel_Function                   0x08001501   Thumb Code   140  eeprom_24c.o(.text)
    Delete_All_Data                          0x0800158d   Thumb Code    44  eeprom_24c.o(.text)
    Find_RF_EEPROM_Call                      0x080015b9   Thumb Code    84  eeprom_24c.o(.text)
    Find_RF_EEPROM_Alarm                     0x0800160d   Thumb Code    84  eeprom_24c.o(.text)
    Find_RF_EEPROM_Cancel                    0x08001661   Thumb Code    84  eeprom_24c.o(.text)
    Find_RF_EEPROM                           0x080016b5   Thumb Code    52  eeprom_24c.o(.text)
    Find_RF_EEPROM_Host                      0x080016e9   Thumb Code   132  eeprom_24c.o(.text)
    Key_IO_Init                              0x0800176d   Thumb Code    32  key.o(.text)
    Key_Scan                                 0x080017a9   Thumb Code    96  key.o(.text)
    Key_Process                              0x08001809   Thumb Code   746  key.o(.text)
    Buff_Add_One                             0x08001b35   Thumb Code    86  menu.o(.text)
    Decoder_Process                          0x0800386b   Thumb Code   370  rf_app.o(.text)
    Decoder_Function_Of_Esc                  0x080039dd   Thumb Code    14  rf_app.o(.text)
    Decoder_Function_Of_Up                   0x080039eb   Thumb Code   112  rf_app.o(.text)
    Decoder_Function_Of_Down                 0x08003a5b   Thumb Code    60  rf_app.o(.text)
    Decoder_Function_Of_Remove_Call_Time     0x08003a97   Thumb Code    74  rf_app.o(.text)
    Decoder_Function_Of_Cycle_Call_Time      0x08003ae1   Thumb Code    74  rf_app.o(.text)
    GD5800_Initialization                    0x08003b3d   Thumb Code    34  gd5800.o(.text)
    Specify_Music_Play                       0x08003b5f   Thumb Code    42  gd5800.o(.text)
    Specify_Volume                           0x08003b89   Thumb Code    36  gd5800.o(.text)
    GD5800_Play_Music_Of_Play_Music          0x08003e01   Thumb Code   138  gd5800.o(.text)
    NVIC_PriorityGroupConfig                 0x08003e91   Thumb Code    10  misc.o(.text)
    NVIC_Init                                0x08003e9b   Thumb Code   102  misc.o(.text)
    NVIC_SetVectorTable                      0x08003f01   Thumb Code    14  misc.o(.text)
    NVIC_SystemLPConfig                      0x08003f0f   Thumb Code    34  misc.o(.text)
    SysTick_CLKSourceConfig                  0x08003f31   Thumb Code    40  misc.o(.text)
    EXTI_DeInit                              0x08003f6d   Thumb Code    28  stm32f10x_exti.o(.text)
    EXTI_Init                                0x08003f89   Thumb Code   142  stm32f10x_exti.o(.text)
    EXTI_StructInit                          0x08004017   Thumb Code    16  stm32f10x_exti.o(.text)
    EXTI_GenerateSWInterrupt                 0x08004027   Thumb Code    16  stm32f10x_exti.o(.text)
    EXTI_GetFlagStatus                       0x08004037   Thumb Code    22  stm32f10x_exti.o(.text)
    EXTI_ClearFlag                           0x0800404d   Thumb Code     8  stm32f10x_exti.o(.text)
    EXTI_GetITStatus                         0x08004055   Thumb Code    34  stm32f10x_exti.o(.text)
    EXTI_ClearITPendingBit                   0x08004077   Thumb Code     8  stm32f10x_exti.o(.text)
    GPIO_DeInit                              0x08004089   Thumb Code   172  stm32f10x_gpio.o(.text)
    GPIO_AFIODeInit                          0x08004135   Thumb Code    20  stm32f10x_gpio.o(.text)
    GPIO_Init                                0x08004149   Thumb Code   274  stm32f10x_gpio.o(.text)
    GPIO_StructInit                          0x0800425b   Thumb Code    16  stm32f10x_gpio.o(.text)
    GPIO_ReadInputDataBit                    0x0800426b   Thumb Code    18  stm32f10x_gpio.o(.text)
    GPIO_ReadInputData                       0x0800427d   Thumb Code     8  stm32f10x_gpio.o(.text)
    GPIO_ReadOutputDataBit                   0x08004285   Thumb Code    18  stm32f10x_gpio.o(.text)
    GPIO_ReadOutputData                      0x08004297   Thumb Code     8  stm32f10x_gpio.o(.text)
    GPIO_SetBits                             0x0800429f   Thumb Code     4  stm32f10x_gpio.o(.text)
    GPIO_ResetBits                           0x080042a3   Thumb Code     4  stm32f10x_gpio.o(.text)
    GPIO_WriteBit                            0x080042a7   Thumb Code    10  stm32f10x_gpio.o(.text)
    GPIO_Write                               0x080042b1   Thumb Code     4  stm32f10x_gpio.o(.text)
    GPIO_PinLockConfig                       0x080042b5   Thumb Code    18  stm32f10x_gpio.o(.text)
    GPIO_EventOutputConfig                   0x080042c7   Thumb Code    26  stm32f10x_gpio.o(.text)
    GPIO_EventOutputCmd                      0x080042e1   Thumb Code     6  stm32f10x_gpio.o(.text)
    GPIO_PinRemapConfig                      0x080042e7   Thumb Code   138  stm32f10x_gpio.o(.text)
    GPIO_EXTILineConfig                      0x08004371   Thumb Code    66  stm32f10x_gpio.o(.text)
    GPIO_ETH_MediaInterfaceConfig            0x080043b3   Thumb Code     6  stm32f10x_gpio.o(.text)
    RCC_DeInit                               0x080043e1   Thumb Code    68  stm32f10x_rcc.o(.text)
    RCC_HSEConfig                            0x08004425   Thumb Code    70  stm32f10x_rcc.o(.text)
    RCC_GetFlagStatus                        0x0800446b   Thumb Code    56  stm32f10x_rcc.o(.text)
    RCC_WaitForHSEStartUp                    0x080044a3   Thumb Code    56  stm32f10x_rcc.o(.text)
    RCC_AdjustHSICalibrationValue            0x080044db   Thumb Code    20  stm32f10x_rcc.o(.text)
    RCC_HSICmd                               0x080044ef   Thumb Code     6  stm32f10x_rcc.o(.text)
    RCC_PLLConfig                            0x080044f5   Thumb Code    24  stm32f10x_rcc.o(.text)
    RCC_PLLCmd                               0x0800450d   Thumb Code     6  stm32f10x_rcc.o(.text)
    RCC_PREDIV1Config                        0x08004513   Thumb Code    24  stm32f10x_rcc.o(.text)
    RCC_SYSCLKConfig                         0x0800452b   Thumb Code    18  stm32f10x_rcc.o(.text)
    RCC_GetSYSCLKSource                      0x0800453d   Thumb Code    10  stm32f10x_rcc.o(.text)
    RCC_HCLKConfig                           0x08004547   Thumb Code    18  stm32f10x_rcc.o(.text)
    RCC_PCLK1Config                          0x08004559   Thumb Code    18  stm32f10x_rcc.o(.text)
    RCC_PCLK2Config                          0x0800456b   Thumb Code    20  stm32f10x_rcc.o(.text)
    RCC_ITConfig                             0x0800457f   Thumb Code    26  stm32f10x_rcc.o(.text)
    RCC_USBCLKConfig                         0x08004599   Thumb Code     6  stm32f10x_rcc.o(.text)
    RCC_ADCCLKConfig                         0x0800459f   Thumb Code    18  stm32f10x_rcc.o(.text)
    RCC_LSEConfig                            0x080045b1   Thumb Code    44  stm32f10x_rcc.o(.text)
    RCC_LSICmd                               0x080045dd   Thumb Code     6  stm32f10x_rcc.o(.text)
    RCC_RTCCLKConfig                         0x080045e3   Thumb Code    12  stm32f10x_rcc.o(.text)
    RCC_RTCCLKCmd                            0x080045ef   Thumb Code     8  stm32f10x_rcc.o(.text)
    RCC_GetClocksFreq                        0x080045f7   Thumb Code   190  stm32f10x_rcc.o(.text)
    RCC_AHBPeriphClockCmd                    0x080046b5   Thumb Code    26  stm32f10x_rcc.o(.text)
    RCC_APB2PeriphClockCmd                   0x080046cf   Thumb Code    26  stm32f10x_rcc.o(.text)
    RCC_APB1PeriphClockCmd                   0x080046e9   Thumb Code    26  stm32f10x_rcc.o(.text)
    RCC_APB2PeriphResetCmd                   0x08004703   Thumb Code    26  stm32f10x_rcc.o(.text)
    RCC_APB1PeriphResetCmd                   0x0800471d   Thumb Code    26  stm32f10x_rcc.o(.text)
    RCC_BackupResetCmd                       0x08004737   Thumb Code     8  stm32f10x_rcc.o(.text)
    RCC_ClockSecuritySystemCmd               0x0800473f   Thumb Code     6  stm32f10x_rcc.o(.text)
    RCC_MCOConfig                            0x08004745   Thumb Code     6  stm32f10x_rcc.o(.text)
    RCC_ClearFlag                            0x0800474b   Thumb Code    14  stm32f10x_rcc.o(.text)
    RCC_GetITStatus                          0x08004759   Thumb Code    20  stm32f10x_rcc.o(.text)
    RCC_ClearITPendingBit                    0x0800476d   Thumb Code     6  stm32f10x_rcc.o(.text)
    TIM_DeInit                               0x080047a5   Thumb Code   424  stm32f10x_tim.o(.text)
    TIM_TimeBaseInit                         0x0800494d   Thumb Code   122  stm32f10x_tim.o(.text)
    TIM_OC1Init                              0x080049c7   Thumb Code   132  stm32f10x_tim.o(.text)
    TIM_OC2Init                              0x08004a4b   Thumb Code   154  stm32f10x_tim.o(.text)
    TIM_OC3Init                              0x08004ae5   Thumb Code   150  stm32f10x_tim.o(.text)
    TIM_OC4Init                              0x08004b7b   Thumb Code   182  stm32f10x_tim.o(.text)
    TIM_SetIC4Prescaler                      0x08004c31   Thumb Code    26  stm32f10x_tim.o(.text)
    TIM_SetIC3Prescaler                      0x08004ccd   Thumb Code    18  stm32f10x_tim.o(.text)
    TIM_SetIC2Prescaler                      0x08004d59   Thumb Code    26  stm32f10x_tim.o(.text)
    TIM_SetIC1Prescaler                      0x08004df5   Thumb Code    18  stm32f10x_tim.o(.text)
    TIM_ICInit                               0x08004e73   Thumb Code   150  stm32f10x_tim.o(.text)
    TIM_PWMIConfig                           0x08004f09   Thumb Code   124  stm32f10x_tim.o(.text)
    TIM_BDTRConfig                           0x08004f85   Thumb Code    32  stm32f10x_tim.o(.text)
    TIM_TimeBaseStructInit                   0x08004fa5   Thumb Code    18  stm32f10x_tim.o(.text)
    TIM_OCStructInit                         0x08004fb7   Thumb Code    20  stm32f10x_tim.o(.text)
    TIM_ICStructInit                         0x08004fcb   Thumb Code    18  stm32f10x_tim.o(.text)
    TIM_BDTRStructInit                       0x08004fdd   Thumb Code    40  stm32f10x_tim.o(.text)
    TIM_Cmd                                  0x08005005   Thumb Code    24  stm32f10x_tim.o(.text)
    TIM_CtrlPWMOutputs                       0x0800501d   Thumb Code    30  stm32f10x_tim.o(.text)
    TIM_ITConfig                             0x0800503b   Thumb Code    18  stm32f10x_tim.o(.text)
    TIM_GenerateEvent                        0x0800504d   Thumb Code     4  stm32f10x_tim.o(.text)
    TIM_DMAConfig                            0x08005051   Thumb Code    10  stm32f10x_tim.o(.text)
    TIM_DMACmd                               0x0800505b   Thumb Code    18  stm32f10x_tim.o(.text)
    TIM_InternalClockConfig                  0x0800506d   Thumb Code    12  stm32f10x_tim.o(.text)
    TIM_SelectInputTrigger                   0x08005079   Thumb Code    18  stm32f10x_tim.o(.text)
    TIM_ITRxExternalClockConfig              0x0800508b   Thumb Code    24  stm32f10x_tim.o(.text)
    TIM_TIxExternalClockConfig               0x080050a3   Thumb Code    62  stm32f10x_tim.o(.text)
    TIM_ETRConfig                            0x080050e1   Thumb Code    28  stm32f10x_tim.o(.text)
    TIM_ETRClockMode1Config                  0x080050fd   Thumb Code    54  stm32f10x_tim.o(.text)
    TIM_ETRClockMode2Config                  0x08005133   Thumb Code    32  stm32f10x_tim.o(.text)
    TIM_PrescalerConfig                      0x08005153   Thumb Code     6  stm32f10x_tim.o(.text)
    TIM_CounterModeConfig                    0x08005159   Thumb Code    18  stm32f10x_tim.o(.text)
    TIM_EncoderInterfaceConfig               0x0800516b   Thumb Code    66  stm32f10x_tim.o(.text)
    TIM_ForcedOC1Config                      0x080051ad   Thumb Code    18  stm32f10x_tim.o(.text)
    TIM_ForcedOC2Config                      0x080051bf   Thumb Code    26  stm32f10x_tim.o(.text)
    TIM_ForcedOC3Config                      0x080051d9   Thumb Code    18  stm32f10x_tim.o(.text)
    TIM_ForcedOC4Config                      0x080051eb   Thumb Code    26  stm32f10x_tim.o(.text)
    TIM_ARRPreloadConfig                     0x08005205   Thumb Code    24  stm32f10x_tim.o(.text)
    TIM_SelectCOM                            0x0800521d   Thumb Code    24  stm32f10x_tim.o(.text)
    TIM_SelectCCDMA                          0x08005235   Thumb Code    24  stm32f10x_tim.o(.text)
    TIM_CCPreloadControl                     0x0800524d   Thumb Code    24  stm32f10x_tim.o(.text)
    TIM_OC1PreloadConfig                     0x08005265   Thumb Code    18  stm32f10x_tim.o(.text)
    TIM_OC2PreloadConfig                     0x08005277   Thumb Code    26  stm32f10x_tim.o(.text)
    TIM_OC3PreloadConfig                     0x08005291   Thumb Code    18  stm32f10x_tim.o(.text)
    TIM_OC4PreloadConfig                     0x080052a3   Thumb Code    26  stm32f10x_tim.o(.text)
    TIM_OC1FastConfig                        0x080052bd   Thumb Code    18  stm32f10x_tim.o(.text)
    TIM_OC2FastConfig                        0x080052cf   Thumb Code    26  stm32f10x_tim.o(.text)
    TIM_OC3FastConfig                        0x080052e9   Thumb Code    18  stm32f10x_tim.o(.text)
    TIM_OC4FastConfig                        0x080052fb   Thumb Code    26  stm32f10x_tim.o(.text)
    TIM_ClearOC1Ref                          0x08005315   Thumb Code    18  stm32f10x_tim.o(.text)
    TIM_ClearOC2Ref                          0x08005327   Thumb Code    24  stm32f10x_tim.o(.text)
    TIM_ClearOC3Ref                          0x0800533f   Thumb Code    18  stm32f10x_tim.o(.text)
    TIM_ClearOC4Ref                          0x08005351   Thumb Code    24  stm32f10x_tim.o(.text)
    TIM_OC1PolarityConfig                    0x08005369   Thumb Code    18  stm32f10x_tim.o(.text)
    TIM_OC1NPolarityConfig                   0x0800537b   Thumb Code    18  stm32f10x_tim.o(.text)
    TIM_OC2PolarityConfig                    0x0800538d   Thumb Code    26  stm32f10x_tim.o(.text)
    TIM_OC2NPolarityConfig                   0x080053a7   Thumb Code    26  stm32f10x_tim.o(.text)
    TIM_OC3PolarityConfig                    0x080053c1   Thumb Code    26  stm32f10x_tim.o(.text)
    TIM_OC3NPolarityConfig                   0x080053db   Thumb Code    26  stm32f10x_tim.o(.text)
    TIM_OC4PolarityConfig                    0x080053f5   Thumb Code    26  stm32f10x_tim.o(.text)
    TIM_CCxCmd                               0x0800540f   Thumb Code    30  stm32f10x_tim.o(.text)
    TIM_CCxNCmd                              0x0800542d   Thumb Code    30  stm32f10x_tim.o(.text)
    TIM_SelectOCxM                           0x0800544b   Thumb Code    82  stm32f10x_tim.o(.text)
    TIM_UpdateDisableConfig                  0x0800549d   Thumb Code    24  stm32f10x_tim.o(.text)
    TIM_UpdateRequestConfig                  0x080054b5   Thumb Code    24  stm32f10x_tim.o(.text)
    TIM_SelectHallSensor                     0x080054cd   Thumb Code    24  stm32f10x_tim.o(.text)
    TIM_SelectOnePulseMode                   0x080054e5   Thumb Code    18  stm32f10x_tim.o(.text)
    TIM_SelectOutputTrigger                  0x080054f7   Thumb Code    18  stm32f10x_tim.o(.text)
    TIM_SelectSlaveMode                      0x08005509   Thumb Code    18  stm32f10x_tim.o(.text)
    TIM_SelectMasterSlaveMode                0x0800551b   Thumb Code    18  stm32f10x_tim.o(.text)
    TIM_SetCounter                           0x0800552d   Thumb Code     4  stm32f10x_tim.o(.text)
    TIM_SetAutoreload                        0x08005531   Thumb Code     4  stm32f10x_tim.o(.text)
    TIM_SetCompare1                          0x08005535   Thumb Code     4  stm32f10x_tim.o(.text)
    TIM_SetCompare2                          0x08005539   Thumb Code     4  stm32f10x_tim.o(.text)
    TIM_SetCompare3                          0x0800553d   Thumb Code     4  stm32f10x_tim.o(.text)
    TIM_SetCompare4                          0x08005541   Thumb Code     6  stm32f10x_tim.o(.text)
    TIM_SetClockDivision                     0x08005547   Thumb Code    18  stm32f10x_tim.o(.text)
    TIM_GetCapture1                          0x08005559   Thumb Code     6  stm32f10x_tim.o(.text)
    TIM_GetCapture2                          0x0800555f   Thumb Code     6  stm32f10x_tim.o(.text)
    TIM_GetCapture3                          0x08005565   Thumb Code     6  stm32f10x_tim.o(.text)
    TIM_GetCapture4                          0x0800556b   Thumb Code     8  stm32f10x_tim.o(.text)
    TIM_GetCounter                           0x08005573   Thumb Code     6  stm32f10x_tim.o(.text)
    TIM_GetPrescaler                         0x08005579   Thumb Code     6  stm32f10x_tim.o(.text)
    TIM_GetFlagStatus                        0x0800557f   Thumb Code    18  stm32f10x_tim.o(.text)
    TIM_ClearFlag                            0x08005591   Thumb Code     6  stm32f10x_tim.o(.text)
    TIM_GetITStatus                          0x08005597   Thumb Code    34  stm32f10x_tim.o(.text)
    TIM_ClearITPendingBit                    0x080055b9   Thumb Code     6  stm32f10x_tim.o(.text)
    USART_DeInit                             0x080055c1   Thumb Code   134  stm32f10x_usart.o(.text)
    USART_Init                               0x08005647   Thumb Code   210  stm32f10x_usart.o(.text)
    USART_StructInit                         0x08005719   Thumb Code    24  stm32f10x_usart.o(.text)
    USART_ClockInit                          0x08005731   Thumb Code    34  stm32f10x_usart.o(.text)
    USART_ClockStructInit                    0x08005753   Thumb Code    12  stm32f10x_usart.o(.text)
    USART_Cmd                                0x0800575f   Thumb Code    24  stm32f10x_usart.o(.text)
    USART_ITConfig                           0x08005777   Thumb Code    74  stm32f10x_usart.o(.text)
    USART_DMACmd                             0x080057c1   Thumb Code    18  stm32f10x_usart.o(.text)
    USART_SetAddress                         0x080057d3   Thumb Code    18  stm32f10x_usart.o(.text)
    USART_WakeUpConfig                       0x080057e5   Thumb Code    18  stm32f10x_usart.o(.text)
    USART_ReceiverWakeUpCmd                  0x080057f7   Thumb Code    24  stm32f10x_usart.o(.text)
    USART_LINBreakDetectLengthConfig         0x0800580f   Thumb Code    18  stm32f10x_usart.o(.text)
    USART_LINCmd                             0x08005821   Thumb Code    24  stm32f10x_usart.o(.text)
    USART_SendData                           0x08005839   Thumb Code     8  stm32f10x_usart.o(.text)
    USART_ReceiveData                        0x08005841   Thumb Code    10  stm32f10x_usart.o(.text)
    USART_SendBreak                          0x0800584b   Thumb Code    10  stm32f10x_usart.o(.text)
    USART_SetGuardTime                       0x08005855   Thumb Code    16  stm32f10x_usart.o(.text)
    USART_SetPrescaler                       0x08005865   Thumb Code    16  stm32f10x_usart.o(.text)
    USART_SmartCardCmd                       0x08005875   Thumb Code    24  stm32f10x_usart.o(.text)
    USART_SmartCardNACKCmd                   0x0800588d   Thumb Code    24  stm32f10x_usart.o(.text)
    USART_HalfDuplexCmd                      0x080058a5   Thumb Code    24  stm32f10x_usart.o(.text)
    USART_OverSampling8Cmd                   0x080058bd   Thumb Code    22  stm32f10x_usart.o(.text)
    USART_OneBitMethodCmd                    0x080058d3   Thumb Code    24  stm32f10x_usart.o(.text)
    USART_IrDAConfig                         0x080058eb   Thumb Code    18  stm32f10x_usart.o(.text)
    USART_IrDACmd                            0x080058fd   Thumb Code    24  stm32f10x_usart.o(.text)
    USART_GetFlagStatus                      0x08005915   Thumb Code    26  stm32f10x_usart.o(.text)
    USART_ClearFlag                          0x0800592f   Thumb Code    18  stm32f10x_usart.o(.text)
    USART_GetITStatus                        0x08005941   Thumb Code    84  stm32f10x_usart.o(.text)
    USART_ClearITPendingBit                  0x08005995   Thumb Code    52  stm32f10x_usart.o(.text)
    SystemInit                               0x08005a81   Thumb Code    82  system_stm32f10x.o(.text)
    SystemCoreClockUpdate                    0x08005ad3   Thumb Code   138  system_stm32f10x.o(.text)
    __aeabi_memcpy                           0x08005b7d   Thumb Code    36  memcpya.o(.text)
    __aeabi_memcpy4                          0x08005b7d   Thumb Code     0  memcpya.o(.text)
    __aeabi_memcpy8                          0x08005b7d   Thumb Code     0  memcpya.o(.text)
    __aeabi_memset                           0x08005ba1   Thumb Code    14  memseta.o(.text)
    __aeabi_memset4                          0x08005ba1   Thumb Code     0  memseta.o(.text)
    __aeabi_memset8                          0x08005ba1   Thumb Code     0  memseta.o(.text)
    __aeabi_memclr                           0x08005baf   Thumb Code     4  memseta.o(.text)
    __aeabi_memclr4                          0x08005baf   Thumb Code     0  memseta.o(.text)
    __aeabi_memclr8                          0x08005baf   Thumb Code     0  memseta.o(.text)
    _memset$wrapper                          0x08005bb3   Thumb Code    18  memseta.o(.text)
    __scatterload                            0x08005bc5   Thumb Code    28  init.o(.text)
    __scatterload_rt2                        0x08005bc5   Thumb Code     0  init.o(.text)
    __0printf$2                              0x08005be9   Thumb Code    22  printf2.o(i.__0printf$2)
    __1printf$2                              0x08005be9   Thumb Code     0  printf2.o(i.__0printf$2)
    __2printf                                0x08005be9   Thumb Code     0  printf2.o(i.__0printf$2)
    __scatterload_copy                       0x08005c09   Thumb Code    14  handlers.o(i.__scatterload_copy)
    __scatterload_null                       0x08005c17   Thumb Code     2  handlers.o(i.__scatterload_null)
    __scatterload_zeroinit                   0x08005c19   Thumb Code    14  handlers.o(i.__scatterload_zeroinit)
    Dis_TAB                                  0x08005cf6   Data          50  tm1629.o(.constdata)
    MenuProc                                 0x08005d28   Data        1284  menu.o(.constdata)
    Region$$Table$$Base                      0x0800622c   Number         0  anon$$obj.o(Region$$Table)
    Region$$Table$$Limit                     0x0800624c   Number         0  anon$$obj.o(Region$$Table)
    Flag_1_Sec                               0x20000000   Data           1  set_system_clock.o(.data)
    Flag_Half_Sec                            0x20000001   Data           1  set_system_clock.o(.data)
    System_Time_Count                        0x20000004   Data           4  set_system_clock.o(.data)
    LongPressSec                             0x20000008   Data           1  set_system_clock.o(.data)
    RF_Fun                                   0x2000000c   Data           1  rf.o(.data)
    RF_ID                                    0x20000010   Data           4  rf.o(.data)
    RF_Fun_Bak                               0x20000014   Data           1  rf.o(.data)
    RF_ID_Bak                                0x20000018   Data           4  rf.o(.data)
    RF_Temp                                  0x2000001c   Data           4  rf.o(.data)
    RF_Temp_Bak                              0x20000020   Data           4  rf.o(.data)
    RF_Count                                 0x20000024   Data           1  rf.o(.data)
    RF_Flag                                  0x20000025   Data           1  rf.o(.data)
    RF_Same_Count                            0x20000026   Data           1  rf.o(.data)
    Tm1629_Test_Time                         0x20000027   Data           8  tm1629.o(.data)
    M_index                                  0x2000003c   Data           1  key.o(.data)
    gKeyValue                                0x2000003d   Data           1  key.o(.data)
    Function                                 0x20000040   Data           4  key.o(.data)
    Remove_Call_Time                         0x20000044   Data           1  menu.o(.data)
    Cycle_Call_Time                          0x20000045   Data           1  menu.o(.data)
    Change_Standby_Display_Mode              0x20000046   Data           1  menu.o(.data)
    Set_Key_Remove_Call_Is_Or_Not            0x20000047   Data           1  menu.o(.data)
    Register_Call_Buff                       0x20000048   Data           5  menu.o(.data)
    Delete_Call_Buff                         0x2000004d   Data           5  menu.o(.data)
    Register_Host_Buff                       0x20000052   Data           5  menu.o(.data)
    Delete_Host_Buff                         0x20000057   Data           5  menu.o(.data)
    Register_Alarm_Buff                      0x2000005c   Data           5  menu.o(.data)
    Delete_Alarm_Buff                        0x20000061   Data           5  menu.o(.data)
    Register_Cancel_Buff                     0x20000066   Data           5  menu.o(.data)
    Delete_Cancel_Buff                       0x2000006b   Data           5  menu.o(.data)
    Set_Call_Queue_Mode                      0x20000070   Data           1  menu.o(.data)
    Set_Call_Display_Number                  0x20000071   Data           1  menu.o(.data)
    Set_Voice_Play_Mode                      0x20000072   Data           1  menu.o(.data)
    Set_Voice_Play_Time                      0x20000073   Data           1  menu.o(.data)
    Set_Voice_Play_Is_Or_Not_In_Cycle_Mode   0x20000074   Data           1  menu.o(.data)
    Set_Voice_Volume                         0x20000075   Data           1  menu.o(.data)
    Set_Display_Tube_Brightness              0x20000076   Data           1  menu.o(.data)
    Set_Voice_Navigation_Mode                0x20000077   Data           1  menu.o(.data)
    Set_Voice_Navigation_On_Or_OFF           0x20000078   Data           1  menu.o(.data)
    Set_Display_LED_Mode                     0x20000079   Data           1  menu.o(.data)
    Set_Two_Menu_F7_E1                       0x2000007a   Data           1  menu.o(.data)
    Set_Two_Menu_F7_E2                       0x2000007b   Data           1  menu.o(.data)
    Set_Two_Menu_F7_E3                       0x2000007c   Data           1  menu.o(.data)
    Set_Two_Menu_F7_E4                       0x2000007d   Data           1  menu.o(.data)
    Set_Singal_Or_Multiple_Key_Mode          0x2000007e   Data           1  menu.o(.data)
    Set_Key_Of_Call_Mode                     0x2000007f   Data           1  menu.o(.data)
    Call_Code_Bak                            0x20000084   Data           4  rf_app.o(.data)
    Call_Off_Time                            0x20000088   Data           4  rf_app.o(.data)
    Remove_Or_Cycle_Time_Count               0x2000008c   Data           1  rf_app.o(.data)
    Remove_Or_Cycle_Time_Sec_Number          0x2000008d   Data           1  rf_app.o(.data)
    single_key                               0x2000008e   Data          16  rf_app.o(.data)
    multiple_key                             0x2000009e   Data          16  rf_app.o(.data)
    SystemCoreClock                          0x200000c4   Data           4  system_stm32f10x.o(.data)
    AHBPrescTable                            0x200000c8   Data          16  system_stm32f10x.o(.data)
    __stdout                                 0x200000d8   Data           4  stdout.o(.data)
    Tm1629_Display_Ram                       0x200000dc   Data          48  tm1629.o(.bss)
    Decoder_Call_Save_Queue                  0x2000010c   Data         800  rf_app.o(.bss)
    __initial_sp                             0x20000830   Data           0  startup_stm32f10x_md.o(STACK)



==============================================================================

Memory Map of the image

  Image Entry point : 0x080000ed

  Load Region LR_IROM1 (Base: 0x08000000, Size: 0x00006328, Max: 0x00010000, ABSOLUTE)

    Execution Region ER_IROM1 (Base: 0x08000000, Size: 0x0000624c, Max: 0x00010000, ABSOLUTE)

    Base Addr    Size         Type   Attr      Idx    E Section Name        Object

    0x08000000   0x000000ec   Data   RO            3    RESET               startup_stm32f10x_md.o
    0x080000ec   0x00000000   Code   RO          654  * .ARM.Collect$$$$00000000  mc_w.l(entry.o)
    0x080000ec   0x00000004   Code   RO          924    .ARM.Collect$$$$00000001  mc_w.l(entry2.o)
    0x080000f0   0x00000004   Code   RO          927    .ARM.Collect$$$$00000004  mc_w.l(entry5.o)
    0x080000f4   0x00000000   Code   RO          929    .ARM.Collect$$$$00000008  mc_w.l(entry7b.o)
    0x080000f4   0x00000000   Code   RO          931    .ARM.Collect$$$$0000000A  mc_w.l(entry8b.o)
    0x080000f4   0x00000008   Code   RO          932    .ARM.Collect$$$$0000000B  mc_w.l(entry9a.o)
    0x080000fc   0x00000000   Code   RO          934    .ARM.Collect$$$$0000000D  mc_w.l(entry10a.o)
    0x080000fc   0x00000000   Code   RO          936    .ARM.Collect$$$$0000000F  mc_w.l(entry11a.o)
    0x080000fc   0x00000004   Code   RO          925    .ARM.Collect$$$$00002712  mc_w.l(entry2.o)
    0x08000100   0x00000024   Code   RO            4    .text               startup_stm32f10x_md.o
    0x08000124   0x00000074   Code   RO           10    .text               main.o
    0x08000198   0x0000009c   Code   RO          155    .text               stm32f10x_it.o
    0x08000234   0x000000ec   Code   RO          170    .text               set_system_clock.o
    0x08000320   0x000000f4   Code   RO          192    .text               usart2.o
    0x08000414   0x000000d8   Code   RO          204    .text               usart1.o
    0x080004ec   0x000001c8   Code   RO          216    .text               rf.o
    0x080006b4   0x000007ec   Code   RO          234    .text               tm1629.o
    0x08000ea0   0x000008cc   Code   RO          257    .text               eeprom_24c.o
    0x0800176c   0x000003c8   Code   RO          269    .text               key.o
    0x08001b34   0x000016c4   Code   RO          287    .text               menu.o
    0x080031f8   0x00000944   Code   RO          310    .text               rf_app.o
    0x08003b3c   0x00000354   Code   RO          336    .text               gd5800.o
    0x08003e90   0x000000dc   Code   RO          348    .text               misc.o
    0x08003f6c   0x0000011c   Code   RO          456    .text               stm32f10x_exti.o
    0x08004088   0x00000358   Code   RO          492    .text               stm32f10x_gpio.o
    0x080043e0   0x000003c4   Code   RO          540    .text               stm32f10x_rcc.o
    0x080047a4   0x00000e1a   Code   RO          590    .text               stm32f10x_tim.o
    0x080055be   0x00000002   PAD
    0x080055c0   0x00000408   Code   RO          602    .text               stm32f10x_usart.o
    0x080059c8   0x000001b4   Code   RO          636    .text               system_stm32f10x.o
    0x08005b7c   0x00000024   Code   RO          657    .text               mc_w.l(memcpya.o)
    0x08005ba0   0x00000024   Code   RO          659    .text               mc_w.l(memseta.o)
    0x08005bc4   0x00000024   Code   RO          954    .text               mc_w.l(init.o)
    0x08005be8   0x00000020   Code   RO          730    i.__0printf$2       mc_w.l(printf2.o)
    0x08005c08   0x0000000e   Code   RO          966    i.__scatterload_copy  mc_w.l(handlers.o)
    0x08005c16   0x00000002   Code   RO          967    i.__scatterload_null  mc_w.l(handlers.o)
    0x08005c18   0x0000000e   Code   RO          968    i.__scatterload_zeroinit  mc_w.l(handlers.o)
    0x08005c26   0x000000d0   Code   RO          737    i._printf_core      mc_w.l(printf2.o)
    0x08005cf6   0x00000032   Data   RO          236    .constdata          tm1629.o
    0x08005d28   0x00000504   Data   RO          288    .constdata          menu.o
    0x0800622c   0x00000020   Data   RO          964    Region$$Table       anon$$obj.o


    Execution Region RW_IRAM1 (Base: 0x20000000, Size: 0x00000830, Max: 0x00002000, ABSOLUTE)

    Base Addr    Size         Type   Attr      Idx    E Section Name        Object

    0x20000000   0x00000009   Data   RW          171    .data               set_system_clock.o
    0x20000009   0x00000003   PAD
    0x2000000c   0x0000001b   Data   RW          217    .data               rf.o
    0x20000027   0x00000012   Data   RW          237    .data               tm1629.o
    0x20000039   0x00000003   PAD
    0x2000003c   0x00000008   Data   RW          270    .data               key.o
    0x20000044   0x0000003d   Data   RW          289    .data               menu.o
    0x20000081   0x00000003   PAD
    0x20000084   0x0000002a   Data   RW          312    .data               rf_app.o
    0x200000ae   0x00000014   Data   RW          541    .data               stm32f10x_rcc.o
    0x200000c2   0x00000002   PAD
    0x200000c4   0x00000014   Data   RW          637    .data               system_stm32f10x.o
    0x200000d8   0x00000004   Data   RW          938    .data               mc_w.l(stdout.o)
    0x200000dc   0x00000030   Zero   RW          235    .bss                tm1629.o
    0x2000010c   0x00000320   Zero   RW          311    .bss                rf_app.o
    0x2000042c   0x00000004   PAD
    0x20000430   0x00000400   Zero   RW            1    STACK               startup_stm32f10x_md.o


==============================================================================

Image component sizes


      Code (inc. data)   RO Data    RW Data    ZI Data      Debug   Object Name

      2252         82          0          0          0       8227   eeprom_24c.o
       852         18          0          0          0       3662   gd5800.o
       968         76          0          8          0       1804   key.o
       116         36          0          0          0     262074   main.o
      5828        192       1284         61          0      18918   menu.o
       220         20          0          0          0       1601   misc.o
       456         44          0         27          0       1460   rf.o
      2372        132          0         42        800       7548   rf_app.o
       236         16          0          9          0      16146   set_system_clock.o
        36          8        236          0       1024        764   startup_stm32f10x_md.o
       284         10          0          0          0       2035   stm32f10x_exti.o
       856         40          0          0          0       5449   stm32f10x_gpio.o
       156         30          0          0          0       1246   stm32f10x_it.o
       964         50          0         20          0       8870   stm32f10x_rcc.o
      3610         88          0          0          0      21932   stm32f10x_tim.o
      1032         22          0          0          0       8168   stm32f10x_usart.o
       436         32          0         20          0       1587   system_stm32f10x.o
      2028         92         50         18         48       6654   tm1629.o
       216          8          0          0          0       1019   usart1.o
       244         12          0          0          0       1219   usart2.o

    ----------------------------------------------------------------------
     23164       1008       1602        216       1876     380383   Object Totals
         0          0         32          0          0          0   (incl. Generated)
         2          0          0         11          4          0   (incl. Padding)

    ----------------------------------------------------------------------

      Code (inc. data)   RO Data    RW Data    ZI Data      Debug   Library Member Name

         0          0          0          0          0          0   entry.o
         0          0          0          0          0          0   entry10a.o
         0          0          0          0          0          0   entry11a.o
         8          4          0          0          0          0   entry2.o
         4          0          0          0          0          0   entry5.o
         0          0          0          0          0          0   entry7b.o
         0          0          0          0          0          0   entry8b.o
         8          4          0          0          0          0   entry9a.o
        30          0          0          0          0          0   handlers.o
        36          8          0          0          0         68   init.o
        36          0          0          0          0         68   memcpya.o
        36          0          0          0          0        108   memseta.o
       240         10          0          0          0        176   printf2.o
         0          0          0          4          0          0   stdout.o

    ----------------------------------------------------------------------
       398         26          0          4          0        420   Library Totals
         0          0          0          0          0          0   (incl. Padding)

    ----------------------------------------------------------------------

      Code (inc. data)   RO Data    RW Data    ZI Data      Debug   Library Name

       398         26          0          4          0        420   mc_w.l

    ----------------------------------------------------------------------
       398         26          0          4          0        420   Library Totals

    ----------------------------------------------------------------------

==============================================================================


      Code (inc. data)   RO Data    RW Data    ZI Data      Debug   

     23562       1034       1602        220       1876     379139   Grand Totals
     23562       1034       1602        220       1876     379139   ELF Image Totals
     23562       1034       1602        220          0          0   ROM Totals

==============================================================================

    Total RO  Size (Code + RO Data)                25164 (  24.57kB)
    Total RW  Size (RW Data + ZI Data)              2096 (   2.05kB)
    Total ROM Size (Code + RO Data + RW Data)      25384 (  24.79kB)

==============================================================================

