ARM Linker, 5.03 [Build 76] [MDK-ARM Standard]

==============================================================================

Section Cross References

    startup_stm32f10x_md.o(RESET) refers to startup_stm32f10x_md.o(STACK) for __initial_sp
    startup_stm32f10x_md.o(RESET) refers to startup_stm32f10x_md.o(.text) for Reset_Handler
    startup_stm32f10x_md.o(RESET) refers to stm32f10x_it.o(.text) for NMI_Handler
    startup_stm32f10x_md.o(RESET) refers to transmit.o(.text) for TIM3_IRQHandler
    startup_stm32f10x_md.o(RESET) refers to usart1.o(.text) for USART1_IRQHandler
    startup_stm32f10x_md.o(RESET) refers to usart2.o(.text) for USART2_IRQHandler
    startup_stm32f10x_md.o(RESET) refers to rf.o(.text) for EXTI15_10_IRQHandler
    startup_stm32f10x_md.o(.text) refers to system_stm32f10x.o(.text) for SystemInit
    startup_stm32f10x_md.o(.text) refers to entry.o(.ARM.Collect$$$$00000000) for __main
    main.o(.text) refers to misc.o(.text) for NVIC_PriorityGroupConfig
    main.o(.text) refers to set_system_clock.o(.text) for Set_System_Clock
    main.o(.text) refers to usart1.o(.text) for GD5800_USART1_Config
    main.o(.text) refers to gd5800.o(.text) for GD5800_Initialization
    main.o(.text) refers to usart2.o(.text) for CH340_USART2_Config
    main.o(.text) refers to rf.o(.text) for RF_Config
    main.o(.text) refers to tm1629.o(.text) for Tm1629_GPIO_Config
    main.o(.text) refers to eeprom_24c.o(.text) for I2C_IO_Init
    main.o(.text) refers to key.o(.text) for Key_IO_Init
    main.o(.text) refers to stm32_rtc.o(.text) for RTC_NVIC_Config
    main.o(.text) refers to transmit.o(.text) for Transmit_IO_Init
    main.o(.text) refers to rf_app.o(.text) for Decoder_Process
    main.o(.text) refers to gd5800.o(.bss) for Sound_Data
    main.o(.text) refers to stm32_rtc.o(.bss) for systmtime
    stm32f10x_it.o(.text) refers to stm32f10x_rtc.o(.text) for RTC_GetITStatus
    stm32f10x_it.o(.text) refers to set_system_clock.o(.data) for System_Time_Count
    stm32f10x_it.o(.text) refers to rf_app.o(.data) for Call_Off_Time
    stm32f10x_it.o(.text) refers to gd5800.o(.data) for GD5800_Busy_Soft_Table
    stm32f10x_it.o(.text) refers to key.o(.data) for M_index
    stm32f10x_it.o(.text) refers to menu.o(.data) for Return_Standby_Time_Count
    set_system_clock.o(.text) refers to stm32f10x_rcc.o(.text) for RCC_DeInit
    set_system_clock.o(.text) refers to stm32f10x_gpio.o(.text) for GPIO_PinRemapConfig
    set_system_clock.o(.text) refers to system_stm32f10x.o(.data) for SystemCoreClock
    usart2.o(.text) refers to stm32f10x_rcc.o(.text) for RCC_APB2PeriphClockCmd
    usart2.o(.text) refers to stm32f10x_gpio.o(.text) for GPIO_Init
    usart2.o(.text) refers to stm32f10x_usart.o(.text) for USART_Init
    usart2.o(.text) refers to misc.o(.text) for NVIC_Init
    usart2.o(.text) refers to printf2.o(i.__0printf$2) for __2printf
    usart2.o(.text) refers to transmit.o(.data) for Queue_Number
    usart1.o(.text) refers to stm32f10x_rcc.o(.text) for RCC_APB2PeriphClockCmd
    usart1.o(.text) refers to stm32f10x_gpio.o(.text) for GPIO_Init
    usart1.o(.text) refers to stm32f10x_usart.o(.text) for USART_Init
    usart1.o(.text) refers to misc.o(.text) for NVIC_Init
    rf.o(.text) refers to stm32f10x_exti.o(.text) for EXTI_ClearITPendingBit
    rf.o(.text) refers to stm32f10x_rcc.o(.text) for RCC_APB2PeriphClockCmd
    rf.o(.text) refers to stm32f10x_gpio.o(.text) for GPIO_Init
    rf.o(.text) refers to misc.o(.text) for NVIC_Init
    rf.o(.text) refers to stm32f10x_tim.o(.text) for TIM_TimeBaseInit
    rf.o(.text) refers to rf.o(.data) for RF_Count
    rf.o(.text) refers to menu.o(.data) for Return_Standby_Time_Count
    rf.o(.text) refers to rf_app.o(.data) for Call_Off_Time
    rf.o(.text) refers to system_stm32f10x.o(.data) for SystemCoreClock
    tm1629.o(.text) refers to stm32f10x_rcc.o(.text) for RCC_APB2PeriphClockCmd
    tm1629.o(.text) refers to stm32f10x_gpio.o(.text) for GPIO_Init
    tm1629.o(.text) refers to menu.o(.data) for Return_Standby_Time_Count
    tm1629.o(.text) refers to tm1629.o(.bss) for Tm1629_Display_Ram
    tm1629.o(.text) refers to memseta.o(.text) for __aeabi_memclr
    tm1629.o(.text) refers to tm1629.o(.constdata) for Dis_TAB
    tm1629.o(.text) refers to tm1629.o(.data) for Flag_Tm1629_Blink_Time_Minute
    tm1629.o(.text) refers to transmit.o(.data) for Transmit_Data_Set_FANGQU
    tm1629.o(.text) refers to rf_app.o(.bss) for Decoder_Call_Save_Queue
    eeprom_24c.o(.text) refers to stm32f10x_rcc.o(.text) for RCC_APB2PeriphClockCmd
    eeprom_24c.o(.text) refers to stm32f10x_gpio.o(.text) for GPIO_Init
    eeprom_24c.o(.text) refers to gd5800.o(.text) for Specify_Music_Play
    eeprom_24c.o(.text) refers to menu.o(.data) for Set_Singal_Or_Multiple_Key_Mode
    eeprom_24c.o(.text) refers to memseta.o(.text) for __aeabi_memclr4
    eeprom_24c.o(.text) refers to memcpya.o(.text) for __aeabi_memcpy4
    eeprom_24c.o(.text) refers to eeprom_24c.o(.bss) for EEPROM
[...]
    depilogue.o(.text) refers to llushr.o(.text) for __aeabi_llsr


==============================================================================

Removing Unused input sections from the image.

    Removing startup_stm32f10x_md.o(HEAP), (512 bytes).
    Removing stm32f10x_adc.o(.text), (1102 bytes).
    Removing stm32f10x_can.o(.text), (2540 bytes).
    Removing stm32f10x_cec.o(.text), (288 bytes).
    Removing stm32f10x_crc.o(.text), (72 bytes).
    Removing stm32f10x_dac.o(.text), (528 bytes).
    Removing stm32f10x_dbgmcu.o(.text), (48 bytes).
    Removing stm32f10x_dma.o(.text), (592 bytes).
    Removing stm32f10x_flash.o(.text), (1468 bytes).
    Removing stm32f10x_fsmc.o(.text), (1560 bytes).
    Removing stm32f10x_i2c.o(.text), (796 bytes).
    Removing stm32f10x_iwdg.o(.text), (64 bytes).
    Removing stm32f10x_sdio.o(.text), (472 bytes).
    Removing stm32f10x_spi.o(.text), (804 bytes).
    Removing stm32f10x_wwdg.o(.text), (136 bytes).
    Removing core_cm3.o(.emb_text), (32 bytes).
    Removing dadd.o(.text), (334 bytes).
    Removing dmul.o(.text), (228 bytes).
    Removing ddiv.o(.text), (222 bytes).
    Removing dfixul.o(.text), (48 bytes).
    Removing cdrcmple.o(.text), (40 bytes).
    Removing depilogue.o(.text), (190 bytes).

22 unused section(s) (total 12076 bytes) removed from the image.

==============================================================================

Image Symbol Table

    Local Symbols

    Symbol Name                              Value     Ov Type        Size  Object(Section)

    ../clib/microlib/division.c              0x00000000   Number         0  uidiv.o ABSOLUTE
    ../clib/microlib/division.c              0x00000000   Number         0  uldiv.o ABSOLUTE
    ../clib/microlib/init/entry.s            0x00000000   Number         0  entry11b.o ABSOLUTE
    ../clib/microlib/init/entry.s            0x00000000   Number         0  entry11a.o ABSOLUTE
    ../clib/microlib/init/entry.s            0x00000000   Number         0  entry10b.o ABSOLUTE
    ../clib/microlib/init/entry.s            0x00000000   Number         0  entry.o ABSOLUTE
    ../clib/microlib/init/entry.s            0x00000000   Number         0  entry10a.o ABSOLUTE
    ../clib/microlib/init/entry.s            0x00000000   Number         0  entry9b.o ABSOLUTE
    ../clib/microlib/init/entry.s            0x00000000   Number         0  entry7b.o ABSOLUTE
    ../clib/microlib/init/entry.s            0x00000000   Number         0  entry7a.o ABSOLUTE
    ../clib/microlib/init/entry.s            0x00000000   Number         0  entry5.o ABSOLUTE
    ../clib/microlib/init/entry.s            0x00000000   Number         0  entry9a.o ABSOLUTE
    ../clib/microlib/init/entry.s            0x00000000   Number         0  entry2.o ABSOLUTE
    ../clib/microlib/init/entry.s            0x00000000   Number         0  entry8b.o ABSOLUTE
    ../clib/microlib/init/entry.s            0x00000000   Number         0  entry8a.o ABSOLUTE
    ../clib/microlib/longlong.c              0x00000000   Number         0  llsshr.o ABSOLUTE
    ../clib/microlib/longlong.c              0x00000000   Number         0  llushr.o ABSOLUTE
    ../clib/microlib/longlong.c              0x00000000   Number         0  llshl.o ABSOLUTE
    ../clib/microlib/printf/printf.c         0x00000000   Number         0  printf7.o ABSOLUTE
    ../clib/microlib/printf/printf.c         0x00000000   Number         0  printf8.o ABSOLUTE
    ../clib/microlib/printf/printf.c         0x00000000   Number         0  printfa.o ABSOLUTE
    ../clib/microlib/printf/printf.c         0x00000000   Number         0  printfb.o ABSOLUTE
    ../clib/microlib/printf/printf.c         0x00000000   Number         0  printf0.o ABSOLUTE
    ../clib/microlib/printf/printf.c         0x00000000   Number         0  printf1.o ABSOLUTE
    ../clib/microlib/printf/printf.c         0x00000000   Number         0  printf5.o ABSOLUTE
    ../clib/microlib/printf/printf.c         0x00000000   Number         0  printf2.o ABSOLUTE
    ../clib/microlib/printf/printf.c         0x00000000   Number         0  printf3.o ABSOLUTE
    ../clib/microlib/printf/printf.c         0x00000000   Number         0  printf4.o ABSOLUTE
    ../clib/microlib/printf/printf.c         0x00000000   Number         0  printf6.o ABSOLUTE
    ../clib/microlib/printf/stubs.s          0x00000000   Number         0  stubs.o ABSOLUTE
    ../clib/microlib/stdio/streams.c         0x00000000   Number         0  stdout.o ABSOLUTE
    ../clib/microlib/string/memcpy.c         0x00000000   Number         0  memcpya.o ABSOLUTE
    ../clib/microlib/string/memcpy.c         0x00000000   Number         0  memcpyb.o ABSOLUTE
    ../clib/microlib/string/memset.c         0x00000000   Number         0  memseta.o ABSOLUTE
    ../clib/microlib/stubs.s                 0x00000000   Number         0  iusefp.o ABSOLUTE
    ../fplib/microlib/fpadd.c                0x00000000   Number         0  dadd.o ABSOLUTE
    ../fplib/microlib/fpdiv.c                0x00000000   Number         0  ddiv.o ABSOLUTE
    ../fplib/microlib/fpepilogue.c           0x00000000   Number         0  depilogue.o ABSOLUTE
    ../fplib/microlib/fpfix.c                0x00000000   Number         0  dfixul.o ABSOLUTE
    ../fplib/microlib/fpmul.c                0x00000000   Number         0  dmul.o ABSOLUTE
    ..\CMSIS\core_cm3.c                      0x00000000   Number         0  core_cm3.o ABSOLUTE
    ..\CMSIS\startup\startup_stm32f10x_md.s  0x00000000   Number         0  startup_stm32f10x_md.o ABSOLUTE
    ..\CMSIS\system_stm32f10x.c              0x00000000   Number         0  system_stm32f10x.o ABSOLUTE
    ..\FWlib\src\misc.c                      0x00000000   Number         0  misc.o ABSOLUTE
    ..\FWlib\src\stm32f10x_adc.c             0x00000000   Number         0  stm32f10x_adc.o ABSOLUTE
    ..\FWlib\src\stm32f10x_bkp.c             0x00000000   Number         0  stm32f10x_bkp.o ABSOLUTE
    ..\FWlib\src\stm32f10x_can.c             0x00000000   Number         0  stm32f10x_can.o ABSOLUTE
    ..\FWlib\src\stm32f10x_cec.c             0x00000000   Number         0  stm32f10x_cec.o ABSOLUTE
    ..\FWlib\src\stm32f10x_crc.c             0x00000000   Number         0  stm32f10x_crc.o ABSOLUTE
    ..\FWlib\src\stm32f10x_dac.c             0x00000000   Number         0  stm32f10x_dac.o ABSOLUTE
    ..\FWlib\src\stm32f10x_dbgmcu.c          0x00000000   Number         0  stm32f10x_dbgmcu.o ABSOLUTE
    ..\FWlib\src\stm32f10x_dma.c             0x00000000   Number         0  stm32f10x_dma.o ABSOLUTE
    ..\FWlib\src\stm32f10x_exti.c            0x00000000   Number         0  stm32f10x_exti.o ABSOLUTE
    ..\FWlib\src\stm32f10x_flash.c           0x00000000   Number         0  stm32f10x_flash.o ABSOLUTE
    ..\FWlib\src\stm32f10x_fsmc.c            0x00000000   Number         0  stm32f10x_fsmc.o ABSOLUTE
    ..\FWlib\src\stm32f10x_gpio.c            0x00000000   Number         0  stm32f10x_gpio.o ABSOLUTE
    ..\FWlib\src\stm32f10x_i2c.c             0x00000000   Number         0  stm32f10x_i2c.o ABSOLUTE
    ..\FWlib\src\stm32f10x_iwdg.c            0x00000000   Number         0  stm32f10x_iwdg.o ABSOLUTE
    ..\FWlib\src\stm32f10x_pwr.c             0x00000000   Number         0  stm32f10x_pwr.o ABSOLUTE
    ..\FWlib\src\stm32f10x_rcc.c             0x00000000   Number         0  stm32f10x_rcc.o ABSOLUTE
    ..\FWlib\src\stm32f10x_rtc.c             0x00000000   Number         0  stm32f10x_rtc.o ABSOLUTE
    ..\FWlib\src\stm32f10x_sdio.c            0x00000000   Number         0  stm32f10x_sdio.o ABSOLUTE
    ..\FWlib\src\stm32f10x_spi.c             0x00000000   Number         0  stm32f10x_spi.o ABSOLUTE
    ..\FWlib\src\stm32f10x_tim.c             0x00000000   Number         0  stm32f10x_tim.o ABSOLUTE
    ..\FWlib\src\stm32f10x_usart.c           0x00000000   Number         0  stm32f10x_usart.o ABSOLUTE
    ..\FWlib\src\stm32f10x_wwdg.c            0x00000000   Number         0  stm32f10x_wwdg.o ABSOLUTE
    ..\USER\bsp_date.c                       0x00000000   Number         0  bsp_date.o ABSOLUTE
    ..\USER\eeprom_24c.c                     0x00000000   Number         0  eeprom_24c.o ABSOLUTE
    ..\USER\gd5800.c                         0x00000000   Number         0  gd5800.o ABSOLUTE
    ..\USER\key.c                            0x00000000   Number         0  key.o ABSOLUTE
    ..\USER\main.c                           0x00000000   Number         0  main.o ABSOLUTE
    ..\USER\menu.c                           0x00000000   Number         0  menu.o ABSOLUTE
    ..\USER\rf.c                             0x00000000   Number         0  rf.o ABSOLUTE
    ..\USER\rf_app.c                         0x00000000   Number         0  rf_app.o ABSOLUTE
    ..\USER\set_system_clock.c               0x00000000   Number         0  set_system_clock.o ABSOLUTE
    ..\USER\stm32_rtc.c                      0x00000000   Number         0  stm32_rtc.o ABSOLUTE
    ..\USER\stm32f10x_it.c                   0x00000000   Number         0  stm32f10x_it.o ABSOLUTE
    ..\USER\tm1629.c                         0x00000000   Number         0  tm1629.o ABSOLUTE
    ..\USER\transmit.c                       0x00000000   Number         0  transmit.o ABSOLUTE
    ..\USER\usart1.c                         0x00000000   Number         0  usart1.o ABSOLUTE
    ..\USER\usart2.c                         0x00000000   Number         0  usart2.o ABSOLUTE
    ..\\CMSIS\\core_cm3.c                    0x00000000   Number         0  core_cm3.o ABSOLUTE
    cdrcmple.s                               0x00000000   Number         0  cdrcmple.o ABSOLUTE
    dc.s                                     0x00000000   Number         0  dc.o ABSOLUTE
    handlers.s                               0x00000000   Number         0  handlers.o ABSOLUTE
    init.s                                   0x00000000   Number         0  init.o ABSOLUTE
    RESET                                    0x08000000   Section      236  startup_stm32f10x_md.o(RESET)
    .ARM.Collect$$$$00000000                 0x080000ec   Section        0  entry.o(.ARM.Collect$$$$00000000)
    .ARM.Collect$$$$00000001                 0x080000ec   Section        4  entry2.o(.ARM.Collect$$$$00000001)
    .ARM.Collect$$$$00000004                 0x080000f0   Section        4  entry5.o(.ARM.Collect$$$$00000004)
    .ARM.Collect$$$$00000008                 0x080000f4   Section        0  entry7b.o(.ARM.Collect$$$$00000008)
    .ARM.Collect$$$$0000000A                 0x080000f4   Section        0  entry8b.o(.ARM.Collect$$$$0000000A)
    .ARM.Collect$$$$0000000B                 0x080000f4   Section        8  entry9a.o(.ARM.Collect$$$$0000000B)
    .ARM.Collect$$$$0000000D                 0x080000fc   Section        0  entry10a.o(.ARM.Collect$$$$0000000D)
    .ARM.Collect$$$$0000000F                 0x080000fc   Section        0  entry11a.o(.ARM.Collect$$$$0000000F)
    .ARM.Collect$$$$00002712                 0x080000fc   Section        4  entry2.o(.ARM.Collect$$$$00002712)
    __lit__00000000                          0x080000fc   Data           4  entry2.o(.ARM.Collect$$$$00002712)
    .text                                    0x08000100   Section       36  startup_stm32f10x_md.o(.text)
    .text                                    0x08000124   Section        0  main.o(.text)
    .text                                    0x08000194   Section        0  stm32f10x_it.o(.text)
    .text                                    0x080002a8   Section        0  set_system_clock.o(.text)
    NVIC_SetPriority                         0x080002a9   Thumb Code    32  set_system_clock.o(.text)
    .text                                    0x08000394   Section        0  usart2.o(.text)
    .text                                    0x08000694   Section        0  usart1.o(.text)
    .text                                    0x0800076c   Section        0  rf.o(.text)
    RF_IO_Init                               0x0800086b   Thumb Code    36  rf.o(.text)
    .text                                    0x08000954   Section        0  tm1629.o(.text)
    WriteDataTo1629_1                        0x080009ab   Thumb Code    82  tm1629.o(.text)
    WriteDataTo1629_2                        0x080009fd   Thumb Code    80  tm1629.o(.text)
    WriteDataTo1629_3                        0x08000a4d   Thumb Code    80  tm1629.o(.text)
    SendCommandTo1629_1                      0x08000a9d   Thumb Code    34  tm1629.o(.text)
    SendCommandTo1629_2                      0x08000c99   Thumb Code    34  tm1629.o(.text)
    SendCommandTo1629_3                      0x08000cbb   Thumb Code    34  tm1629.o(.text)
    .text                                    0x08001330   Section        0  eeprom_24c.o(.text)
    I2C_Delay_us                             0x0800137f   Thumb Code    28  eeprom_24c.o(.text)
    I2C_Start                                0x0800139b   Thumb Code    60  eeprom_24c.o(.text)
    I2C_Send_Byte                            0x080013d7   Thumb Code   146  eeprom_24c.o(.text)
    I2C_Receive_Byte                         0x08001469   Thumb Code    72  eeprom_24c.o(.text)
    I2C_Stop                                 0x080014b1   Thumb Code    60  eeprom_24c.o(.text)
    .text                                    0x08001f88   Section        0  key.o(.text)
    Key_Delay_us                             0x08001fa9   Thumb Code    28  key.o(.text)
    __set_FAULTMASK                          0x08002783   Thumb Code    10  key.o(.text)
    NVIC_SystemReset                         0x0800278d   Thumb Code    26  key.o(.text)
    .text                                    0x080027e4   Section        0  menu.o(.text)
    Play_Navigation_Voice                    0x0800283b   Thumb Code   100  menu.o(.text)
    Menu_Standby                             0x08002905   Thumb Code   144  menu.o(.text)
    Menu_F0                                  0x08002995   Thumb Code    34  menu.o(.text)
    Menu_F1                                  0x080029b7   Thumb Code    16  menu.o(.text)
    Menu_F2                                  0x080029c7   Thumb Code    16  menu.o(.text)
    Menu_F3                                  0x080029d7   Thumb Code    16  menu.o(.text)
    Menu_F4                                  0x080029e7   Thumb Code    16  menu.o(.text)
    Menu_F5                                  0x080029f7   Thumb Code    16  menu.o(.text)
    Menu_F6                                  0x08002a07   Thumb Code    16  menu.o(.text)
    Menu_F7                                  0x08002a17   Thumb Code    16  menu.o(.text)
    Menu_F8                                  0x08002a27   Thumb Code    16  menu.o(.text)
    Menu_F9                                  0x08002a37   Thumb Code    16  menu.o(.text)
    Menu_FA                                  0x08002a47   Thumb Code    10  menu.o(.text)
    Menu_FB                                  0x08002a51   Thumb Code    10  menu.o(.text)
    Menu_FC                                  0x08002a5b   Thumb Code    10  menu.o(.text)
    Menu_FD                                  0x08002a65   Thumb Code    10  menu.o(.text)
    Menu_FE                                  0x08002a6f   Thumb Code    10  menu.o(.text)
    Menu_F0_Minute                           0x08002a79   Thumb Code   100  menu.o(.text)
    Menu_F0_Hour                             0x08002add   Thumb Code   100  menu.o(.text)
    Menu_F0_Day                              0x08002b41   Thumb Code   102  menu.o(.text)
    Menu_F0_Month                            0x08002ba7   Thumb Code   102  menu.o(.text)
    Menu_F0_Year                             0x08002c0d   Thumb Code   142  menu.o(.text)
    Menu_F0_Week                             0x08002c9b   Thumb Code     8  menu.o(.text)
    Menu_F1_E1                               0x08002ca3   Thumb Code    10  menu.o(.text)
    Menu_F1_E2                               0x08002cad   Thumb Code    10  menu.o(.text)
    Menu_F1_E3                               0x08002cb7   Thumb Code    10  menu.o(.text)
    Menu_F1_E4                               0x08002cc1   Thumb Code    10  menu.o(.text)
    Menu_F2_E1                               0x08002ccb   Thumb Code    10  menu.o(.text)
    Menu_F2_E2                               0x08002cd5   Thumb Code    10  menu.o(.text)
    Menu_F2_E3                               0x08002cdf   Thumb Code    10  menu.o(.text)
    Menu_F2_E4                               0x08002ce9   Thumb Code    10  menu.o(.text)
    Menu_F3_E1                               0x08002cf3   Thumb Code    10  menu.o(.text)
    Menu_F3_E2                               0x08002cfd   Thumb Code    10  menu.o(.text)
    Menu_F4_Set                              0x08002d07   Thumb Code    88  menu.o(.text)
    Menu_F5_Set                              0x08002d5f   Thumb Code    88  menu.o(.text)
    Menu_F6_E1                               0x08002db7   Thumb Code    10  menu.o(.text)
    Menu_F6_E2                               0x08002dc1   Thumb Code    10  menu.o(.text)
    Menu_F6_E3                               0x08002dcb   Thumb Code    10  menu.o(.text)
    Menu_F6_E4                               0x08002dd5   Thumb Code    10  menu.o(.text)
    Menu_F6_E5                               0x08002ddf   Thumb Code    10  menu.o(.text)
    Menu_F6_E6                               0x08002de9   Thumb Code    10  menu.o(.text)
    Menu_F6_E7                               0x08002df3   Thumb Code    10  menu.o(.text)
    Menu_F6_E8                               0x08002dfd   Thumb Code    10  menu.o(.text)
    Menu_F7_E1                               0x08002e07   Thumb Code    10  menu.o(.text)
    Menu_F7_E2                               0x08002e11   Thumb Code    10  menu.o(.text)
    Menu_F7_E3                               0x08002e1b   Thumb Code    10  menu.o(.text)
    Menu_F7_E4                               0x08002e25   Thumb Code    10  menu.o(.text)
    Menu_F8_E1                               0x08002e2f   Thumb Code    18  menu.o(.text)
    Menu_F8_E2                               0x08002e41   Thumb Code    16  menu.o(.text)
    Menu_F9_E1                               0x08002e51   Thumb Code    10  menu.o(.text)
    Menu_F9_E2                               0x08002e5b   Thumb Code    10  menu.o(.text)
    Menu_FA_Set                              0x08002e65   Thumb Code     2  menu.o(.text)
    Menu_FB_Set                              0x08002e67   Thumb Code    82  menu.o(.text)
    Menu_FC_Set                              0x08002eb9   Thumb Code    82  menu.o(.text)
    Menu_FD_Set                              0x08002f0b   Thumb Code     2  menu.o(.text)
    Menu_FE_E1                               0x08002f0d   Thumb Code    10  menu.o(.text)
    Menu_FE_E2                               0x08002f17   Thumb Code    10  menu.o(.text)
    Menu_F1_E1_D1                            0x08002f21   Thumb Code    90  menu.o(.text)
    Menu_F1_E1_D2                            0x08002f7b   Thumb Code    90  menu.o(.text)
    Menu_F1_E1_D3                            0x08002fd5   Thumb Code    90  menu.o(.text)
    Menu_F1_E1_D4                            0x0800302f   Thumb Code   136  menu.o(.text)
    Menu_F1_E2_D1                            0x080030b7   Thumb Code    90  menu.o(.text)
    Menu_F1_E2_D2                            0x08003111   Thumb Code    90  menu.o(.text)
    Menu_F1_E2_D3                            0x0800316b   Thumb Code    90  menu.o(.text)
    Menu_F1_E2_D4                            0x080031c5   Thumb Code    90  menu.o(.text)
    Menu_F1_E3_D1                            0x0800321f   Thumb Code    90  menu.o(.text)
    Menu_F1_E3_D2                            0x08003279   Thumb Code    90  menu.o(.text)
    Menu_F1_E3_D3                            0x080032d3   Thumb Code    90  menu.o(.text)
    Menu_F1_E3_D4                            0x0800332d   Thumb Code    90  menu.o(.text)
    Menu_F1_E4_D1                            0x08003387   Thumb Code    90  menu.o(.text)
    Menu_F1_E4_D2                            0x080033e1   Thumb Code    90  menu.o(.text)
    Menu_F1_E4_D3                            0x0800343b   Thumb Code   112  menu.o(.text)
    Menu_F1_E4_D4                            0x080034ab   Thumb Code    90  menu.o(.text)
    Menu_F2_E1_D1                            0x08003505   Thumb Code    90  menu.o(.text)
    Menu_F2_E1_D2                            0x0800355f   Thumb Code    90  menu.o(.text)
    Menu_F2_E1_D3                            0x080035b9   Thumb Code    90  menu.o(.text)
    Menu_F2_E1_D4                            0x08003613   Thumb Code    90  menu.o(.text)
    Menu_F2_E2_D1                            0x0800366d   Thumb Code    90  menu.o(.text)
    Menu_F2_E2_D2                            0x080036c7   Thumb Code    90  menu.o(.text)
    Menu_F2_E2_D3                            0x08003721   Thumb Code    90  menu.o(.text)
    Menu_F2_E2_D4                            0x0800377b   Thumb Code    90  menu.o(.text)
    Menu_F2_E3_D1                            0x080037d5   Thumb Code    90  menu.o(.text)
    Menu_F2_E3_D2                            0x0800382f   Thumb Code   112  menu.o(.text)
    Menu_F2_E3_D3                            0x0800389f   Thumb Code    90  menu.o(.text)
    Menu_F2_E3_D4                            0x080038f9   Thumb Code    90  menu.o(.text)
    Menu_F2_E4_D1                            0x08003953   Thumb Code    90  menu.o(.text)
    Menu_F2_E4_D2                            0x080039ad   Thumb Code    90  menu.o(.text)
    Menu_F2_E4_D3                            0x08003a07   Thumb Code    90  menu.o(.text)
    Menu_F2_E4_D4                            0x08003a61   Thumb Code    90  menu.o(.text)
    Menu_F3_E1_Set                           0x08003abb   Thumb Code    82  menu.o(.text)
    Menu_F3_E2_Set                           0x08003b0d   Thumb Code    88  menu.o(.text)
    Menu_F6_E1_Set                           0x08003b65   Thumb Code    88  menu.o(.text)
    Menu_F6_E2_Set                           0x08003bbd   Thumb Code    90  menu.o(.text)
    Menu_F6_E3_Set                           0x08003c17   Thumb Code   114  menu.o(.text)
    Menu_F6_E4_Set                           0x08003c89   Thumb Code   118  menu.o(.text)
    Menu_F6_E5_Set                           0x08003cff   Thumb Code    90  menu.o(.text)
    Menu_F6_E6_Set                           0x08003d59   Thumb Code    82  menu.o(.text)
    Menu_F6_E7_Set                           0x08003dab   Thumb Code    82  menu.o(.text)
    Menu_F6_E8_Set                           0x08003dfd   Thumb Code    82  menu.o(.text)
    Menu_F7_E1_Set                           0x08003e4f   Thumb Code    88  menu.o(.text)
    Menu_F7_E2_Set                           0x08003ea7   Thumb Code    80  menu.o(.text)
    Menu_F7_E3_Set                           0x08003ef7   Thumb Code    80  menu.o(.text)
    Menu_F7_E4_Set                           0x08003f47   Thumb Code    80  menu.o(.text)
    Menu_F8_E1_Set                           0x08003f97   Thumb Code   106  menu.o(.text)
    Menu_F8_E2_Set                           0x08004001   Thumb Code   148  menu.o(.text)
    Menu_Decoder                             0x08004095   Thumb Code    56  menu.o(.text)
    .text                                    0x080040d8   Section        0  rf_app.o(.text)
    Decoder_Line_To_Display_Ram_For_Eight_Byte 0x080040d9   Thumb Code   186  rf_app.o(.text)
    Buff_Move_Up_One_Position                0x0800425f   Thumb Code    10  rf_app.o(.text)
    Return_End_Of_Buff                       0x08004269   Thumb Code    36  rf_app.o(.text)
    Decoder_Function_Of_Cancel               0x0800428d   Thumb Code   100  rf_app.o(.text)
    Buff_Move_Up_All_Position_And_Init       0x080042f1   Thumb Code    46  rf_app.o(.text)
    Left_Buff_Add_To_End_Of_Right_Buff       0x0800431f   Thumb Code    62  rf_app.o(.text)
    Buff_Move_Down_One_Position              0x0800435d   Thumb Code    10  rf_app.o(.text)
    Buff_Move_Down_All_Position_And_Init     0x08004367   Thumb Code    54  rf_app.o(.text)
    Left_Buff_Add_To_Head_Of_Right_Buff      0x0800439d   Thumb Code    22  rf_app.o(.text)
    Decoder_Search_Buff_Is_Or_Not_In_Queue   0x080043b3   Thumb Code   118  rf_app.o(.text)
    Decoder_Function_Of_Return_Fun_Id        0x08004429   Thumb Code    32  rf_app.o(.text)
    Decoder_Function_Of_Assignment_For_Call_Id 0x08004449   Thumb Code    54  rf_app.o(.text)
    Decoder_Function_Of_Assignment_For_KeyBoard 0x0800447f   Thumb Code    36  rf_app.o(.text)
    Decoder_Funciton_Of_Is_Or_Not_KeyBoard   0x080044a3   Thumb Code    86  rf_app.o(.text)
    Decoder_Decoder_Menu                     0x080044f9   Thumb Code   244  rf_app.o(.text)
    Decoder_F8_E2                            0x080045ed   Thumb Code    44  rf_app.o(.text)
    Decoder_F1_E4                            0x08004619   Thumb Code    36  rf_app.o(.text)
    Decoder_F1_E3                            0x0800463d   Thumb Code    36  rf_app.o(.text)
    Decoder_F1_E2                            0x08004661   Thumb Code    36  rf_app.o(.text)
    Decoder_F1_E1                            0x08004685   Thumb Code    36  rf_app.o(.text)
    Decoder_Standby                          0x080046a9   Thumb Code   218  rf_app.o(.text)
    .text                                    0x08004abc   Section        0  gd5800.o(.text)
    GD5800_Play_Music_Of_Defense_Area_For_Head 0x08004b4b   Thumb Code   140  gd5800.o(.text)
    GD5800_Play_Music_Of_Defense_Area_For_End 0x08004bd7   Thumb Code   124  gd5800.o(.text)
    GD5800_Play_Music_Of_Hundred             0x08004c53   Thumb Code    50  gd5800.o(.text)
    GD5800_Play_Music_Of_Ten                 0x08004c85   Thumb Code    68  gd5800.o(.text)
    GD5800_Play_Music_Of_One                 0x08004cc9   Thumb Code    44  gd5800.o(.text)
    GD5800_Play_Music_Of_Other               0x08004cf5   Thumb Code    60  gd5800.o(.text)
    GD5800_Play_Music_Of_Last_Three_Bit      0x08004d31   Thumb Code    44  gd5800.o(.text)
    GD5800_Play_Music_Of_Play_Music_Of_Mode_Within_NOT_REPORT_C 0x08004d5d   Thumb Code    32  gd5800.o(.text)
    GD5800_Play_Music_Of_Play_Music_Of_Mode_More_Than_NOT_REPORT_C 0x08004d7d   Thumb Code    34  gd5800.o(.text)
    .text                                    0x08004eb0   Section        0  stm32_rtc.o(.text)
    RTC_Configuration                        0x08004ed3   Thumb Code    88  stm32_rtc.o(.text)
    .text                                    0x08004f88   Section        0  bsp_date.o(.text)
    .text                                    0x08005168   Section        0  transmit.o(.text)
    .text                                    0x08005584   Section        0  misc.o(.text)
    .text                                    0x08005660   Section        0  stm32f10x_bkp.o(.text)
    .text                                    0x08005724   Section        0  stm32f10x_exti.o(.text)
    .text                                    0x08005840   Section        0  stm32f10x_gpio.o(.text)
    .text                                    0x08005b98   Section        0  stm32f10x_pwr.o(.text)
    .text                                    0x08005c64   Section        0  stm32f10x_rcc.o(.text)
    .text                                    0x08006028   Section        0  stm32f10x_rtc.o(.text)
    .text                                    0x0800616c   Section        0  stm32f10x_tim.o(.text)
    TI4_Config                               0x08006613   Thumb Code   130  stm32f10x_tim.o(.text)
    TI3_Config                               0x080066a7   Thumb Code   122  stm32f10x_tim.o(.text)
    TI2_Config                               0x0800673b   Thumb Code   130  stm32f10x_tim.o(.text)
    TI1_Config                               0x080067cf   Thumb Code   108  stm32f10x_tim.o(.text)
    .text                                    0x08006f88   Section        0  stm32f10x_usart.o(.text)
    .text                                    0x08007390   Section        0  system_stm32f10x.o(.text)
    SetSysClockTo24                          0x08007391   Thumb Code   176  system_stm32f10x.o(.text)
    SetSysClock                              0x08007441   Thumb Code     8  system_stm32f10x.o(.text)
    .text                                    0x08007544   Section        0  memcpya.o(.text)
    .text                                    0x08007568   Section        0  memseta.o(.text)
    .text                                    0x0800758c   Section       36  init.o(.text)
    i.__0printf$2                            0x080075b0   Section        0  printf2.o(i.__0printf$2)
    i.__scatterload_copy                     0x080075d0   Section       14  handlers.o(i.__scatterload_copy)
    i.__scatterload_null                     0x080075de   Section        2  handlers.o(i.__scatterload_null)
    i.__scatterload_zeroinit                 0x080075e0   Section       14  handlers.o(i.__scatterload_zeroinit)
    i._printf_core                           0x080075ee   Section        0  printf2.o(i._printf_core)
    _printf_core                             0x080075ef   Thumb Code   208  printf2.o(i._printf_core)
    .constdata                               0x080076be   Section       50  tm1629.o(.constdata)
    .constdata                               0x080076f0   Section     1284  menu.o(.constdata)
    .constdata                               0x08007bf4   Section       48  bsp_date.o(.constdata)
    .data                                    0x20000000   Section        9  set_system_clock.o(.data)
    .data                                    0x2000000c   Section       27  rf.o(.data)
    .data                                    0x20000027   Section       18  tm1629.o(.data)
    Flag_Tm1629_Blink_Time_Minute            0x2000002f   Data           1  tm1629.o(.data)
    Flag_Tm1629_Blink_Time_Hour              0x20000030   Data           1  tm1629.o(.data)
    Flag_Tm1629_Blink_Time_Day               0x20000031   Data           1  tm1629.o(.data)
    Flag_Tm1629_Blink_Time_Month             0x20000032   Data           1  tm1629.o(.data)
    Flag_Tm1629_Blink_Time_Year              0x20000033   Data           1  tm1629.o(.data)
    Flag_Tm1629_Blink_Time_Week              0x20000034   Data           1  tm1629.o(.data)
    Flag_Tm1629_Blink_One_Position           0x20000035   Data           1  tm1629.o(.data)
    Flag_Tm1629_Blink_Two_Position           0x20000036   Data           1  tm1629.o(.data)
    Flag_Tm1629_Blink_Three_Position         0x20000037   Data           1  tm1629.o(.data)
    Flag_Tm1629_Blink_Four_Position          0x20000038   Data           1  tm1629.o(.data)
    .data                                    0x2000003c   Section        8  key.o(.data)
    .data                                    0x20000044   Section       66  menu.o(.data)
    Standby_index                            0x20000085   Data           1  menu.o(.data)
    .data                                    0x20000088   Section       45  rf_app.o(.data)
    .data                                    0x200000b5   Section        2  gd5800.o(.data)
    .data                                    0x200000b8   Section       48  bsp_date.o(.data)
    month_days                               0x200000b8   Data          48  bsp_date.o(.data)
    .data                                    0x200000e8   Section       11  transmit.o(.data)
    .data                                    0x200000f3   Section       20  stm32f10x_rcc.o(.data)
    APBAHBPrescTable                         0x200000f3   Data          16  stm32f10x_rcc.o(.data)
    ADCPrescTable                            0x20000103   Data           4  stm32f10x_rcc.o(.data)
    .data                                    0x20000108   Section       20  system_stm32f10x.o(.data)
    .data                                    0x2000011c   Section        4  stdout.o(.data)
    .bss                                     0x20000120   Section       48  tm1629.o(.bss)
    .bss                                     0x20000150   Section       16  eeprom_24c.o(.bss)
    .bss                                     0x20000160   Section      800  rf_app.o(.bss)
    .bss                                     0x20000480   Section       20  gd5800.o(.bss)
    .bss                                     0x20000494   Section       28  stm32_rtc.o(.bss)
    STACK                                    0x200004b0   Section     1024  startup_stm32f10x_md.o(STACK)

    Global Symbols

    Symbol Name                              Value     Ov Type        Size  Object(Section)

    BuildAttributes$$THM_ISAv4$P$D$K$B$S$PE$A:L22UL41UL21$X:L11$S22US41US21$IEEE1$IW$USESV6$~STKCKD$USESV7$~SHL$OSPACE$ROPI$EBA8$MICROLIB$REQ8$PRES8$EABIv2 0x00000000   Number         0  anon$$obj.o ABSOLUTE
    __ARM_use_no_argv                        0x00000000   Number         0  main.o ABSOLUTE
    _printf_a                                0x00000000   Number         0  stubs.o ABSOLUTE
    _printf_c                                0x00000000   Number         0  stubs.o ABSOLUTE
    _printf_charcount                        0x00000000   Number         0  stubs.o ABSOLUTE
    _printf_d                                0x00000000   Number         0  stubs.o ABSOLUTE
    _printf_e                                0x00000000   Number         0  stubs.o ABSOLUTE
    _printf_f                                0x00000000   Number         0  stubs.o ABSOLUTE
    _printf_flags                            0x00000000   Number         0  stubs.o ABSOLUTE
    _printf_fp_dec                           0x00000000   Number         0  stubs.o ABSOLUTE
    _printf_fp_hex                           0x00000000   Number         0  stubs.o ABSOLUTE
    _printf_g                                0x00000000   Number         0  stubs.o ABSOLUTE
    _printf_i                                0x00000000   Number         0  stubs.o ABSOLUTE
    _printf_int_dec                          0x00000000   Number         0  stubs.o ABSOLUTE
    _printf_l                                0x00000000   Number         0  stubs.o ABSOLUTE
    _printf_lc                               0x00000000   Number         0  stubs.o ABSOLUTE
    _printf_ll                               0x00000000   Number         0  stubs.o ABSOLUTE
    _printf_lld                              0x00000000   Number         0  stubs.o ABSOLUTE
    _printf_lli                              0x00000000   Number         0  stubs.o ABSOLUTE
    _printf_llo                              0x00000000   Number         0  stubs.o ABSOLUTE
    _printf_llu                              0x00000000   Number         0  stubs.o ABSOLUTE
    _printf_llx                              0x00000000   Number         0  stubs.o ABSOLUTE
    _printf_longlong_dec                     0x00000000   Number         0  stubs.o ABSOLUTE
    _printf_longlong_hex                     0x00000000   Number         0  stubs.o ABSOLUTE
    _printf_longlong_oct                     0x00000000   Number         0  stubs.o ABSOLUTE
    _printf_ls                               0x00000000   Number         0  stubs.o ABSOLUTE
    _printf_mbtowc                           0x00000000   Number         0  stubs.o ABSOLUTE
    _printf_n                                0x00000000   Number         0  stubs.o ABSOLUTE
    _printf_o                                0x00000000   Number         0  stubs.o ABSOLUTE
    _printf_p                                0x00000000   Number         0  stubs.o ABSOLUTE
    _printf_percent                          0x00000000   Number         0  stubs.o ABSOLUTE
    _printf_pre_padding                      0x00000000   Number         0  stubs.o ABSOLUTE
    _printf_return_value                     0x00000000   Number         0  stubs.o ABSOLUTE
    _printf_s                                0x00000000   Number         0  stubs.o ABSOLUTE
    _printf_sizespec                         0x00000000   Number         0  stubs.o ABSOLUTE
    _printf_str                              0x00000000   Number         0  stubs.o ABSOLUTE
    _printf_truncate_signed                  0x00000000   Number         0  stubs.o ABSOLUTE
    _printf_truncate_unsigned                0x00000000   Number         0  stubs.o ABSOLUTE
    _printf_u                                0x00000000   Number         0  stubs.o ABSOLUTE
    _printf_wc                               0x00000000   Number         0  stubs.o ABSOLUTE
    _printf_wctomb                           0x00000000   Number         0  stubs.o ABSOLUTE
    _printf_widthprec                        0x00000000   Number         0  stubs.o ABSOLUTE
    _printf_x                                0x00000000   Number         0  stubs.o ABSOLUTE
    __cpp_initialize__aeabi_                  - Undefined Weak Reference
    __cxa_finalize                            - Undefined Weak Reference
    __decompress                              - Undefined Weak Reference
    _clock_init                               - Undefined Weak Reference
    _microlib_exit                            - Undefined Weak Reference
    __Vectors_Size                           0x000000ec   Number         0  startup_stm32f10x_md.o ABSOLUTE
    __Vectors                                0x08000000   Data           4  startup_stm32f10x_md.o(RESET)
    __Vectors_End                            0x080000ec   Data           0  startup_stm32f10x_md.o(RESET)
    __main                                   0x080000ed   Thumb Code     0  entry.o(.ARM.Collect$$$$00000000)
    _main_stk                                0x080000ed   Thumb Code     0  entry2.o(.ARM.Collect$$$$00000001)
    _main_scatterload                        0x080000f1   Thumb Code     0  entry5.o(.ARM.Collect$$$$00000004)
    __main_after_scatterload                 0x080000f5   Thumb Code     0  entry5.o(.ARM.Collect$$$$00000004)
    _main_clock                              0x080000f5   Thumb Code     0  entry7b.o(.ARM.Collect$$$$00000008)
    _main_cpp_init                           0x080000f5   Thumb Code     0  entry8b.o(.ARM.Collect$$$$0000000A)
    _main_init                               0x080000f5   Thumb Code     0  entry9a.o(.ARM.Collect$$$$0000000B)
    __rt_final_cpp                           0x080000fd   Thumb Code     0  entry10a.o(.ARM.Collect$$$$0000000D)
    __rt_final_exit                          0x080000fd   Thumb Code     0  entry11a.o(.ARM.Collect$$$$0000000F)
    Reset_Handler                            0x08000101   Thumb Code     8  startup_stm32f10x_md.o(.text)
    ADC1_2_IRQHandler                        0x0800011b   Thumb Code     0  startup_stm32f10x_md.o(.text)
    CAN1_RX1_IRQHandler                      0x0800011b   Thumb Code     0  startup_stm32f10x_md.o(.text)
    CAN1_SCE_IRQHandler                      0x0800011b   Thumb Code     0  startup_stm32f10x_md.o(.text)
    DMA1_Channel1_IRQHandler                 0x0800011b   Thumb Code     0  startup_stm32f10x_md.o(.text)
    DMA1_Channel2_IRQHandler                 0x0800011b   Thumb Code     0  startup_stm32f10x_md.o(.text)
    DMA1_Channel3_IRQHandler                 0x0800011b   Thumb Code     0  startup_stm32f10x_md.o(.text)
    DMA1_Channel4_IRQHandler                 0x0800011b   Thumb Code     0  startup_stm32f10x_md.o(.text)
    DMA1_Channel5_IRQHandler                 0x0800011b   Thumb Code     0  startup_stm32f10x_md.o(.text)
    DMA1_Channel6_IRQHandler                 0x0800011b   Thumb Code     0  startup_stm32f10x_md.o(.text)
    DMA1_Channel7_IRQHandler                 0x0800011b   Thumb Code     0  startup_stm32f10x_md.o(.text)
    EXTI0_IRQHandler                         0x0800011b   Thumb Code     0  startup_stm32f10x_md.o(.text)
    EXTI1_IRQHandler                         0x0800011b   Thumb Code     0  startup_stm32f10x_md.o(.text)
    EXTI2_IRQHandler                         0x0800011b   Thumb Code     0  startup_stm32f10x_md.o(.text)
    EXTI3_IRQHandler                         0x0800011b   Thumb Code     0  startup_stm32f10x_md.o(.text)
    EXTI4_IRQHandler                         0x0800011b   Thumb Code     0  startup_stm32f10x_md.o(.text)
    EXTI9_5_IRQHandler                       0x0800011b   Thumb Code     0  startup_stm32f10x_md.o(.text)
    FLASH_IRQHandler                         0x0800011b   Thumb Code     0  startup_stm32f10x_md.o(.text)
    I2C1_ER_IRQHandler                       0x0800011b   Thumb Code     0  startup_stm32f10x_md.o(.text)
    I2C1_EV_IRQHandler                       0x0800011b   Thumb Code     0  startup_stm32f10x_md.o(.text)
    I2C2_ER_IRQHandler                       0x0800011b   Thumb Code     0  startup_stm32f10x_md.o(.text)
    I2C2_EV_IRQHandler                       0x0800011b   Thumb Code     0  startup_stm32f10x_md.o(.text)
    PVD_IRQHandler                           0x0800011b   Thumb Code     0  startup_stm32f10x_md.o(.text)
    RCC_IRQHandler                           0x0800011b   Thumb Code     0  startup_stm32f10x_md.o(.text)
    RTCAlarm_IRQHandler                      0x0800011b   Thumb Code     0  startup_stm32f10x_md.o(.text)
    SPI1_IRQHandler                          0x0800011b   Thumb Code     0  startup_stm32f10x_md.o(.text)
    SPI2_IRQHandler                          0x0800011b   Thumb Code     0  startup_stm32f10x_md.o(.text)
    TAMPER_IRQHandler                        0x0800011b   Thumb Code     0  startup_stm32f10x_md.o(.text)
    TIM1_BRK_IRQHandler                      0x0800011b   Thumb Code     0  startup_stm32f10x_md.o(.text)
    TIM1_CC_IRQHandler                       0x0800011b   Thumb Code     0  startup_stm32f10x_md.o(.text)
    TIM1_TRG_COM_IRQHandler                  0x0800011b   Thumb Code     0  startup_stm32f10x_md.o(.text)
    TIM1_UP_IRQHandler                       0x0800011b   Thumb Code     0  startup_stm32f10x_md.o(.text)
    TIM2_IRQHandler                          0x0800011b   Thumb Code     0  startup_stm32f10x_md.o(.text)
    TIM4_IRQHandler                          0x0800011b   Thumb Code     0  startup_stm32f10x_md.o(.text)
    USART3_IRQHandler                        0x0800011b   Thumb Code     0  startup_stm32f10x_md.o(.text)
    USBWakeUp_IRQHandler                     0x0800011b   Thumb Code     0  startup_stm32f10x_md.o(.text)
    USB_HP_CAN1_TX_IRQHandler                0x0800011b   Thumb Code     0  startup_stm32f10x_md.o(.text)
    USB_LP_CAN1_RX0_IRQHandler               0x0800011b   Thumb Code     0  startup_stm32f10x_md.o(.text)
    WWDG_IRQHandler                          0x0800011b   Thumb Code     0  startup_stm32f10x_md.o(.text)
    main                                     0x08000125   Thumb Code   104  main.o(.text)
    NMI_Handler                              0x08000195   Thumb Code     2  stm32f10x_it.o(.text)
    HardFault_Handler                        0x08000197   Thumb Code     4  stm32f10x_it.o(.text)
    MemManage_Handler                        0x0800019b   Thumb Code     4  stm32f10x_it.o(.text)
    BusFault_Handler                         0x0800019f   Thumb Code     4  stm32f10x_it.o(.text)
    UsageFault_Handler                       0x080001a3   Thumb Code     4  stm32f10x_it.o(.text)
    DebugMon_Handler                         0x080001a7   Thumb Code     2  stm32f10x_it.o(.text)
    SVC_Handler                              0x080001a9   Thumb Code     2  stm32f10x_it.o(.text)
    PendSV_Handler                           0x080001ab   Thumb Code     2  stm32f10x_it.o(.text)
    RTC_IRQHandler                           0x080001ad   Thumb Code    22  stm32f10x_it.o(.text)
    SysTick_Handler                          0x080001c3   Thumb Code   184  stm32f10x_it.o(.text)
    Set_System_Clock                         0x080002c9   Thumb Code   114  set_system_clock.o(.text)
    SysTick_Configuration                    0x0800033b   Thumb Code    74  set_system_clock.o(.text)
    CH340_USART2_Config                      0x08000395   Thumb Code   128  usart2.o(.text)
    CH340_NVIC_Configuration                 0x08000415   Thumb Code    34  usart2.o(.text)
    fputc                                    0x08000437   Thumb Code    30  usart2.o(.text)
    USART2_SendByte                          0x08000455   Thumb Code    14  usart2.o(.text)
    USART2_IRQHandler                        0x08000463   Thumb Code    26  usart2.o(.text)
    Printer58mm_Print                        0x0800047d   Thumb Code   514  usart2.o(.text)
    GD5800_USART1_Config                     0x08000695   Thumb Code   126  usart1.o(.text)
    GD5800_NVIC_Configuration                0x08000713   Thumb Code    30  usart1.o(.text)
    USART1_SendByte                          0x08000731   Thumb Code    26  usart1.o(.text)
    USART1_IRQHandler                        0x0800074b   Thumb Code    26  usart1.o(.text)
    EXTI15_10_IRQHandler                     0x0800076d   Thumb Code   254  rf.o(.text)
    RF_Config                                0x0800088f   Thumb Code   150  rf.o(.text)
    Delayus                                  0x08000955   Thumb Code    26  tm1629.o(.text)
    Tm1629_GPIO_Config                       0x0800096f   Thumb Code    60  tm1629.o(.text)
    ReadDataFrom1629_1                       0x08000abf   Thumb Code   474  tm1629.o(.text)
    Tm1629_Display                           0x08000cdd   Thumb Code   234  tm1629.o(.text)
    Tm1629_Clear                             0x08000dc7   Thumb Code    14  tm1629.o(.text)
    Tm1629_Show_Fx                           0x08000dd5   Thumb Code    30  tm1629.o(.text)
    Tm1629_Show_Ex                           0x08000df3   Thumb Code    30  tm1629.o(.text)
    Tm1629_Show_Time                         0x08000e11   Thumb Code   282  tm1629.o(.text)
    Tm1629_Blink_Time_Minute                 0x08000f2b   Thumb Code    44  tm1629.o(.text)
    Tm1629_Blink_Time_Hour                   0x08000f57   Thumb Code    44  tm1629.o(.text)
    Tm1629_Blink_Time_Day                    0x08000f83   Thumb Code    44  tm1629.o(.text)
    Tm1629_Blink_Time_Month                  0x08000faf   Thumb Code    44  tm1629.o(.text)
    Tm1629_Blink_Time_Year                   0x08000fdb   Thumb Code    50  tm1629.o(.text)
    Tm1629_Blink_Time_Week                   0x0800100d   Thumb Code    42  tm1629.o(.text)
    Tm1629_Show_Four_Number                  0x08001037   Thumb Code    62  tm1629.o(.text)
    Tm1629_Show_Two_Number                   0x08001075   Thumb Code    50  tm1629.o(.text)
    Tm1629_Show_One_Number                   0x080010a7   Thumb Code    34  tm1629.o(.text)
    Tm1629_Blink_One_Position                0x080010c9   Thumb Code    44  tm1629.o(.text)
    Tm1629_Blink_Two_Position                0x080010f5   Thumb Code    44  tm1629.o(.text)
    Tm1629_Blink_Three_Position              0x08001121   Thumb Code    44  tm1629.o(.text)
    Tm1629_Blink_Four_Position               0x0800114d   Thumb Code   104  tm1629.o(.text)
    Tm1629_Show_Call_Number                  0x080011b5   Thumb Code   128  tm1629.o(.text)
    Tm1629_Show_Printer_Number               0x08001235   Thumb Code    70  tm1629.o(.text)
    Tm1629_Show_Number_Of_Call               0x0800127b   Thumb Code    62  tm1629.o(.text)
    Tm1629_Show_Number_Of_Wait               0x080012b9   Thumb Code    88  tm1629.o(.text)
    I2C_IO_Init                              0x08001331   Thumb Code    78  eeprom_24c.o(.text)
    EEP_Read_Buffer                          0x080014ed   Thumb Code   196  eeprom_24c.o(.text)
    EEP_Write_Buffer                         0x080015b1   Thumb Code   144  eeprom_24c.o(.text)
    Register_Call_Function                   0x08001641   Thumb Code   140  eeprom_24c.o(.text)
    Register_Host_Function                   0x080016cd   Thumb Code   184  eeprom_24c.o(.text)
    Register_Alarm_Function                  0x08001785   Thumb Code   140  eeprom_24c.o(.text)
    Register_Cancel_Function                 0x08001811   Thumb Code   140  eeprom_24c.o(.text)
    Delete_Call_Function                     0x0800189d   Thumb Code   140  eeprom_24c.o(.text)
    Delete_Host_Function                     0x08001929   Thumb Code   140  eeprom_24c.o(.text)
    Delete_Alarm_Function                    0x080019b5   Thumb Code   140  eeprom_24c.o(.text)
    Delete_Cancel_Function                   0x08001a41   Thumb Code   140  eeprom_24c.o(.text)
    Delete_All_Data                          0x08001acd   Thumb Code    44  eeprom_24c.o(.text)
    Find_RF_EEPROM_Call                      0x08001af9   Thumb Code    84  eeprom_24c.o(.text)
    Find_RF_EEPROM_Alarm                     0x08001b4d   Thumb Code   136  eeprom_24c.o(.text)
    Find_RF_EEPROM_Cancel                    0x08001bd5   Thumb Code    84  eeprom_24c.o(.text)
    Find_RF_EEPROM                           0x08001c29   Thumb Code    52  eeprom_24c.o(.text)
    Find_RF_EEPROM_Host                      0x08001c5d   Thumb Code    84  eeprom_24c.o(.text)
    Env_Save                                 0x08001cb1   Thumb Code   112  eeprom_24c.o(.text)
    Env_Init                                 0x08001d21   Thumb Code   392  eeprom_24c.o(.text)
    Var_Init                                 0x08001ea9   Thumb Code    78  eeprom_24c.o(.text)
    Key_Init                                 0x08001ef7   Thumb Code    64  eeprom_24c.o(.text)
    Key_IO_Init                              0x08001f89   Thumb Code    32  key.o(.text)
    Key_Scan                                 0x08001fc5   Thumb Code   102  key.o(.text)
    Key_Process                              0x0800202b   Thumb Code  1880  key.o(.text)
    Buff_Add_One                             0x080027e5   Thumb Code    86  menu.o(.text)
    Buff_Time_To_Struct_Time                 0x0800289f   Thumb Code    34  menu.o(.text)
    Struct_Time_To_Buff_Time                 0x080028c1   Thumb Code    34  menu.o(.text)
    Time_Adjust                              0x080028e3   Thumb Code    34  menu.o(.text)
    Display_Ram_To_Tm1629                    0x08004193   Thumb Code   204  rf_app.o(.text)
    Decoder_Process                          0x08004783   Thumb Code   502  rf_app.o(.text)
    Decoder_Function_Of_Esc                  0x08004979   Thumb Code    14  rf_app.o(.text)
    Decoder_Function_Of_Up                   0x08004987   Thumb Code    38  rf_app.o(.text)
    Decoder_Function_Of_Down                 0x080049ad   Thumb Code    60  rf_app.o(.text)
    Decoder_Function_Of_Remove_Call_Time     0x080049e9   Thumb Code    74  rf_app.o(.text)
    Decoder_Function_Of_Cycle_Call_Time      0x08004a33   Thumb Code   104  rf_app.o(.text)
    GD5800_Initialization                    0x08004abd   Thumb Code    64  gd5800.o(.text)
    Specify_Music_Play                       0x08004afd   Thumb Code    42  gd5800.o(.text)
    Specify_Volume                           0x08004b27   Thumb Code    36  gd5800.o(.text)
    GD5800_Play_Music_Of_Play_Music          0x08004d9f   Thumb Code   138  gd5800.o(.text)
    GD5800_Play_Mucic_Of_Decoder_Process     0x08004e29   Thumb Code    62  gd5800.o(.text)
    GD5800_Play_Mucic_Of_Main_Process        0x08004e67   Thumb Code    54  gd5800.o(.text)
    RTC_NVIC_Config                          0x08004eb1   Thumb Code    34  stm32_rtc.o(.text)
    RTC_CheckAndConfig                       0x08004f2b   Thumb Code    92  stm32_rtc.o(.text)
    GregorianDay                             0x08004f89   Thumb Code   146  bsp_date.o(.text)
    mktimev                                  0x0800501b   Thumb Code   124  bsp_date.o(.text)
    to_tm                                    0x08005097   Thumb Code   194  bsp_date.o(.text)
    Transmit_IO_Init                         0x08005169   Thumb Code    40  transmit.o(.text)
    Transmit_Timer_Config                    0x08005191   Thumb Code    70  transmit.o(.text)
    Transmit_NVIC_Configuration              0x080051d7   Thumb Code    32  transmit.o(.text)
    TIM3_IRQHandler                          0x080051f7   Thumb Code    52  transmit.o(.text)
    Transmit_Function                        0x0800522b   Thumb Code   202  transmit.o(.text)
    Transmit_Set_Data                        0x080052f5   Thumb Code    72  transmit.o(.text)
    Transmit_Number_Of_Set                   0x0800533d   Thumb Code   154  transmit.o(.text)
    Transmit_Number_Of_Reciver_Add_One       0x080053d7   Thumb Code   186  transmit.o(.text)
    Transmit_Number_Of_Reciver_Sub_One       0x08005491   Thumb Code   194  transmit.o(.text)
    NVIC_PriorityGroupConfig                 0x08005585   Thumb Code    10  misc.o(.text)
    NVIC_Init                                0x0800558f   Thumb Code   102  misc.o(.text)
    NVIC_SetVectorTable                      0x080055f5   Thumb Code    14  misc.o(.text)
    NVIC_SystemLPConfig                      0x08005603   Thumb Code    34  misc.o(.text)
    SysTick_CLKSourceConfig                  0x08005625   Thumb Code    40  misc.o(.text)
    BKP_DeInit                               0x08005661   Thumb Code    16  stm32f10x_bkp.o(.text)
    BKP_TamperPinLevelConfig                 0x08005671   Thumb Code     6  stm32f10x_bkp.o(.text)
    BKP_TamperPinCmd                         0x08005677   Thumb Code     8  stm32f10x_bkp.o(.text)
    BKP_ITConfig                             0x0800567f   Thumb Code     8  stm32f10x_bkp.o(.text)
    BKP_RTCOutputConfig                      0x08005687   Thumb Code    22  stm32f10x_bkp.o(.text)
    BKP_SetRTCCalibrationValue               0x0800569d   Thumb Code    22  stm32f10x_bkp.o(.text)
    BKP_WriteBackupRegister                  0x080056b3   Thumb Code    24  stm32f10x_bkp.o(.text)
    BKP_ReadBackupRegister                   0x080056cb   Thumb Code    26  stm32f10x_bkp.o(.text)
    BKP_GetFlagStatus                        0x080056e5   Thumb Code    10  stm32f10x_bkp.o(.text)
    BKP_ClearFlag                            0x080056ef   Thumb Code    18  stm32f10x_bkp.o(.text)
    BKP_GetITStatus                          0x08005701   Thumb Code    10  stm32f10x_bkp.o(.text)
    BKP_ClearITPendingBit                    0x0800570b   Thumb Code    18  stm32f10x_bkp.o(.text)
    EXTI_DeInit                              0x08005725   Thumb Code    28  stm32f10x_exti.o(.text)
    EXTI_Init                                0x08005741   Thumb Code   142  stm32f10x_exti.o(.text)
    EXTI_StructInit                          0x080057cf   Thumb Code    16  stm32f10x_exti.o(.text)
    EXTI_GenerateSWInterrupt                 0x080057df   Thumb Code    16  stm32f10x_exti.o(.text)
    EXTI_GetFlagStatus                       0x080057ef   Thumb Code    22  stm32f10x_exti.o(.text)
    EXTI_ClearFlag                           0x08005805   Thumb Code     8  stm32f10x_exti.o(.text)
    EXTI_GetITStatus                         0x0800580d   Thumb Code    34  stm32f10x_exti.o(.text)
    EXTI_ClearITPendingBit                   0x0800582f   Thumb Code     8  stm32f10x_exti.o(.text)
    GPIO_DeInit                              0x08005841   Thumb Code   172  stm32f10x_gpio.o(.text)
    GPIO_AFIODeInit                          0x080058ed   Thumb Code    20  stm32f10x_gpio.o(.text)
    GPIO_Init                                0x08005901   Thumb Code   274  stm32f10x_gpio.o(.text)
    GPIO_StructInit                          0x08005a13   Thumb Code    16  stm32f10x_gpio.o(.text)
    GPIO_ReadInputDataBit                    0x08005a23   Thumb Code    18  stm32f10x_gpio.o(.text)
    GPIO_ReadInputData                       0x08005a35   Thumb Code     8  stm32f10x_gpio.o(.text)
    GPIO_ReadOutputDataBit                   0x08005a3d   Thumb Code    18  stm32f10x_gpio.o(.text)
    GPIO_ReadOutputData                      0x08005a4f   Thumb Code     8  stm32f10x_gpio.o(.text)
    GPIO_SetBits                             0x08005a57   Thumb Code     4  stm32f10x_gpio.o(.text)
    GPIO_ResetBits                           0x08005a5b   Thumb Code     4  stm32f10x_gpio.o(.text)
    GPIO_WriteBit                            0x08005a5f   Thumb Code    10  stm32f10x_gpio.o(.text)
    GPIO_Write                               0x08005a69   Thumb Code     4  stm32f10x_gpio.o(.text)
    GPIO_PinLockConfig                       0x08005a6d   Thumb Code    18  stm32f10x_gpio.o(.text)
    GPIO_EventOutputConfig                   0x08005a7f   Thumb Code    26  stm32f10x_gpio.o(.text)
    GPIO_EventOutputCmd                      0x08005a99   Thumb Code     6  stm32f10x_gpio.o(.text)
    GPIO_PinRemapConfig                      0x08005a9f   Thumb Code   138  stm32f10x_gpio.o(.text)
    GPIO_EXTILineConfig                      0x08005b29   Thumb Code    66  stm32f10x_gpio.o(.text)
    GPIO_ETH_MediaInterfaceConfig            0x08005b6b   Thumb Code     6  stm32f10x_gpio.o(.text)
    PWR_DeInit                               0x08005b99   Thumb Code    22  stm32f10x_pwr.o(.text)
    PWR_BackupAccessCmd                      0x08005baf   Thumb Code     6  stm32f10x_pwr.o(.text)
    PWR_PVDCmd                               0x08005bb5   Thumb Code     6  stm32f10x_pwr.o(.text)
    PWR_PVDLevelConfig                       0x08005bbb   Thumb Code    18  stm32f10x_pwr.o(.text)
    PWR_WakeUpPinCmd                         0x08005bcd   Thumb Code     6  stm32f10x_pwr.o(.text)
    PWR_EnterSTOPMode                        0x08005bd3   Thumb Code    54  stm32f10x_pwr.o(.text)
    PWR_EnterSTANDBYMode                     0x08005c09   Thumb Code    42  stm32f10x_pwr.o(.text)
    PWR_GetFlagStatus                        0x08005c33   Thumb Code    20  stm32f10x_pwr.o(.text)
    PWR_ClearFlag                            0x08005c47   Thumb Code    14  stm32f10x_pwr.o(.text)
    RCC_DeInit                               0x08005c65   Thumb Code    68  stm32f10x_rcc.o(.text)
    RCC_HSEConfig                            0x08005ca9   Thumb Code    70  stm32f10x_rcc.o(.text)
    RCC_GetFlagStatus                        0x08005cef   Thumb Code    56  stm32f10x_rcc.o(.text)
    RCC_WaitForHSEStartUp                    0x08005d27   Thumb Code    56  stm32f10x_rcc.o(.text)
    RCC_AdjustHSICalibrationValue            0x08005d5f   Thumb Code    20  stm32f10x_rcc.o(.text)
    RCC_HSICmd                               0x08005d73   Thumb Code     6  stm32f10x_rcc.o(.text)
    RCC_PLLConfig                            0x08005d79   Thumb Code    24  stm32f10x_rcc.o(.text)
    RCC_PLLCmd                               0x08005d91   Thumb Code     6  stm32f10x_rcc.o(.text)
    RCC_PREDIV1Config                        0x08005d97   Thumb Code    24  stm32f10x_rcc.o(.text)
    RCC_SYSCLKConfig                         0x08005daf   Thumb Code    18  stm32f10x_rcc.o(.text)
    RCC_GetSYSCLKSource                      0x08005dc1   Thumb Code    10  stm32f10x_rcc.o(.text)
    RCC_HCLKConfig                           0x08005dcb   Thumb Code    18  stm32f10x_rcc.o(.text)
    RCC_PCLK1Config                          0x08005ddd   Thumb Code    18  stm32f10x_rcc.o(.text)
    RCC_PCLK2Config                          0x08005def   Thumb Code    20  stm32f10x_rcc.o(.text)
    RCC_ITConfig                             0x08005e03   Thumb Code    26  stm32f10x_rcc.o(.text)
    RCC_USBCLKConfig                         0x08005e1d   Thumb Code     6  stm32f10x_rcc.o(.text)
    RCC_ADCCLKConfig                         0x08005e23   Thumb Code    18  stm32f10x_rcc.o(.text)
    RCC_LSEConfig                            0x08005e35   Thumb Code    44  stm32f10x_rcc.o(.text)
    RCC_LSICmd                               0x08005e61   Thumb Code     6  stm32f10x_rcc.o(.text)
    RCC_RTCCLKConfig                         0x08005e67   Thumb Code    12  stm32f10x_rcc.o(.text)
    RCC_RTCCLKCmd                            0x08005e73   Thumb Code     8  stm32f10x_rcc.o(.text)
    RCC_GetClocksFreq                        0x08005e7b   Thumb Code   190  stm32f10x_rcc.o(.text)
    RCC_AHBPeriphClockCmd                    0x08005f39   Thumb Code    26  stm32f10x_rcc.o(.text)
    RCC_APB2PeriphClockCmd                   0x08005f53   Thumb Code    26  stm32f10x_rcc.o(.text)
    RCC_APB1PeriphClockCmd                   0x08005f6d   Thumb Code    26  stm32f10x_rcc.o(.text)
    RCC_APB2PeriphResetCmd                   0x08005f87   Thumb Code    26  stm32f10x_rcc.o(.text)
    RCC_APB1PeriphResetCmd                   0x08005fa1   Thumb Code    26  stm32f10x_rcc.o(.text)
    RCC_BackupResetCmd                       0x08005fbb   Thumb Code     8  stm32f10x_rcc.o(.text)
    RCC_ClockSecuritySystemCmd               0x08005fc3   Thumb Code     6  stm32f10x_rcc.o(.text)
    RCC_MCOConfig                            0x08005fc9   Thumb Code     6  stm32f10x_rcc.o(.text)
    RCC_ClearFlag                            0x08005fcf   Thumb Code    14  stm32f10x_rcc.o(.text)
    RCC_GetITStatus                          0x08005fdd   Thumb Code    20  stm32f10x_rcc.o(.text)
    RCC_ClearITPendingBit                    0x08005ff1   Thumb Code     6  stm32f10x_rcc.o(.text)
    RTC_ITConfig                             0x08006029   Thumb Code    26  stm32f10x_rtc.o(.text)
    RTC_EnterConfigMode                      0x08006043   Thumb Code    18  stm32f10x_rtc.o(.text)
    RTC_ExitConfigMode                       0x08006055   Thumb Code    20  stm32f10x_rtc.o(.text)
    RTC_GetCounter                           0x08006069   Thumb Code    18  stm32f10x_rtc.o(.text)
    RTC_SetCounter                           0x0800607b   Thumb Code    26  stm32f10x_rtc.o(.text)
    RTC_SetPrescaler                         0x08006095   Thumb Code    28  stm32f10x_rtc.o(.text)
    RTC_SetAlarm                             0x080060b1   Thumb Code    26  stm32f10x_rtc.o(.text)
    RTC_GetDivider                           0x080060cb   Thumb Code    22  stm32f10x_rtc.o(.text)
    RTC_WaitForLastTask                      0x080060e1   Thumb Code    16  stm32f10x_rtc.o(.text)
    RTC_WaitForSynchro                       0x080060f1   Thumb Code    34  stm32f10x_rtc.o(.text)
    RTC_GetFlagStatus                        0x08006113   Thumb Code    22  stm32f10x_rtc.o(.text)
    RTC_ClearFlag                            0x08006129   Thumb Code    16  stm32f10x_rtc.o(.text)
    RTC_GetITStatus                          0x08006139   Thumb Code    32  stm32f10x_rtc.o(.text)
    RTC_ClearITPendingBit                    0x08006159   Thumb Code    16  stm32f10x_rtc.o(.text)
    TIM_DeInit                               0x0800616d   Thumb Code   424  stm32f10x_tim.o(.text)
    TIM_TimeBaseInit                         0x08006315   Thumb Code   122  stm32f10x_tim.o(.text)
    TIM_OC1Init                              0x0800638f   Thumb Code   132  stm32f10x_tim.o(.text)
    TIM_OC2Init                              0x08006413   Thumb Code   154  stm32f10x_tim.o(.text)
    TIM_OC3Init                              0x080064ad   Thumb Code   150  stm32f10x_tim.o(.text)
    TIM_OC4Init                              0x08006543   Thumb Code   182  stm32f10x_tim.o(.text)
    TIM_SetIC4Prescaler                      0x080065f9   Thumb Code    26  stm32f10x_tim.o(.text)
    TIM_SetIC3Prescaler                      0x08006695   Thumb Code    18  stm32f10x_tim.o(.text)
    TIM_SetIC2Prescaler                      0x08006721   Thumb Code    26  stm32f10x_tim.o(.text)
    TIM_SetIC1Prescaler                      0x080067bd   Thumb Code    18  stm32f10x_tim.o(.text)
    TIM_ICInit                               0x0800683b   Thumb Code   150  stm32f10x_tim.o(.text)
    TIM_PWMIConfig                           0x080068d1   Thumb Code   124  stm32f10x_tim.o(.text)
    TIM_BDTRConfig                           0x0800694d   Thumb Code    32  stm32f10x_tim.o(.text)
    TIM_TimeBaseStructInit                   0x0800696d   Thumb Code    18  stm32f10x_tim.o(.text)
    TIM_OCStructInit                         0x0800697f   Thumb Code    20  stm32f10x_tim.o(.text)
    TIM_ICStructInit                         0x08006993   Thumb Code    18  stm32f10x_tim.o(.text)
    TIM_BDTRStructInit                       0x080069a5   Thumb Code    40  stm32f10x_tim.o(.text)
    TIM_Cmd                                  0x080069cd   Thumb Code    24  stm32f10x_tim.o(.text)
    TIM_CtrlPWMOutputs                       0x080069e5   Thumb Code    30  stm32f10x_tim.o(.text)
    TIM_ITConfig                             0x08006a03   Thumb Code    18  stm32f10x_tim.o(.text)
    TIM_GenerateEvent                        0x08006a15   Thumb Code     4  stm32f10x_tim.o(.text)
    TIM_DMAConfig                            0x08006a19   Thumb Code    10  stm32f10x_tim.o(.text)
    TIM_DMACmd                               0x08006a23   Thumb Code    18  stm32f10x_tim.o(.text)
    TIM_InternalClockConfig                  0x08006a35   Thumb Code    12  stm32f10x_tim.o(.text)
    TIM_SelectInputTrigger                   0x08006a41   Thumb Code    18  stm32f10x_tim.o(.text)
    TIM_ITRxExternalClockConfig              0x08006a53   Thumb Code    24  stm32f10x_tim.o(.text)
    TIM_TIxExternalClockConfig               0x08006a6b   Thumb Code    62  stm32f10x_tim.o(.text)
    TIM_ETRConfig                            0x08006aa9   Thumb Code    28  stm32f10x_tim.o(.text)
    TIM_ETRClockMode1Config                  0x08006ac5   Thumb Code    54  stm32f10x_tim.o(.text)
    TIM_ETRClockMode2Config                  0x08006afb   Thumb Code    32  stm32f10x_tim.o(.text)
    TIM_PrescalerConfig                      0x08006b1b   Thumb Code     6  stm32f10x_tim.o(.text)
    TIM_CounterModeConfig                    0x08006b21   Thumb Code    18  stm32f10x_tim.o(.text)
    TIM_EncoderInterfaceConfig               0x08006b33   Thumb Code    66  stm32f10x_tim.o(.text)
    TIM_ForcedOC1Config                      0x08006b75   Thumb Code    18  stm32f10x_tim.o(.text)
    TIM_ForcedOC2Config                      0x08006b87   Thumb Code    26  stm32f10x_tim.o(.text)
    TIM_ForcedOC3Config                      0x08006ba1   Thumb Code    18  stm32f10x_tim.o(.text)
    TIM_ForcedOC4Config                      0x08006bb3   Thumb Code    26  stm32f10x_tim.o(.text)
    TIM_ARRPreloadConfig                     0x08006bcd   Thumb Code    24  stm32f10x_tim.o(.text)
    TIM_SelectCOM                            0x08006be5   Thumb Code    24  stm32f10x_tim.o(.text)
    TIM_SelectCCDMA                          0x08006bfd   Thumb Code    24  stm32f10x_tim.o(.text)
    TIM_CCPreloadControl                     0x08006c15   Thumb Code    24  stm32f10x_tim.o(.text)
    TIM_OC1PreloadConfig                     0x08006c2d   Thumb Code    18  stm32f10x_tim.o(.text)
    TIM_OC2PreloadConfig                     0x08006c3f   Thumb Code    26  stm32f10x_tim.o(.text)
    TIM_OC3PreloadConfig                     0x08006c59   Thumb Code    18  stm32f10x_tim.o(.text)
    TIM_OC4PreloadConfig                     0x08006c6b   Thumb Code    26  stm32f10x_tim.o(.text)
    TIM_OC1FastConfig                        0x08006c85   Thumb Code    18  stm32f10x_tim.o(.text)
    TIM_OC2FastConfig                        0x08006c97   Thumb Code    26  stm32f10x_tim.o(.text)
    TIM_OC3FastConfig                        0x08006cb1   Thumb Code    18  stm32f10x_tim.o(.text)
    TIM_OC4FastConfig                        0x08006cc3   Thumb Code    26  stm32f10x_tim.o(.text)
    TIM_ClearOC1Ref                          0x08006cdd   Thumb Code    18  stm32f10x_tim.o(.text)
    TIM_ClearOC2Ref                          0x08006cef   Thumb Code    24  stm32f10x_tim.o(.text)
    TIM_ClearOC3Ref                          0x08006d07   Thumb Code    18  stm32f10x_tim.o(.text)
    TIM_ClearOC4Ref                          0x08006d19   Thumb Code    24  stm32f10x_tim.o(.text)
    TIM_OC1PolarityConfig                    0x08006d31   Thumb Code    18  stm32f10x_tim.o(.text)
    TIM_OC1NPolarityConfig                   0x08006d43   Thumb Code    18  stm32f10x_tim.o(.text)
    TIM_OC2PolarityConfig                    0x08006d55   Thumb Code    26  stm32f10x_tim.o(.text)
    TIM_OC2NPolarityConfig                   0x08006d6f   Thumb Code    26  stm32f10x_tim.o(.text)
    TIM_OC3PolarityConfig                    0x08006d89   Thumb Code    26  stm32f10x_tim.o(.text)
    TIM_OC3NPolarityConfig                   0x08006da3   Thumb Code    26  stm32f10x_tim.o(.text)
    TIM_OC4PolarityConfig                    0x08006dbd   Thumb Code    26  stm32f10x_tim.o(.text)
    TIM_CCxCmd                               0x08006dd7   Thumb Code    30  stm32f10x_tim.o(.text)
    TIM_CCxNCmd                              0x08006df5   Thumb Code    30  stm32f10x_tim.o(.text)
    TIM_SelectOCxM                           0x08006e13   Thumb Code    82  stm32f10x_tim.o(.text)
    TIM_UpdateDisableConfig                  0x08006e65   Thumb Code    24  stm32f10x_tim.o(.text)
    TIM_UpdateRequestConfig                  0x08006e7d   Thumb Code    24  stm32f10x_tim.o(.text)
    TIM_SelectHallSensor                     0x08006e95   Thumb Code    24  stm32f10x_tim.o(.text)
    TIM_SelectOnePulseMode                   0x08006ead   Thumb Code    18  stm32f10x_tim.o(.text)
    TIM_SelectOutputTrigger                  0x08006ebf   Thumb Code    18  stm32f10x_tim.o(.text)
    TIM_SelectSlaveMode                      0x08006ed1   Thumb Code    18  stm32f10x_tim.o(.text)
    TIM_SelectMasterSlaveMode                0x08006ee3   Thumb Code    18  stm32f10x_tim.o(.text)
    TIM_SetCounter                           0x08006ef5   Thumb Code     4  stm32f10x_tim.o(.text)
    TIM_SetAutoreload                        0x08006ef9   Thumb Code     4  stm32f10x_tim.o(.text)
    TIM_SetCompare1                          0x08006efd   Thumb Code     4  stm32f10x_tim.o(.text)
    TIM_SetCompare2                          0x08006f01   Thumb Code     4  stm32f10x_tim.o(.text)
    TIM_SetCompare3                          0x08006f05   Thumb Code     4  stm32f10x_tim.o(.text)
    TIM_SetCompare4                          0x08006f09   Thumb Code     6  stm32f10x_tim.o(.text)
    TIM_SetClockDivision                     0x08006f0f   Thumb Code    18  stm32f10x_tim.o(.text)
    TIM_GetCapture1                          0x08006f21   Thumb Code     6  stm32f10x_tim.o(.text)
    TIM_GetCapture2                          0x08006f27   Thumb Code     6  stm32f10x_tim.o(.text)
    TIM_GetCapture3                          0x08006f2d   Thumb Code     6  stm32f10x_tim.o(.text)
    TIM_GetCapture4                          0x08006f33   Thumb Code     8  stm32f10x_tim.o(.text)
    TIM_GetCounter                           0x08006f3b   Thumb Code     6  stm32f10x_tim.o(.text)
    TIM_GetPrescaler                         0x08006f41   Thumb Code     6  stm32f10x_tim.o(.text)
    TIM_GetFlagStatus                        0x08006f47   Thumb Code    18  stm32f10x_tim.o(.text)
    TIM_ClearFlag                            0x08006f59   Thumb Code     6  stm32f10x_tim.o(.text)
    TIM_GetITStatus                          0x08006f5f   Thumb Code    34  stm32f10x_tim.o(.text)
    TIM_ClearITPendingBit                    0x08006f81   Thumb Code     6  stm32f10x_tim.o(.text)
    USART_DeInit                             0x08006f89   Thumb Code   134  stm32f10x_usart.o(.text)
    USART_Init                               0x0800700f   Thumb Code   210  stm32f10x_usart.o(.text)
    USART_StructInit                         0x080070e1   Thumb Code    24  stm32f10x_usart.o(.text)
    USART_ClockInit                          0x080070f9   Thumb Code    34  stm32f10x_usart.o(.text)
    USART_ClockStructInit                    0x0800711b   Thumb Code    12  stm32f10x_usart.o(.text)
    USART_Cmd                                0x08007127   Thumb Code    24  stm32f10x_usart.o(.text)
    USART_ITConfig                           0x0800713f   Thumb Code    74  stm32f10x_usart.o(.text)
    USART_DMACmd                             0x08007189   Thumb Code    18  stm32f10x_usart.o(.text)
    USART_SetAddress                         0x0800719b   Thumb Code    18  stm32f10x_usart.o(.text)
    USART_WakeUpConfig                       0x080071ad   Thumb Code    18  stm32f10x_usart.o(.text)
    USART_ReceiverWakeUpCmd                  0x080071bf   Thumb Code    24  stm32f10x_usart.o(.text)
    USART_LINBreakDetectLengthConfig         0x080071d7   Thumb Code    18  stm32f10x_usart.o(.text)
    USART_LINCmd                             0x080071e9   Thumb Code    24  stm32f10x_usart.o(.text)
    USART_SendData                           0x08007201   Thumb Code     8  stm32f10x_usart.o(.text)
    USART_ReceiveData                        0x08007209   Thumb Code    10  stm32f10x_usart.o(.text)
    USART_SendBreak                          0x08007213   Thumb Code    10  stm32f10x_usart.o(.text)
    USART_SetGuardTime                       0x0800721d   Thumb Code    16  stm32f10x_usart.o(.text)
    USART_SetPrescaler                       0x0800722d   Thumb Code    16  stm32f10x_usart.o(.text)
    USART_SmartCardCmd                       0x0800723d   Thumb Code    24  stm32f10x_usart.o(.text)
    USART_SmartCardNACKCmd                   0x08007255   Thumb Code    24  stm32f10x_usart.o(.text)
    USART_HalfDuplexCmd                      0x0800726d   Thumb Code    24  stm32f10x_usart.o(.text)
    USART_OverSampling8Cmd                   0x08007285   Thumb Code    22  stm32f10x_usart.o(.text)
    USART_OneBitMethodCmd                    0x0800729b   Thumb Code    24  stm32f10x_usart.o(.text)
    USART_IrDAConfig                         0x080072b3   Thumb Code    18  stm32f10x_usart.o(.text)
    USART_IrDACmd                            0x080072c5   Thumb Code    24  stm32f10x_usart.o(.text)
    USART_GetFlagStatus                      0x080072dd   Thumb Code    26  stm32f10x_usart.o(.text)
    USART_ClearFlag                          0x080072f7   Thumb Code    18  stm32f10x_usart.o(.text)
    USART_GetITStatus                        0x08007309   Thumb Code    84  stm32f10x_usart.o(.text)
    USART_ClearITPendingBit                  0x0800735d   Thumb Code    52  stm32f10x_usart.o(.text)
    SystemInit                               0x08007449   Thumb Code    82  system_stm32f10x.o(.text)
    SystemCoreClockUpdate                    0x0800749b   Thumb Code   138  system_stm32f10x.o(.text)
    __aeabi_memcpy                           0x08007545   Thumb Code    36  memcpya.o(.text)
    __aeabi_memcpy4                          0x08007545   Thumb Code     0  memcpya.o(.text)
    __aeabi_memcpy8                          0x08007545   Thumb Code     0  memcpya.o(.text)
    __aeabi_memset                           0x08007569   Thumb Code    14  memseta.o(.text)
    __aeabi_memset4                          0x08007569   Thumb Code     0  memseta.o(.text)
    __aeabi_memset8                          0x08007569   Thumb Code     0  memseta.o(.text)
    __aeabi_memclr                           0x08007577   Thumb Code     4  memseta.o(.text)
    __aeabi_memclr4                          0x08007577   Thumb Code     0  memseta.o(.text)
    __aeabi_memclr8                          0x08007577   Thumb Code     0  memseta.o(.text)
    _memset$wrapper                          0x0800757b   Thumb Code    18  memseta.o(.text)
    __scatterload                            0x0800758d   Thumb Code    28  init.o(.text)
    __scatterload_rt2                        0x0800758d   Thumb Code     0  init.o(.text)
    __0printf$2                              0x080075b1   Thumb Code    22  printf2.o(i.__0printf$2)
    __1printf$2                              0x080075b1   Thumb Code     0  printf2.o(i.__0printf$2)
    __2printf                                0x080075b1   Thumb Code     0  printf2.o(i.__0printf$2)
    __scatterload_copy                       0x080075d1   Thumb Code    14  handlers.o(i.__scatterload_copy)
    __scatterload_null                       0x080075df   Thumb Code     2  handlers.o(i.__scatterload_null)
    __scatterload_zeroinit                   0x080075e1   Thumb Code    14  handlers.o(i.__scatterload_zeroinit)
    Dis_TAB                                  0x080076be   Data          50  tm1629.o(.constdata)
    MenuProc                                 0x080076f0   Data        1284  menu.o(.constdata)
    Region$$Table$$Base                      0x08007c24   Number         0  anon$$obj.o(Region$$Table)
    Region$$Table$$Limit                     0x08007c44   Number         0  anon$$obj.o(Region$$Table)
    Flag_1_Sec                               0x20000000   Data           1  set_system_clock.o(.data)
    Flag_Half_Sec                            0x20000001   Data           1  set_system_clock.o(.data)
    System_Time_Count                        0x20000004   Data           4  set_system_clock.o(.data)
    LongPressSec                             0x20000008   Data           1  set_system_clock.o(.data)
    RF_Fun                                   0x2000000c   Data           1  rf.o(.data)
    RF_ID                                    0x20000010   Data           4  rf.o(.data)
    RF_Fun_Bak                               0x20000014   Data           1  rf.o(.data)
    RF_ID_Bak                                0x20000018   Data           4  rf.o(.data)
    RF_Temp                                  0x2000001c   Data           4  rf.o(.data)
    RF_Temp_Bak                              0x20000020   Data           4  rf.o(.data)
    RF_Count                                 0x20000024   Data           1  rf.o(.data)
    RF_Flag                                  0x20000025   Data           1  rf.o(.data)
    RF_Same_Count                            0x20000026   Data           1  rf.o(.data)
    Tm1629_Test_Time                         0x20000027   Data           8  tm1629.o(.data)
    M_index                                  0x2000003c   Data           1  key.o(.data)
    gKeyValue                                0x2000003d   Data           1  key.o(.data)
    Decoder_First_Long_Press                 0x2000003e   Data           1  key.o(.data)
    Function                                 0x20000040   Data           4  key.o(.data)
    Remove_Call_Time                         0x20000044   Data           1  menu.o(.data)
    Cycle_Call_Time                          0x20000045   Data           1  menu.o(.data)
    Change_Standby_Display_Mode              0x20000046   Data           1  menu.o(.data)
    Set_Key_Remove_Call_Is_Or_Not            0x20000047   Data           1  menu.o(.data)
    Register_Call_Buff                       0x20000048   Data           5  menu.o(.data)
    Delete_Call_Buff                         0x2000004d   Data           5  menu.o(.data)
    Register_Host_Buff                       0x20000052   Data           5  menu.o(.data)
    Delete_Host_Buff                         0x20000057   Data           5  menu.o(.data)
    Register_Alarm_Buff                      0x2000005c   Data           5  menu.o(.data)
    Delete_Alarm_Buff                        0x20000061   Data           5  menu.o(.data)
    Register_Cancel_Buff                     0x20000066   Data           5  menu.o(.data)
    Delete_Cancel_Buff                       0x2000006b   Data           5  menu.o(.data)
    Set_Call_Queue_Mode                      0x20000070   Data           1  menu.o(.data)
    Set_Call_Display_Number                  0x20000071   Data           1  menu.o(.data)
    Set_Voice_Play_Mode                      0x20000072   Data           1  menu.o(.data)
    Set_Voice_Play_Time                      0x20000073   Data           1  menu.o(.data)
    Set_Voice_Play_Is_Or_Not_In_Cycle_Mode   0x20000074   Data           1  menu.o(.data)
    Set_Voice_Volume                         0x20000075   Data           1  menu.o(.data)
    Set_Display_Tube_Brightness              0x20000076   Data           1  menu.o(.data)
    Set_Voice_Navigation_On_Or_OFF           0x20000077   Data           1  menu.o(.data)
    Set_Voice_Navigation_Mode                0x20000078   Data           1  menu.o(.data)
    Set_Display_LED_Mode                     0x20000079   Data           1  menu.o(.data)
    Set_Two_Menu_F7_E1                       0x2000007a   Data           1  menu.o(.data)
    Set_Two_Menu_F7_E2                       0x2000007b   Data           1  menu.o(.data)
    Set_Two_Menu_F7_E3                       0x2000007c   Data           1  menu.o(.data)
    Set_Two_Menu_F7_E4                       0x2000007d   Data           1  menu.o(.data)
    Set_Singal_Or_Multiple_Key_Mode          0x2000007e   Data           1  menu.o(.data)
    Set_Key_Of_Call_Mode                     0x2000007f   Data           1  menu.o(.data)
    Return_Standby_Time_Count                0x20000080   Data           4  menu.o(.data)
    Set_Singal_Or_Multiple_Key_Mode_Bak      0x20000084   Data           1  menu.o(.data)
    Call_Code_Bak                            0x20000088   Data           4  rf_app.o(.data)
    Call_Off_Time                            0x2000008c   Data           4  rf_app.o(.data)
    Remove_Or_Cycle_Time_Count               0x20000090   Data           1  rf_app.o(.data)
    Remove_Or_Cycle_Time_Sec_Number          0x20000091   Data           1  rf_app.o(.data)
    Host_Enter_Table                         0x20000092   Data           1  rf_app.o(.data)
    Host_Enter_Fun_Id                        0x20000093   Data           1  rf_app.o(.data)
    Host_Enter_Times                         0x20000094   Data           1  rf_app.o(.data)
    single_key                               0x20000095   Data          16  rf_app.o(.data)
    multiple_key                             0x200000a5   Data          16  rf_app.o(.data)
    GD5800_Busy_Soft_Table_Count             0x200000b5   Data           1  gd5800.o(.data)
    GD5800_Busy_Soft_Table                   0x200000b6   Data           1  gd5800.o(.data)
    Transmit_Count                           0x200000e8   Data           1  transmit.o(.data)
    Transmit_Count_End                       0x200000e9   Data           1  transmit.o(.data)
    Transmit_Flag                            0x200000ea   Data           1  transmit.o(.data)
    Transmit_Data_FANGQU                     0x200000eb   Data           1  transmit.o(.data)
    Transmit_Data_Set_FANGQU                 0x200000ec   Data           1  transmit.o(.data)
    Transmit_Data                            0x200000ee   Data           2  transmit.o(.data)
    Queue_Number                             0x200000f0   Data           2  transmit.o(.data)
    Transmit_Confirm_Key_Press               0x200000f2   Data           1  transmit.o(.data)
    SystemCoreClock                          0x20000108   Data           4  system_stm32f10x.o(.data)
    AHBPrescTable                            0x2000010c   Data          16  system_stm32f10x.o(.data)
    __stdout                                 0x2000011c   Data           4  stdout.o(.data)
    Tm1629_Display_Ram                       0x20000120   Data          48  tm1629.o(.bss)
    EEPROM                                   0x20000150   Data          16  eeprom_24c.o(.bss)
    Decoder_Call_Save_Queue                  0x20000160   Data         800  rf_app.o(.bss)
    Sound_Data                               0x20000480   Data          20  gd5800.o(.bss)
    systmtime                                0x20000494   Data          28  stm32_rtc.o(.bss)
    __initial_sp                             0x200008b0   Data           0  startup_stm32f10x_md.o(STACK)



==============================================================================

Memory Map of the image

  Image Entry point : 0x080000ed

  Load Region LR_IROM1 (Base: 0x08000000, Size: 0x00007d64, Max: 0x00010000, ABSOLUTE)

    Execution Region ER_IROM1 (Base: 0x08000000, Size: 0x00007c44, Max: 0x00010000, ABSOLUTE)

    Base Addr    Size         Type   Attr      Idx    E Section Name        Object

    0x08000000   0x000000ec   Data   RO            3    RESET               startup_stm32f10x_md.o
    0x080000ec   0x00000000   Code   RO          734  * .ARM.Collect$$$$00000000  mc_w.l(entry.o)
    0x080000ec   0x00000004   Code   RO         1004    .ARM.Collect$$$$00000001  mc_w.l(entry2.o)
    0x080000f0   0x00000004   Code   RO         1007    .ARM.Collect$$$$00000004  mc_w.l(entry5.o)
    0x080000f4   0x00000000   Code   RO         1009    .ARM.Collect$$$$00000008  mc_w.l(entry7b.o)
    0x080000f4   0x00000000   Code   RO         1011    .ARM.Collect$$$$0000000A  mc_w.l(entry8b.o)
    0x080000f4   0x00000008   Code   RO         1012    .ARM.Collect$$$$0000000B  mc_w.l(entry9a.o)
    0x080000fc   0x00000000   Code   RO         1014    .ARM.Collect$$$$0000000D  mc_w.l(entry10a.o)
    0x080000fc   0x00000000   Code   RO         1016    .ARM.Collect$$$$0000000F  mc_w.l(entry11a.o)
    0x080000fc   0x00000004   Code   RO         1005    .ARM.Collect$$$$00002712  mc_w.l(entry2.o)
    0x08000100   0x00000024   Code   RO            4    .text               startup_stm32f10x_md.o
    0x08000124   0x00000070   Code   RO           10    .text               main.o
    0x08000194   0x00000114   Code   RO          170    .text               stm32f10x_it.o
    0x080002a8   0x000000ec   Code   RO          185    .text               set_system_clock.o
    0x08000394   0x00000300   Code   RO          207    .text               usart2.o
    0x08000694   0x000000d8   Code   RO          219    .text               usart1.o
    0x0800076c   0x000001e8   Code   RO          231    .text               rf.o
    0x08000954   0x000009dc   Code   RO          249    .text               tm1629.o
    0x08001330   0x00000c58   Code   RO          272    .text               eeprom_24c.o
    0x08001f88   0x0000085c   Code   RO          291    .text               key.o
    0x080027e4   0x000018f4   Code   RO          316    .text               menu.o
    0x080040d8   0x000009e4   Code   RO          339    .text               rf_app.o
    0x08004abc   0x000003f4   Code   RO          358    .text               gd5800.o
    0x08004eb0   0x000000d6   Code   RO          377    .text               stm32_rtc.o
    0x08004f86   0x00000002   PAD
    0x08004f88   0x000001e0   Code   RO          395    .text               bsp_date.o
    0x08005168   0x0000041c   Code   RO          410    .text               transmit.o
    0x08005584   0x000000dc   Code   RO          428    .text               misc.o
    0x08005660   0x000000c4   Code   RO          452    .text               stm32f10x_bkp.o
    0x08005724   0x0000011c   Code   RO          536    .text               stm32f10x_exti.o
    0x08005840   0x00000358   Code   RO          572    .text               stm32f10x_gpio.o
    0x08005b98   0x000000cc   Code   RO          608    .text               stm32f10x_pwr.o
    0x08005c64   0x000003c4   Code   RO          620    .text               stm32f10x_rcc.o
    0x08006028   0x00000144   Code   RO          634    .text               stm32f10x_rtc.o
    0x0800616c   0x00000e1a   Code   RO          670    .text               stm32f10x_tim.o
    0x08006f86   0x00000002   PAD
    0x08006f88   0x00000408   Code   RO          682    .text               stm32f10x_usart.o
    0x08007390   0x000001b4   Code   RO          716    .text               system_stm32f10x.o
    0x08007544   0x00000024   Code   RO          737    .text               mc_w.l(memcpya.o)
    0x08007568   0x00000024   Code   RO          739    .text               mc_w.l(memseta.o)
    0x0800758c   0x00000024   Code   RO         1034    .text               mc_w.l(init.o)
    0x080075b0   0x00000020   Code   RO          810    i.__0printf$2       mc_w.l(printf2.o)
    0x080075d0   0x0000000e   Code   RO         1046    i.__scatterload_copy  mc_w.l(handlers.o)
    0x080075de   0x00000002   Code   RO         1047    i.__scatterload_null  mc_w.l(handlers.o)
    0x080075e0   0x0000000e   Code   RO         1048    i.__scatterload_zeroinit  mc_w.l(handlers.o)
    0x080075ee   0x000000d0   Code   RO          817    i._printf_core      mc_w.l(printf2.o)
    0x080076be   0x00000032   Data   RO          251    .constdata          tm1629.o
    0x080076f0   0x00000504   Data   RO          317    .constdata          menu.o
    0x08007bf4   0x00000030   Data   RO          396    .constdata          bsp_date.o
    0x08007c24   0x00000020   Data   RO         1044    Region$$Table       anon$$obj.o


    Execution Region RW_IRAM1 (Base: 0x20000000, Size: 0x000008b0, Max: 0x00002000, ABSOLUTE)

    Base Addr    Size         Type   Attr      Idx    E Section Name        Object

    0x20000000   0x00000009   Data   RW          186    .data               set_system_clock.o
    0x20000009   0x00000003   PAD
    0x2000000c   0x0000001b   Data   RW          232    .data               rf.o
    0x20000027   0x00000012   Data   RW          252    .data               tm1629.o
    0x20000039   0x00000003   PAD
    0x2000003c   0x00000008   Data   RW          292    .data               key.o
    0x20000044   0x00000042   Data   RW          318    .data               menu.o
    0x20000086   0x00000002   PAD
    0x20000088   0x0000002d   Data   RW          341    .data               rf_app.o
    0x200000b5   0x00000002   Data   RW          360    .data               gd5800.o
    0x200000b7   0x00000001   PAD
    0x200000b8   0x00000030   Data   RW          397    .data               bsp_date.o
    0x200000e8   0x0000000b   Data   RW          411    .data               transmit.o
    0x200000f3   0x00000014   Data   RW          621    .data               stm32f10x_rcc.o
    0x20000107   0x00000001   PAD
    0x20000108   0x00000014   Data   RW          717    .data               system_stm32f10x.o
    0x2000011c   0x00000004   Data   RW         1018    .data               mc_w.l(stdout.o)
    0x20000120   0x00000030   Zero   RW          250    .bss                tm1629.o
    0x20000150   0x00000010   Zero   RW          273    .bss                eeprom_24c.o
    0x20000160   0x00000320   Zero   RW          340    .bss                rf_app.o
    0x20000480   0x00000014   Zero   RW          359    .bss                gd5800.o
    0x20000494   0x0000001c   Zero   RW          378    .bss                stm32_rtc.o
    0x200004b0   0x00000400   Zero   RW            1    STACK               startup_stm32f10x_md.o


==============================================================================

Image component sizes


      Code (inc. data)   RO Data    RW Data    ZI Data      Debug   Object Name

       480         16         48         48          0       1613   bsp_date.o
      3160        174          0          0         16       9420   eeprom_24c.o
      1012         32          0          2         20       5258   gd5800.o
      2140        200          0          8          0      17896   key.o
       112          8          0          0          0     263124   main.o
      6388        232       1284         66          0      20322   menu.o
       220         20          0          0          0       1601   misc.o
       488         48          0         27          0       1488   rf.o
      2532        172          0         45        800       7826   rf_app.o
       236         16          0          9          0      16146   set_system_clock.o
        36          8        236          0       1024        764   startup_stm32f10x_md.o
       214          0          0          0         28       1189   stm32_rtc.o
       196          8          0          0          0       3264   stm32f10x_bkp.o
       284         10          0          0          0       2035   stm32f10x_exti.o
       856         40          0          0          0       5449   stm32f10x_gpio.o
       276         46          0          0          0       1493   stm32f10x_it.o
       204         16          0          0          0       1823   stm32f10x_pwr.o
       964         50          0         20          0       8870   stm32f10x_rcc.o
       324          4          0          0          0       2574   stm32f10x_rtc.o
      3610         88          0          0          0      21932   stm32f10x_tim.o
      1032         22          0          0          0       8168   stm32f10x_usart.o
       436         32          0         20          0       1587   system_stm32f10x.o
      2524        136         50         18         48       7519   tm1629.o
      1052         50          0         11          0       2824   transmit.o
       216          8          0          0          0       1019   usart1.o
       768         22          0          0          0       1649   usart2.o

    ----------------------------------------------------------------------
     29764       1458       1650        284       1936     416853   Object Totals
         0          0         32          0          0          0   (incl. Generated)
         4          0          0         10          0          0   (incl. Padding)

    ----------------------------------------------------------------------

      Code (inc. data)   RO Data    RW Data    ZI Data      Debug   Library Member Name

         0          0          0          0          0          0   entry.o
         0          0          0          0          0          0   entry10a.o
         0          0          0          0          0          0   entry11a.o
         8          4          0          0          0          0   entry2.o
         4          0          0          0          0          0   entry5.o
         0          0          0          0          0          0   entry7b.o
         0          0          0          0          0          0   entry8b.o
         8          4          0          0          0          0   entry9a.o
        30          0          0          0          0          0   handlers.o
        36          8          0          0          0         68   init.o
        36          0          0          0          0         68   memcpya.o
        36          0          0          0          0        108   memseta.o
       240         10          0          0          0        176   printf2.o
         0          0          0          4          0          0   stdout.o

    ----------------------------------------------------------------------
       398         26          0          4          0        420   Library Totals
         0          0          0          0          0          0   (incl. Padding)

    ----------------------------------------------------------------------

      Code (inc. data)   RO Data    RW Data    ZI Data      Debug   Library Name

       398         26          0          4          0        420   mc_w.l

    ----------------------------------------------------------------------
       398         26          0          4          0        420   Library Totals

    ----------------------------------------------------------------------

==============================================================================


      Code (inc. data)   RO Data    RW Data    ZI Data      Debug   

     30162       1484       1650        288       1936     414673   Grand Totals
     30162       1484       1650        288       1936     414673   ELF Image Totals
     30162       1484       1650        288          0          0   ROM Totals

==============================================================================

    Total RO  Size (Code + RO Data)                31812 (  31.07kB)
    Total RW  Size (RW Data + ZI Data)              2224 (   2.17kB)
    Total ROM Size (Code + RO Data + RW Data)      32100 (  31.35kB)

==============================================================================

