ARM Linker, 5.03 [Build 76] [MDK-ARM Standard]

==============================================================================

Section Cross References

    startup_stm32f10x_md.o(RESET) refers to startup_stm32f10x_md.o(STACK) for __initial_sp
    startup_stm32f10x_md.o(RESET) refers to startup_stm32f10x_md.o(.text) for Reset_Handler
    startup_stm32f10x_md.o(RESET) refers to stm32f10x_it.o(.text) for NMI_Handler
    startup_stm32f10x_md.o(RESET) refers to usart1.o(.text) for USART1_IRQHandler
    startup_stm32f10x_md.o(RESET) refers to usart2.o(.text) for USART2_IRQHandler
    startup_stm32f10x_md.o(RESET) refers to rf.o(.text) for EXTI15_10_IRQHandler
    startup_stm32f10x_md.o(.text) refers to system_stm32f10x.o(.text) for SystemInit
    startup_stm32f10x_md.o(.text) refers to entry.o(.ARM.Collect$$$$00000000) for __main
    main.o(.text) refers to misc.o(.text) for NVIC_PriorityGroupConfig
    main.o(.text) refers to set_system_clock.o(.text) for Set_System_Clock
    main.o(.text) refers to usart2.o(.text) for CH340_USART2_Config
    main.o(.text) refers to usart1.o(.text) for GD5800_USART1_Config
    main.o(.text) refers to rf.o(.text) for RF_Config
    main.o(.text) refers to tm1629.o(.text) for Tm1629_GPIO_Config
    main.o(.text) refers to eeprom_24c.o(.text) for I2C_IO_Init
    main.o(.text) refers to key.o(.text) for Key_IO_Init
    main.o(.text) refers to printf5.o(i.__0printf$5) for __2printf
    main.o(.text) refers to rf.o(.data) for RF_Flag
    stm32f10x_it.o(.text) refers to set_system_clock.o(.data) for System_Time_Count
    set_system_clock.o(.text) refers to stm32f10x_rcc.o(.text) for RCC_DeInit
    set_system_clock.o(.text) refers to stm32f10x_gpio.o(.text) for GPIO_PinRemapConfig
    set_system_clock.o(.text) refers to system_stm32f10x.o(.data) for SystemCoreClock
    usart2.o(.text) refers to stm32f10x_rcc.o(.text) for RCC_APB2PeriphClockCmd
    usart2.o(.text) refers to stm32f10x_gpio.o(.text) for GPIO_Init
    usart2.o(.text) refers to stm32f10x_usart.o(.text) for USART_Init
    usart2.o(.text) refers to misc.o(.text) for NVIC_Init
    usart2.o(.text) refers to printf5.o(i.__0printf$5) for __2printf
    usart1.o(.text) refers to stm32f10x_rcc.o(.text) for RCC_APB2PeriphClockCmd
    usart1.o(.text) refers to stm32f10x_gpio.o(.text) for GPIO_Init
    usart1.o(.text) refers to stm32f10x_usart.o(.text) for USART_Init
    usart1.o(.text) refers to misc.o(.text) for NVIC_Init
    rf.o(.text) refers to stm32f10x_exti.o(.text) for EXTI_ClearITPendingBit
    rf.o(.text) refers to stm32f10x_rcc.o(.text) for RCC_APB2PeriphClockCmd
    rf.o(.text) refers to stm32f10x_gpio.o(.text) for GPIO_Init
    rf.o(.text) refers to misc.o(.text) for NVIC_Init
    rf.o(.text) refers to stm32f10x_tim.o(.text) for TIM_TimeBaseInit
    rf.o(.text) refers to rf.o(.data) for RF_Count
    rf.o(.text) refers to system_stm32f10x.o(.data) for SystemCoreClock
    tm1629.o(.text) refers to stm32f10x_rcc.o(.text) for RCC_APB2PeriphClockCmd
    tm1629.o(.text) refers to stm32f10x_gpio.o(.text) for GPIO_Init
    tm1629.o(.text) refers to tm1629.o(.bss) for Tm1629_Display_Ram
    tm1629.o(.text) refers to memseta.o(.text) for __aeabi_memclr
    tm1629.o(.text) refers to tm1629.o(.constdata) for Dis_TAB
    tm1629.o(.text) refers to tm1629.o(.data) for flag
    eeprom_24c.o(.text) refers to stm32f10x_rcc.o(.text) for RCC_APB2PeriphClockCmd
    eeprom_24c.o(.text) refers to stm32f10x_gpio.o(.text) for GPIO_Init
    eeprom_24c.o(.text) refers to menu.o(.data) for Register_Call_Buff
    eeprom_24c.o(.text) refers to memseta.o(.text) for __aeabi_memclr4
    key.o(.text) refers to stm32f10x_rcc.o(.text) for RCC_APB2PeriphClockCmd
    key.o(.text) refers to stm32f10x_gpio.o(.text) for GPIO_Init
    key.o(.text) refers to set_system_clock.o(.data) for LongPressSec
    key.o(.text) refers to key.o(.data) for gKeyValue
    key.o(.text) refers to menu.o(.constdata) for MenuProc
    menu.o(.text) refers to tm1629.o(.text) for Tm1629_Clear
    menu.o(.text) refers to menu.o(.data) for index
    menu.o(.text) refers to tm1629.o(.bss) for Tm1629_Display_Ram
    menu.o(.text) refers to key.o(.data) for gKeyValue
    menu.o(.text) refers to tm1629.o(.data) for Tm1629_Test_Time
    menu.o(.constdata) refers to menu.o(.text) for Menu_Standby
    rf_app.o(.text) refers to eeprom_24c.o(.text) for Register_Call_Function
    rf_app.o(.text) refers to menu.o(.data) for Register_Call_Buff
    rf_app.o(.text) refers to rf.o(.data) for RF_ID
    rf_app.o(.text) refers to key.o(.data) for index
    stm32f10x_adc.o(.text) refers to stm32f10x_rcc.o(.text) for RCC_APB2PeriphResetCmd
    stm32f10x_bkp.o(.text) refers to stm32f10x_rcc.o(.text) for RCC_BackupResetCmd
    stm32f10x_can.o(.text) refers to stm32f10x_rcc.o(.text) for RCC_APB1PeriphResetCmd
    stm32f10x_cec.o(.text) refers to stm32f10x_rcc.o(.text) for RCC_APB1PeriphResetCmd
    stm32f10x_dac.o(.text) refers to stm32f10x_rcc.o(.text) for RCC_APB1PeriphResetCmd
[...]
    printf1.o(i.__0fprintf$1) refers to usart2.o(.text) for fputc
    printf1.o(i.__0printf$1) refers to printf1.o(i._printf_core) for _printf_core
    printf1.o(i.__0printf$1) refers to usart2.o(.text) for fputc
    printf1.o(i.__0printf$1) refers to stdout.o(.data) for __stdout
    printf1.o(i.__0snprintf$1) refers to printf1.o(i._printf_core) for _printf_core
    printf1.o(i.__0snprintf$1) refers to printf1.o(i._snputc) for _snputc
    printf1.o(i.__0sprintf$1) refers to printf1.o(i._printf_core) for _printf_core
    printf1.o(i.__0sprintf$1) refers to printf1.o(i._sputc) for _sputc
    printf1.o(i.__0vfprintf$1) refers to printf1.o(i._printf_core) for _printf_core
    printf1.o(i.__0vfprintf$1) refers to usart2.o(.text) for fputc
    printf1.o(i.__0vprintf$1) refers to printf1.o(i._printf_core) for _printf_core
    printf1.o(i.__0vprintf$1) refers to usart2.o(.text) for fputc
    printf1.o(i.__0vprintf$1) refers to stdout.o(.data) for __stdout
    printf1.o(i.__0vsnprintf$1) refers to printf1.o(i._printf_core) for _printf_core
    printf1.o(i.__0vsnprintf$1) refers to printf1.o(i._snputc) for _snputc
    printf1.o(i.__0vsprintf$1) refers to printf1.o(i._printf_core) for _printf_core
    printf1.o(i.__0vsprintf$1) refers to printf1.o(i._sputc) for _sputc
    printf1.o(i._printf_core) refers to uidiv.o(.text) for __aeabi_uidivmod
    printf2.o(i.__0fprintf$2) refers to printf2.o(i._printf_core) for _printf_core
    printf2.o(i.__0fprintf$2) refers to usart2.o(.text) for fputc
    printf2.o(i.__0printf$2) refers to printf2.o(i._printf_core) for _printf_core
    printf2.o(i.__0printf$2) refers to usart2.o(.text) for fputc
    printf2.o(i.__0printf$2) refers to stdout.o(.data) for __stdout
    printf2.o(i.__0snprintf$2) refers to printf2.o(i._printf_core) for _printf_core
    printf2.o(i.__0snprintf$2) refers to printf2.o(i._snputc) for _snputc
    printf2.o(i.__0sprintf$2) refers to printf2.o(i._printf_core) for _printf_core
    printf2.o(i.__0sprintf$2) refers to printf2.o(i._sputc) for _sputc
    printf2.o(i.__0vfprintf$2) refers to printf2.o(i._printf_core) for _printf_core
    printf2.o(i.__0vfprintf$2) refers to usart2.o(.text) for fputc
    printf2.o(i.__0vprintf$2) refers to printf2.o(i._printf_core) for _printf_core
    printf2.o(i.__0vprintf$2) refers to usart2.o(.text) for fputc
    printf2.o(i.__0vprintf$2) refers to stdout.o(.data) for __stdout
    printf2.o(i.__0vsnprintf$2) refers to printf2.o(i._printf_core) for _printf_core
    printf2.o(i.__0vsnprintf$2) refers to printf2.o(i._snputc) for _snputc
    printf2.o(i.__0vsprintf$2) refers to printf2.o(i._printf_core) for _printf_core
    printf2.o(i.__0vsprintf$2) refers to printf2.o(i._sputc) for _sputc
    printf3.o(i.__0fprintf$3) refers to printf3.o(i._printf_core) for _printf_core
    printf3.o(i.__0fprintf$3) refers to usart2.o(.text) for fputc
    printf3.o(i.__0printf$3) refers to printf3.o(i._printf_core) for _printf_core
    printf3.o(i.__0printf$3) refers to usart2.o(.text) for fputc
    printf3.o(i.__0printf$3) refers to stdout.o(.data) for __stdout
    printf3.o(i.__0snprintf$3) refers to printf3.o(i._printf_core) for _printf_core
    printf3.o(i.__0snprintf$3) refers to printf3.o(i._snputc) for _snputc
    printf3.o(i.__0sprintf$3) refers to printf3.o(i._printf_core) for _printf_core
    printf3.o(i.__0sprintf$3) refers to printf3.o(i._sputc) for _sputc
    printf3.o(i.__0vfprintf$3) refers to printf3.o(i._printf_core) for _printf_core
    printf3.o(i.__0vfprintf$3) refers to usart2.o(.text) for fputc
    printf3.o(i.__0vprintf$3) refers to printf3.o(i._printf_core) for _printf_core
    printf3.o(i.__0vprintf$3) refers to usart2.o(.text) for fputc
    printf3.o(i.__0vprintf$3) refers to stdout.o(.data) for __stdout
    printf3.o(i.__0vsnprintf$3) refers to printf3.o(i._printf_core) for _printf_core
    printf3.o(i.__0vsnprintf$3) refers to printf3.o(i._snputc) for _snputc
    printf3.o(i.__0vsprintf$3) refers to printf3.o(i._printf_core) for _printf_core
    printf3.o(i.__0vsprintf$3) refers to printf3.o(i._sputc) for _sputc
    printf3.o(i._printf_core) refers to uidiv.o(.text) for __aeabi_uidivmod
    printf4.o(i.__0fprintf$4) refers to printf4.o(i._printf_core) for _printf_core
    printf4.o(i.__0fprintf$4) refers to usart2.o(.text) for fputc
    printf4.o(i.__0printf$4) refers to printf4.o(i._printf_core) for _printf_core
    printf4.o(i.__0printf$4) refers to usart2.o(.text) for fputc
    printf4.o(i.__0printf$4) refers to stdout.o(.data) for __stdout
    printf4.o(i.__0snprintf$4) refers to printf4.o(i._printf_core) for _printf_core
    printf4.o(i.__0snprintf$4) refers to printf4.o(i._snputc) for _snputc
    printf4.o(i.__0sprintf$4) refers to printf4.o(i._printf_core) for _printf_core
    printf4.o(i.__0sprintf$4) refers to printf4.o(i._sputc) for _sputc
    printf4.o(i.__0vfprintf$4) refers to printf4.o(i._printf_core) for _printf_core
    printf4.o(i.__0vfprintf$4) refers to usart2.o(.text) for fputc
    printf4.o(i.__0vprintf$4) refers to printf4.o(i._printf_core) for _printf_core
    printf4.o(i.__0vprintf$4) refers to usart2.o(.text) for fputc
    printf4.o(i.__0vprintf$4) refers to stdout.o(.data) for __stdout
    printf4.o(i.__0vsnprintf$4) refers to printf4.o(i._printf_core) for _printf_core
    printf4.o(i.__0vsnprintf$4) refers to printf4.o(i._snputc) for _snputc
    printf4.o(i.__0vsprintf$4) refers to printf4.o(i._printf_core) for _printf_core
    printf4.o(i.__0vsprintf$4) refers to printf4.o(i._sputc) for _sputc
    printf4.o(i._printf_core) refers to uldiv.o(.text) for __aeabi_uldivmod
    printf5.o(i.__0fprintf$5) refers to printf5.o(i._printf_core) for _printf_core
    printf5.o(i.__0fprintf$5) refers to usart2.o(.text) for fputc
    printf5.o(i.__0printf$5) refers to printf5.o(i._printf_core) for _printf_core
    printf5.o(i.__0printf$5) refers to usart2.o(.text) for fputc
    printf5.o(i.__0printf$5) refers to stdout.o(.data) for __stdout
    printf5.o(i.__0snprintf$5) refers to printf5.o(i._printf_core) for _printf_core
    printf5.o(i.__0snprintf$5) refers to printf5.o(i._snputc) for _snputc
    printf5.o(i.__0sprintf$5) refers to printf5.o(i._printf_core) for _printf_core
    printf5.o(i.__0sprintf$5) refers to printf5.o(i._sputc) for _sputc
    printf5.o(i.__0vfprintf$5) refers to printf5.o(i._printf_core) for _printf_core
    printf5.o(i.__0vfprintf$5) refers to usart2.o(.text) for fputc
    printf5.o(i.__0vprintf$5) refers to printf5.o(i._printf_core) for _printf_core
    printf5.o(i.__0vprintf$5) refers to usart2.o(.text) for fputc
    printf5.o(i.__0vprintf$5) refers to stdout.o(.data) for __stdout
    printf5.o(i.__0vsnprintf$5) refers to printf5.o(i._printf_core) for _printf_core
    printf5.o(i.__0vsnprintf$5) refers to printf5.o(i._snputc) for _snputc
    printf5.o(i.__0vsprintf$5) refers to printf5.o(i._printf_core) for _printf_core
    printf5.o(i.__0vsprintf$5) refers to printf5.o(i._sputc) for _sputc
    printf5.o(i._printf_core) refers to uldiv.o(.text) for __aeabi_uldivmod
    printf6.o(i.__0fprintf$6) refers to printf6.o(i._printf_core) for _printf_core
    printf6.o(i.__0fprintf$6) refers to usart2.o(.text) for fputc
    printf6.o(i.__0printf$6) refers to printf6.o(i._printf_core) for _printf_core
    printf6.o(i.__0printf$6) refers to usart2.o(.text) for fputc
    printf6.o(i.__0printf$6) refers to stdout.o(.data) for __stdout
    printf6.o(i.__0snprintf$6) refers to printf6.o(i._printf_core) for _printf_core
    printf6.o(i.__0snprintf$6) refers to printf6.o(i._snputc) for _snputc
    printf6.o(i.__0sprintf$6) refers to printf6.o(i._printf_core) for _printf_core
    printf6.o(i.__0sprintf$6) refers to printf6.o(i._sputc) for _sputc
    printf6.o(i.__0vfprintf$6) refers to printf6.o(i._printf_core) for _printf_core
    printf6.o(i.__0vfprintf$6) refers to usart2.o(.text) for fputc
    printf6.o(i.__0vprintf$6) refers to printf6.o(i._printf_core) for _printf_core
    printf6.o(i.__0vprintf$6) refers to usart2.o(.text) for fputc
    printf6.o(i.__0vprintf$6) refers to stdout.o(.data) for __stdout
    printf6.o(i.__0vsnprintf$6) refers to printf6.o(i._printf_core) for _printf_core
    printf6.o(i.__0vsnprintf$6) refers to printf6.o(i._snputc) for _snputc
    printf6.o(i.__0vsprintf$6) refers to printf6.o(i._printf_core) for _printf_core
    printf6.o(i.__0vsprintf$6) refers to printf6.o(i._sputc) for _sputc
    printf6.o(i._printf_core) refers to printf6.o(i._printf_pre_padding) for _printf_pre_padding
    printf6.o(i._printf_core) refers to uidiv.o(.text) for __aeabi_uidivmod
    printf6.o(i._printf_core) refers to printf6.o(i._printf_post_padding) for _printf_post_padding
    printf7.o(i.__0fprintf$7) refers to printf7.o(i._printf_core) for _printf_core
    printf7.o(i.__0fprintf$7) refers to usart2.o(.text) for fputc
    printf7.o(i.__0printf$7) refers to printf7.o(i._printf_core) for _printf_core
    printf7.o(i.__0printf$7) refers to usart2.o(.text) for fputc
    printf7.o(i.__0printf$7) refers to stdout.o(.data) for __stdout
    printf7.o(i.__0snprintf$7) refers to printf7.o(i._printf_core) for _printf_core
    printf7.o(i.__0snprintf$7) refers to printf7.o(i._snputc) for _snputc
    printf7.o(i.__0sprintf$7) refers to printf7.o(i._printf_core) for _printf_core
    printf7.o(i.__0sprintf$7) refers to printf7.o(i._sputc) for _sputc
    printf7.o(i.__0vfprintf$7) refers to printf7.o(i._printf_core) for _printf_core
    printf7.o(i.__0vfprintf$7) refers to usart2.o(.text) for fputc
    printf7.o(i.__0vprintf$7) refers to printf7.o(i._printf_core) for _printf_core
    printf7.o(i.__0vprintf$7) refers to usart2.o(.text) for fputc
    printf7.o(i.__0vprintf$7) refers to stdout.o(.data) for __stdout
    printf7.o(i.__0vsnprintf$7) refers to printf7.o(i._printf_core) for _printf_core
    printf7.o(i.__0vsnprintf$7) refers to printf7.o(i._snputc) for _snputc
    printf7.o(i.__0vsprintf$7) refers to printf7.o(i._printf_core) for _printf_core
    printf7.o(i.__0vsprintf$7) refers to printf7.o(i._sputc) for _sputc
    printf7.o(i._printf_core) refers to printf7.o(i._printf_pre_padding) for _printf_pre_padding
    printf7.o(i._printf_core) refers to uldiv.o(.text) for __aeabi_uldivmod
    printf7.o(i._printf_core) refers to printf7.o(i._printf_post_padding) for _printf_post_padding
    printf8.o(i.__0fprintf$8) refers to printf8.o(i._printf_core) for _printf_core
    printf8.o(i.__0fprintf$8) refers to usart2.o(.text) for fputc
    printf8.o(i.__0printf$8) refers to printf8.o(i._printf_core) for _printf_core
    printf8.o(i.__0printf$8) refers to usart2.o(.text) for fputc
    printf8.o(i.__0printf$8) refers to stdout.o(.data) for __stdout
    printf8.o(i.__0snprintf$8) refers to printf8.o(i._printf_core) for _printf_core
    printf8.o(i.__0snprintf$8) refers to printf8.o(i._snputc) for _snputc
    printf8.o(i.__0sprintf$8) refers to printf8.o(i._printf_core) for _printf_core
    printf8.o(i.__0sprintf$8) refers to printf8.o(i._sputc) for _sputc
    printf8.o(i.__0vfprintf$8) refers to printf8.o(i._printf_core) for _printf_core
    printf8.o(i.__0vfprintf$8) refers to usart2.o(.text) for fputc
    printf8.o(i.__0vprintf$8) refers to printf8.o(i._printf_core) for _printf_core
    printf8.o(i.__0vprintf$8) refers to usart2.o(.text) for fputc
    printf8.o(i.__0vprintf$8) refers to stdout.o(.data) for __stdout
    printf8.o(i.__0vsnprintf$8) refers to printf8.o(i._printf_core) for _printf_core
    printf8.o(i.__0vsnprintf$8) refers to printf8.o(i._snputc) for _snputc
    printf8.o(i.__0vsprintf$8) refers to printf8.o(i._printf_core) for _printf_core
    printf8.o(i.__0vsprintf$8) refers to printf8.o(i._sputc) for _sputc
    printf8.o(i._printf_core) refers to printf8.o(i._printf_pre_padding) for _printf_pre_padding
    printf8.o(i._printf_core) refers to uldiv.o(.text) for __aeabi_uldivmod
    printf8.o(i._printf_core) refers to printf8.o(i._printf_post_padding) for _printf_post_padding
    printfa.o(i.__0fprintf) refers (Special) to iusefp.o(.text) for __I$use$fp
    printfa.o(i.__0fprintf) refers to printfa.o(i._printf_core) for _printf_core
    printfa.o(i.__0fprintf) refers to usart2.o(.text) for fputc
    printfa.o(i.__0printf) refers (Special) to iusefp.o(.text) for __I$use$fp
    printfa.o(i.__0printf) refers to printfa.o(i._printf_core) for _printf_core
    printfa.o(i.__0printf) refers to usart2.o(.text) for fputc
    printfa.o(i.__0printf) refers to stdout.o(.data) for __stdout
    printfa.o(i.__0snprintf) refers (Special) to iusefp.o(.text) for __I$use$fp
    printfa.o(i.__0snprintf) refers to printfa.o(i._printf_core) for _printf_core
    printfa.o(i.__0snprintf) refers to printfa.o(i._snputc) for _snputc
    printfa.o(i.__0sprintf) refers (Special) to iusefp.o(.text) for __I$use$fp
    printfa.o(i.__0sprintf) refers to printfa.o(i._printf_core) for _printf_core
    printfa.o(i.__0sprintf) refers to printfa.o(i._sputc) for _sputc
    printfa.o(i.__0vfprintf) refers (Special) to iusefp.o(.text) for __I$use$fp
    printfa.o(i.__0vfprintf) refers to printfa.o(i._printf_core) for _printf_core
    printfa.o(i.__0vfprintf) refers to usart2.o(.text) for fputc
    printfa.o(i.__0vprintf) refers (Special) to iusefp.o(.text) for __I$use$fp
    printfa.o(i.__0vprintf) refers to printfa.o(i._printf_core) for _printf_core
    printfa.o(i.__0vprintf) refers to usart2.o(.text) for fputc
    printfa.o(i.__0vprintf) refers to stdout.o(.data) for __stdout
    printfa.o(i.__0vsnprintf) refers (Special) to iusefp.o(.text) for __I$use$fp
    printfa.o(i.__0vsnprintf) refers to printfa.o(i._printf_core) for _printf_core
    printfa.o(i.__0vsnprintf) refers to printfa.o(i._snputc) for _snputc
    printfa.o(i.__0vsprintf) refers (Special) to iusefp.o(.text) for __I$use$fp
    printfa.o(i.__0vsprintf) refers to printfa.o(i._printf_core) for _printf_core
    printfa.o(i.__0vsprintf) refers to printfa.o(i._sputc) for _sputc
    printfa.o(i._fp_digits) refers (Special) to iusefp.o(.text) for __I$use$fp
    printfa.o(i._fp_digits) refers to dmul.o(.text) for __aeabi_dmul
    printfa.o(i._fp_digits) refers to ddiv.o(.text) for __aeabi_ddiv
    printfa.o(i._fp_digits) refers to cdrcmple.o(.text) for __aeabi_cdrcmple
    printfa.o(i._fp_digits) refers to dadd.o(.text) for __aeabi_dadd
    printfa.o(i._fp_digits) refers to dfixul.o(.text) for __aeabi_d2ulz
    printfa.o(i._fp_digits) refers to uldiv.o(.text) for __aeabi_uldivmod
    printfa.o(i._printf_core) refers (Special) to iusefp.o(.text) for __I$use$fp
    printfa.o(i._printf_core) refers to printfa.o(i._printf_pre_padding) for _printf_pre_padding
    printfa.o(i._printf_core) refers to uldiv.o(.text) for __aeabi_uldivmod
    printfa.o(i._printf_core) refers to printfa.o(i._printf_post_padding) for _printf_post_padding
    printfa.o(i._printf_core) refers to printfa.o(i._fp_digits) for _fp_digits
    printfa.o(i._printf_core) refers to uidiv.o(.text) for __aeabi_uidivmod
    printfa.o(i._printf_post_padding) refers (Special) to iusefp.o(.text) for __I$use$fp
    printfa.o(i._printf_pre_padding) refers (Special) to iusefp.o(.text) for __I$use$fp
    printfa.o(i._snputc) refers (Special) to iusefp.o(.text) for __I$use$fp
    printfa.o(i._sputc) refers (Special) to iusefp.o(.text) for __I$use$fp
    entry2.o(.ARM.Collect$$$$00000001) refers to entry2.o(.ARM.Collect$$$$00002712) for __lit__00000000
    entry2.o(.ARM.Collect$$$$00002712) refers to startup_stm32f10x_md.o(STACK) for __initial_sp
    entry2.o(__vectab_stack_and_reset_area) refers to startup_stm32f10x_md.o(STACK) for __initial_sp
    entry2.o(__vectab_stack_and_reset_area) refers to entry.o(.ARM.Collect$$$$00000000) for __main
    entry5.o(.ARM.Collect$$$$00000004) refers to init.o(.text) for __scatterload
    entry9a.o(.ARM.Collect$$$$0000000B) refers to main.o(.text) for main
    entry9b.o(.ARM.Collect$$$$0000000C) refers to main.o(.text) for main
    uldiv.o(.text) refers to llushr.o(.text) for __aeabi_llsr
    uldiv.o(.text) refers to llshl.o(.text) for __aeabi_llsl
    dadd.o(.text) refers to llshl.o(.text) for __aeabi_llsl
    dadd.o(.text) refers to llsshr.o(.text) for __aeabi_lasr
    dadd.o(.text) refers to depilogue.o(.text) for _double_epilogue
    dmul.o(.text) refers to depilogue.o(.text) for _double_epilogue
    ddiv.o(.text) refers to depilogue.o(.text) for _double_round
    dfixul.o(.text) refers to llushr.o(.text) for __aeabi_llsr
    dfixul.o(.text) refers to llshl.o(.text) for __aeabi_llsl
    init.o(.text) refers to entry5.o(.ARM.Collect$$$$00000004) for __main_after_scatterload
    depilogue.o(.text) refers to llshl.o(.text) for __aeabi_llsl
    depilogue.o(.text) refers to llushr.o(.text) for __aeabi_llsr


==============================================================================

Removing Unused input sections from the image.

    Removing startup_stm32f10x_md.o(HEAP), (512 bytes).
    Removing rf_app.o(.text), (328 bytes).
    Removing stm32f10x_adc.o(.text), (1102 bytes).
    Removing stm32f10x_bkp.o(.text), (196 bytes).
    Removing stm32f10x_can.o(.text), (2540 bytes).
    Removing stm32f10x_cec.o(.text), (288 bytes).
    Removing stm32f10x_crc.o(.text), (72 bytes).
    Removing stm32f10x_dac.o(.text), (528 bytes).
    Removing stm32f10x_dbgmcu.o(.text), (48 bytes).
    Removing stm32f10x_dma.o(.text), (592 bytes).
    Removing stm32f10x_flash.o(.text), (1468 bytes).
    Removing stm32f10x_fsmc.o(.text), (1560 bytes).
    Removing stm32f10x_i2c.o(.text), (796 bytes).
    Removing stm32f10x_iwdg.o(.text), (64 bytes).
    Removing stm32f10x_pwr.o(.text), (204 bytes).
    Removing stm32f10x_rtc.o(.text), (324 bytes).
    Removing stm32f10x_sdio.o(.text), (472 bytes).
    Removing stm32f10x_spi.o(.text), (804 bytes).
    Removing stm32f10x_wwdg.o(.text), (136 bytes).
    Removing core_cm3.o(.emb_text), (32 bytes).
    Removing dadd.o(.text), (334 bytes).
    Removing dmul.o(.text), (228 bytes).
    Removing ddiv.o(.text), (222 bytes).
    Removing dfixul.o(.text), (48 bytes).
    Removing cdrcmple.o(.text), (40 bytes).
    Removing depilogue.o(.text), (190 bytes).

26 unused section(s) (total 13128 bytes) removed from the image.

==============================================================================

Image Symbol Table

    Local Symbols

    Symbol Name                              Value     Ov Type        Size  Object(Section)

    ../clib/microlib/division.c              0x00000000   Number         0  uldiv.o ABSOLUTE
    ../clib/microlib/division.c              0x00000000   Number         0  uidiv.o ABSOLUTE
    ../clib/microlib/init/entry.s            0x00000000   Number         0  entry10b.o ABSOLUTE
    ../clib/microlib/init/entry.s            0x00000000   Number         0  entry8b.o ABSOLUTE
    ../clib/microlib/init/entry.s            0x00000000   Number         0  entry11b.o ABSOLUTE
    ../clib/microlib/init/entry.s            0x00000000   Number         0  entry11a.o ABSOLUTE
    ../clib/microlib/init/entry.s            0x00000000   Number         0  entry9b.o ABSOLUTE
    ../clib/microlib/init/entry.s            0x00000000   Number         0  entry9a.o ABSOLUTE
    ../clib/microlib/init/entry.s            0x00000000   Number         0  entry8a.o ABSOLUTE
    ../clib/microlib/init/entry.s            0x00000000   Number         0  entry7b.o ABSOLUTE
    ../clib/microlib/init/entry.s            0x00000000   Number         0  entry5.o ABSOLUTE
    ../clib/microlib/init/entry.s            0x00000000   Number         0  entry10a.o ABSOLUTE
    ../clib/microlib/init/entry.s            0x00000000   Number         0  entry7a.o ABSOLUTE
    ../clib/microlib/init/entry.s            0x00000000   Number         0  entry.o ABSOLUTE
    ../clib/microlib/init/entry.s            0x00000000   Number         0  entry2.o ABSOLUTE
    ../clib/microlib/longlong.c              0x00000000   Number         0  llushr.o ABSOLUTE
    ../clib/microlib/longlong.c              0x00000000   Number         0  llsshr.o ABSOLUTE
    ../clib/microlib/longlong.c              0x00000000   Number         0  llshl.o ABSOLUTE
    ../clib/microlib/printf/printf.c         0x00000000   Number         0  printf6.o ABSOLUTE
    ../clib/microlib/printf/printf.c         0x00000000   Number         0  printf2.o ABSOLUTE
    ../clib/microlib/printf/printf.c         0x00000000   Number         0  printf5.o ABSOLUTE
    ../clib/microlib/printf/printf.c         0x00000000   Number         0  printf4.o ABSOLUTE
    ../clib/microlib/printf/printf.c         0x00000000   Number         0  printfb.o ABSOLUTE
    ../clib/microlib/printf/printf.c         0x00000000   Number         0  printf0.o ABSOLUTE
    ../clib/microlib/printf/printf.c         0x00000000   Number         0  printf3.o ABSOLUTE
    ../clib/microlib/printf/printf.c         0x00000000   Number         0  printf1.o ABSOLUTE
    ../clib/microlib/printf/printf.c         0x00000000   Number         0  printfa.o ABSOLUTE
    ../clib/microlib/printf/printf.c         0x00000000   Number         0  printf8.o ABSOLUTE
    ../clib/microlib/printf/printf.c         0x00000000   Number         0  printf7.o ABSOLUTE
    ../clib/microlib/printf/stubs.s          0x00000000   Number         0  stubs.o ABSOLUTE
    ../clib/microlib/stdio/streams.c         0x00000000   Number         0  stdout.o ABSOLUTE
    ../clib/microlib/string/memset.c         0x00000000   Number         0  memseta.o ABSOLUTE
    ../clib/microlib/stubs.s                 0x00000000   Number         0  iusefp.o ABSOLUTE
    ../fplib/microlib/fpadd.c                0x00000000   Number         0  dadd.o ABSOLUTE
    ../fplib/microlib/fpdiv.c                0x00000000   Number         0  ddiv.o ABSOLUTE
    ../fplib/microlib/fpepilogue.c           0x00000000   Number         0  depilogue.o ABSOLUTE
    ../fplib/microlib/fpfix.c                0x00000000   Number         0  dfixul.o ABSOLUTE
    ../fplib/microlib/fpmul.c                0x00000000   Number         0  dmul.o ABSOLUTE
    ..\CMSIS\core_cm3.c                      0x00000000   Number         0  core_cm3.o ABSOLUTE
    ..\CMSIS\startup\startup_stm32f10x_md.s  0x00000000   Number         0  startup_stm32f10x_md.o ABSOLUTE
    ..\CMSIS\system_stm32f10x.c              0x00000000   Number         0  system_stm32f10x.o ABSOLUTE
    ..\FWlib\src\misc.c                      0x00000000   Number         0  misc.o ABSOLUTE
    ..\FWlib\src\stm32f10x_adc.c             0x00000000   Number         0  stm32f10x_adc.o ABSOLUTE
    ..\FWlib\src\stm32f10x_bkp.c             0x00000000   Number         0  stm32f10x_bkp.o ABSOLUTE
    ..\FWlib\src\stm32f10x_can.c             0x00000000   Number         0  stm32f10x_can.o ABSOLUTE
    ..\FWlib\src\stm32f10x_cec.c             0x00000000   Number         0  stm32f10x_cec.o ABSOLUTE
    ..\FWlib\src\stm32f10x_crc.c             0x00000000   Number         0  stm32f10x_crc.o ABSOLUTE
    ..\FWlib\src\stm32f10x_dac.c             0x00000000   Number         0  stm32f10x_dac.o ABSOLUTE
    ..\FWlib\src\stm32f10x_dbgmcu.c          0x00000000   Number         0  stm32f10x_dbgmcu.o ABSOLUTE
    ..\FWlib\src\stm32f10x_dma.c             0x00000000   Number         0  stm32f10x_dma.o ABSOLUTE
    ..\FWlib\src\stm32f10x_exti.c            0x00000000   Number         0  stm32f10x_exti.o ABSOLUTE
    ..\FWlib\src\stm32f10x_flash.c           0x00000000   Number         0  stm32f10x_flash.o ABSOLUTE
    ..\FWlib\src\stm32f10x_fsmc.c            0x00000000   Number         0  stm32f10x_fsmc.o ABSOLUTE
    ..\FWlib\src\stm32f10x_gpio.c            0x00000000   Number         0  stm32f10x_gpio.o ABSOLUTE
    ..\FWlib\src\stm32f10x_i2c.c             0x00000000   Number         0  stm32f10x_i2c.o ABSOLUTE
    ..\FWlib\src\stm32f10x_iwdg.c            0x00000000   Number         0  stm32f10x_iwdg.o ABSOLUTE
    ..\FWlib\src\stm32f10x_pwr.c             0x00000000   Number         0  stm32f10x_pwr.o ABSOLUTE
    ..\FWlib\src\stm32f10x_rcc.c             0x00000000   Number         0  stm32f10x_rcc.o ABSOLUTE
    ..\FWlib\src\stm32f10x_rtc.c             0x00000000   Number         0  stm32f10x_rtc.o ABSOLUTE
    ..\FWlib\src\stm32f10x_sdio.c            0x00000000   Number         0  stm32f10x_sdio.o ABSOLUTE
    ..\FWlib\src\stm32f10x_spi.c             0x00000000   Number         0  stm32f10x_spi.o ABSOLUTE
    ..\FWlib\src\stm32f10x_tim.c             0x00000000   Number         0  stm32f10x_tim.o ABSOLUTE
    ..\FWlib\src\stm32f10x_usart.c           0x00000000   Number         0  stm32f10x_usart.o ABSOLUTE
    ..\FWlib\src\stm32f10x_wwdg.c            0x00000000   Number         0  stm32f10x_wwdg.o ABSOLUTE
    ..\USER\eeprom_24c.c                     0x00000000   Number         0  eeprom_24c.o ABSOLUTE
    ..\USER\key.c                            0x00000000   Number         0  key.o ABSOLUTE
    ..\USER\main.c                           0x00000000   Number         0  main.o ABSOLUTE
    ..\USER\menu.c                           0x00000000   Number         0  menu.o ABSOLUTE
    ..\USER\rf.c                             0x00000000   Number         0  rf.o ABSOLUTE
    ..\USER\rf_app.c                         0x00000000   Number         0  rf_app.o ABSOLUTE
    ..\USER\set_system_clock.c               0x00000000   Number         0  set_system_clock.o ABSOLUTE
    ..\USER\stm32f10x_it.c                   0x00000000   Number         0  stm32f10x_it.o ABSOLUTE
    ..\USER\tm1629.c                         0x00000000   Number         0  tm1629.o ABSOLUTE
    ..\USER\usart1.c                         0x00000000   Number         0  usart1.o ABSOLUTE
    ..\USER\usart2.c                         0x00000000   Number         0  usart2.o ABSOLUTE
    ..\\CMSIS\\core_cm3.c                    0x00000000   Number         0  core_cm3.o ABSOLUTE
    cdrcmple.s                               0x00000000   Number         0  cdrcmple.o ABSOLUTE
    dc.s                                     0x00000000   Number         0  dc.o ABSOLUTE
    handlers.s                               0x00000000   Number         0  handlers.o ABSOLUTE
    init.s                                   0x00000000   Number         0  init.o ABSOLUTE
    RESET                                    0x08000000   Section      236  startup_stm32f10x_md.o(RESET)
    .ARM.Collect$$$$00000000                 0x080000ec   Section        0  entry.o(.ARM.Collect$$$$00000000)
    .ARM.Collect$$$$00000001                 0x080000ec   Section        4  entry2.o(.ARM.Collect$$$$00000001)
    .ARM.Collect$$$$00000004                 0x080000f0   Section        4  entry5.o(.ARM.Collect$$$$00000004)
    .ARM.Collect$$$$00000008                 0x080000f4   Section        0  entry7b.o(.ARM.Collect$$$$00000008)
    .ARM.Collect$$$$0000000A                 0x080000f4   Section        0  entry8b.o(.ARM.Collect$$$$0000000A)
    .ARM.Collect$$$$0000000B                 0x080000f4   Section        8  entry9a.o(.ARM.Collect$$$$0000000B)
    .ARM.Collect$$$$0000000D                 0x080000fc   Section        0  entry10a.o(.ARM.Collect$$$$0000000D)
    .ARM.Collect$$$$0000000F                 0x080000fc   Section        0  entry11a.o(.ARM.Collect$$$$0000000F)
    .ARM.Collect$$$$00002712                 0x080000fc   Section        4  entry2.o(.ARM.Collect$$$$00002712)
    __lit__00000000                          0x080000fc   Data           4  entry2.o(.ARM.Collect$$$$00002712)
    .text                                    0x08000100   Section       36  startup_stm32f10x_md.o(.text)
    .text                                    0x08000124   Section        0  main.o(.text)
    .text                                    0x080001ac   Section        0  stm32f10x_it.o(.text)
    .text                                    0x080001fc   Section        0  set_system_clock.o(.text)
    NVIC_SetPriority                         0x080001fd   Thumb Code    32  set_system_clock.o(.text)
    .text                                    0x080002e8   Section        0  usart2.o(.text)
    .text                                    0x080003d4   Section        0  usart1.o(.text)
    .text                                    0x080004a4   Section        0  rf.o(.text)
    RF_IO_Init                               0x08000579   Thumb Code    36  rf.o(.text)
    .text                                    0x0800065c   Section        0  tm1629.o(.text)
    WriteDataTo1629_1                        0x080006b3   Thumb Code    82  tm1629.o(.text)
    WriteDataTo1629_2                        0x08000705   Thumb Code    80  tm1629.o(.text)
    WriteDataTo1629_3                        0x08000755   Thumb Code    80  tm1629.o(.text)
    SendCommandTo1629_1                      0x080007a5   Thumb Code    34  tm1629.o(.text)
    SendCommandTo1629_2                      0x0800099d   Thumb Code    34  tm1629.o(.text)
    SendCommandTo1629_3                      0x080009bf   Thumb Code    34  tm1629.o(.text)
    .text                                    0x08000e5c   Section        0  eeprom_24c.o(.text)
    I2C_Delay_us                             0x08000eab   Thumb Code    28  eeprom_24c.o(.text)
    I2C_Start                                0x08000ec7   Thumb Code    60  eeprom_24c.o(.text)
    I2C_Send_Byte                            0x08000f03   Thumb Code   146  eeprom_24c.o(.text)
    I2C_Receive_Byte                         0x08000f95   Thumb Code    72  eeprom_24c.o(.text)
    I2C_Stop                                 0x08000fdd   Thumb Code    60  eeprom_24c.o(.text)
    .text                                    0x0800154c   Section        0  key.o(.text)
    Key_Delay_us                             0x0800156d   Thumb Code    28  key.o(.text)
    .text                                    0x080017f0   Section        0  menu.o(.text)
    Str_To_Int                               0x080017f1   Thumb Code    36  menu.o(.text)
    Int_To_Str                               0x08001815   Thumb Code    80  menu.o(.text)
    Menu_Standby                             0x08001865   Thumb Code    36  menu.o(.text)
    Menu_F0                                  0x08001889   Thumb Code    10  menu.o(.text)
    Menu_F1                                  0x08001893   Thumb Code    10  menu.o(.text)
    Menu_F2                                  0x0800189d   Thumb Code    10  menu.o(.text)
    Menu_F3                                  0x080018a7   Thumb Code    10  menu.o(.text)
    Menu_F4                                  0x080018b1   Thumb Code    10  menu.o(.text)
    Menu_F5                                  0x080018bb   Thumb Code    10  menu.o(.text)
    Menu_F6                                  0x080018c5   Thumb Code    10  menu.o(.text)
    Menu_F7                                  0x080018cf   Thumb Code    10  menu.o(.text)
    Menu_F8                                  0x080018d9   Thumb Code    10  menu.o(.text)
    Menu_F9                                  0x080018e3   Thumb Code    10  menu.o(.text)
    Menu_FA                                  0x080018ed   Thumb Code    10  menu.o(.text)
    Menu_FB                                  0x080018f7   Thumb Code    10  menu.o(.text)
    Menu_FC                                  0x08001901   Thumb Code    10  menu.o(.text)
    Menu_FD                                  0x0800190b   Thumb Code    10  menu.o(.text)
    Menu_FE                                  0x08001915   Thumb Code    10  menu.o(.text)
    Menu_F0_Minute                           0x0800191f   Thumb Code    88  menu.o(.text)
    Menu_F0_Hour                             0x08001977   Thumb Code    88  menu.o(.text)
    Menu_F0_Day                              0x080019cf   Thumb Code    90  menu.o(.text)
    Menu_F0_Month                            0x08001a29   Thumb Code    90  menu.o(.text)
    Menu_F0_Year                             0x08001a83   Thumb Code    88  menu.o(.text)
    Menu_F0_Week                             0x08001adb   Thumb Code    90  menu.o(.text)
    Menu_F1_E1                               0x08001b35   Thumb Code    10  menu.o(.text)
    Menu_F1_E2                               0x08001b3f   Thumb Code    10  menu.o(.text)
    Menu_F1_E3                               0x08001b49   Thumb Code    10  menu.o(.text)
    Menu_F1_E4                               0x08001b53   Thumb Code    10  menu.o(.text)
    Menu_F2_E1                               0x08001b5d   Thumb Code    10  menu.o(.text)
    Menu_F2_E2                               0x08001b67   Thumb Code    10  menu.o(.text)
    Menu_F2_E3                               0x08001b71   Thumb Code    10  menu.o(.text)
    Menu_F2_E4                               0x08001b7b   Thumb Code    10  menu.o(.text)
    Menu_F3_E1                               0x08001b85   Thumb Code    10  menu.o(.text)
    Menu_F3_E2                               0x08001b8f   Thumb Code    10  menu.o(.text)
    Menu_F4_Set                              0x08001b99   Thumb Code    80  menu.o(.text)
    Menu_F5_Set                              0x08001be9   Thumb Code    80  menu.o(.text)
    Menu_F6_E1                               0x08001c39   Thumb Code    10  menu.o(.text)
    Menu_F6_E2                               0x08001c43   Thumb Code    34  menu.o(.text)
    Menu_F6_E3                               0x08001c65   Thumb Code    10  menu.o(.text)
    Menu_F6_E4                               0x08001c6f   Thumb Code    10  menu.o(.text)
    Menu_F6_E5                               0x08001c79   Thumb Code    10  menu.o(.text)
    Menu_F6_E6                               0x08001c83   Thumb Code    10  menu.o(.text)
    Menu_F6_E7                               0x08001c8d   Thumb Code    10  menu.o(.text)
    Menu_F6_E8                               0x08001c97   Thumb Code    10  menu.o(.text)
    Menu_F7_E1                               0x08001ca1   Thumb Code    10  menu.o(.text)
    Menu_F7_E2                               0x08001cab   Thumb Code    10  menu.o(.text)
    Menu_F7_E3                               0x08001cb5   Thumb Code    10  menu.o(.text)
    Menu_F7_E4                               0x08001cbf   Thumb Code    10  menu.o(.text)
    Menu_F8_E1                               0x08001cc9   Thumb Code    10  menu.o(.text)
    Menu_F8_E2                               0x08001cd3   Thumb Code    10  menu.o(.text)
    Menu_F9_E1                               0x08001cdd   Thumb Code    10  menu.o(.text)
    Menu_F9_E2                               0x08001ce7   Thumb Code    10  menu.o(.text)
    Menu_FA_Set                              0x08001cf1   Thumb Code     2  menu.o(.text)
    Menu_FB_Set                              0x08001cf3   Thumb Code    74  menu.o(.text)
    Menu_FC_Set                              0x08001d3d   Thumb Code    74  menu.o(.text)
    Menu_FD_Set                              0x08001d87   Thumb Code     2  menu.o(.text)
    Menu_FE_E1                               0x08001d89   Thumb Code    10  menu.o(.text)
    Menu_FE_E2                               0x08001d93   Thumb Code    10  menu.o(.text)
    Menu_F1_E1_D1                            0x08001d9d   Thumb Code    90  menu.o(.text)
    Menu_F1_E1_D2                            0x08001df7   Thumb Code    90  menu.o(.text)
    Menu_F1_E1_D3                            0x08001e51   Thumb Code    90  menu.o(.text)
    Menu_F1_E1_D4                            0x08001eab   Thumb Code    90  menu.o(.text)
    Menu_F1_E2_D1                            0x08001f05   Thumb Code    90  menu.o(.text)
    Menu_F1_E2_D2                            0x08001f5f   Thumb Code    90  menu.o(.text)
    Menu_F1_E2_D3                            0x08001fb9   Thumb Code    90  menu.o(.text)
    Menu_F1_E2_D4                            0x08002013   Thumb Code    90  menu.o(.text)
    Menu_F1_E3_D1                            0x0800206d   Thumb Code    90  menu.o(.text)
    Menu_F1_E3_D2                            0x080020c7   Thumb Code   116  menu.o(.text)
    Menu_F1_E3_D3                            0x0800213b   Thumb Code    90  menu.o(.text)
    Menu_F1_E3_D4                            0x08002195   Thumb Code    90  menu.o(.text)
    Menu_F1_E4_D1                            0x080021ef   Thumb Code    90  menu.o(.text)
    Menu_F1_E4_D2                            0x08002249   Thumb Code    90  menu.o(.text)
    Menu_F1_E4_D3                            0x080022a3   Thumb Code    90  menu.o(.text)
    Menu_F1_E4_D4                            0x080022fd   Thumb Code    90  menu.o(.text)
    Menu_F2_E1_D1                            0x08002357   Thumb Code    90  menu.o(.text)
    Menu_F2_E1_D2                            0x080023b1   Thumb Code    90  menu.o(.text)
    Menu_F2_E1_D3                            0x0800240b   Thumb Code    90  menu.o(.text)
    Menu_F2_E1_D4                            0x08002465   Thumb Code    90  menu.o(.text)
    Menu_F2_E2_D1                            0x080024bf   Thumb Code   112  menu.o(.text)
    Menu_F2_E2_D2                            0x0800252f   Thumb Code    90  menu.o(.text)
    Menu_F2_E2_D3                            0x08002589   Thumb Code    90  menu.o(.text)
    Menu_F2_E2_D4                            0x080025e3   Thumb Code    90  menu.o(.text)
    Menu_F2_E3_D1                            0x0800263d   Thumb Code    90  menu.o(.text)
    Menu_F2_E3_D2                            0x08002697   Thumb Code    90  menu.o(.text)
    Menu_F2_E3_D3                            0x080026f1   Thumb Code    90  menu.o(.text)
    Menu_F2_E3_D4                            0x0800274b   Thumb Code    90  menu.o(.text)
    Menu_F2_E4_D1                            0x080027a5   Thumb Code    90  menu.o(.text)
    Menu_F2_E4_D2                            0x080027ff   Thumb Code    90  menu.o(.text)
    Menu_F2_E4_D3                            0x08002859   Thumb Code    90  menu.o(.text)
    Menu_F2_E4_D4                            0x080028b3   Thumb Code   108  menu.o(.text)
    Menu_F3_E1_Set                           0x0800291f   Thumb Code    74  menu.o(.text)
    Menu_F3_E2_Set                           0x08002969   Thumb Code    80  menu.o(.text)
    Menu_F6_E1_Set                           0x080029b9   Thumb Code    80  menu.o(.text)
    Menu_F6_E2_Set                           0x08002a09   Thumb Code    82  menu.o(.text)
    Menu_F6_E3_Set                           0x08002a5b   Thumb Code    74  menu.o(.text)
    Menu_F6_E4_Set                           0x08002aa5   Thumb Code    82  menu.o(.text)
    Menu_F6_E5_Set                           0x08002af7   Thumb Code    82  menu.o(.text)
    Menu_F6_E6_Set                           0x08002b49   Thumb Code    74  menu.o(.text)
    Menu_F6_E7_Set                           0x08002b93   Thumb Code    74  menu.o(.text)
    Menu_F6_E8_Set                           0x08002bdd   Thumb Code    74  menu.o(.text)
    Menu_F7_E1_Set                           0x08002c27   Thumb Code    80  menu.o(.text)
    Menu_F7_E2_Set                           0x08002c77   Thumb Code   138  menu.o(.text)
    Menu_F7_E3_Set                           0x08002d01   Thumb Code    80  menu.o(.text)
    Menu_F7_E4_Set                           0x08002d51   Thumb Code    80  menu.o(.text)
    Menu_F8_E1_Set                           0x08002da1   Thumb Code    74  menu.o(.text)
    Menu_F8_E2_Set                           0x08002deb   Thumb Code    80  menu.o(.text)
    .text                                    0x08002e50   Section        0  misc.o(.text)
    .text                                    0x08002f2c   Section        0  stm32f10x_exti.o(.text)
    .text                                    0x08003048   Section        0  stm32f10x_gpio.o(.text)
    .text                                    0x080033a0   Section        0  stm32f10x_rcc.o(.text)
    .text                                    0x08003764   Section        0  stm32f10x_tim.o(.text)
    TI4_Config                               0x08003c0b   Thumb Code   130  stm32f10x_tim.o(.text)
    TI3_Config                               0x08003c9f   Thumb Code   122  stm32f10x_tim.o(.text)
    TI2_Config                               0x08003d33   Thumb Code   130  stm32f10x_tim.o(.text)
    TI1_Config                               0x08003dc7   Thumb Code   108  stm32f10x_tim.o(.text)
    .text                                    0x08004580   Section        0  stm32f10x_usart.o(.text)
    .text                                    0x08004988   Section        0  system_stm32f10x.o(.text)
    SetSysClockTo24                          0x08004989   Thumb Code   176  system_stm32f10x.o(.text)
    SetSysClock                              0x08004a39   Thumb Code     8  system_stm32f10x.o(.text)
    .text                                    0x08004b3c   Section        0  memseta.o(.text)
    .text                                    0x08004b60   Section        0  uldiv.o(.text)
    .text                                    0x08004bc4   Section       36  init.o(.text)
    .text                                    0x08004be8   Section        0  llshl.o(.text)
    .text                                    0x08004c06   Section        0  llushr.o(.text)
    i.__0printf$5                            0x08004c28   Section        0  printf5.o(i.__0printf$5)
    i.__scatterload_copy                     0x08004c48   Section       14  handlers.o(i.__scatterload_copy)
    i.__scatterload_null                     0x08004c56   Section        2  handlers.o(i.__scatterload_null)
    i.__scatterload_zeroinit                 0x08004c58   Section       14  handlers.o(i.__scatterload_zeroinit)
    i._printf_core                           0x08004c68   Section        0  printf5.o(i._printf_core)
    _printf_core                             0x08004c69   Thumb Code   658  printf5.o(i._printf_core)
    .constdata                               0x08004f28   Section       50  tm1629.o(.constdata)
    .constdata                               0x08004f5c   Section     1284  menu.o(.constdata)
    .data                                    0x20000000   Section        9  set_system_clock.o(.data)
    .data                                    0x2000000c   Section       27  rf.o(.data)
    .data                                    0x20000027   Section       18  tm1629.o(.data)
    flag                                     0x2000002f   Data           1  tm1629.o(.data)
    flag                                     0x20000030   Data           1  tm1629.o(.data)
    flag                                     0x20000031   Data           1  tm1629.o(.data)
    flag                                     0x20000032   Data           1  tm1629.o(.data)
    flag                                     0x20000033   Data           1  tm1629.o(.data)
    flag                                     0x20000034   Data           1  tm1629.o(.data)
    flag                                     0x20000035   Data           1  tm1629.o(.data)
    flag                                     0x20000036   Data           1  tm1629.o(.data)
    flag                                     0x20000037   Data           1  tm1629.o(.data)
    flag                                     0x20000038   Data           1  tm1629.o(.data)
    .data                                    0x2000003c   Section        8  key.o(.data)
    .data                                    0x20000044   Section       61  menu.o(.data)
    index                                    0x20000080   Data           1  menu.o(.data)
    .data                                    0x20000081   Section       20  stm32f10x_rcc.o(.data)
    APBAHBPrescTable                         0x20000081   Data          16  stm32f10x_rcc.o(.data)
    ADCPrescTable                            0x20000091   Data           4  stm32f10x_rcc.o(.data)
    .data                                    0x20000098   Section       20  system_stm32f10x.o(.data)
    .data                                    0x200000ac   Section        4  stdout.o(.data)
    .bss                                     0x200000b0   Section       48  tm1629.o(.bss)
    STACK                                    0x200000e0   Section     1024  startup_stm32f10x_md.o(STACK)

    Global Symbols

    Symbol Name                              Value     Ov Type        Size  Object(Section)

    BuildAttributes$$THM_ISAv4$P$D$K$B$S$PE$A:L22UL41UL21$X:L11$S22US41US21$IEEE1$IW$USESV6$~STKCKD$USESV7$~SHL$OSPACE$ROPI$EBA8$MICROLIB$REQ8$PRES8$EABIv2 0x00000000   Number         0  anon$$obj.o ABSOLUTE
    __ARM_use_no_argv                        0x00000000   Number         0  main.o ABSOLUTE
    _printf_a                                0x00000000   Number         0  stubs.o ABSOLUTE
    _printf_c                                0x00000000   Number         0  stubs.o ABSOLUTE
    _printf_charcount                        0x00000000   Number         0  stubs.o ABSOLUTE
    _printf_d                                0x00000000   Number         0  stubs.o ABSOLUTE
    _printf_e                                0x00000000   Number         0  stubs.o ABSOLUTE
    _printf_f                                0x00000000   Number         0  stubs.o ABSOLUTE
    _printf_flags                            0x00000000   Number         0  stubs.o ABSOLUTE
    _printf_fp_dec                           0x00000000   Number         0  stubs.o ABSOLUTE
    _printf_fp_hex                           0x00000000   Number         0  stubs.o ABSOLUTE
    _printf_g                                0x00000000   Number         0  stubs.o ABSOLUTE
    _printf_i                                0x00000000   Number         0  stubs.o ABSOLUTE
    _printf_int_dec                          0x00000000   Number         0  stubs.o ABSOLUTE
    _printf_l                                0x00000000   Number         0  stubs.o ABSOLUTE
    _printf_lc                               0x00000000   Number         0  stubs.o ABSOLUTE
    _printf_ll                               0x00000000   Number         0  stubs.o ABSOLUTE
    _printf_lld                              0x00000000   Number         0  stubs.o ABSOLUTE
    _printf_lli                              0x00000000   Number         0  stubs.o ABSOLUTE
    _printf_llo                              0x00000000   Number         0  stubs.o ABSOLUTE
    _printf_llu                              0x00000000   Number         0  stubs.o ABSOLUTE
    _printf_llx                              0x00000000   Number         0  stubs.o ABSOLUTE
    _printf_longlong_dec                     0x00000000   Number         0  stubs.o ABSOLUTE
    _printf_longlong_hex                     0x00000000   Number         0  stubs.o ABSOLUTE
    _printf_longlong_oct                     0x00000000   Number         0  stubs.o ABSOLUTE
    _printf_ls                               0x00000000   Number         0  stubs.o ABSOLUTE
    _printf_mbtowc                           0x00000000   Number         0  stubs.o ABSOLUTE
    _printf_n                                0x00000000   Number         0  stubs.o ABSOLUTE
    _printf_o                                0x00000000   Number         0  stubs.o ABSOLUTE
    _printf_p                                0x00000000   Number         0  stubs.o ABSOLUTE
    _printf_percent                          0x00000000   Number         0  stubs.o ABSOLUTE
    _printf_pre_padding                      0x00000000   Number         0  stubs.o ABSOLUTE
    _printf_return_value                     0x00000000   Number         0  stubs.o ABSOLUTE
    _printf_s                                0x00000000   Number         0  stubs.o ABSOLUTE
    _printf_sizespec                         0x00000000   Number         0  stubs.o ABSOLUTE
    _printf_str                              0x00000000   Number         0  stubs.o ABSOLUTE
    _printf_truncate_signed                  0x00000000   Number         0  stubs.o ABSOLUTE
    _printf_truncate_unsigned                0x00000000   Number         0  stubs.o ABSOLUTE
    _printf_u                                0x00000000   Number         0  stubs.o ABSOLUTE
    _printf_wc                               0x00000000   Number         0  stubs.o ABSOLUTE
    _printf_wctomb                           0x00000000   Number         0  stubs.o ABSOLUTE
    _printf_widthprec                        0x00000000   Number         0  stubs.o ABSOLUTE
    _printf_x                                0x00000000   Number         0  stubs.o ABSOLUTE
    __cpp_initialize__aeabi_                  - Undefined Weak Reference
    __cxa_finalize                            - Undefined Weak Reference
    __decompress                              - Undefined Weak Reference
    _clock_init                               - Undefined Weak Reference
    _microlib_exit                            - Undefined Weak Reference
    __Vectors_Size                           0x000000ec   Number         0  startup_stm32f10x_md.o ABSOLUTE
    __Vectors                                0x08000000   Data           4  startup_stm32f10x_md.o(RESET)
    __Vectors_End                            0x080000ec   Data           0  startup_stm32f10x_md.o(RESET)
    __main                                   0x080000ed   Thumb Code     0  entry.o(.ARM.Collect$$$$00000000)
    _main_stk                                0x080000ed   Thumb Code     0  entry2.o(.ARM.Collect$$$$00000001)
    _main_scatterload                        0x080000f1   Thumb Code     0  entry5.o(.ARM.Collect$$$$00000004)
    __main_after_scatterload                 0x080000f5   Thumb Code     0  entry5.o(.ARM.Collect$$$$00000004)
    _main_clock                              0x080000f5   Thumb Code     0  entry7b.o(.ARM.Collect$$$$00000008)
    _main_cpp_init                           0x080000f5   Thumb Code     0  entry8b.o(.ARM.Collect$$$$0000000A)
    _main_init                               0x080000f5   Thumb Code     0  entry9a.o(.ARM.Collect$$$$0000000B)
    __rt_final_cpp                           0x080000fd   Thumb Code     0  entry10a.o(.ARM.Collect$$$$0000000D)
    __rt_final_exit                          0x080000fd   Thumb Code     0  entry11a.o(.ARM.Collect$$$$0000000F)
    Reset_Handler                            0x08000101   Thumb Code     8  startup_stm32f10x_md.o(.text)
    ADC1_2_IRQHandler                        0x0800011b   Thumb Code     0  startup_stm32f10x_md.o(.text)
    CAN1_RX1_IRQHandler                      0x0800011b   Thumb Code     0  startup_stm32f10x_md.o(.text)
    CAN1_SCE_IRQHandler                      0x0800011b   Thumb Code     0  startup_stm32f10x_md.o(.text)
    DMA1_Channel1_IRQHandler                 0x0800011b   Thumb Code     0  startup_stm32f10x_md.o(.text)
    DMA1_Channel2_IRQHandler                 0x0800011b   Thumb Code     0  startup_stm32f10x_md.o(.text)
    DMA1_Channel3_IRQHandler                 0x0800011b   Thumb Code     0  startup_stm32f10x_md.o(.text)
    DMA1_Channel4_IRQHandler                 0x0800011b   Thumb Code     0  startup_stm32f10x_md.o(.text)
    DMA1_Channel5_IRQHandler                 0x0800011b   Thumb Code     0  startup_stm32f10x_md.o(.text)
    DMA1_Channel6_IRQHandler                 0x0800011b   Thumb Code     0  startup_stm32f10x_md.o(.text)
    DMA1_Channel7_IRQHandler                 0x0800011b   Thumb Code     0  startup_stm32f10x_md.o(.text)
    EXTI0_IRQHandler                         0x0800011b   Thumb Code     0  startup_stm32f10x_md.o(.text)
    EXTI1_IRQHandler                         0x0800011b   Thumb Code     0  startup_stm32f10x_md.o(.text)
    EXTI2_IRQHandler                         0x0800011b   Thumb Code     0  startup_stm32f10x_md.o(.text)
    EXTI3_IRQHandler                         0x0800011b   Thumb Code     0  startup_stm32f10x_md.o(.text)
    EXTI4_IRQHandler                         0x0800011b   Thumb Code     0  startup_stm32f10x_md.o(.text)
    EXTI9_5_IRQHandler                       0x0800011b   Thumb Code     0  startup_stm32f10x_md.o(.text)
    FLASH_IRQHandler                         0x0800011b   Thumb Code     0  startup_stm32f10x_md.o(.text)
    I2C1_ER_IRQHandler                       0x0800011b   Thumb Code     0  startup_stm32f10x_md.o(.text)
    I2C1_EV_IRQHandler                       0x0800011b   Thumb Code     0  startup_stm32f10x_md.o(.text)
    I2C2_ER_IRQHandler                       0x0800011b   Thumb Code     0  startup_stm32f10x_md.o(.text)
    I2C2_EV_IRQHandler                       0x0800011b   Thumb Code     0  startup_stm32f10x_md.o(.text)
    PVD_IRQHandler                           0x0800011b   Thumb Code     0  startup_stm32f10x_md.o(.text)
    RCC_IRQHandler                           0x0800011b   Thumb Code     0  startup_stm32f10x_md.o(.text)
    RTCAlarm_IRQHandler                      0x0800011b   Thumb Code     0  startup_stm32f10x_md.o(.text)
    RTC_IRQHandler                           0x0800011b   Thumb Code     0  startup_stm32f10x_md.o(.text)
    SPI1_IRQHandler                          0x0800011b   Thumb Code     0  startup_stm32f10x_md.o(.text)
    SPI2_IRQHandler                          0x0800011b   Thumb Code     0  startup_stm32f10x_md.o(.text)
    TAMPER_IRQHandler                        0x0800011b   Thumb Code     0  startup_stm32f10x_md.o(.text)
    TIM1_BRK_IRQHandler                      0x0800011b   Thumb Code     0  startup_stm32f10x_md.o(.text)
    TIM1_CC_IRQHandler                       0x0800011b   Thumb Code     0  startup_stm32f10x_md.o(.text)
    TIM1_TRG_COM_IRQHandler                  0x0800011b   Thumb Code     0  startup_stm32f10x_md.o(.text)
    TIM1_UP_IRQHandler                       0x0800011b   Thumb Code     0  startup_stm32f10x_md.o(.text)
    TIM2_IRQHandler                          0x0800011b   Thumb Code     0  startup_stm32f10x_md.o(.text)
    TIM3_IRQHandler                          0x0800011b   Thumb Code     0  startup_stm32f10x_md.o(.text)
    TIM4_IRQHandler                          0x0800011b   Thumb Code     0  startup_stm32f10x_md.o(.text)
    USART3_IRQHandler                        0x0800011b   Thumb Code     0  startup_stm32f10x_md.o(.text)
    USBWakeUp_IRQHandler                     0x0800011b   Thumb Code     0  startup_stm32f10x_md.o(.text)
    USB_HP_CAN1_TX_IRQHandler                0x0800011b   Thumb Code     0  startup_stm32f10x_md.o(.text)
    USB_LP_CAN1_RX0_IRQHandler               0x0800011b   Thumb Code     0  startup_stm32f10x_md.o(.text)
    WWDG_IRQHandler                          0x0800011b   Thumb Code     0  startup_stm32f10x_md.o(.text)
    main                                     0x08000125   Thumb Code    90  main.o(.text)
    NMI_Handler                              0x080001ad   Thumb Code     2  stm32f10x_it.o(.text)
    HardFault_Handler                        0x080001af   Thumb Code     4  stm32f10x_it.o(.text)
    MemManage_Handler                        0x080001b3   Thumb Code     4  stm32f10x_it.o(.text)
    BusFault_Handler                         0x080001b7   Thumb Code     4  stm32f10x_it.o(.text)
    UsageFault_Handler                       0x080001bb   Thumb Code     4  stm32f10x_it.o(.text)
    DebugMon_Handler                         0x080001bf   Thumb Code     2  stm32f10x_it.o(.text)
    SVC_Handler                              0x080001c1   Thumb Code     2  stm32f10x_it.o(.text)
    PendSV_Handler                           0x080001c3   Thumb Code     2  stm32f10x_it.o(.text)
    SysTick_Handler                          0x080001c5   Thumb Code    42  stm32f10x_it.o(.text)
    Set_System_Clock                         0x0800021d   Thumb Code   114  set_system_clock.o(.text)
    SysTick_Configuration                    0x0800028f   Thumb Code    74  set_system_clock.o(.text)
    CH340_USART2_Config                      0x080002e9   Thumb Code   130  usart2.o(.text)
    CH340_NVIC_Configuration                 0x0800036b   Thumb Code    34  usart2.o(.text)
    fputc                                    0x0800038d   Thumb Code    30  usart2.o(.text)
    USART2_SendByte                          0x080003ab   Thumb Code    14  usart2.o(.text)
    USART2_IRQHandler                        0x080003b9   Thumb Code    14  usart2.o(.text)
    GD5800_USART1_Config                     0x080003d5   Thumb Code   126  usart1.o(.text)
    GD5800_NVIC_Configuration                0x08000453   Thumb Code    34  usart1.o(.text)
    USART1_SendByte                          0x08000475   Thumb Code    26  usart1.o(.text)
    USART1_IRQHandler                        0x0800048f   Thumb Code    14  usart1.o(.text)
    EXTI15_10_IRQHandler                     0x080004a5   Thumb Code   212  rf.o(.text)
    RF_Config                                0x0800059d   Thumb Code   150  rf.o(.text)
    Delayus                                  0x0800065d   Thumb Code    26  tm1629.o(.text)
    Tm1629_GPIO_Config                       0x08000677   Thumb Code    60  tm1629.o(.text)
    ReadDataFrom1629_1                       0x080007c7   Thumb Code   470  tm1629.o(.text)
    Tm1629_Display                           0x080009e1   Thumb Code   212  tm1629.o(.text)
    Tm1629_Clear                             0x08000ab5   Thumb Code    12  tm1629.o(.text)
    Tm1629_Show_Fx                           0x08000ac1   Thumb Code    28  tm1629.o(.text)
    Tm1629_Show_Ex                           0x08000add   Thumb Code    28  tm1629.o(.text)
    Tm1629_Show_Time                         0x08000af9   Thumb Code   240  tm1629.o(.text)
    Tm1629_Blink_Time_Minute                 0x08000be9   Thumb Code    44  tm1629.o(.text)
    Tm1629_Blink_Time_Hour                   0x08000c15   Thumb Code    44  tm1629.o(.text)
    Tm1629_Blink_Time_Day                    0x08000c41   Thumb Code    44  tm1629.o(.text)
    Tm1629_Blink_Time_Month                  0x08000c6d   Thumb Code    44  tm1629.o(.text)
    Tm1629_Blink_Time_Year                   0x08000c99   Thumb Code    48  tm1629.o(.text)
    Tm1629_Blink_Time_Week                   0x08000cc9   Thumb Code    42  tm1629.o(.text)
    Tm1629_Show_Four_Number                  0x08000cf3   Thumb Code    54  tm1629.o(.text)
    Tm1629_Show_Two_Number                   0x08000d29   Thumb Code    46  tm1629.o(.text)
    Tm1629_Show_One_Number                   0x08000d57   Thumb Code    32  tm1629.o(.text)
    Tm1629_Blink_One_Position                0x08000d77   Thumb Code    44  tm1629.o(.text)
    Tm1629_Blink_Two_Position                0x08000da3   Thumb Code    44  tm1629.o(.text)
    Tm1629_Blink_Three_Position              0x08000dcf   Thumb Code    44  tm1629.o(.text)
    Tm1629_Blink_Four_Position               0x08000dfb   Thumb Code    44  tm1629.o(.text)
    I2C_IO_Init                              0x08000e5d   Thumb Code    78  eeprom_24c.o(.text)
    EEP_Read_Buffer                          0x08001019   Thumb Code   196  eeprom_24c.o(.text)
    EEP_Write_Buffer                         0x080010dd   Thumb Code   144  eeprom_24c.o(.text)
    Register_Call_Function                   0x0800116d   Thumb Code    98  eeprom_24c.o(.text)
    Register_Host_Function                   0x080011cf   Thumb Code    98  eeprom_24c.o(.text)
    Register_Alarm_Function                  0x08001231   Thumb Code   134  eeprom_24c.o(.text)
    Register_Cancel_Function                 0x080012b7   Thumb Code    98  eeprom_24c.o(.text)
    Delete_Call_Function                     0x08001319   Thumb Code   140  eeprom_24c.o(.text)
    Delete_Host_Function                     0x080013a5   Thumb Code   140  eeprom_24c.o(.text)
    Delete_Alarm_Function                    0x08001431   Thumb Code   140  eeprom_24c.o(.text)
    Delete_Cancel_Function                   0x080014bd   Thumb Code   140  eeprom_24c.o(.text)
    Key_IO_Init                              0x0800154d   Thumb Code    32  key.o(.text)
    Key_Scan                                 0x08001589   Thumb Code    96  key.o(.text)
    Key_Process                              0x080015e9   Thumb Code   476  key.o(.text)
    NVIC_PriorityGroupConfig                 0x08002e51   Thumb Code    10  misc.o(.text)
    NVIC_Init                                0x08002e5b   Thumb Code   102  misc.o(.text)
    NVIC_SetVectorTable                      0x08002ec1   Thumb Code    14  misc.o(.text)
    NVIC_SystemLPConfig                      0x08002ecf   Thumb Code    34  misc.o(.text)
    SysTick_CLKSourceConfig                  0x08002ef1   Thumb Code    40  misc.o(.text)
    EXTI_DeInit                              0x08002f2d   Thumb Code    28  stm32f10x_exti.o(.text)
    EXTI_Init                                0x08002f49   Thumb Code   142  stm32f10x_exti.o(.text)
    EXTI_StructInit                          0x08002fd7   Thumb Code    16  stm32f10x_exti.o(.text)
    EXTI_GenerateSWInterrupt                 0x08002fe7   Thumb Code    16  stm32f10x_exti.o(.text)
    EXTI_GetFlagStatus                       0x08002ff7   Thumb Code    22  stm32f10x_exti.o(.text)
    EXTI_ClearFlag                           0x0800300d   Thumb Code     8  stm32f10x_exti.o(.text)
    EXTI_GetITStatus                         0x08003015   Thumb Code    34  stm32f10x_exti.o(.text)
    EXTI_ClearITPendingBit                   0x08003037   Thumb Code     8  stm32f10x_exti.o(.text)
    GPIO_DeInit                              0x08003049   Thumb Code   172  stm32f10x_gpio.o(.text)
    GPIO_AFIODeInit                          0x080030f5   Thumb Code    20  stm32f10x_gpio.o(.text)
    GPIO_Init                                0x08003109   Thumb Code   274  stm32f10x_gpio.o(.text)
    GPIO_StructInit                          0x0800321b   Thumb Code    16  stm32f10x_gpio.o(.text)
    GPIO_ReadInputDataBit                    0x0800322b   Thumb Code    18  stm32f10x_gpio.o(.text)
    GPIO_ReadInputData                       0x0800323d   Thumb Code     8  stm32f10x_gpio.o(.text)
    GPIO_ReadOutputDataBit                   0x08003245   Thumb Code    18  stm32f10x_gpio.o(.text)
    GPIO_ReadOutputData                      0x08003257   Thumb Code     8  stm32f10x_gpio.o(.text)
    GPIO_SetBits                             0x0800325f   Thumb Code     4  stm32f10x_gpio.o(.text)
    GPIO_ResetBits                           0x08003263   Thumb Code     4  stm32f10x_gpio.o(.text)
    GPIO_WriteBit                            0x08003267   Thumb Code    10  stm32f10x_gpio.o(.text)
    GPIO_Write                               0x08003271   Thumb Code     4  stm32f10x_gpio.o(.text)
    GPIO_PinLockConfig                       0x08003275   Thumb Code    18  stm32f10x_gpio.o(.text)
    GPIO_EventOutputConfig                   0x08003287   Thumb Code    26  stm32f10x_gpio.o(.text)
    GPIO_EventOutputCmd                      0x080032a1   Thumb Code     6  stm32f10x_gpio.o(.text)
    GPIO_PinRemapConfig                      0x080032a7   Thumb Code   138  stm32f10x_gpio.o(.text)
    GPIO_EXTILineConfig                      0x08003331   Thumb Code    66  stm32f10x_gpio.o(.text)
    GPIO_ETH_MediaInterfaceConfig            0x08003373   Thumb Code     6  stm32f10x_gpio.o(.text)
    RCC_DeInit                               0x080033a1   Thumb Code    68  stm32f10x_rcc.o(.text)
    RCC_HSEConfig                            0x080033e5   Thumb Code    70  stm32f10x_rcc.o(.text)
    RCC_GetFlagStatus                        0x0800342b   Thumb Code    56  stm32f10x_rcc.o(.text)
    RCC_WaitForHSEStartUp                    0x08003463   Thumb Code    56  stm32f10x_rcc.o(.text)
    RCC_AdjustHSICalibrationValue            0x0800349b   Thumb Code    20  stm32f10x_rcc.o(.text)
    RCC_HSICmd                               0x080034af   Thumb Code     6  stm32f10x_rcc.o(.text)
    RCC_PLLConfig                            0x080034b5   Thumb Code    24  stm32f10x_rcc.o(.text)
    RCC_PLLCmd                               0x080034cd   Thumb Code     6  stm32f10x_rcc.o(.text)
    RCC_PREDIV1Config                        0x080034d3   Thumb Code    24  stm32f10x_rcc.o(.text)
    RCC_SYSCLKConfig                         0x080034eb   Thumb Code    18  stm32f10x_rcc.o(.text)
    RCC_GetSYSCLKSource                      0x080034fd   Thumb Code    10  stm32f10x_rcc.o(.text)
    RCC_HCLKConfig                           0x08003507   Thumb Code    18  stm32f10x_rcc.o(.text)
    RCC_PCLK1Config                          0x08003519   Thumb Code    18  stm32f10x_rcc.o(.text)
    RCC_PCLK2Config                          0x0800352b   Thumb Code    20  stm32f10x_rcc.o(.text)
    RCC_ITConfig                             0x0800353f   Thumb Code    26  stm32f10x_rcc.o(.text)
    RCC_USBCLKConfig                         0x08003559   Thumb Code     6  stm32f10x_rcc.o(.text)
    RCC_ADCCLKConfig                         0x0800355f   Thumb Code    18  stm32f10x_rcc.o(.text)
    RCC_LSEConfig                            0x08003571   Thumb Code    44  stm32f10x_rcc.o(.text)
    RCC_LSICmd                               0x0800359d   Thumb Code     6  stm32f10x_rcc.o(.text)
    RCC_RTCCLKConfig                         0x080035a3   Thumb Code    12  stm32f10x_rcc.o(.text)
    RCC_RTCCLKCmd                            0x080035af   Thumb Code     8  stm32f10x_rcc.o(.text)
    RCC_GetClocksFreq                        0x080035b7   Thumb Code   190  stm32f10x_rcc.o(.text)
    RCC_AHBPeriphClockCmd                    0x08003675   Thumb Code    26  stm32f10x_rcc.o(.text)
    RCC_APB2PeriphClockCmd                   0x0800368f   Thumb Code    26  stm32f10x_rcc.o(.text)
    RCC_APB1PeriphClockCmd                   0x080036a9   Thumb Code    26  stm32f10x_rcc.o(.text)
    RCC_APB2PeriphResetCmd                   0x080036c3   Thumb Code    26  stm32f10x_rcc.o(.text)
    RCC_APB1PeriphResetCmd                   0x080036dd   Thumb Code    26  stm32f10x_rcc.o(.text)
    RCC_BackupResetCmd                       0x080036f7   Thumb Code     8  stm32f10x_rcc.o(.text)
    RCC_ClockSecuritySystemCmd               0x080036ff   Thumb Code     6  stm32f10x_rcc.o(.text)
    RCC_MCOConfig                            0x08003705   Thumb Code     6  stm32f10x_rcc.o(.text)
    RCC_ClearFlag                            0x0800370b   Thumb Code    14  stm32f10x_rcc.o(.text)
    RCC_GetITStatus                          0x08003719   Thumb Code    20  stm32f10x_rcc.o(.text)
    RCC_ClearITPendingBit                    0x0800372d   Thumb Code     6  stm32f10x_rcc.o(.text)
    TIM_DeInit                               0x08003765   Thumb Code   424  stm32f10x_tim.o(.text)
    TIM_TimeBaseInit                         0x0800390d   Thumb Code   122  stm32f10x_tim.o(.text)
    TIM_OC1Init                              0x08003987   Thumb Code   132  stm32f10x_tim.o(.text)
    TIM_OC2Init                              0x08003a0b   Thumb Code   154  stm32f10x_tim.o(.text)
    TIM_OC3Init                              0x08003aa5   Thumb Code   150  stm32f10x_tim.o(.text)
    TIM_OC4Init                              0x08003b3b   Thumb Code   182  stm32f10x_tim.o(.text)
    TIM_SetIC4Prescaler                      0x08003bf1   Thumb Code    26  stm32f10x_tim.o(.text)
    TIM_SetIC3Prescaler                      0x08003c8d   Thumb Code    18  stm32f10x_tim.o(.text)
    TIM_SetIC2Prescaler                      0x08003d19   Thumb Code    26  stm32f10x_tim.o(.text)
    TIM_SetIC1Prescaler                      0x08003db5   Thumb Code    18  stm32f10x_tim.o(.text)
    TIM_ICInit                               0x08003e33   Thumb Code   150  stm32f10x_tim.o(.text)
    TIM_PWMIConfig                           0x08003ec9   Thumb Code   124  stm32f10x_tim.o(.text)
    TIM_BDTRConfig                           0x08003f45   Thumb Code    32  stm32f10x_tim.o(.text)
    TIM_TimeBaseStructInit                   0x08003f65   Thumb Code    18  stm32f10x_tim.o(.text)
    TIM_OCStructInit                         0x08003f77   Thumb Code    20  stm32f10x_tim.o(.text)
    TIM_ICStructInit                         0x08003f8b   Thumb Code    18  stm32f10x_tim.o(.text)
    TIM_BDTRStructInit                       0x08003f9d   Thumb Code    40  stm32f10x_tim.o(.text)
    TIM_Cmd                                  0x08003fc5   Thumb Code    24  stm32f10x_tim.o(.text)
    TIM_CtrlPWMOutputs                       0x08003fdd   Thumb Code    30  stm32f10x_tim.o(.text)
    TIM_ITConfig                             0x08003ffb   Thumb Code    18  stm32f10x_tim.o(.text)
    TIM_GenerateEvent                        0x0800400d   Thumb Code     4  stm32f10x_tim.o(.text)
    TIM_DMAConfig                            0x08004011   Thumb Code    10  stm32f10x_tim.o(.text)
    TIM_DMACmd                               0x0800401b   Thumb Code    18  stm32f10x_tim.o(.text)
    TIM_InternalClockConfig                  0x0800402d   Thumb Code    12  stm32f10x_tim.o(.text)
    TIM_SelectInputTrigger                   0x08004039   Thumb Code    18  stm32f10x_tim.o(.text)
    TIM_ITRxExternalClockConfig              0x0800404b   Thumb Code    24  stm32f10x_tim.o(.text)
    TIM_TIxExternalClockConfig               0x08004063   Thumb Code    62  stm32f10x_tim.o(.text)
    TIM_ETRConfig                            0x080040a1   Thumb Code    28  stm32f10x_tim.o(.text)
    TIM_ETRClockMode1Config                  0x080040bd   Thumb Code    54  stm32f10x_tim.o(.text)
    TIM_ETRClockMode2Config                  0x080040f3   Thumb Code    32  stm32f10x_tim.o(.text)
    TIM_PrescalerConfig                      0x08004113   Thumb Code     6  stm32f10x_tim.o(.text)
    TIM_CounterModeConfig                    0x08004119   Thumb Code    18  stm32f10x_tim.o(.text)
    TIM_EncoderInterfaceConfig               0x0800412b   Thumb Code    66  stm32f10x_tim.o(.text)
    TIM_ForcedOC1Config                      0x0800416d   Thumb Code    18  stm32f10x_tim.o(.text)
    TIM_ForcedOC2Config                      0x0800417f   Thumb Code    26  stm32f10x_tim.o(.text)
    TIM_ForcedOC3Config                      0x08004199   Thumb Code    18  stm32f10x_tim.o(.text)
    TIM_ForcedOC4Config                      0x080041ab   Thumb Code    26  stm32f10x_tim.o(.text)
    TIM_ARRPreloadConfig                     0x080041c5   Thumb Code    24  stm32f10x_tim.o(.text)
    TIM_SelectCOM                            0x080041dd   Thumb Code    24  stm32f10x_tim.o(.text)
    TIM_SelectCCDMA                          0x080041f5   Thumb Code    24  stm32f10x_tim.o(.text)
    TIM_CCPreloadControl                     0x0800420d   Thumb Code    24  stm32f10x_tim.o(.text)
    TIM_OC1PreloadConfig                     0x08004225   Thumb Code    18  stm32f10x_tim.o(.text)
    TIM_OC2PreloadConfig                     0x08004237   Thumb Code    26  stm32f10x_tim.o(.text)
    TIM_OC3PreloadConfig                     0x08004251   Thumb Code    18  stm32f10x_tim.o(.text)
    TIM_OC4PreloadConfig                     0x08004263   Thumb Code    26  stm32f10x_tim.o(.text)
    TIM_OC1FastConfig                        0x0800427d   Thumb Code    18  stm32f10x_tim.o(.text)
    TIM_OC2FastConfig                        0x0800428f   Thumb Code    26  stm32f10x_tim.o(.text)
    TIM_OC3FastConfig                        0x080042a9   Thumb Code    18  stm32f10x_tim.o(.text)
    TIM_OC4FastConfig                        0x080042bb   Thumb Code    26  stm32f10x_tim.o(.text)
    TIM_ClearOC1Ref                          0x080042d5   Thumb Code    18  stm32f10x_tim.o(.text)
    TIM_ClearOC2Ref                          0x080042e7   Thumb Code    24  stm32f10x_tim.o(.text)
    TIM_ClearOC3Ref                          0x080042ff   Thumb Code    18  stm32f10x_tim.o(.text)
    TIM_ClearOC4Ref                          0x08004311   Thumb Code    24  stm32f10x_tim.o(.text)
    TIM_OC1PolarityConfig                    0x08004329   Thumb Code    18  stm32f10x_tim.o(.text)
    TIM_OC1NPolarityConfig                   0x0800433b   Thumb Code    18  stm32f10x_tim.o(.text)
    TIM_OC2PolarityConfig                    0x0800434d   Thumb Code    26  stm32f10x_tim.o(.text)
    TIM_OC2NPolarityConfig                   0x08004367   Thumb Code    26  stm32f10x_tim.o(.text)
    TIM_OC3PolarityConfig                    0x08004381   Thumb Code    26  stm32f10x_tim.o(.text)
    TIM_OC3NPolarityConfig                   0x0800439b   Thumb Code    26  stm32f10x_tim.o(.text)
    TIM_OC4PolarityConfig                    0x080043b5   Thumb Code    26  stm32f10x_tim.o(.text)
    TIM_CCxCmd                               0x080043cf   Thumb Code    30  stm32f10x_tim.o(.text)
    TIM_CCxNCmd                              0x080043ed   Thumb Code    30  stm32f10x_tim.o(.text)
    TIM_SelectOCxM                           0x0800440b   Thumb Code    82  stm32f10x_tim.o(.text)
    TIM_UpdateDisableConfig                  0x0800445d   Thumb Code    24  stm32f10x_tim.o(.text)
    TIM_UpdateRequestConfig                  0x08004475   Thumb Code    24  stm32f10x_tim.o(.text)
    TIM_SelectHallSensor                     0x0800448d   Thumb Code    24  stm32f10x_tim.o(.text)
    TIM_SelectOnePulseMode                   0x080044a5   Thumb Code    18  stm32f10x_tim.o(.text)
    TIM_SelectOutputTrigger                  0x080044b7   Thumb Code    18  stm32f10x_tim.o(.text)
    TIM_SelectSlaveMode                      0x080044c9   Thumb Code    18  stm32f10x_tim.o(.text)
    TIM_SelectMasterSlaveMode                0x080044db   Thumb Code    18  stm32f10x_tim.o(.text)
    TIM_SetCounter                           0x080044ed   Thumb Code     4  stm32f10x_tim.o(.text)
    TIM_SetAutoreload                        0x080044f1   Thumb Code     4  stm32f10x_tim.o(.text)
    TIM_SetCompare1                          0x080044f5   Thumb Code     4  stm32f10x_tim.o(.text)
    TIM_SetCompare2                          0x080044f9   Thumb Code     4  stm32f10x_tim.o(.text)
    TIM_SetCompare3                          0x080044fd   Thumb Code     4  stm32f10x_tim.o(.text)
    TIM_SetCompare4                          0x08004501   Thumb Code     6  stm32f10x_tim.o(.text)
    TIM_SetClockDivision                     0x08004507   Thumb Code    18  stm32f10x_tim.o(.text)
    TIM_GetCapture1                          0x08004519   Thumb Code     6  stm32f10x_tim.o(.text)
    TIM_GetCapture2                          0x0800451f   Thumb Code     6  stm32f10x_tim.o(.text)
    TIM_GetCapture3                          0x08004525   Thumb Code     6  stm32f10x_tim.o(.text)
    TIM_GetCapture4                          0x0800452b   Thumb Code     8  stm32f10x_tim.o(.text)
    TIM_GetCounter                           0x08004533   Thumb Code     6  stm32f10x_tim.o(.text)
    TIM_GetPrescaler                         0x08004539   Thumb Code     6  stm32f10x_tim.o(.text)
    TIM_GetFlagStatus                        0x0800453f   Thumb Code    18  stm32f10x_tim.o(.text)
    TIM_ClearFlag                            0x08004551   Thumb Code     6  stm32f10x_tim.o(.text)
    TIM_GetITStatus                          0x08004557   Thumb Code    34  stm32f10x_tim.o(.text)
    TIM_ClearITPendingBit                    0x08004579   Thumb Code     6  stm32f10x_tim.o(.text)
    USART_DeInit                             0x08004581   Thumb Code   134  stm32f10x_usart.o(.text)
    USART_Init                               0x08004607   Thumb Code   210  stm32f10x_usart.o(.text)
    USART_StructInit                         0x080046d9   Thumb Code    24  stm32f10x_usart.o(.text)
    USART_ClockInit                          0x080046f1   Thumb Code    34  stm32f10x_usart.o(.text)
    USART_ClockStructInit                    0x08004713   Thumb Code    12  stm32f10x_usart.o(.text)
    USART_Cmd                                0x0800471f   Thumb Code    24  stm32f10x_usart.o(.text)
    USART_ITConfig                           0x08004737   Thumb Code    74  stm32f10x_usart.o(.text)
    USART_DMACmd                             0x08004781   Thumb Code    18  stm32f10x_usart.o(.text)
    USART_SetAddress                         0x08004793   Thumb Code    18  stm32f10x_usart.o(.text)
    USART_WakeUpConfig                       0x080047a5   Thumb Code    18  stm32f10x_usart.o(.text)
    USART_ReceiverWakeUpCmd                  0x080047b7   Thumb Code    24  stm32f10x_usart.o(.text)
    USART_LINBreakDetectLengthConfig         0x080047cf   Thumb Code    18  stm32f10x_usart.o(.text)
    USART_LINCmd                             0x080047e1   Thumb Code    24  stm32f10x_usart.o(.text)
    USART_SendData                           0x080047f9   Thumb Code     8  stm32f10x_usart.o(.text)
    USART_ReceiveData                        0x08004801   Thumb Code    10  stm32f10x_usart.o(.text)
    USART_SendBreak                          0x0800480b   Thumb Code    10  stm32f10x_usart.o(.text)
    USART_SetGuardTime                       0x08004815   Thumb Code    16  stm32f10x_usart.o(.text)
    USART_SetPrescaler                       0x08004825   Thumb Code    16  stm32f10x_usart.o(.text)
    USART_SmartCardCmd                       0x08004835   Thumb Code    24  stm32f10x_usart.o(.text)
    USART_SmartCardNACKCmd                   0x0800484d   Thumb Code    24  stm32f10x_usart.o(.text)
    USART_HalfDuplexCmd                      0x08004865   Thumb Code    24  stm32f10x_usart.o(.text)
    USART_OverSampling8Cmd                   0x0800487d   Thumb Code    22  stm32f10x_usart.o(.text)
    USART_OneBitMethodCmd                    0x08004893   Thumb Code    24  stm32f10x_usart.o(.text)
    USART_IrDAConfig                         0x080048ab   Thumb Code    18  stm32f10x_usart.o(.text)
    USART_IrDACmd                            0x080048bd   Thumb Code    24  stm32f10x_usart.o(.text)
    USART_GetFlagStatus                      0x080048d5   Thumb Code    26  stm32f10x_usart.o(.text)
    USART_ClearFlag                          0x080048ef   Thumb Code    18  stm32f10x_usart.o(.text)
    USART_GetITStatus                        0x08004901   Thumb Code    84  stm32f10x_usart.o(.text)
    USART_ClearITPendingBit                  0x08004955   Thumb Code    52  stm32f10x_usart.o(.text)
    SystemInit                               0x08004a41   Thumb Code    82  system_stm32f10x.o(.text)
    SystemCoreClockUpdate                    0x08004a93   Thumb Code   138  system_stm32f10x.o(.text)
    __aeabi_memset                           0x08004b3d   Thumb Code    14  memseta.o(.text)
    __aeabi_memset4                          0x08004b3d   Thumb Code     0  memseta.o(.text)
    __aeabi_memset8                          0x08004b3d   Thumb Code     0  memseta.o(.text)
    __aeabi_memclr                           0x08004b4b   Thumb Code     4  memseta.o(.text)
    __aeabi_memclr4                          0x08004b4b   Thumb Code     0  memseta.o(.text)
    __aeabi_memclr8                          0x08004b4b   Thumb Code     0  memseta.o(.text)
    _memset$wrapper                          0x08004b4f   Thumb Code    18  memseta.o(.text)
    __aeabi_uldivmod                         0x08004b61   Thumb Code    98  uldiv.o(.text)
    __scatterload                            0x08004bc5   Thumb Code    28  init.o(.text)
    __scatterload_rt2                        0x08004bc5   Thumb Code     0  init.o(.text)
    __aeabi_llsl                             0x08004be9   Thumb Code    30  llshl.o(.text)
    _ll_shift_l                              0x08004be9   Thumb Code     0  llshl.o(.text)
    __aeabi_llsr                             0x08004c07   Thumb Code    32  llushr.o(.text)
    _ll_ushift_r                             0x08004c07   Thumb Code     0  llushr.o(.text)
    __0printf$5                              0x08004c29   Thumb Code    22  printf5.o(i.__0printf$5)
    __1printf$5                              0x08004c29   Thumb Code     0  printf5.o(i.__0printf$5)
    __2printf                                0x08004c29   Thumb Code     0  printf5.o(i.__0printf$5)
    __scatterload_copy                       0x08004c49   Thumb Code    14  handlers.o(i.__scatterload_copy)
    __scatterload_null                       0x08004c57   Thumb Code     2  handlers.o(i.__scatterload_null)
    __scatterload_zeroinit                   0x08004c59   Thumb Code    14  handlers.o(i.__scatterload_zeroinit)
    Dis_TAB                                  0x08004f28   Data          50  tm1629.o(.constdata)
    MenuProc                                 0x08004f5c   Data        1284  menu.o(.constdata)
    Region$$Table$$Base                      0x08005460   Number         0  anon$$obj.o(Region$$Table)
    Region$$Table$$Limit                     0x08005480   Number         0  anon$$obj.o(Region$$Table)
    Flag_1_Sec                               0x20000000   Data           1  set_system_clock.o(.data)
    Flag_Half_Sec                            0x20000001   Data           1  set_system_clock.o(.data)
    System_Time_Count                        0x20000004   Data           4  set_system_clock.o(.data)
    LongPressSec                             0x20000008   Data           1  set_system_clock.o(.data)
    RF_Fun                                   0x2000000c   Data           1  rf.o(.data)
    RF_ID                                    0x20000010   Data           4  rf.o(.data)
    RF_Fun_Bak                               0x20000014   Data           1  rf.o(.data)
    RF_ID_Bak                                0x20000018   Data           4  rf.o(.data)
    RF_Temp                                  0x2000001c   Data           4  rf.o(.data)
    RF_Temp_Bak                              0x20000020   Data           4  rf.o(.data)
    RF_Count                                 0x20000024   Data           1  rf.o(.data)
    RF_Flag                                  0x20000025   Data           1  rf.o(.data)
    RF_Same_Count                            0x20000026   Data           1  rf.o(.data)
    Tm1629_Test_Time                         0x20000027   Data           8  tm1629.o(.data)
    index                                    0x2000003c   Data           1  key.o(.data)
    gKeyValue                                0x2000003d   Data           1  key.o(.data)
    Function                                 0x20000040   Data           4  key.o(.data)
    Remove_Call_Time                         0x20000044   Data           1  menu.o(.data)
    Cycle_Call_Time                          0x20000045   Data           1  menu.o(.data)
    Change_Standby_Display_Mode              0x20000046   Data           1  menu.o(.data)
    Set_Key_Remove_Call_Is_Or_Not            0x20000047   Data           1  menu.o(.data)
    Register_Call_Buff                       0x20000048   Data           5  menu.o(.data)
    Delete_Call_Buff                         0x2000004d   Data           5  menu.o(.data)
    Register_Host_Buff                       0x20000052   Data           5  menu.o(.data)
    Delete_Host_Buff                         0x20000057   Data           5  menu.o(.data)
    Register_Alarm_Buff                      0x2000005c   Data           5  menu.o(.data)
    Delete_Alarm_Buff                        0x20000061   Data           5  menu.o(.data)
    Register_Cancel_Buff                     0x20000066   Data           5  menu.o(.data)
    Delete_Cancel_Buff                       0x2000006b   Data           5  menu.o(.data)
    Set_Call_Line_Mode                       0x20000070   Data           1  menu.o(.data)
    Set_Call_Display_Number                  0x20000071   Data           1  menu.o(.data)
    Set_Voice_Play_Mode                      0x20000072   Data           1  menu.o(.data)
    Set_Voice_Play_Time                      0x20000073   Data           1  menu.o(.data)
    Set_Voice_Play_Is_Or_Not_In_Cycle_Mode   0x20000074   Data           1  menu.o(.data)
    Set_Voice_Volume                         0x20000075   Data           1  menu.o(.data)
    Set_Display_Tube_Brightness              0x20000076   Data           1  menu.o(.data)
    Set_Voice_Navigation_Mode                0x20000077   Data           1  menu.o(.data)
    Set_Voice_Navigation_On_Or_OFF           0x20000078   Data           1  menu.o(.data)
    Set_Display_LED_Mode                     0x20000079   Data           1  menu.o(.data)
    Set_Two_Menu_F7_E1                       0x2000007a   Data           1  menu.o(.data)
    Set_Two_Menu_F7_E2                       0x2000007b   Data           1  menu.o(.data)
    Set_Two_Menu_F7_E3                       0x2000007c   Data           1  menu.o(.data)
    Set_Two_Menu_F7_E4                       0x2000007d   Data           1  menu.o(.data)
    Set_Singal_Or_Multiple_Key_Mode          0x2000007e   Data           1  menu.o(.data)
    Set_Key_Of_Call_Mode                     0x2000007f   Data           1  menu.o(.data)
    SystemCoreClock                          0x20000098   Data           4  system_stm32f10x.o(.data)
    AHBPrescTable                            0x2000009c   Data          16  system_stm32f10x.o(.data)
    __stdout                                 0x200000ac   Data           4  stdout.o(.data)
    Tm1629_Display_Ram                       0x200000b0   Data          48  tm1629.o(.bss)
    __initial_sp                             0x200004e0   Data           0  startup_stm32f10x_md.o(STACK)



==============================================================================

Memory Map of the image

  Image Entry point : 0x080000ed

  Load Region LR_IROM1 (Base: 0x08000000, Size: 0x00005530, Max: 0x00010000, ABSOLUTE)

    Execution Region ER_IROM1 (Base: 0x08000000, Size: 0x00005480, Max: 0x00010000, ABSOLUTE)

    Base Addr    Size         Type   Attr      Idx    E Section Name        Object

    0x08000000   0x000000ec   Data   RO            3    RESET               startup_stm32f10x_md.o
    0x080000ec   0x00000000   Code   RO          623  * .ARM.Collect$$$$00000000  mc_w.l(entry.o)
    0x080000ec   0x00000004   Code   RO          889    .ARM.Collect$$$$00000001  mc_w.l(entry2.o)
    0x080000f0   0x00000004   Code   RO          892    .ARM.Collect$$$$00000004  mc_w.l(entry5.o)
    0x080000f4   0x00000000   Code   RO          894    .ARM.Collect$$$$00000008  mc_w.l(entry7b.o)
    0x080000f4   0x00000000   Code   RO          896    .ARM.Collect$$$$0000000A  mc_w.l(entry8b.o)
    0x080000f4   0x00000008   Code   RO          897    .ARM.Collect$$$$0000000B  mc_w.l(entry9a.o)
    0x080000fc   0x00000000   Code   RO          899    .ARM.Collect$$$$0000000D  mc_w.l(entry10a.o)
    0x080000fc   0x00000000   Code   RO          901    .ARM.Collect$$$$0000000F  mc_w.l(entry11a.o)
    0x080000fc   0x00000004   Code   RO          890    .ARM.Collect$$$$00002712  mc_w.l(entry2.o)
    0x08000100   0x00000024   Code   RO            4    .text               startup_stm32f10x_md.o
    0x08000124   0x00000088   Code   RO           10    .text               main.o
    0x080001ac   0x00000050   Code   RO          148    .text               stm32f10x_it.o
    0x080001fc   0x000000ec   Code   RO          163    .text               set_system_clock.o
    0x080002e8   0x000000ec   Code   RO          185    .text               usart2.o
    0x080003d4   0x000000d0   Code   RO          197    .text               usart1.o
    0x080004a4   0x000001b8   Code   RO          209    .text               rf.o
    0x0800065c   0x00000800   Code   RO          227    .text               tm1629.o
    0x08000e5c   0x000006f0   Code   RO          250    .text               eeprom_24c.o
    0x0800154c   0x000002a4   Code   RO          262    .text               key.o
    0x080017f0   0x00001660   Code   RO          280    .text               menu.o
    0x08002e50   0x000000dc   Code   RO          317    .text               misc.o
    0x08002f2c   0x0000011c   Code   RO          425    .text               stm32f10x_exti.o
    0x08003048   0x00000358   Code   RO          461    .text               stm32f10x_gpio.o
    0x080033a0   0x000003c4   Code   RO          509    .text               stm32f10x_rcc.o
    0x08003764   0x00000e1a   Code   RO          559    .text               stm32f10x_tim.o
    0x0800457e   0x00000002   PAD
    0x08004580   0x00000408   Code   RO          571    .text               stm32f10x_usart.o
    0x08004988   0x000001b4   Code   RO          605    .text               system_stm32f10x.o
    0x08004b3c   0x00000024   Code   RO          626    .text               mc_w.l(memseta.o)
    0x08004b60   0x00000062   Code   RO          906    .text               mc_w.l(uldiv.o)
    0x08004bc2   0x00000002   PAD
    0x08004bc4   0x00000024   Code   RO          919    .text               mc_w.l(init.o)
    0x08004be8   0x0000001e   Code   RO          921    .text               mc_w.l(llshl.o)
    0x08004c06   0x00000020   Code   RO          923    .text               mc_w.l(llushr.o)
    0x08004c26   0x00000002   PAD
    0x08004c28   0x00000020   Code   RO          761    i.__0printf$5       mc_w.l(printf5.o)
    0x08004c48   0x0000000e   Code   RO          931    i.__scatterload_copy  mc_w.l(handlers.o)
    0x08004c56   0x00000002   Code   RO          932    i.__scatterload_null  mc_w.l(handlers.o)
    0x08004c58   0x0000000e   Code   RO          933    i.__scatterload_zeroinit  mc_w.l(handlers.o)
    0x08004c66   0x00000002   PAD
    0x08004c68   0x000002c0   Code   RO          768    i._printf_core      mc_w.l(printf5.o)
    0x08004f28   0x00000032   Data   RO          229    .constdata          tm1629.o
    0x08004f5a   0x00000002   PAD
    0x08004f5c   0x00000504   Data   RO          281    .constdata          menu.o
    0x08005460   0x00000020   Data   RO          929    Region$$Table       anon$$obj.o


    Execution Region RW_IRAM1 (Base: 0x20000000, Size: 0x000004e0, Max: 0x00002000, ABSOLUTE)

    Base Addr    Size         Type   Attr      Idx    E Section Name        Object

    0x20000000   0x00000009   Data   RW          164    .data               set_system_clock.o
    0x20000009   0x00000003   PAD
    0x2000000c   0x0000001b   Data   RW          210    .data               rf.o
    0x20000027   0x00000012   Data   RW          230    .data               tm1629.o
    0x20000039   0x00000003   PAD
    0x2000003c   0x00000008   Data   RW          263    .data               key.o
    0x20000044   0x0000003d   Data   RW          282    .data               menu.o
    0x20000081   0x00000014   Data   RW          510    .data               stm32f10x_rcc.o
    0x20000095   0x00000003   PAD
    0x20000098   0x00000014   Data   RW          606    .data               system_stm32f10x.o
    0x200000ac   0x00000004   Data   RW          903    .data               mc_w.l(stdout.o)
    0x200000b0   0x00000030   Zero   RW          228    .bss                tm1629.o
    0x200000e0   0x00000400   Zero   RW            1    STACK               startup_stm32f10x_md.o


==============================================================================

Image component sizes


      Code (inc. data)   RO Data    RW Data    ZI Data      Debug   Object Name

      1776         40          0          0          0       6073   eeprom_24c.o
       676         44          0          8          0       1582   key.o
       136         46          0          0          0     260904   main.o
      5728        170       1284         61          0      18810   menu.o
       220         20          0          0          0       1601   misc.o
       440         42          0         27          0       1448   rf.o
       236         16          0          9          0      16146   set_system_clock.o
        36          8        236          0       1024        764   startup_stm32f10x_md.o
       284         10          0          0          0       2035   stm32f10x_exti.o
       856         40          0          0          0       5449   stm32f10x_gpio.o
        80         14          0          0          0       1210   stm32f10x_it.o
       964         50          0         20          0       8870   stm32f10x_rcc.o
      3610         88          0          0          0      21932   stm32f10x_tim.o
      1032         22          0          0          0       8168   stm32f10x_usart.o
       436         32          0         20          0       1587   system_stm32f10x.o
      2048         92         50         18         48       6386   tm1629.o
       208          8          0          0          0       1015   usart1.o
       236         14          0          0          0       1215   usart2.o

    ----------------------------------------------------------------------
     19004        756       1604        172       1072     365195   Object Totals
         0          0         32          0          0          0   (incl. Generated)
         2          0          2          9          0          0   (incl. Padding)

    ----------------------------------------------------------------------

      Code (inc. data)   RO Data    RW Data    ZI Data      Debug   Library Member Name

         0          0          0          0          0          0   entry.o
         0          0          0          0          0          0   entry10a.o
         0          0          0          0          0          0   entry11a.o
         8          4          0          0          0          0   entry2.o
         4          0          0          0          0          0   entry5.o
         0          0          0          0          0          0   entry7b.o
         0          0          0          0          0          0   entry8b.o
         8          4          0          0          0          0   entry9a.o
        30          0          0          0          0          0   handlers.o
        36          8          0          0          0         68   init.o
        30          0          0          0          0         68   llshl.o
        32          0          0          0          0         68   llushr.o
        36          0          0          0          0        108   memseta.o
       736         56          0          0          0        184   printf5.o
         0          0          0          4          0          0   stdout.o
        98          0          0          0          0         92   uldiv.o

    ----------------------------------------------------------------------
      1024         72          0          4          0        588   Library Totals
         6          0          0          0          0          0   (incl. Padding)

    ----------------------------------------------------------------------

      Code (inc. data)   RO Data    RW Data    ZI Data      Debug   Library Name

      1018         72          0          4          0        588   mc_w.l

    ----------------------------------------------------------------------
      1024         72          0          4          0        588   Library Totals

    ----------------------------------------------------------------------

==============================================================================


      Code (inc. data)   RO Data    RW Data    ZI Data      Debug   

     20028        828       1604        176       1072     364171   Grand Totals
     20028        828       1604        176       1072     364171   ELF Image Totals
     20028        828       1604        176          0          0   ROM Totals

==============================================================================

    Total RO  Size (Code + RO Data)                21632 (  21.13kB)
    Total RW  Size (RW Data + ZI Data)              1248 (   1.22kB)
    Total ROM Size (Code + RO Data + RW Data)      21808 (  21.30kB)

==============================================================================

