<html>
<body>
<pre>
<h1>µVision Build Log</h1>
<h2>Project:</h2>
D:\Github\STM32-RE\MDK\STM32-RE.uvproj
Project File Date:  03/18/2016

<h2>Output:</h2>
Rebuild target 'Target 1'
assembling startup_stm32f10x_md.s...
compiling main.c...
compiling stm32f10x_it.c...
compiling set_system_clock.c...
compiling usart2.c...
compiling usart1.c...
compiling rf.c...
compiling tm1629.c...
compiling eeprom_24c.c...
compiling key.c...
compiling menu.c...
compiling rf_app.c...
..\USER\rf_app.c(44): warning:  #177-D: variable "fun_id" was declared but never referenced
      u8 fun_id;
..\USER\rf_app.c: 1 warning, 0 errors
compiling gd5800.c...
compiling stm32_rtc.c...
compiling bsp_date.c...
compiling misc.c...
compiling stm32f10x_adc.c...
compiling stm32f10x_bkp.c...
compiling stm32f10x_can.c...
compiling stm32f10x_cec.c...
compiling stm32f10x_crc.c...
compiling stm32f10x_dac.c...
compiling stm32f10x_dbgmcu.c...
compiling stm32f10x_dma.c...
compiling stm32f10x_exti.c...
compiling stm32f10x_flash.c...
compiling stm32f10x_fsmc.c...
compiling stm32f10x_gpio.c...
compiling stm32f10x_i2c.c...
compiling stm32f10x_iwdg.c...
compiling stm32f10x_pwr.c...
compiling stm32f10x_rcc.c...
compiling stm32f10x_rtc.c...
compiling stm32f10x_sdio.c...
compiling stm32f10x_spi.c...
compiling stm32f10x_tim.c...
compiling stm32f10x_usart.c...
compiling stm32f10x_wwdg.c...
compiling core_cm3.c...
compiling system_stm32f10x.c...
linking...
Program Size: Code=28624 RO-data=1652 RW-data=276 ZI-data=1940  
FromELF: creating hex file...
"..\OUT\STM32-RE.axf" - 0 Error(s), 1 Warning(s).
Load "..\\OUT\\STM32-RE.axf" 
Full Chip Erase Done.
Programming Done.
Verify OK.
Application running ...
</pre>
</body>
</html>
f" 
Full Chip Erase Done.
Programming Done.
Verify OK.
Application running ...
Load "..\\OUT\\STM32-RE.axf" 
Full Chip Erase Done.
Programming Done.
Verify OK.
Application running ...
t (referred from key.o).
..\OUT\STM32-RE.axf: Error: L6218E: Undefined symbol NVIC_SETFAULTMASK (referred from key.o).
Not enough information to list image symbols.
Finished: 1 information, 0 warning and 2 error messages.
"..\OUT\STM32-RE.axf" - 2 Error(s), 3 Warning(s).
Target not created
..
compiling stm32f10x_i2c.c...
compiling stm32f10x_iwdg.c...
compiling stm32f10x_pwr.c...
compiling stm32f10x_rcc.c...
compiling stm32f10x_rtc.c...
compiling stm32f10x_sdio.c...
compiling stm32f10x_spi.c...
compiling stm32f10x_tim.c...
compiling stm32f10x_usart.c...
compiling stm32f10x_wwdg.c...
compiling core_cm3.c...
compiling system_stm32f10x.c...
"..\OUT\STM32-RE.axf" - 7 Error(s), 1 Warning(s).
Target not created
compiling eeprom_24c.c...
..\USER\rf_app.h(52): error:  #20: identifier "RF_def" is undefined
  static void Decoder_Function_Of_Assignment_For_Call_Id(unsigned char * buff,u32 data,RF_def RFtmp,u8 state);
..\USER\eeprom_24c.c(858): error:  #20: identifier "single_key" is undefined
      EEP_Read_Buffer(SIN_KEY_START, single_key, 16);
..\USER\eeprom_24c.c(859): error:  #20: identifier "multiple_key" is undefined
      EEP_Read_Buffer(MUL_KEY_START, multiple_key, 16);
..\USER\eeprom_24c.c(978): error:  #20: identifier "single_key" is undefined
      memset(single_key,0x01,16);
..\USER\eeprom_24c.c(980): error:  #20: identifier "multiple_key" is undefined
      multiple_key[0] = 0X01;
..\USER\eeprom_24c.c: 0 warnings, 5 errors
"..\USER\eeprom_24c.c" - 5 Error(s), 0 Warning(s).
compiling eeprom_24c.c...
..\USER\eeprom_24c.c(858): error:  #20: identifier "single_key" is undefined
      EEP_Read_Buffer(SIN_KEY_START, single_key, 16);
..\USER\eeprom_24c.c(859): error:  #20: identifier "multiple_key" is undefined
      EEP_Read_Buffer(MUL_KEY_START, multiple_key, 16);
..\USER\eeprom_24c.c(978): error:  #20: identifier "single_key" is undefined
      memset(single_key,0x01,16);
..\USER\eeprom_24c.c(980): error:  #20: identifier "multiple_key" is undefined
      multiple_key[0] = 0X01;
..\USER\eeprom_24c.c: 0 warnings, 4 errors
"..\USER\eeprom_24c.c" - 4 Error(s), 0 Warning(s).
compiling eeprom_24c.c...
"..\USER\eeprom_24c.c" - 0 Error(s), 0 Warning(s).
