<!doctype html public "-//w3c//dtd html 4.0 transitional//en">
<html><head>
<title>Static Call Graph - [..\OUT\STM32-RE.axf]</title></head>
<body><HR>
<H1>Static Call Graph for image ..\OUT\STM32-RE.axf</H1><HR>
<BR><P>#&#060CALLGRAPH&#062# ARM Linker, 5.03 [Build 76]: Last Updated: Wed Feb 03 13:40:24 2016
<BR><P>
<H3>Maximum Stack Usage =         96 bytes + Unknown(Cycles, Untraceable Function Pointers)</H3><H3>
Call chain for Maximum Stack Depth:</H3>
main &rArr; GD5800_USART1_Config &rArr; USART_Init &rArr; RCC_GetClocksFreq
<P>
<H3>
Mutually Recursive functions
</H3> <LI><a href="#[1c]">ADC1_2_IRQHandler</a>&nbsp;&nbsp;&nbsp;&rArr;&nbsp;&nbsp;&nbsp;<a href="#[1c]">ADC1_2_IRQHandler</a><BR>
</UL>
<P>
<H3>
Function Pointers
</H3><UL>
 <LI><a href="#[1c]">ADC1_2_IRQHandler</a> from startup_stm32f10x_md.o(.text) referenced from startup_stm32f10x_md.o(RESET)
 <LI><a href="#[4]">BusFault_Handler</a> from stm32f10x_it.o(.text) referenced from startup_stm32f10x_md.o(RESET)
 <LI><a href="#[1f]">CAN1_RX1_IRQHandler</a> from startup_stm32f10x_md.o(.text) referenced from startup_stm32f10x_md.o(RESET)
 <LI><a href="#[20]">CAN1_SCE_IRQHandler</a> from startup_stm32f10x_md.o(.text) referenced from startup_stm32f10x_md.o(RESET)
 <LI><a href="#[15]">DMA1_Channel1_IRQHandler</a> from startup_stm32f10x_md.o(.text) referenced from startup_stm32f10x_md.o(RESET)
 <LI><a href="#[16]">DMA1_Channel2_IRQHandler</a> from startup_stm32f10x_md.o(.text) referenced from startup_stm32f10x_md.o(RESET)
 <LI><a href="#[17]">DMA1_Channel3_IRQHandler</a> from startup_stm32f10x_md.o(.text) referenced from startup_stm32f10x_md.o(RESET)
 <LI><a href="#[18]">DMA1_Channel4_IRQHandler</a> from startup_stm32f10x_md.o(.text) referenced from startup_stm32f10x_md.o(RESET)
 <LI><a href="#[19]">DMA1_Channel5_IRQHandler</a> from startup_stm32f10x_md.o(.text) referenced from startup_stm32f10x_md.o(RESET)
 <LI><a href="#[1a]">DMA1_Channel6_IRQHandler</a> from startup_stm32f10x_md.o(.text) referenced from startup_stm32f10x_md.o(RESET)
 <LI><a href="#[1b]">DMA1_Channel7_IRQHandler</a> from startup_stm32f10x_md.o(.text) referenced from startup_stm32f10x_md.o(RESET)
 <LI><a href="#[7]">DebugMon_Handler</a> from stm32f10x_it.o(.text) referenced from startup_stm32f10x_md.o(RESET)
 <LI><a href="#[10]">EXTI0_IRQHandler</a> from startup_stm32f10x_md.o(.text) referenced from startup_stm32f10x_md.o(RESET)
 <LI><a href="#[32]">EXTI15_10_IRQHandler</a> from rf.o(.text) referenced from startup_stm32f10x_md.o(RESET)
 <LI><a href="#[11]">EXTI1_IRQHandler</a> from startup_stm32f10x_md.o(.text) referenced from startup_stm32f10x_md.o(RESET)
 <LI><a href="#[12]">EXTI2_IRQHandler</a> from startup_stm32f10x_md.o(.text) referenced from startup_stm32f10x_md.o(RESET)
 <LI><a href="#[13]">EXTI3_IRQHandler</a> from startup_stm32f10x_md.o(.text) referenced from startup_stm32f10x_md.o(RESET)
 <LI><a href="#[14]">EXTI4_IRQHandler</a> from startup_stm32f10x_md.o(.text) referenced from startup_stm32f10x_md.o(RESET)
 <LI><a href="#[21]">EXTI9_5_IRQHandler</a> from startup_stm32f10x_md.o(.text) referenced from startup_stm32f10x_md.o(RESET)
 <LI><a href="#[e]">FLASH_IRQHandler</a> from startup_stm32f10x_md.o(.text) referenced from startup_stm32f10x_md.o(RESET)
 <LI><a href="#[2]">HardFault_Handler</a> from stm32f10x_it.o(.text) referenced from startup_stm32f10x_md.o(RESET)
 <LI><a href="#[2a]">I2C1_ER_IRQHandler</a> from startup_stm32f10x_md.o(.text) referenced from startup_stm32f10x_md.o(RESET)
 <LI><a href="#[29]">I2C1_EV_IRQHandler</a> from startup_stm32f10x_md.o(.text) referenced from startup_stm32f10x_md.o(RESET)
 <LI><a href="#[2c]">I2C2_ER_IRQHandler</a> from startup_stm32f10x_md.o(.text) referenced from startup_stm32f10x_md.o(RESET)
 <LI><a href="#[2b]">I2C2_EV_IRQHandler</a> from startup_stm32f10x_md.o(.text) referenced from startup_stm32f10x_md.o(RESET)
 <LI><a href="#[3]">MemManage_Handler</a> from stm32f10x_it.o(.text) referenced from startup_stm32f10x_md.o(RESET)
 <LI><a href="#[3a]">Menu_F0</a> from menu.o(.text) referenced 20 times from menu.o(.constdata)
 <LI><a href="#[4b]">Menu_F0_Day</a> from menu.o(.text) referenced from menu.o(.constdata)
 <LI><a href="#[4a]">Menu_F0_Hour</a> from menu.o(.text) referenced from menu.o(.constdata)
 <LI><a href="#[49]">Menu_F0_Minute</a> from menu.o(.text) referenced from menu.o(.constdata)
 <LI><a href="#[4c]">Menu_F0_Month</a> from menu.o(.text) referenced from menu.o(.constdata)
 <LI><a href="#[4e]">Menu_F0_Week</a> from menu.o(.text) referenced from menu.o(.constdata)
 <LI><a href="#[4d]">Menu_F0_Year</a> from menu.o(.text) referenced from menu.o(.constdata)
 <LI><a href="#[3b]">Menu_F1</a> from menu.o(.text) referenced from menu.o(.constdata)
 <LI><a href="#[4f]">Menu_F1_E1</a> from menu.o(.text) referenced from menu.o(.constdata)
 <LI><a href="#[71]">Menu_F1_E1_D1</a> from menu.o(.text) referenced from menu.o(.constdata)
 <LI><a href="#[72]">Menu_F1_E1_D2</a> from menu.o(.text) referenced from menu.o(.constdata)
 <LI><a href="#[73]">Menu_F1_E1_D3</a> from menu.o(.text) referenced from menu.o(.constdata)
 <LI><a href="#[74]">Menu_F1_E1_D4</a> from menu.o(.text) referenced from menu.o(.constdata)
 <LI><a href="#[50]">Menu_F1_E2</a> from menu.o(.text) referenced from menu.o(.constdata)
 <LI><a href="#[75]">Menu_F1_E2_D1</a> from menu.o(.text) referenced from menu.o(.constdata)
 <LI><a href="#[76]">Menu_F1_E2_D2</a> from menu.o(.text) referenced from menu.o(.constdata)
 <LI><a href="#[77]">Menu_F1_E2_D3</a> from menu.o(.text) referenced from menu.o(.constdata)
 <LI><a href="#[78]">Menu_F1_E2_D4</a> from menu.o(.text) referenced from menu.o(.constdata)
 <LI><a href="#[51]">Menu_F1_E3</a> from menu.o(.text) referenced from menu.o(.constdata)
 <LI><a href="#[79]">Menu_F1_E3_D1</a> from menu.o(.text) referenced from menu.o(.constdata)
 <LI><a href="#[7a]">Menu_F1_E3_D2</a> from menu.o(.text) referenced from menu.o(.constdata)
 <LI><a href="#[7b]">Menu_F1_E3_D3</a> from menu.o(.text) referenced from menu.o(.constdata)
 <LI><a href="#[7c]">Menu_F1_E3_D4</a> from menu.o(.text) referenced from menu.o(.constdata)
 <LI><a href="#[52]">Menu_F1_E4</a> from menu.o(.text) referenced from menu.o(.constdata)
 <LI><a href="#[7d]">Menu_F1_E4_D1</a> from menu.o(.text) referenced from menu.o(.constdata)
 <LI><a href="#[7e]">Menu_F1_E4_D2</a> from menu.o(.text) referenced from menu.o(.constdata)
 <LI><a href="#[7f]">Menu_F1_E4_D3</a> from menu.o(.text) referenced from menu.o(.constdata)
 <LI><a href="#[80]">Menu_F1_E4_D4</a> from menu.o(.text) referenced from menu.o(.constdata)
 <LI><a href="#[3c]">Menu_F2</a> from menu.o(.text) referenced from menu.o(.constdata)
 <LI><a href="#[53]">Menu_F2_E1</a> from menu.o(.text) referenced from menu.o(.constdata)
 <LI><a href="#[81]">Menu_F2_E1_D1</a> from menu.o(.text) referenced from menu.o(.constdata)
 <LI><a href="#[82]">Menu_F2_E1_D2</a> from menu.o(.text) referenced from menu.o(.constdata)
 <LI><a href="#[83]">Menu_F2_E1_D3</a> from menu.o(.text) referenced from menu.o(.constdata)
 <LI><a href="#[84]">Menu_F2_E1_D4</a> from menu.o(.text) referenced from menu.o(.constdata)
 <LI><a href="#[54]">Menu_F2_E2</a> from menu.o(.text) referenced from menu.o(.constdata)
 <LI><a href="#[85]">Menu_F2_E2_D1</a> from menu.o(.text) referenced from menu.o(.constdata)
 <LI><a href="#[86]">Menu_F2_E2_D2</a> from menu.o(.text) referenced from menu.o(.constdata)
 <LI><a href="#[87]">Menu_F2_E2_D3</a> from menu.o(.text) referenced from menu.o(.constdata)
 <LI><a href="#[88]">Menu_F2_E2_D4</a> from menu.o(.text) referenced from menu.o(.constdata)
 <LI><a href="#[55]">Menu_F2_E3</a> from menu.o(.text) referenced from menu.o(.constdata)
 <LI><a href="#[89]">Menu_F2_E3_D1</a> from menu.o(.text) referenced from menu.o(.constdata)
 <LI><a href="#[8a]">Menu_F2_E3_D2</a> from menu.o(.text) referenced from menu.o(.constdata)
 <LI><a href="#[8b]">Menu_F2_E3_D3</a> from menu.o(.text) referenced from menu.o(.constdata)
 <LI><a href="#[8c]">Menu_F2_E3_D4</a> from menu.o(.text) referenced from menu.o(.constdata)
 <LI><a href="#[56]">Menu_F2_E4</a> from menu.o(.text) referenced from menu.o(.constdata)
 <LI><a href="#[8d]">Menu_F2_E4_D1</a> from menu.o(.text) referenced from menu.o(.constdata)
 <LI><a href="#[8e]">Menu_F2_E4_D2</a> from menu.o(.text) referenced from menu.o(.constdata)
 <LI><a href="#[8f]">Menu_F2_E4_D3</a> from menu.o(.text) referenced from menu.o(.constdata)
 <LI><a href="#[90]">Menu_F2_E4_D4</a> from menu.o(.text) referenced from menu.o(.constdata)
 <LI><a href="#[3d]">Menu_F3</a> from menu.o(.text) referenced from menu.o(.constdata)
 <LI><a href="#[57]">Menu_F3_E1</a> from menu.o(.text) referenced from menu.o(.constdata)
 <LI><a href="#[58]">Menu_F3_E2</a> from menu.o(.text) referenced from menu.o(.constdata)
 <LI><a href="#[3e]">Menu_F4</a> from menu.o(.text) referenced from menu.o(.constdata)
 <LI><a href="#[59]">Menu_F4_Set</a> from menu.o(.text) referenced from menu.o(.constdata)
 <LI><a href="#[3f]">Menu_F5</a> from menu.o(.text) referenced from menu.o(.constdata)
 <LI><a href="#[5a]">Menu_F5_Set</a> from menu.o(.text) referenced from menu.o(.constdata)
 <LI><a href="#[40]">Menu_F6</a> from menu.o(.text) referenced from menu.o(.constdata)
 <LI><a href="#[5b]">Menu_F6_E1</a> from menu.o(.text) referenced from menu.o(.constdata)
 <LI><a href="#[5c]">Menu_F6_E2</a> from menu.o(.text) referenced from menu.o(.constdata)
 <LI><a href="#[5d]">Menu_F6_E3</a> from menu.o(.text) referenced from menu.o(.constdata)
 <LI><a href="#[5e]">Menu_F6_E4</a> from menu.o(.text) referenced from menu.o(.constdata)
 <LI><a href="#[5f]">Menu_F6_E5</a> from menu.o(.text) referenced from menu.o(.constdata)
 <LI><a href="#[60]">Menu_F6_E6</a> from menu.o(.text) referenced from menu.o(.constdata)
 <LI><a href="#[61]">Menu_F6_E7</a> from menu.o(.text) referenced from menu.o(.constdata)
 <LI><a href="#[62]">Menu_F6_E8</a> from menu.o(.text) referenced from menu.o(.constdata)
 <LI><a href="#[41]">Menu_F7</a> from menu.o(.text) referenced from menu.o(.constdata)
 <LI><a href="#[63]">Menu_F7_E1</a> from menu.o(.text) referenced from menu.o(.constdata)
 <LI><a href="#[64]">Menu_F7_E2</a> from menu.o(.text) referenced from menu.o(.constdata)
 <LI><a href="#[65]">Menu_F7_E3</a> from menu.o(.text) referenced from menu.o(.constdata)
 <LI><a href="#[66]">Menu_F7_E4</a> from menu.o(.text) referenced from menu.o(.constdata)
 <LI><a href="#[42]">Menu_F8</a> from menu.o(.text) referenced from menu.o(.constdata)
 <LI><a href="#[67]">Menu_F8_E1</a> from menu.o(.text) referenced from menu.o(.constdata)
 <LI><a href="#[68]">Menu_F8_E2</a> from menu.o(.text) referenced from menu.o(.constdata)
 <LI><a href="#[43]">Menu_F9</a> from menu.o(.text) referenced from menu.o(.constdata)
 <LI><a href="#[69]">Menu_F9_E1</a> from menu.o(.text) referenced from menu.o(.constdata)
 <LI><a href="#[6a]">Menu_F9_E2</a> from menu.o(.text) referenced from menu.o(.constdata)
 <LI><a href="#[44]">Menu_FA</a> from menu.o(.text) referenced from menu.o(.constdata)
 <LI><a href="#[6b]">Menu_FA_Set</a> from menu.o(.text) referenced from menu.o(.constdata)
 <LI><a href="#[45]">Menu_FB</a> from menu.o(.text) referenced from menu.o(.constdata)
 <LI><a href="#[6c]">Menu_FB_Set</a> from menu.o(.text) referenced from menu.o(.constdata)
 <LI><a href="#[46]">Menu_FC</a> from menu.o(.text) referenced from menu.o(.constdata)
 <LI><a href="#[6d]">Menu_FC_Set</a> from menu.o(.text) referenced from menu.o(.constdata)
 <LI><a href="#[47]">Menu_FD</a> from menu.o(.text) referenced from menu.o(.constdata)
 <LI><a href="#[6e]">Menu_FD_Set</a> from menu.o(.text) referenced from menu.o(.constdata)
 <LI><a href="#[48]">Menu_FE</a> from menu.o(.text) referenced from menu.o(.constdata)
 <LI><a href="#[6f]">Menu_FE_E1</a> from menu.o(.text) referenced from menu.o(.constdata)
 <LI><a href="#[70]">Menu_FE_E2</a> from menu.o(.text) referenced from menu.o(.constdata)
 <LI><a href="#[39]">Menu_Standby</a> from menu.o(.text) referenced from menu.o(.constdata)
 <LI><a href="#[1]">NMI_Handler</a> from stm32f10x_it.o(.text) referenced from startup_stm32f10x_md.o(RESET)
 <LI><a href="#[b]">PVD_IRQHandler</a> from startup_stm32f10x_md.o(.text) referenced from startup_stm32f10x_md.o(RESET)
 <LI><a href="#[8]">PendSV_Handler</a> from stm32f10x_it.o(.text) referenced from startup_stm32f10x_md.o(RESET)
 <LI><a href="#[f]">RCC_IRQHandler</a> from startup_stm32f10x_md.o(.text) referenced from startup_stm32f10x_md.o(RESET)
 <LI><a href="#[33]">RTCAlarm_IRQHandler</a> from startup_stm32f10x_md.o(.text) referenced from startup_stm32f10x_md.o(RESET)
 <LI><a href="#[d]">RTC_IRQHandler</a> from startup_stm32f10x_md.o(.text) referenced from startup_stm32f10x_md.o(RESET)
 <LI><a href="#[0]">Reset_Handler</a> from startup_stm32f10x_md.o(.text) referenced from startup_stm32f10x_md.o(RESET)
 <LI><a href="#[2d]">SPI1_IRQHandler</a> from startup_stm32f10x_md.o(.text) referenced from startup_stm32f10x_md.o(RESET)
 <LI><a href="#[2e]">SPI2_IRQHandler</a> from startup_stm32f10x_md.o(.text) referenced from startup_stm32f10x_md.o(RESET)
 <LI><a href="#[6]">SVC_Handler</a> from stm32f10x_it.o(.text) referenced from startup_stm32f10x_md.o(RESET)
 <LI><a href="#[9]">SysTick_Handler</a> from stm32f10x_it.o(.text) referenced from startup_stm32f10x_md.o(RESET)
 <LI><a href="#[36]">SystemInit</a> from system_stm32f10x.o(.text) referenced from startup_stm32f10x_md.o(.text)
 <LI><a href="#[c]">TAMPER_IRQHandler</a> from startup_stm32f10x_md.o(.text) referenced from startup_stm32f10x_md.o(RESET)
 <LI><a href="#[22]">TIM1_BRK_IRQHandler</a> from startup_stm32f10x_md.o(.text) referenced from startup_stm32f10x_md.o(RESET)
 <LI><a href="#[25]">TIM1_CC_IRQHandler</a> from startup_stm32f10x_md.o(.text) referenced from startup_stm32f10x_md.o(RESET)
 <LI><a href="#[24]">TIM1_TRG_COM_IRQHandler</a> from startup_stm32f10x_md.o(.text) referenced from startup_stm32f10x_md.o(RESET)
 <LI><a href="#[23]">TIM1_UP_IRQHandler</a> from startup_stm32f10x_md.o(.text) referenced from startup_stm32f10x_md.o(RESET)
 <LI><a href="#[26]">TIM2_IRQHandler</a> from startup_stm32f10x_md.o(.text) referenced from startup_stm32f10x_md.o(RESET)
 <LI><a href="#[27]">TIM3_IRQHandler</a> from startup_stm32f10x_md.o(.text) referenced from startup_stm32f10x_md.o(RESET)
 <LI><a href="#[28]">TIM4_IRQHandler</a> from startup_stm32f10x_md.o(.text) referenced from startup_stm32f10x_md.o(RESET)
 <LI><a href="#[2f]">USART1_IRQHandler</a> from usart1.o(.text) referenced from startup_stm32f10x_md.o(RESET)
 <LI><a href="#[30]">USART2_IRQHandler</a> from usart2.o(.text) referenced from startup_stm32f10x_md.o(RESET)
 <LI><a href="#[31]">USART3_IRQHandler</a> from startup_stm32f10x_md.o(.text) referenced from startup_stm32f10x_md.o(RESET)
 <LI><a href="#[34]">USBWakeUp_IRQHandler</a> from startup_stm32f10x_md.o(.text) referenced from startup_stm32f10x_md.o(RESET)
 <LI><a href="#[1d]">USB_HP_CAN1_TX_IRQHandler</a> from startup_stm32f10x_md.o(.text) referenced from startup_stm32f10x_md.o(RESET)
 <LI><a href="#[1e]">USB_LP_CAN1_RX0_IRQHandler</a> from startup_stm32f10x_md.o(.text) referenced from startup_stm32f10x_md.o(RESET)
 <LI><a href="#[5]">UsageFault_Handler</a> from stm32f10x_it.o(.text) referenced from startup_stm32f10x_md.o(RESET)
 <LI><a href="#[a]">WWDG_IRQHandler</a> from startup_stm32f10x_md.o(.text) referenced from startup_stm32f10x_md.o(RESET)
 <LI><a href="#[37]">__main</a> from entry.o(.ARM.Collect$$$$00000000) referenced from startup_stm32f10x_md.o(.text)
 <LI><a href="#[38]">fputc</a> from usart2.o(.text) referenced from printf5.o(i.__0printf$5)
 <LI><a href="#[35]">main</a> from main.o(.text) referenced from entry9a.o(.ARM.Collect$$$$0000000B)
</UL>
<P>
<H3>
Global Symbols
</H3>
<P><STRONG><a name="[37]"></a>__main</STRONG> (Thumb, 0 bytes, Stack size unknown bytes, entry.o(.ARM.Collect$$$$00000000))
<BR>[Address Reference Count : 1]<UL><LI> startup_stm32f10x_md.o(.text)
</UL>
<P><STRONG><a name="[10c]"></a>_main_stk</STRONG> (Thumb, 0 bytes, Stack size unknown bytes, entry2.o(.ARM.Collect$$$$00000001))

<P><STRONG><a name="[91]"></a>_main_scatterload</STRONG> (Thumb, 0 bytes, Stack size unknown bytes, entry5.o(.ARM.Collect$$$$00000004))
<BR><BR>[Calls]<UL><LI><a href="#[92]">&gt;&gt;</a>&nbsp;&nbsp;&nbsp;__scatterload
</UL>

<P><STRONG><a name="[109]"></a>__main_after_scatterload</STRONG> (Thumb, 0 bytes, Stack size unknown bytes, entry5.o(.ARM.Collect$$$$00000004))
<BR><BR>[Called By]<UL><LI><a href="#[92]">&gt;&gt;</a>&nbsp;&nbsp;&nbsp;__scatterload
</UL>

<P><STRONG><a name="[10d]"></a>_main_clock</STRONG> (Thumb, 0 bytes, Stack size unknown bytes, entry7b.o(.ARM.Collect$$$$00000008))

<P><STRONG><a name="[10e]"></a>_main_cpp_init</STRONG> (Thumb, 0 bytes, Stack size unknown bytes, entry8b.o(.ARM.Collect$$$$0000000A))

<P><STRONG><a name="[10f]"></a>_main_init</STRONG> (Thumb, 0 bytes, Stack size unknown bytes, entry9a.o(.ARM.Collect$$$$0000000B))

<P><STRONG><a name="[110]"></a>__rt_final_cpp</STRONG> (Thumb, 0 bytes, Stack size unknown bytes, entry10a.o(.ARM.Collect$$$$0000000D))

<P><STRONG><a name="[111]"></a>__rt_final_exit</STRONG> (Thumb, 0 bytes, Stack size unknown bytes, entry11a.o(.ARM.Collect$$$$0000000F))

<P><STRONG><a name="[0]"></a>Reset_Handler</STRONG> (Thumb, 8 bytes, Stack size 0 bytes, startup_stm32f10x_md.o(.text))
<BR>[Address Reference Count : 1]<UL><LI> startup_stm32f10x_md.o(RESET)
</UL>
<P><STRONG><a name="[1c]"></a>ADC1_2_IRQHandler</STRONG> (Thumb, 0 bytes, Stack size 0 bytes, startup_stm32f10x_md.o(.text))
<BR><BR>[Calls]<UL><LI><a href="#[1c]">&gt;&gt;</a>&nbsp;&nbsp;&nbsp;ADC1_2_IRQHandler
</UL>
<BR>[Called By]<UL><LI><a href="#[1c]">&gt;&gt;</a>&nbsp;&nbsp;&nbsp;ADC1_2_IRQHandler
</UL>
<BR>[Address Reference Count : 1]<UL><LI> startup_stm32f10x_md.o(RESET)
</UL>
<P><STRONG><a name="[1f]"></a>CAN1_RX1_IRQHandler</STRONG> (Thumb, 0 bytes, Stack size 0 bytes, startup_stm32f10x_md.o(.text))
<BR>[Address Reference Count : 1]<UL><LI> startup_stm32f10x_md.o(RESET)
</UL>
<P><STRONG><a name="[20]"></a>CAN1_SCE_IRQHandler</STRONG> (Thumb, 0 bytes, Stack size 0 bytes, startup_stm32f10x_md.o(.text))
<BR>[Address Reference Count : 1]<UL><LI> startup_stm32f10x_md.o(RESET)
</UL>
<P><STRONG><a name="[15]"></a>DMA1_Channel1_IRQHandler</STRONG> (Thumb, 0 bytes, Stack size 0 bytes, startup_stm32f10x_md.o(.text))
<BR>[Address Reference Count : 1]<UL><LI> startup_stm32f10x_md.o(RESET)
</UL>
<P><STRONG><a name="[16]"></a>DMA1_Channel2_IRQHandler</STRONG> (Thumb, 0 bytes, Stack size 0 bytes, startup_stm32f10x_md.o(.text))
<BR>[Address Reference Count : 1]<UL><LI> startup_stm32f10x_md.o(RESET)
</UL>
<P><STRONG><a name="[17]"></a>DMA1_Channel3_IRQHandler</STRONG> (Thumb, 0 bytes, Stack size 0 bytes, startup_stm32f10x_md.o(.text))
<BR>[Address Reference Count : 1]<UL><LI> startup_stm32f10x_md.o(RESET)
</UL>
<P><STRONG><a name="[18]"></a>DMA1_Channel4_IRQHandler</STRONG> (Thumb, 0 bytes, Stack size 0 bytes, startup_stm32f10x_md.o(.text))
<BR>[Address Reference Count : 1]<UL><LI> startup_stm32f10x_md.o(RESET)
</UL>
<P><STRONG><a name="[19]"></a>DMA1_Channel5_IRQHandler</STRONG> (Thumb, 0 bytes, Stack size 0 bytes, startup_stm32f10x_md.o(.text))
<BR>[Address Reference Count : 1]<UL><LI> startup_stm32f10x_md.o(RESET)
</UL>
<P><STRONG><a name="[1a]"></a>DMA1_Channel6_IRQHandler</STRONG> (Thumb, 0 bytes, Stack size 0 bytes, startup_stm32f10x_md.o(.text))
<BR>[Address Reference Count : 1]<UL><LI> startup_stm32f10x_md.o(RESET)
</UL>
<P><STRONG><a name="[1b]"></a>DMA1_Channel7_IRQHandler</STRONG> (Thumb, 0 bytes, Stack size 0 bytes, startup_stm32f10x_md.o(.text))
<BR>[Address Reference Count : 1]<UL><LI> startup_stm32f10x_md.o(RESET)
</UL>
<P><STRONG><a name="[10]"></a>EXTI0_IRQHandler</STRONG> (Thumb, 0 bytes, Stack size 0 bytes, startup_stm32f10x_md.o(.text))
<BR>[Address Reference Count : 1]<UL><LI> startup_stm32f10x_md.o(RESET)
</UL>
<P><STRONG><a name="[11]"></a>EXTI1_IRQHandler</STRONG> (Thumb, 0 bytes, Stack size 0 bytes, startup_stm32f10x_md.o(.text))
<BR>[Address Reference Count : 1]<UL><LI> startup_stm32f10x_md.o(RESET)
</UL>
<P><STRONG><a name="[12]"></a>EXTI2_IRQHandler</STRONG> (Thumb, 0 bytes, Stack size 0 bytes, startup_stm32f10x_md.o(.text))
<BR>[Address Reference Count : 1]<UL><LI> startup_stm32f10x_md.o(RESET)
</UL>
<P><STRONG><a name="[13]"></a>EXTI3_IRQHandler</STRONG> (Thumb, 0 bytes, Stack size 0 bytes, startup_stm32f10x_md.o(.text))
<BR>[Address Reference Count : 1]<UL><LI> startup_stm32f10x_md.o(RESET)
</UL>
<P><STRONG><a name="[14]"></a>EXTI4_IRQHandler</STRONG> (Thumb, 0 bytes, Stack size 0 bytes, startup_stm32f10x_md.o(.text))
<BR>[Address Reference Count : 1]<UL><LI> startup_stm32f10x_md.o(RESET)
</UL>
<P><STRONG><a name="[21]"></a>EXTI9_5_IRQHandler</STRONG> (Thumb, 0 bytes, Stack size 0 bytes, startup_stm32f10x_md.o(.text))
<BR>[Address Reference Count : 1]<UL><LI> startup_stm32f10x_md.o(RESET)
</UL>
<P><STRONG><a name="[e]"></a>FLASH_IRQHandler</STRONG> (Thumb, 0 bytes, Stack size 0 bytes, startup_stm32f10x_md.o(.text))
<BR>[Address Reference Count : 1]<UL><LI> startup_stm32f10x_md.o(RESET)
</UL>
<P><STRONG><a name="[2a]"></a>I2C1_ER_IRQHandler</STRONG> (Thumb, 0 bytes, Stack size 0 bytes, startup_stm32f10x_md.o(.text))
<BR>[Address Reference Count : 1]<UL><LI> startup_stm32f10x_md.o(RESET)
</UL>
<P><STRONG><a name="[29]"></a>I2C1_EV_IRQHandler</STRONG> (Thumb, 0 bytes, Stack size 0 bytes, startup_stm32f10x_md.o(.text))
<BR>[Address Reference Count : 1]<UL><LI> startup_stm32f10x_md.o(RESET)
</UL>
<P><STRONG><a name="[2c]"></a>I2C2_ER_IRQHandler</STRONG> (Thumb, 0 bytes, Stack size 0 bytes, startup_stm32f10x_md.o(.text))
<BR>[Address Reference Count : 1]<UL><LI> startup_stm32f10x_md.o(RESET)
</UL>
<P><STRONG><a name="[2b]"></a>I2C2_EV_IRQHandler</STRONG> (Thumb, 0 bytes, Stack size 0 bytes, startup_stm32f10x_md.o(.text))
<BR>[Address Reference Count : 1]<UL><LI> startup_stm32f10x_md.o(RESET)
</UL>
<P><STRONG><a name="[b]"></a>PVD_IRQHandler</STRONG> (Thumb, 0 bytes, Stack size 0 bytes, startup_stm32f10x_md.o(.text))
<BR>[Address Reference Count : 1]<UL><LI> startup_stm32f10x_md.o(RESET)
</UL>
<P><STRONG><a name="[f]"></a>RCC_IRQHandler</STRONG> (Thumb, 0 bytes, Stack size 0 bytes, startup_stm32f10x_md.o(.text))
<BR>[Address Reference Count : 1]<UL><LI> startup_stm32f10x_md.o(RESET)
</UL>
<P><STRONG><a name="[33]"></a>RTCAlarm_IRQHandler</STRONG> (Thumb, 0 bytes, Stack size 0 bytes, startup_stm32f10x_md.o(.text))
<BR>[Address Reference Count : 1]<UL><LI> startup_stm32f10x_md.o(RESET)
</UL>
<P><STRONG><a name="[d]"></a>RTC_IRQHandler</STRONG> (Thumb, 0 bytes, Stack size 0 bytes, startup_stm32f10x_md.o(.text))
<BR>[Address Reference Count : 1]<UL><LI> startup_stm32f10x_md.o(RESET)
</UL>
<P><STRONG><a name="[2d]"></a>SPI1_IRQHandler</STRONG> (Thumb, 0 bytes, Stack size 0 bytes, startup_stm32f10x_md.o(.text))
<BR>[Address Reference Count : 1]<UL><LI> startup_stm32f10x_md.o(RESET)
</UL>
<P><STRONG><a name="[2e]"></a>SPI2_IRQHandler</STRONG> (Thumb, 0 bytes, Stack size 0 bytes, startup_stm32f10x_md.o(.text))
<BR>[Address Reference Count : 1]<UL><LI> startup_stm32f10x_md.o(RESET)
</UL>
<P><STRONG><a name="[c]"></a>TAMPER_IRQHandler</STRONG> (Thumb, 0 bytes, Stack size 0 bytes, startup_stm32f10x_md.o(.text))
<BR>[Address Reference Count : 1]<UL><LI> startup_stm32f10x_md.o(RESET)
</UL>
<P><STRONG><a name="[22]"></a>TIM1_BRK_IRQHandler</STRONG> (Thumb, 0 bytes, Stack size 0 bytes, startup_stm32f10x_md.o(.text))
<BR>[Address Reference Count : 1]<UL><LI> startup_stm32f10x_md.o(RESET)
</UL>
<P><STRONG><a name="[25]"></a>TIM1_CC_IRQHandler</STRONG> (Thumb, 0 bytes, Stack size 0 bytes, startup_stm32f10x_md.o(.text))
<BR>[Address Reference Count : 1]<UL><LI> startup_stm32f10x_md.o(RESET)
</UL>
<P><STRONG><a name="[24]"></a>TIM1_TRG_COM_IRQHandler</STRONG> (Thumb, 0 bytes, Stack size 0 bytes, startup_stm32f10x_md.o(.text))
<BR>[Address Reference Count : 1]<UL><LI> startup_stm32f10x_md.o(RESET)
</UL>
<P><STRONG><a name="[23]"></a>TIM1_UP_IRQHandler</STRONG> (Thumb, 0 bytes, Stack size 0 bytes, startup_stm32f10x_md.o(.text))
<BR>[Address Reference Count : 1]<UL><LI> startup_stm32f10x_md.o(RESET)
</UL>
<P><STRONG><a name="[26]"></a>TIM2_IRQHandler</STRONG> (Thumb, 0 bytes, Stack size 0 bytes, startup_stm32f10x_md.o(.text))
<BR>[Address Reference Count : 1]<UL><LI> startup_stm32f10x_md.o(RESET)
</UL>
<P><STRONG><a name="[27]"></a>TIM3_IRQHandler</STRONG> (Thumb, 0 bytes, Stack size 0 bytes, startup_stm32f10x_md.o(.text))
<BR>[Address Reference Count : 1]<UL><LI> startup_stm32f10x_md.o(RESET)
</UL>
<P><STRONG><a name="[28]"></a>TIM4_IRQHandler</STRONG> (Thumb, 0 bytes, Stack size 0 bytes, startup_stm32f10x_md.o(.text))
<BR>[Address Reference Count : 1]<UL><LI> startup_stm32f10x_md.o(RESET)
</UL>
<P><STRONG><a name="[31]"></a>USART3_IRQHandler</STRONG> (Thumb, 0 bytes, Stack size 0 bytes, startup_stm32f10x_md.o(.text))
<BR>[Address Reference Count : 1]<UL><LI> startup_stm32f10x_md.o(RESET)
</UL>
<P><STRONG><a name="[34]"></a>USBWakeUp_IRQHandler</STRONG> (Thumb, 0 bytes, Stack size 0 bytes, startup_stm32f10x_md.o(.text))
<BR>[Address Reference Count : 1]<UL><LI> startup_stm32f10x_md.o(RESET)
</UL>
<P><STRONG><a name="[1d]"></a>USB_HP_CAN1_TX_IRQHandler</STRONG> (Thumb, 0 bytes, Stack size 0 bytes, startup_stm32f10x_md.o(.text))
<BR>[Address Reference Count : 1]<UL><LI> startup_stm32f10x_md.o(RESET)
</UL>
<P><STRONG><a name="[1e]"></a>USB_LP_CAN1_RX0_IRQHandler</STRONG> (Thumb, 0 bytes, Stack size 0 bytes, startup_stm32f10x_md.o(.text))
<BR>[Address Reference Count : 1]<UL><LI> startup_stm32f10x_md.o(RESET)
</UL>
<P><STRONG><a name="[a]"></a>WWDG_IRQHandler</STRONG> (Thumb, 0 bytes, Stack size 0 bytes, startup_stm32f10x_md.o(.text))
<BR>[Address Reference Count : 1]<UL><LI> startup_stm32f10x_md.o(RESET)
</UL>
<P><STRONG><a name="[35]"></a>main</STRONG> (Thumb, 90 bytes, Stack size 0 bytes, main.o(.text))
<BR><BR>[Stack]<UL><LI>Max Depth = 96<LI>Call Chain = main &rArr; GD5800_USART1_Config &rArr; USART_Init &rArr; RCC_GetClocksFreq
</UL>
<BR>[Calls]<UL><LI><a href="#[9b]">&gt;&gt;</a>&nbsp;&nbsp;&nbsp;Tm1629_GPIO_Config
<LI><a href="#[9c]">&gt;&gt;</a>&nbsp;&nbsp;&nbsp;Tm1629_Display
<LI><a href="#[95]">&gt;&gt;</a>&nbsp;&nbsp;&nbsp;SysTick_Configuration
<LI><a href="#[94]">&gt;&gt;</a>&nbsp;&nbsp;&nbsp;Set_System_Clock
<LI><a href="#[9a]">&gt;&gt;</a>&nbsp;&nbsp;&nbsp;RF_Config
<LI><a href="#[93]">&gt;&gt;</a>&nbsp;&nbsp;&nbsp;NVIC_PriorityGroupConfig
<LI><a href="#[a0]">&gt;&gt;</a>&nbsp;&nbsp;&nbsp;Key_Process
<LI><a href="#[9e]">&gt;&gt;</a>&nbsp;&nbsp;&nbsp;Key_IO_Init
<LI><a href="#[9d]">&gt;&gt;</a>&nbsp;&nbsp;&nbsp;I2C_IO_Init
<LI><a href="#[98]">&gt;&gt;</a>&nbsp;&nbsp;&nbsp;GD5800_USART1_Config
<LI><a href="#[99]">&gt;&gt;</a>&nbsp;&nbsp;&nbsp;GD5800_NVIC_Configuration
<LI><a href="#[96]">&gt;&gt;</a>&nbsp;&nbsp;&nbsp;CH340_USART2_Config
<LI><a href="#[97]">&gt;&gt;</a>&nbsp;&nbsp;&nbsp;CH340_NVIC_Configuration
<LI><a href="#[9f]">&gt;&gt;</a>&nbsp;&nbsp;&nbsp;__2printf
</UL>
<BR>[Address Reference Count : 1]<UL><LI> entry9a.o(.ARM.Collect$$$$0000000B)
</UL>
<P><STRONG><a name="[1]"></a>NMI_Handler</STRONG> (Thumb, 2 bytes, Stack size 0 bytes, stm32f10x_it.o(.text))
<BR>[Address Reference Count : 1]<UL><LI> startup_stm32f10x_md.o(RESET)
</UL>
<P><STRONG><a name="[2]"></a>HardFault_Handler</STRONG> (Thumb, 4 bytes, Stack size 0 bytes, stm32f10x_it.o(.text))
<BR>[Address Reference Count : 1]<UL><LI> startup_stm32f10x_md.o(RESET)
</UL>
<P><STRONG><a name="[3]"></a>MemManage_Handler</STRONG> (Thumb, 4 bytes, Stack size 0 bytes, stm32f10x_it.o(.text))
<BR>[Address Reference Count : 1]<UL><LI> startup_stm32f10x_md.o(RESET)
</UL>
<P><STRONG><a name="[4]"></a>BusFault_Handler</STRONG> (Thumb, 4 bytes, Stack size 0 bytes, stm32f10x_it.o(.text))
<BR>[Address Reference Count : 1]<UL><LI> startup_stm32f10x_md.o(RESET)
</UL>
<P><STRONG><a name="[5]"></a>UsageFault_Handler</STRONG> (Thumb, 4 bytes, Stack size 0 bytes, stm32f10x_it.o(.text))
<BR>[Address Reference Count : 1]<UL><LI> startup_stm32f10x_md.o(RESET)
</UL>
<P><STRONG><a name="[7]"></a>DebugMon_Handler</STRONG> (Thumb, 2 bytes, Stack size 0 bytes, stm32f10x_it.o(.text))
<BR>[Address Reference Count : 1]<UL><LI> startup_stm32f10x_md.o(RESET)
</UL>
<P><STRONG><a name="[6]"></a>SVC_Handler</STRONG> (Thumb, 2 bytes, Stack size 0 bytes, stm32f10x_it.o(.text))
<BR>[Address Reference Count : 1]<UL><LI> startup_stm32f10x_md.o(RESET)
</UL>
<P><STRONG><a name="[8]"></a>PendSV_Handler</STRONG> (Thumb, 2 bytes, Stack size 0 bytes, stm32f10x_it.o(.text))
<BR>[Address Reference Count : 1]<UL><LI> startup_stm32f10x_md.o(RESET)
</UL>
<P><STRONG><a name="[9]"></a>SysTick_Handler</STRONG> (Thumb, 42 bytes, Stack size 0 bytes, stm32f10x_it.o(.text))
<BR>[Address Reference Count : 1]<UL><LI> startup_stm32f10x_md.o(RESET)
</UL>
<P><STRONG><a name="[94]"></a>Set_System_Clock</STRONG> (Thumb, 114 bytes, Stack size 8 bytes, set_system_clock.o(.text))
<BR><BR>[Stack]<UL><LI>Max Depth = 28<LI>Call Chain = Set_System_Clock &rArr; GPIO_PinRemapConfig
</UL>
<BR>[Calls]<UL><LI><a href="#[a9]">&gt;&gt;</a>&nbsp;&nbsp;&nbsp;RCC_SYSCLKConfig
<LI><a href="#[a4]">&gt;&gt;</a>&nbsp;&nbsp;&nbsp;RCC_PLLConfig
<LI><a href="#[a8]">&gt;&gt;</a>&nbsp;&nbsp;&nbsp;RCC_PLLCmd
<LI><a href="#[a7]">&gt;&gt;</a>&nbsp;&nbsp;&nbsp;RCC_PCLK2Config
<LI><a href="#[a6]">&gt;&gt;</a>&nbsp;&nbsp;&nbsp;RCC_PCLK1Config
<LI><a href="#[a2]">&gt;&gt;</a>&nbsp;&nbsp;&nbsp;RCC_HSICmd
<LI><a href="#[a5]">&gt;&gt;</a>&nbsp;&nbsp;&nbsp;RCC_HCLKConfig
<LI><a href="#[aa]">&gt;&gt;</a>&nbsp;&nbsp;&nbsp;RCC_GetSYSCLKSource
<LI><a href="#[a3]">&gt;&gt;</a>&nbsp;&nbsp;&nbsp;RCC_GetFlagStatus
<LI><a href="#[a1]">&gt;&gt;</a>&nbsp;&nbsp;&nbsp;RCC_DeInit
<LI><a href="#[ab]">&gt;&gt;</a>&nbsp;&nbsp;&nbsp;RCC_APB2PeriphClockCmd
<LI><a href="#[ac]">&gt;&gt;</a>&nbsp;&nbsp;&nbsp;GPIO_PinRemapConfig
</UL>
<BR>[Called By]<UL><LI><a href="#[35]">&gt;&gt;</a>&nbsp;&nbsp;&nbsp;main
</UL>

<P><STRONG><a name="[95]"></a>SysTick_Configuration</STRONG> (Thumb, 74 bytes, Stack size 8 bytes, set_system_clock.o(.text))
<BR><BR>[Stack]<UL><LI>Max Depth = 16<LI>Call Chain = SysTick_Configuration &rArr; NVIC_SetPriority
</UL>
<BR>[Calls]<UL><LI><a href="#[ad]">&gt;&gt;</a>&nbsp;&nbsp;&nbsp;NVIC_SetPriority
</UL>
<BR>[Called By]<UL><LI><a href="#[35]">&gt;&gt;</a>&nbsp;&nbsp;&nbsp;main
</UL>

<P><STRONG><a name="[96]"></a>CH340_USART2_Config</STRONG> (Thumb, 130 bytes, Stack size 24 bytes, usart2.o(.text))
<BR><BR>[Stack]<UL><LI>Max Depth = 96<LI>Call Chain = CH340_USART2_Config &rArr; USART_Init &rArr; RCC_GetClocksFreq
</UL>
<BR>[Calls]<UL><LI><a href="#[b0]">&gt;&gt;</a>&nbsp;&nbsp;&nbsp;USART_Init
<LI><a href="#[b1]">&gt;&gt;</a>&nbsp;&nbsp;&nbsp;USART_ITConfig
<LI><a href="#[b2]">&gt;&gt;</a>&nbsp;&nbsp;&nbsp;USART_Cmd
<LI><a href="#[ae]">&gt;&gt;</a>&nbsp;&nbsp;&nbsp;RCC_APB1PeriphClockCmd
<LI><a href="#[af]">&gt;&gt;</a>&nbsp;&nbsp;&nbsp;GPIO_Init
<LI><a href="#[ab]">&gt;&gt;</a>&nbsp;&nbsp;&nbsp;RCC_APB2PeriphClockCmd
</UL>
<BR>[Called By]<UL><LI><a href="#[35]">&gt;&gt;</a>&nbsp;&nbsp;&nbsp;main
</UL>

<P><STRONG><a name="[97]"></a>CH340_NVIC_Configuration</STRONG> (Thumb, 34 bytes, Stack size 8 bytes, usart2.o(.text))
<BR><BR>[Stack]<UL><LI>Max Depth = 24<LI>Call Chain = CH340_NVIC_Configuration &rArr; NVIC_Init
</UL>
<BR>[Calls]<UL><LI><a href="#[b3]">&gt;&gt;</a>&nbsp;&nbsp;&nbsp;NVIC_Init
</UL>
<BR>[Called By]<UL><LI><a href="#[35]">&gt;&gt;</a>&nbsp;&nbsp;&nbsp;main
</UL>

<P><STRONG><a name="[38]"></a>fputc</STRONG> (Thumb, 30 bytes, Stack size 16 bytes, usart2.o(.text))
<BR><BR>[Stack]<UL><LI>Max Depth = 16<LI>Call Chain = fputc
</UL>
<BR>[Calls]<UL><LI><a href="#[b4]">&gt;&gt;</a>&nbsp;&nbsp;&nbsp;USART_SendData
</UL>
<BR>[Address Reference Count : 1]<UL><LI> printf5.o(i.__0printf$5)
</UL>
<P><STRONG><a name="[b5]"></a>USART2_SendByte</STRONG> (Thumb, 14 bytes, Stack size 8 bytes, usart2.o(.text), UNUSED)
<BR><BR>[Calls]<UL><LI><a href="#[9f]">&gt;&gt;</a>&nbsp;&nbsp;&nbsp;__2printf
</UL>

<P><STRONG><a name="[30]"></a>USART2_IRQHandler</STRONG> (Thumb, 14 bytes, Stack size 8 bytes, usart2.o(.text))
<BR><BR>[Stack]<UL><LI>Max Depth = 24<LI>Call Chain = USART2_IRQHandler &rArr; USART_GetITStatus
</UL>
<BR>[Calls]<UL><LI><a href="#[b6]">&gt;&gt;</a>&nbsp;&nbsp;&nbsp;USART_GetITStatus
</UL>
<BR>[Address Reference Count : 1]<UL><LI> startup_stm32f10x_md.o(RESET)
</UL>
<P><STRONG><a name="[98]"></a>GD5800_USART1_Config</STRONG> (Thumb, 126 bytes, Stack size 24 bytes, usart1.o(.text))
<BR><BR>[Stack]<UL><LI>Max Depth = 96<LI>Call Chain = GD5800_USART1_Config &rArr; USART_Init &rArr; RCC_GetClocksFreq
</UL>
<BR>[Calls]<UL><LI><a href="#[b0]">&gt;&gt;</a>&nbsp;&nbsp;&nbsp;USART_Init
<LI><a href="#[b1]">&gt;&gt;</a>&nbsp;&nbsp;&nbsp;USART_ITConfig
<LI><a href="#[b2]">&gt;&gt;</a>&nbsp;&nbsp;&nbsp;USART_Cmd
<LI><a href="#[af]">&gt;&gt;</a>&nbsp;&nbsp;&nbsp;GPIO_Init
<LI><a href="#[ab]">&gt;&gt;</a>&nbsp;&nbsp;&nbsp;RCC_APB2PeriphClockCmd
</UL>
<BR>[Called By]<UL><LI><a href="#[35]">&gt;&gt;</a>&nbsp;&nbsp;&nbsp;main
</UL>

<P><STRONG><a name="[99]"></a>GD5800_NVIC_Configuration</STRONG> (Thumb, 34 bytes, Stack size 8 bytes, usart1.o(.text))
<BR><BR>[Stack]<UL><LI>Max Depth = 24<LI>Call Chain = GD5800_NVIC_Configuration &rArr; NVIC_Init
</UL>
<BR>[Calls]<UL><LI><a href="#[b3]">&gt;&gt;</a>&nbsp;&nbsp;&nbsp;NVIC_Init
</UL>
<BR>[Called By]<UL><LI><a href="#[35]">&gt;&gt;</a>&nbsp;&nbsp;&nbsp;main
</UL>

<P><STRONG><a name="[b7]"></a>USART1_SendByte</STRONG> (Thumb, 26 bytes, Stack size 8 bytes, usart1.o(.text), UNUSED)
<BR><BR>[Calls]<UL><LI><a href="#[b4]">&gt;&gt;</a>&nbsp;&nbsp;&nbsp;USART_SendData
</UL>

<P><STRONG><a name="[2f]"></a>USART1_IRQHandler</STRONG> (Thumb, 14 bytes, Stack size 8 bytes, usart1.o(.text))
<BR><BR>[Stack]<UL><LI>Max Depth = 24<LI>Call Chain = USART1_IRQHandler &rArr; USART_GetITStatus
</UL>
<BR>[Calls]<UL><LI><a href="#[b6]">&gt;&gt;</a>&nbsp;&nbsp;&nbsp;USART_GetITStatus
</UL>
<BR>[Address Reference Count : 1]<UL><LI> startup_stm32f10x_md.o(RESET)
</UL>
<P><STRONG><a name="[32]"></a>EXTI15_10_IRQHandler</STRONG> (Thumb, 212 bytes, Stack size 16 bytes, rf.o(.text))
<BR><BR>[Stack]<UL><LI>Max Depth = 16<LI>Call Chain = EXTI15_10_IRQHandler
</UL>
<BR>[Calls]<UL><LI><a href="#[b8]">&gt;&gt;</a>&nbsp;&nbsp;&nbsp;EXTI_ClearITPendingBit
</UL>
<BR>[Address Reference Count : 1]<UL><LI> startup_stm32f10x_md.o(RESET)
</UL>
<P><STRONG><a name="[9a]"></a>RF_Config</STRONG> (Thumb, 150 bytes, Stack size 32 bytes, rf.o(.text))
<BR><BR>[Stack]<UL><LI>Max Depth = 64<LI>Call Chain = RF_Config &rArr; RF_IO_Init &rArr; GPIO_Init
</UL>
<BR>[Calls]<UL><LI><a href="#[bc]">&gt;&gt;</a>&nbsp;&nbsp;&nbsp;TIM_TimeBaseInit
<LI><a href="#[bd]">&gt;&gt;</a>&nbsp;&nbsp;&nbsp;TIM_Cmd
<LI><a href="#[ba]">&gt;&gt;</a>&nbsp;&nbsp;&nbsp;GPIO_EXTILineConfig
<LI><a href="#[bb]">&gt;&gt;</a>&nbsp;&nbsp;&nbsp;EXTI_Init
<LI><a href="#[b9]">&gt;&gt;</a>&nbsp;&nbsp;&nbsp;RF_IO_Init
<LI><a href="#[ae]">&gt;&gt;</a>&nbsp;&nbsp;&nbsp;RCC_APB1PeriphClockCmd
<LI><a href="#[b3]">&gt;&gt;</a>&nbsp;&nbsp;&nbsp;NVIC_Init
<LI><a href="#[ab]">&gt;&gt;</a>&nbsp;&nbsp;&nbsp;RCC_APB2PeriphClockCmd
</UL>
<BR>[Called By]<UL><LI><a href="#[35]">&gt;&gt;</a>&nbsp;&nbsp;&nbsp;main
</UL>

<P><STRONG><a name="[bf]"></a>Delayus</STRONG> (Thumb, 26 bytes, Stack size 0 bytes, tm1629.o(.text))
<BR><BR>[Called By]<UL><LI><a href="#[c3]">&gt;&gt;</a>&nbsp;&nbsp;&nbsp;ReadDataFrom1629_1
<LI><a href="#[c5]">&gt;&gt;</a>&nbsp;&nbsp;&nbsp;SendCommandTo1629_3
<LI><a href="#[c4]">&gt;&gt;</a>&nbsp;&nbsp;&nbsp;SendCommandTo1629_2
<LI><a href="#[c2]">&gt;&gt;</a>&nbsp;&nbsp;&nbsp;SendCommandTo1629_1
<LI><a href="#[c1]">&gt;&gt;</a>&nbsp;&nbsp;&nbsp;WriteDataTo1629_3
<LI><a href="#[c0]">&gt;&gt;</a>&nbsp;&nbsp;&nbsp;WriteDataTo1629_2
<LI><a href="#[be]">&gt;&gt;</a>&nbsp;&nbsp;&nbsp;WriteDataTo1629_1
</UL>

<P><STRONG><a name="[9b]"></a>Tm1629_GPIO_Config</STRONG> (Thumb, 60 bytes, Stack size 8 bytes, tm1629.o(.text))
<BR><BR>[Stack]<UL><LI>Max Depth = 32<LI>Call Chain = Tm1629_GPIO_Config &rArr; GPIO_Init
</UL>
<BR>[Calls]<UL><LI><a href="#[af]">&gt;&gt;</a>&nbsp;&nbsp;&nbsp;GPIO_Init
<LI><a href="#[ab]">&gt;&gt;</a>&nbsp;&nbsp;&nbsp;RCC_APB2PeriphClockCmd
</UL>
<BR>[Called By]<UL><LI><a href="#[35]">&gt;&gt;</a>&nbsp;&nbsp;&nbsp;main
</UL>

<P><STRONG><a name="[c3]"></a>ReadDataFrom1629_1</STRONG> (Thumb, 470 bytes, Stack size 24 bytes, tm1629.o(.text), UNUSED)
<BR><BR>[Calls]<UL><LI><a href="#[bf]">&gt;&gt;</a>&nbsp;&nbsp;&nbsp;Delayus
<LI><a href="#[c2]">&gt;&gt;</a>&nbsp;&nbsp;&nbsp;SendCommandTo1629_1
</UL>

<P><STRONG><a name="[9c]"></a>Tm1629_Display</STRONG> (Thumb, 212 bytes, Stack size 8 bytes, tm1629.o(.text))
<BR><BR>[Stack]<UL><LI>Max Depth = 28<LI>Call Chain = Tm1629_Display &rArr; SendCommandTo1629_3 &rArr; WriteDataTo1629_3
</UL>
<BR>[Calls]<UL><LI><a href="#[c5]">&gt;&gt;</a>&nbsp;&nbsp;&nbsp;SendCommandTo1629_3
<LI><a href="#[c4]">&gt;&gt;</a>&nbsp;&nbsp;&nbsp;SendCommandTo1629_2
<LI><a href="#[c2]">&gt;&gt;</a>&nbsp;&nbsp;&nbsp;SendCommandTo1629_1
<LI><a href="#[c1]">&gt;&gt;</a>&nbsp;&nbsp;&nbsp;WriteDataTo1629_3
<LI><a href="#[c0]">&gt;&gt;</a>&nbsp;&nbsp;&nbsp;WriteDataTo1629_2
<LI><a href="#[be]">&gt;&gt;</a>&nbsp;&nbsp;&nbsp;WriteDataTo1629_1
</UL>
<BR>[Called By]<UL><LI><a href="#[39]">&gt;&gt;</a>&nbsp;&nbsp;&nbsp;Menu_Standby
<LI><a href="#[d7]">&gt;&gt;</a>&nbsp;&nbsp;&nbsp;Tm1629_Blink_Four_Position
<LI><a href="#[d6]">&gt;&gt;</a>&nbsp;&nbsp;&nbsp;Tm1629_Blink_Three_Position
<LI><a href="#[d5]">&gt;&gt;</a>&nbsp;&nbsp;&nbsp;Tm1629_Blink_Two_Position
<LI><a href="#[d4]">&gt;&gt;</a>&nbsp;&nbsp;&nbsp;Tm1629_Blink_One_Position
<LI><a href="#[d3]">&gt;&gt;</a>&nbsp;&nbsp;&nbsp;Tm1629_Show_One_Number
<LI><a href="#[d2]">&gt;&gt;</a>&nbsp;&nbsp;&nbsp;Tm1629_Show_Two_Number
<LI><a href="#[d1]">&gt;&gt;</a>&nbsp;&nbsp;&nbsp;Tm1629_Show_Four_Number
<LI><a href="#[d0]">&gt;&gt;</a>&nbsp;&nbsp;&nbsp;Tm1629_Blink_Time_Week
<LI><a href="#[cf]">&gt;&gt;</a>&nbsp;&nbsp;&nbsp;Tm1629_Blink_Time_Year
<LI><a href="#[ce]">&gt;&gt;</a>&nbsp;&nbsp;&nbsp;Tm1629_Blink_Time_Month
<LI><a href="#[cd]">&gt;&gt;</a>&nbsp;&nbsp;&nbsp;Tm1629_Blink_Time_Day
<LI><a href="#[cc]">&gt;&gt;</a>&nbsp;&nbsp;&nbsp;Tm1629_Blink_Time_Hour
<LI><a href="#[cb]">&gt;&gt;</a>&nbsp;&nbsp;&nbsp;Tm1629_Blink_Time_Minute
<LI><a href="#[ca]">&gt;&gt;</a>&nbsp;&nbsp;&nbsp;Tm1629_Show_Time
<LI><a href="#[c9]">&gt;&gt;</a>&nbsp;&nbsp;&nbsp;Tm1629_Show_Ex
<LI><a href="#[c8]">&gt;&gt;</a>&nbsp;&nbsp;&nbsp;Tm1629_Show_Fx
<LI><a href="#[35]">&gt;&gt;</a>&nbsp;&nbsp;&nbsp;main
</UL>

<P><STRONG><a name="[c6]"></a>Tm1629_Clear</STRONG> (Thumb, 12 bytes, Stack size 8 bytes, tm1629.o(.text))
<BR><BR>[Stack]<UL><LI>Max Depth = 8<LI>Call Chain = Tm1629_Clear
</UL>
<BR>[Calls]<UL><LI><a href="#[c7]">&gt;&gt;</a>&nbsp;&nbsp;&nbsp;__aeabi_memclr
</UL>
<BR>[Called By]<UL><LI><a href="#[39]">&gt;&gt;</a>&nbsp;&nbsp;&nbsp;Menu_Standby
<LI><a href="#[d3]">&gt;&gt;</a>&nbsp;&nbsp;&nbsp;Tm1629_Show_One_Number
<LI><a href="#[d2]">&gt;&gt;</a>&nbsp;&nbsp;&nbsp;Tm1629_Show_Two_Number
<LI><a href="#[d1]">&gt;&gt;</a>&nbsp;&nbsp;&nbsp;Tm1629_Show_Four_Number
<LI><a href="#[ca]">&gt;&gt;</a>&nbsp;&nbsp;&nbsp;Tm1629_Show_Time
<LI><a href="#[c9]">&gt;&gt;</a>&nbsp;&nbsp;&nbsp;Tm1629_Show_Ex
<LI><a href="#[c8]">&gt;&gt;</a>&nbsp;&nbsp;&nbsp;Tm1629_Show_Fx
</UL>

<P><STRONG><a name="[c8]"></a>Tm1629_Show_Fx</STRONG> (Thumb, 28 bytes, Stack size 8 bytes, tm1629.o(.text))
<BR><BR>[Stack]<UL><LI>Max Depth = 36<LI>Call Chain = Tm1629_Show_Fx &rArr; Tm1629_Display &rArr; SendCommandTo1629_3 &rArr; WriteDataTo1629_3
</UL>
<BR>[Calls]<UL><LI><a href="#[c6]">&gt;&gt;</a>&nbsp;&nbsp;&nbsp;Tm1629_Clear
<LI><a href="#[9c]">&gt;&gt;</a>&nbsp;&nbsp;&nbsp;Tm1629_Display
</UL>
<BR>[Called By]<UL><LI><a href="#[48]">&gt;&gt;</a>&nbsp;&nbsp;&nbsp;Menu_FE
<LI><a href="#[47]">&gt;&gt;</a>&nbsp;&nbsp;&nbsp;Menu_FD
<LI><a href="#[46]">&gt;&gt;</a>&nbsp;&nbsp;&nbsp;Menu_FC
<LI><a href="#[45]">&gt;&gt;</a>&nbsp;&nbsp;&nbsp;Menu_FB
<LI><a href="#[44]">&gt;&gt;</a>&nbsp;&nbsp;&nbsp;Menu_FA
<LI><a href="#[43]">&gt;&gt;</a>&nbsp;&nbsp;&nbsp;Menu_F9
<LI><a href="#[42]">&gt;&gt;</a>&nbsp;&nbsp;&nbsp;Menu_F8
<LI><a href="#[41]">&gt;&gt;</a>&nbsp;&nbsp;&nbsp;Menu_F7
<LI><a href="#[40]">&gt;&gt;</a>&nbsp;&nbsp;&nbsp;Menu_F6
<LI><a href="#[3f]">&gt;&gt;</a>&nbsp;&nbsp;&nbsp;Menu_F5
<LI><a href="#[3e]">&gt;&gt;</a>&nbsp;&nbsp;&nbsp;Menu_F4
<LI><a href="#[3d]">&gt;&gt;</a>&nbsp;&nbsp;&nbsp;Menu_F3
<LI><a href="#[3c]">&gt;&gt;</a>&nbsp;&nbsp;&nbsp;Menu_F2
<LI><a href="#[3b]">&gt;&gt;</a>&nbsp;&nbsp;&nbsp;Menu_F1
<LI><a href="#[3a]">&gt;&gt;</a>&nbsp;&nbsp;&nbsp;Menu_F0
</UL>

<P><STRONG><a name="[c9]"></a>Tm1629_Show_Ex</STRONG> (Thumb, 28 bytes, Stack size 8 bytes, tm1629.o(.text))
<BR><BR>[Stack]<UL><LI>Max Depth = 36<LI>Call Chain = Tm1629_Show_Ex &rArr; Tm1629_Display &rArr; SendCommandTo1629_3 &rArr; WriteDataTo1629_3
</UL>
<BR>[Calls]<UL><LI><a href="#[c6]">&gt;&gt;</a>&nbsp;&nbsp;&nbsp;Tm1629_Clear
<LI><a href="#[9c]">&gt;&gt;</a>&nbsp;&nbsp;&nbsp;Tm1629_Display
</UL>
<BR>[Called By]<UL><LI><a href="#[70]">&gt;&gt;</a>&nbsp;&nbsp;&nbsp;Menu_FE_E2
<LI><a href="#[6f]">&gt;&gt;</a>&nbsp;&nbsp;&nbsp;Menu_FE_E1
<LI><a href="#[6a]">&gt;&gt;</a>&nbsp;&nbsp;&nbsp;Menu_F9_E2
<LI><a href="#[69]">&gt;&gt;</a>&nbsp;&nbsp;&nbsp;Menu_F9_E1
<LI><a href="#[68]">&gt;&gt;</a>&nbsp;&nbsp;&nbsp;Menu_F8_E2
<LI><a href="#[67]">&gt;&gt;</a>&nbsp;&nbsp;&nbsp;Menu_F8_E1
<LI><a href="#[66]">&gt;&gt;</a>&nbsp;&nbsp;&nbsp;Menu_F7_E4
<LI><a href="#[65]">&gt;&gt;</a>&nbsp;&nbsp;&nbsp;Menu_F7_E3
<LI><a href="#[64]">&gt;&gt;</a>&nbsp;&nbsp;&nbsp;Menu_F7_E2
<LI><a href="#[63]">&gt;&gt;</a>&nbsp;&nbsp;&nbsp;Menu_F7_E1
<LI><a href="#[62]">&gt;&gt;</a>&nbsp;&nbsp;&nbsp;Menu_F6_E8
<LI><a href="#[61]">&gt;&gt;</a>&nbsp;&nbsp;&nbsp;Menu_F6_E7
<LI><a href="#[60]">&gt;&gt;</a>&nbsp;&nbsp;&nbsp;Menu_F6_E6
<LI><a href="#[5f]">&gt;&gt;</a>&nbsp;&nbsp;&nbsp;Menu_F6_E5
<LI><a href="#[5e]">&gt;&gt;</a>&nbsp;&nbsp;&nbsp;Menu_F6_E4
<LI><a href="#[5d]">&gt;&gt;</a>&nbsp;&nbsp;&nbsp;Menu_F6_E3
<LI><a href="#[5c]">&gt;&gt;</a>&nbsp;&nbsp;&nbsp;Menu_F6_E2
<LI><a href="#[5b]">&gt;&gt;</a>&nbsp;&nbsp;&nbsp;Menu_F6_E1
<LI><a href="#[58]">&gt;&gt;</a>&nbsp;&nbsp;&nbsp;Menu_F3_E2
<LI><a href="#[57]">&gt;&gt;</a>&nbsp;&nbsp;&nbsp;Menu_F3_E1
<LI><a href="#[56]">&gt;&gt;</a>&nbsp;&nbsp;&nbsp;Menu_F2_E4
<LI><a href="#[55]">&gt;&gt;</a>&nbsp;&nbsp;&nbsp;Menu_F2_E3
<LI><a href="#[54]">&gt;&gt;</a>&nbsp;&nbsp;&nbsp;Menu_F2_E2
<LI><a href="#[53]">&gt;&gt;</a>&nbsp;&nbsp;&nbsp;Menu_F2_E1
<LI><a href="#[52]">&gt;&gt;</a>&nbsp;&nbsp;&nbsp;Menu_F1_E4
<LI><a href="#[51]">&gt;&gt;</a>&nbsp;&nbsp;&nbsp;Menu_F1_E3
<LI><a href="#[50]">&gt;&gt;</a>&nbsp;&nbsp;&nbsp;Menu_F1_E2
<LI><a href="#[4f]">&gt;&gt;</a>&nbsp;&nbsp;&nbsp;Menu_F1_E1
</UL>

<P><STRONG><a name="[ca]"></a>Tm1629_Show_Time</STRONG> (Thumb, 240 bytes, Stack size 8 bytes, tm1629.o(.text))
<BR><BR>[Stack]<UL><LI>Max Depth = 36<LI>Call Chain = Tm1629_Show_Time &rArr; Tm1629_Display &rArr; SendCommandTo1629_3 &rArr; WriteDataTo1629_3
</UL>
<BR>[Calls]<UL><LI><a href="#[c6]">&gt;&gt;</a>&nbsp;&nbsp;&nbsp;Tm1629_Clear
<LI><a href="#[9c]">&gt;&gt;</a>&nbsp;&nbsp;&nbsp;Tm1629_Display
</UL>
<BR>[Called By]<UL><LI><a href="#[4e]">&gt;&gt;</a>&nbsp;&nbsp;&nbsp;Menu_F0_Week
<LI><a href="#[4d]">&gt;&gt;</a>&nbsp;&nbsp;&nbsp;Menu_F0_Year
<LI><a href="#[4c]">&gt;&gt;</a>&nbsp;&nbsp;&nbsp;Menu_F0_Month
<LI><a href="#[4b]">&gt;&gt;</a>&nbsp;&nbsp;&nbsp;Menu_F0_Day
<LI><a href="#[4a]">&gt;&gt;</a>&nbsp;&nbsp;&nbsp;Menu_F0_Hour
<LI><a href="#[49]">&gt;&gt;</a>&nbsp;&nbsp;&nbsp;Menu_F0_Minute
<LI><a href="#[d0]">&gt;&gt;</a>&nbsp;&nbsp;&nbsp;Tm1629_Blink_Time_Week
<LI><a href="#[cf]">&gt;&gt;</a>&nbsp;&nbsp;&nbsp;Tm1629_Blink_Time_Year
<LI><a href="#[ce]">&gt;&gt;</a>&nbsp;&nbsp;&nbsp;Tm1629_Blink_Time_Month
<LI><a href="#[cd]">&gt;&gt;</a>&nbsp;&nbsp;&nbsp;Tm1629_Blink_Time_Day
<LI><a href="#[cc]">&gt;&gt;</a>&nbsp;&nbsp;&nbsp;Tm1629_Blink_Time_Hour
<LI><a href="#[cb]">&gt;&gt;</a>&nbsp;&nbsp;&nbsp;Tm1629_Blink_Time_Minute
</UL>

<P><STRONG><a name="[cb]"></a>Tm1629_Blink_Time_Minute</STRONG> (Thumb, 44 bytes, Stack size 8 bytes, tm1629.o(.text))
<BR><BR>[Stack]<UL><LI>Max Depth = 44<LI>Call Chain = Tm1629_Blink_Time_Minute &rArr; Tm1629_Show_Time &rArr; Tm1629_Display &rArr; SendCommandTo1629_3 &rArr; WriteDataTo1629_3
</UL>
<BR>[Calls]<UL><LI><a href="#[ca]">&gt;&gt;</a>&nbsp;&nbsp;&nbsp;Tm1629_Show_Time
<LI><a href="#[9c]">&gt;&gt;</a>&nbsp;&nbsp;&nbsp;Tm1629_Display
</UL>
<BR>[Called By]<UL><LI><a href="#[49]">&gt;&gt;</a>&nbsp;&nbsp;&nbsp;Menu_F0_Minute
</UL>

<P><STRONG><a name="[cc]"></a>Tm1629_Blink_Time_Hour</STRONG> (Thumb, 44 bytes, Stack size 8 bytes, tm1629.o(.text))
<BR><BR>[Stack]<UL><LI>Max Depth = 44<LI>Call Chain = Tm1629_Blink_Time_Hour &rArr; Tm1629_Show_Time &rArr; Tm1629_Display &rArr; SendCommandTo1629_3 &rArr; WriteDataTo1629_3
</UL>
<BR>[Calls]<UL><LI><a href="#[ca]">&gt;&gt;</a>&nbsp;&nbsp;&nbsp;Tm1629_Show_Time
<LI><a href="#[9c]">&gt;&gt;</a>&nbsp;&nbsp;&nbsp;Tm1629_Display
</UL>
<BR>[Called By]<UL><LI><a href="#[4a]">&gt;&gt;</a>&nbsp;&nbsp;&nbsp;Menu_F0_Hour
</UL>

<P><STRONG><a name="[cd]"></a>Tm1629_Blink_Time_Day</STRONG> (Thumb, 44 bytes, Stack size 8 bytes, tm1629.o(.text))
<BR><BR>[Stack]<UL><LI>Max Depth = 44<LI>Call Chain = Tm1629_Blink_Time_Day &rArr; Tm1629_Show_Time &rArr; Tm1629_Display &rArr; SendCommandTo1629_3 &rArr; WriteDataTo1629_3
</UL>
<BR>[Calls]<UL><LI><a href="#[ca]">&gt;&gt;</a>&nbsp;&nbsp;&nbsp;Tm1629_Show_Time
<LI><a href="#[9c]">&gt;&gt;</a>&nbsp;&nbsp;&nbsp;Tm1629_Display
</UL>
<BR>[Called By]<UL><LI><a href="#[4b]">&gt;&gt;</a>&nbsp;&nbsp;&nbsp;Menu_F0_Day
</UL>

<P><STRONG><a name="[ce]"></a>Tm1629_Blink_Time_Month</STRONG> (Thumb, 44 bytes, Stack size 8 bytes, tm1629.o(.text))
<BR><BR>[Stack]<UL><LI>Max Depth = 44<LI>Call Chain = Tm1629_Blink_Time_Month &rArr; Tm1629_Show_Time &rArr; Tm1629_Display &rArr; SendCommandTo1629_3 &rArr; WriteDataTo1629_3
</UL>
<BR>[Calls]<UL><LI><a href="#[ca]">&gt;&gt;</a>&nbsp;&nbsp;&nbsp;Tm1629_Show_Time
<LI><a href="#[9c]">&gt;&gt;</a>&nbsp;&nbsp;&nbsp;Tm1629_Display
</UL>
<BR>[Called By]<UL><LI><a href="#[4c]">&gt;&gt;</a>&nbsp;&nbsp;&nbsp;Menu_F0_Month
</UL>

<P><STRONG><a name="[cf]"></a>Tm1629_Blink_Time_Year</STRONG> (Thumb, 48 bytes, Stack size 8 bytes, tm1629.o(.text))
<BR><BR>[Stack]<UL><LI>Max Depth = 44<LI>Call Chain = Tm1629_Blink_Time_Year &rArr; Tm1629_Show_Time &rArr; Tm1629_Display &rArr; SendCommandTo1629_3 &rArr; WriteDataTo1629_3
</UL>
<BR>[Calls]<UL><LI><a href="#[ca]">&gt;&gt;</a>&nbsp;&nbsp;&nbsp;Tm1629_Show_Time
<LI><a href="#[9c]">&gt;&gt;</a>&nbsp;&nbsp;&nbsp;Tm1629_Display
</UL>
<BR>[Called By]<UL><LI><a href="#[4d]">&gt;&gt;</a>&nbsp;&nbsp;&nbsp;Menu_F0_Year
</UL>

<P><STRONG><a name="[d0]"></a>Tm1629_Blink_Time_Week</STRONG> (Thumb, 42 bytes, Stack size 8 bytes, tm1629.o(.text))
<BR><BR>[Stack]<UL><LI>Max Depth = 44<LI>Call Chain = Tm1629_Blink_Time_Week &rArr; Tm1629_Show_Time &rArr; Tm1629_Display &rArr; SendCommandTo1629_3 &rArr; WriteDataTo1629_3
</UL>
<BR>[Calls]<UL><LI><a href="#[ca]">&gt;&gt;</a>&nbsp;&nbsp;&nbsp;Tm1629_Show_Time
<LI><a href="#[9c]">&gt;&gt;</a>&nbsp;&nbsp;&nbsp;Tm1629_Display
</UL>
<BR>[Called By]<UL><LI><a href="#[4e]">&gt;&gt;</a>&nbsp;&nbsp;&nbsp;Menu_F0_Week
</UL>

<P><STRONG><a name="[d1]"></a>Tm1629_Show_Four_Number</STRONG> (Thumb, 54 bytes, Stack size 8 bytes, tm1629.o(.text))
<BR><BR>[Stack]<UL><LI>Max Depth = 36<LI>Call Chain = Tm1629_Show_Four_Number &rArr; Tm1629_Display &rArr; SendCommandTo1629_3 &rArr; WriteDataTo1629_3
</UL>
<BR>[Calls]<UL><LI><a href="#[c6]">&gt;&gt;</a>&nbsp;&nbsp;&nbsp;Tm1629_Clear
<LI><a href="#[9c]">&gt;&gt;</a>&nbsp;&nbsp;&nbsp;Tm1629_Display
</UL>
<BR>[Called By]<UL><LI><a href="#[90]">&gt;&gt;</a>&nbsp;&nbsp;&nbsp;Menu_F2_E4_D4
<LI><a href="#[8f]">&gt;&gt;</a>&nbsp;&nbsp;&nbsp;Menu_F2_E4_D3
<LI><a href="#[8e]">&gt;&gt;</a>&nbsp;&nbsp;&nbsp;Menu_F2_E4_D2
<LI><a href="#[8d]">&gt;&gt;</a>&nbsp;&nbsp;&nbsp;Menu_F2_E4_D1
<LI><a href="#[8c]">&gt;&gt;</a>&nbsp;&nbsp;&nbsp;Menu_F2_E3_D4
<LI><a href="#[8b]">&gt;&gt;</a>&nbsp;&nbsp;&nbsp;Menu_F2_E3_D3
<LI><a href="#[8a]">&gt;&gt;</a>&nbsp;&nbsp;&nbsp;Menu_F2_E3_D2
<LI><a href="#[89]">&gt;&gt;</a>&nbsp;&nbsp;&nbsp;Menu_F2_E3_D1
<LI><a href="#[88]">&gt;&gt;</a>&nbsp;&nbsp;&nbsp;Menu_F2_E2_D4
<LI><a href="#[87]">&gt;&gt;</a>&nbsp;&nbsp;&nbsp;Menu_F2_E2_D3
<LI><a href="#[86]">&gt;&gt;</a>&nbsp;&nbsp;&nbsp;Menu_F2_E2_D2
<LI><a href="#[85]">&gt;&gt;</a>&nbsp;&nbsp;&nbsp;Menu_F2_E2_D1
<LI><a href="#[84]">&gt;&gt;</a>&nbsp;&nbsp;&nbsp;Menu_F2_E1_D4
<LI><a href="#[83]">&gt;&gt;</a>&nbsp;&nbsp;&nbsp;Menu_F2_E1_D3
<LI><a href="#[82]">&gt;&gt;</a>&nbsp;&nbsp;&nbsp;Menu_F2_E1_D2
<LI><a href="#[81]">&gt;&gt;</a>&nbsp;&nbsp;&nbsp;Menu_F2_E1_D1
<LI><a href="#[80]">&gt;&gt;</a>&nbsp;&nbsp;&nbsp;Menu_F1_E4_D4
<LI><a href="#[7f]">&gt;&gt;</a>&nbsp;&nbsp;&nbsp;Menu_F1_E4_D3
<LI><a href="#[7e]">&gt;&gt;</a>&nbsp;&nbsp;&nbsp;Menu_F1_E4_D2
<LI><a href="#[7d]">&gt;&gt;</a>&nbsp;&nbsp;&nbsp;Menu_F1_E4_D1
<LI><a href="#[7c]">&gt;&gt;</a>&nbsp;&nbsp;&nbsp;Menu_F1_E3_D4
<LI><a href="#[7b]">&gt;&gt;</a>&nbsp;&nbsp;&nbsp;Menu_F1_E3_D3
<LI><a href="#[7a]">&gt;&gt;</a>&nbsp;&nbsp;&nbsp;Menu_F1_E3_D2
<LI><a href="#[79]">&gt;&gt;</a>&nbsp;&nbsp;&nbsp;Menu_F1_E3_D1
<LI><a href="#[78]">&gt;&gt;</a>&nbsp;&nbsp;&nbsp;Menu_F1_E2_D4
<LI><a href="#[77]">&gt;&gt;</a>&nbsp;&nbsp;&nbsp;Menu_F1_E2_D3
<LI><a href="#[76]">&gt;&gt;</a>&nbsp;&nbsp;&nbsp;Menu_F1_E2_D2
<LI><a href="#[75]">&gt;&gt;</a>&nbsp;&nbsp;&nbsp;Menu_F1_E2_D1
<LI><a href="#[74]">&gt;&gt;</a>&nbsp;&nbsp;&nbsp;Menu_F1_E1_D4
<LI><a href="#[73]">&gt;&gt;</a>&nbsp;&nbsp;&nbsp;Menu_F1_E1_D3
<LI><a href="#[72]">&gt;&gt;</a>&nbsp;&nbsp;&nbsp;Menu_F1_E1_D2
<LI><a href="#[71]">&gt;&gt;</a>&nbsp;&nbsp;&nbsp;Menu_F1_E1_D1
<LI><a href="#[d7]">&gt;&gt;</a>&nbsp;&nbsp;&nbsp;Tm1629_Blink_Four_Position
<LI><a href="#[d6]">&gt;&gt;</a>&nbsp;&nbsp;&nbsp;Tm1629_Blink_Three_Position
<LI><a href="#[d5]">&gt;&gt;</a>&nbsp;&nbsp;&nbsp;Tm1629_Blink_Two_Position
<LI><a href="#[d4]">&gt;&gt;</a>&nbsp;&nbsp;&nbsp;Tm1629_Blink_One_Position
</UL>

<P><STRONG><a name="[d2]"></a>Tm1629_Show_Two_Number</STRONG> (Thumb, 46 bytes, Stack size 8 bytes, tm1629.o(.text))
<BR><BR>[Stack]<UL><LI>Max Depth = 36<LI>Call Chain = Tm1629_Show_Two_Number &rArr; Tm1629_Display &rArr; SendCommandTo1629_3 &rArr; WriteDataTo1629_3
</UL>
<BR>[Calls]<UL><LI><a href="#[c6]">&gt;&gt;</a>&nbsp;&nbsp;&nbsp;Tm1629_Clear
<LI><a href="#[9c]">&gt;&gt;</a>&nbsp;&nbsp;&nbsp;Tm1629_Display
</UL>
<BR>[Called By]<UL><LI><a href="#[5a]">&gt;&gt;</a>&nbsp;&nbsp;&nbsp;Menu_F5_Set
<LI><a href="#[59]">&gt;&gt;</a>&nbsp;&nbsp;&nbsp;Menu_F4_Set
</UL>

<P><STRONG><a name="[d3]"></a>Tm1629_Show_One_Number</STRONG> (Thumb, 32 bytes, Stack size 8 bytes, tm1629.o(.text))
<BR><BR>[Stack]<UL><LI>Max Depth = 36<LI>Call Chain = Tm1629_Show_One_Number &rArr; Tm1629_Display &rArr; SendCommandTo1629_3 &rArr; WriteDataTo1629_3
</UL>
<BR>[Calls]<UL><LI><a href="#[c6]">&gt;&gt;</a>&nbsp;&nbsp;&nbsp;Tm1629_Clear
<LI><a href="#[9c]">&gt;&gt;</a>&nbsp;&nbsp;&nbsp;Tm1629_Display
</UL>
<BR>[Called By]<UL><LI><a href="#[6d]">&gt;&gt;</a>&nbsp;&nbsp;&nbsp;Menu_FC_Set
<LI><a href="#[6c]">&gt;&gt;</a>&nbsp;&nbsp;&nbsp;Menu_FB_Set
</UL>

<P><STRONG><a name="[d4]"></a>Tm1629_Blink_One_Position</STRONG> (Thumb, 44 bytes, Stack size 8 bytes, tm1629.o(.text))
<BR><BR>[Stack]<UL><LI>Max Depth = 44<LI>Call Chain = Tm1629_Blink_One_Position &rArr; Tm1629_Show_Four_Number &rArr; Tm1629_Display &rArr; SendCommandTo1629_3 &rArr; WriteDataTo1629_3
</UL>
<BR>[Calls]<UL><LI><a href="#[d1]">&gt;&gt;</a>&nbsp;&nbsp;&nbsp;Tm1629_Show_Four_Number
<LI><a href="#[9c]">&gt;&gt;</a>&nbsp;&nbsp;&nbsp;Tm1629_Display
</UL>
<BR>[Called By]<UL><LI><a href="#[8d]">&gt;&gt;</a>&nbsp;&nbsp;&nbsp;Menu_F2_E4_D1
<LI><a href="#[89]">&gt;&gt;</a>&nbsp;&nbsp;&nbsp;Menu_F2_E3_D1
<LI><a href="#[85]">&gt;&gt;</a>&nbsp;&nbsp;&nbsp;Menu_F2_E2_D1
<LI><a href="#[81]">&gt;&gt;</a>&nbsp;&nbsp;&nbsp;Menu_F2_E1_D1
<LI><a href="#[7d]">&gt;&gt;</a>&nbsp;&nbsp;&nbsp;Menu_F1_E4_D1
<LI><a href="#[79]">&gt;&gt;</a>&nbsp;&nbsp;&nbsp;Menu_F1_E3_D1
<LI><a href="#[75]">&gt;&gt;</a>&nbsp;&nbsp;&nbsp;Menu_F1_E2_D1
<LI><a href="#[71]">&gt;&gt;</a>&nbsp;&nbsp;&nbsp;Menu_F1_E1_D1
</UL>

<P><STRONG><a name="[d5]"></a>Tm1629_Blink_Two_Position</STRONG> (Thumb, 44 bytes, Stack size 8 bytes, tm1629.o(.text))
<BR><BR>[Stack]<UL><LI>Max Depth = 44<LI>Call Chain = Tm1629_Blink_Two_Position &rArr; Tm1629_Show_Four_Number &rArr; Tm1629_Display &rArr; SendCommandTo1629_3 &rArr; WriteDataTo1629_3
</UL>
<BR>[Calls]<UL><LI><a href="#[d1]">&gt;&gt;</a>&nbsp;&nbsp;&nbsp;Tm1629_Show_Four_Number
<LI><a href="#[9c]">&gt;&gt;</a>&nbsp;&nbsp;&nbsp;Tm1629_Display
</UL>
<BR>[Called By]<UL><LI><a href="#[8e]">&gt;&gt;</a>&nbsp;&nbsp;&nbsp;Menu_F2_E4_D2
<LI><a href="#[8a]">&gt;&gt;</a>&nbsp;&nbsp;&nbsp;Menu_F2_E3_D2
<LI><a href="#[86]">&gt;&gt;</a>&nbsp;&nbsp;&nbsp;Menu_F2_E2_D2
<LI><a href="#[82]">&gt;&gt;</a>&nbsp;&nbsp;&nbsp;Menu_F2_E1_D2
<LI><a href="#[7e]">&gt;&gt;</a>&nbsp;&nbsp;&nbsp;Menu_F1_E4_D2
<LI><a href="#[7a]">&gt;&gt;</a>&nbsp;&nbsp;&nbsp;Menu_F1_E3_D2
<LI><a href="#[76]">&gt;&gt;</a>&nbsp;&nbsp;&nbsp;Menu_F1_E2_D2
<LI><a href="#[72]">&gt;&gt;</a>&nbsp;&nbsp;&nbsp;Menu_F1_E1_D2
</UL>

<P><STRONG><a name="[d6]"></a>Tm1629_Blink_Three_Position</STRONG> (Thumb, 44 bytes, Stack size 8 bytes, tm1629.o(.text))
<BR><BR>[Stack]<UL><LI>Max Depth = 44<LI>Call Chain = Tm1629_Blink_Three_Position &rArr; Tm1629_Show_Four_Number &rArr; Tm1629_Display &rArr; SendCommandTo1629_3 &rArr; WriteDataTo1629_3
</UL>
<BR>[Calls]<UL><LI><a href="#[d1]">&gt;&gt;</a>&nbsp;&nbsp;&nbsp;Tm1629_Show_Four_Number
<LI><a href="#[9c]">&gt;&gt;</a>&nbsp;&nbsp;&nbsp;Tm1629_Display
</UL>
<BR>[Called By]<UL><LI><a href="#[8f]">&gt;&gt;</a>&nbsp;&nbsp;&nbsp;Menu_F2_E4_D3
<LI><a href="#[8b]">&gt;&gt;</a>&nbsp;&nbsp;&nbsp;Menu_F2_E3_D3
<LI><a href="#[87]">&gt;&gt;</a>&nbsp;&nbsp;&nbsp;Menu_F2_E2_D3
<LI><a href="#[83]">&gt;&gt;</a>&nbsp;&nbsp;&nbsp;Menu_F2_E1_D3
<LI><a href="#[7f]">&gt;&gt;</a>&nbsp;&nbsp;&nbsp;Menu_F1_E4_D3
<LI><a href="#[7b]">&gt;&gt;</a>&nbsp;&nbsp;&nbsp;Menu_F1_E3_D3
<LI><a href="#[77]">&gt;&gt;</a>&nbsp;&nbsp;&nbsp;Menu_F1_E2_D3
<LI><a href="#[73]">&gt;&gt;</a>&nbsp;&nbsp;&nbsp;Menu_F1_E1_D3
</UL>

<P><STRONG><a name="[d7]"></a>Tm1629_Blink_Four_Position</STRONG> (Thumb, 44 bytes, Stack size 8 bytes, tm1629.o(.text))
<BR><BR>[Stack]<UL><LI>Max Depth = 44<LI>Call Chain = Tm1629_Blink_Four_Position &rArr; Tm1629_Show_Four_Number &rArr; Tm1629_Display &rArr; SendCommandTo1629_3 &rArr; WriteDataTo1629_3
</UL>
<BR>[Calls]<UL><LI><a href="#[d1]">&gt;&gt;</a>&nbsp;&nbsp;&nbsp;Tm1629_Show_Four_Number
<LI><a href="#[9c]">&gt;&gt;</a>&nbsp;&nbsp;&nbsp;Tm1629_Display
</UL>
<BR>[Called By]<UL><LI><a href="#[90]">&gt;&gt;</a>&nbsp;&nbsp;&nbsp;Menu_F2_E4_D4
<LI><a href="#[8c]">&gt;&gt;</a>&nbsp;&nbsp;&nbsp;Menu_F2_E3_D4
<LI><a href="#[88]">&gt;&gt;</a>&nbsp;&nbsp;&nbsp;Menu_F2_E2_D4
<LI><a href="#[84]">&gt;&gt;</a>&nbsp;&nbsp;&nbsp;Menu_F2_E1_D4
<LI><a href="#[80]">&gt;&gt;</a>&nbsp;&nbsp;&nbsp;Menu_F1_E4_D4
<LI><a href="#[7c]">&gt;&gt;</a>&nbsp;&nbsp;&nbsp;Menu_F1_E3_D4
<LI><a href="#[78]">&gt;&gt;</a>&nbsp;&nbsp;&nbsp;Menu_F1_E2_D4
<LI><a href="#[74]">&gt;&gt;</a>&nbsp;&nbsp;&nbsp;Menu_F1_E1_D4
</UL>

<P><STRONG><a name="[9d]"></a>I2C_IO_Init</STRONG> (Thumb, 78 bytes, Stack size 8 bytes, eeprom_24c.o(.text))
<BR><BR>[Stack]<UL><LI>Max Depth = 32<LI>Call Chain = I2C_IO_Init &rArr; GPIO_Init
</UL>
<BR>[Calls]<UL><LI><a href="#[af]">&gt;&gt;</a>&nbsp;&nbsp;&nbsp;GPIO_Init
<LI><a href="#[ab]">&gt;&gt;</a>&nbsp;&nbsp;&nbsp;RCC_APB2PeriphClockCmd
</UL>
<BR>[Called By]<UL><LI><a href="#[35]">&gt;&gt;</a>&nbsp;&nbsp;&nbsp;main
</UL>

<P><STRONG><a name="[dd]"></a>EEP_Read_Buffer</STRONG> (Thumb, 196 bytes, Stack size 24 bytes, eeprom_24c.o(.text), UNUSED)
<BR><BR>[Calls]<UL><LI><a href="#[dc]">&gt;&gt;</a>&nbsp;&nbsp;&nbsp;I2C_Stop
<LI><a href="#[db]">&gt;&gt;</a>&nbsp;&nbsp;&nbsp;I2C_Receive_Byte
<LI><a href="#[da]">&gt;&gt;</a>&nbsp;&nbsp;&nbsp;I2C_Send_Byte
<LI><a href="#[d8]">&gt;&gt;</a>&nbsp;&nbsp;&nbsp;I2C_Start
<LI><a href="#[d9]">&gt;&gt;</a>&nbsp;&nbsp;&nbsp;I2C_Delay_us
</UL>
<BR>[Called By]<UL><LI><a href="#[e8]">&gt;&gt;</a>&nbsp;&nbsp;&nbsp;Delete_Cancel_Function
<LI><a href="#[e7]">&gt;&gt;</a>&nbsp;&nbsp;&nbsp;Delete_Alarm_Function
<LI><a href="#[e6]">&gt;&gt;</a>&nbsp;&nbsp;&nbsp;Delete_Host_Function
<LI><a href="#[e3]">&gt;&gt;</a>&nbsp;&nbsp;&nbsp;Delete_Call_Function
<LI><a href="#[e2]">&gt;&gt;</a>&nbsp;&nbsp;&nbsp;Register_Cancel_Function
<LI><a href="#[e1]">&gt;&gt;</a>&nbsp;&nbsp;&nbsp;Register_Alarm_Function
<LI><a href="#[e0]">&gt;&gt;</a>&nbsp;&nbsp;&nbsp;Register_Host_Function
<LI><a href="#[df]">&gt;&gt;</a>&nbsp;&nbsp;&nbsp;Register_Call_Function
</UL>

<P><STRONG><a name="[de]"></a>EEP_Write_Buffer</STRONG> (Thumb, 144 bytes, Stack size 32 bytes, eeprom_24c.o(.text), UNUSED)
<BR><BR>[Calls]<UL><LI><a href="#[dc]">&gt;&gt;</a>&nbsp;&nbsp;&nbsp;I2C_Stop
<LI><a href="#[da]">&gt;&gt;</a>&nbsp;&nbsp;&nbsp;I2C_Send_Byte
<LI><a href="#[d8]">&gt;&gt;</a>&nbsp;&nbsp;&nbsp;I2C_Start
<LI><a href="#[d9]">&gt;&gt;</a>&nbsp;&nbsp;&nbsp;I2C_Delay_us
</UL>
<BR>[Called By]<UL><LI><a href="#[e8]">&gt;&gt;</a>&nbsp;&nbsp;&nbsp;Delete_Cancel_Function
<LI><a href="#[e7]">&gt;&gt;</a>&nbsp;&nbsp;&nbsp;Delete_Alarm_Function
<LI><a href="#[e6]">&gt;&gt;</a>&nbsp;&nbsp;&nbsp;Delete_Host_Function
<LI><a href="#[e3]">&gt;&gt;</a>&nbsp;&nbsp;&nbsp;Delete_Call_Function
<LI><a href="#[e2]">&gt;&gt;</a>&nbsp;&nbsp;&nbsp;Register_Cancel_Function
<LI><a href="#[e1]">&gt;&gt;</a>&nbsp;&nbsp;&nbsp;Register_Alarm_Function
<LI><a href="#[e0]">&gt;&gt;</a>&nbsp;&nbsp;&nbsp;Register_Host_Function
<LI><a href="#[df]">&gt;&gt;</a>&nbsp;&nbsp;&nbsp;Register_Call_Function
</UL>

<P><STRONG><a name="[df]"></a>Register_Call_Function</STRONG> (Thumb, 98 bytes, Stack size 32 bytes, eeprom_24c.o(.text), UNUSED)
<BR><BR>[Calls]<UL><LI><a href="#[de]">&gt;&gt;</a>&nbsp;&nbsp;&nbsp;EEP_Write_Buffer
<LI><a href="#[dd]">&gt;&gt;</a>&nbsp;&nbsp;&nbsp;EEP_Read_Buffer
</UL>

<P><STRONG><a name="[e0]"></a>Register_Host_Function</STRONG> (Thumb, 98 bytes, Stack size 32 bytes, eeprom_24c.o(.text), UNUSED)
<BR><BR>[Calls]<UL><LI><a href="#[de]">&gt;&gt;</a>&nbsp;&nbsp;&nbsp;EEP_Write_Buffer
<LI><a href="#[dd]">&gt;&gt;</a>&nbsp;&nbsp;&nbsp;EEP_Read_Buffer
</UL>

<P><STRONG><a name="[e1]"></a>Register_Alarm_Function</STRONG> (Thumb, 134 bytes, Stack size 32 bytes, eeprom_24c.o(.text), UNUSED)
<BR><BR>[Calls]<UL><LI><a href="#[de]">&gt;&gt;</a>&nbsp;&nbsp;&nbsp;EEP_Write_Buffer
<LI><a href="#[dd]">&gt;&gt;</a>&nbsp;&nbsp;&nbsp;EEP_Read_Buffer
</UL>

<P><STRONG><a name="[e2]"></a>Register_Cancel_Function</STRONG> (Thumb, 98 bytes, Stack size 32 bytes, eeprom_24c.o(.text), UNUSED)
<BR><BR>[Calls]<UL><LI><a href="#[de]">&gt;&gt;</a>&nbsp;&nbsp;&nbsp;EEP_Write_Buffer
<LI><a href="#[dd]">&gt;&gt;</a>&nbsp;&nbsp;&nbsp;EEP_Read_Buffer
</UL>

<P><STRONG><a name="[e3]"></a>Delete_Call_Function</STRONG> (Thumb, 140 bytes, Stack size 56 bytes, eeprom_24c.o(.text), UNUSED)
<BR><BR>[Calls]<UL><LI><a href="#[de]">&gt;&gt;</a>&nbsp;&nbsp;&nbsp;EEP_Write_Buffer
<LI><a href="#[dd]">&gt;&gt;</a>&nbsp;&nbsp;&nbsp;EEP_Read_Buffer
<LI><a href="#[d9]">&gt;&gt;</a>&nbsp;&nbsp;&nbsp;I2C_Delay_us
<LI><a href="#[e4]">&gt;&gt;</a>&nbsp;&nbsp;&nbsp;__aeabi_memclr4
<LI><a href="#[e5]">&gt;&gt;</a>&nbsp;&nbsp;&nbsp;__aeabi_memset
</UL>

<P><STRONG><a name="[e6]"></a>Delete_Host_Function</STRONG> (Thumb, 140 bytes, Stack size 56 bytes, eeprom_24c.o(.text), UNUSED)
<BR><BR>[Calls]<UL><LI><a href="#[de]">&gt;&gt;</a>&nbsp;&nbsp;&nbsp;EEP_Write_Buffer
<LI><a href="#[dd]">&gt;&gt;</a>&nbsp;&nbsp;&nbsp;EEP_Read_Buffer
<LI><a href="#[d9]">&gt;&gt;</a>&nbsp;&nbsp;&nbsp;I2C_Delay_us
<LI><a href="#[e4]">&gt;&gt;</a>&nbsp;&nbsp;&nbsp;__aeabi_memclr4
<LI><a href="#[e5]">&gt;&gt;</a>&nbsp;&nbsp;&nbsp;__aeabi_memset
</UL>

<P><STRONG><a name="[e7]"></a>Delete_Alarm_Function</STRONG> (Thumb, 140 bytes, Stack size 56 bytes, eeprom_24c.o(.text), UNUSED)
<BR><BR>[Calls]<UL><LI><a href="#[de]">&gt;&gt;</a>&nbsp;&nbsp;&nbsp;EEP_Write_Buffer
<LI><a href="#[dd]">&gt;&gt;</a>&nbsp;&nbsp;&nbsp;EEP_Read_Buffer
<LI><a href="#[d9]">&gt;&gt;</a>&nbsp;&nbsp;&nbsp;I2C_Delay_us
<LI><a href="#[e4]">&gt;&gt;</a>&nbsp;&nbsp;&nbsp;__aeabi_memclr4
<LI><a href="#[e5]">&gt;&gt;</a>&nbsp;&nbsp;&nbsp;__aeabi_memset
</UL>

<P><STRONG><a name="[e8]"></a>Delete_Cancel_Function</STRONG> (Thumb, 140 bytes, Stack size 56 bytes, eeprom_24c.o(.text), UNUSED)
<BR><BR>[Calls]<UL><LI><a href="#[de]">&gt;&gt;</a>&nbsp;&nbsp;&nbsp;EEP_Write_Buffer
<LI><a href="#[dd]">&gt;&gt;</a>&nbsp;&nbsp;&nbsp;EEP_Read_Buffer
<LI><a href="#[d9]">&gt;&gt;</a>&nbsp;&nbsp;&nbsp;I2C_Delay_us
<LI><a href="#[e4]">&gt;&gt;</a>&nbsp;&nbsp;&nbsp;__aeabi_memclr4
<LI><a href="#[e5]">&gt;&gt;</a>&nbsp;&nbsp;&nbsp;__aeabi_memset
</UL>

<P><STRONG><a name="[9e]"></a>Key_IO_Init</STRONG> (Thumb, 32 bytes, Stack size 8 bytes, key.o(.text))
<BR><BR>[Stack]<UL><LI>Max Depth = 32<LI>Call Chain = Key_IO_Init &rArr; GPIO_Init
</UL>
<BR>[Calls]<UL><LI><a href="#[af]">&gt;&gt;</a>&nbsp;&nbsp;&nbsp;GPIO_Init
<LI><a href="#[ab]">&gt;&gt;</a>&nbsp;&nbsp;&nbsp;RCC_APB2PeriphClockCmd
</UL>
<BR>[Called By]<UL><LI><a href="#[35]">&gt;&gt;</a>&nbsp;&nbsp;&nbsp;main
</UL>

<P><STRONG><a name="[e9]"></a>Key_Scan</STRONG> (Thumb, 96 bytes, Stack size 8 bytes, key.o(.text))
<BR><BR>[Stack]<UL><LI>Max Depth = 8<LI>Call Chain = Key_Scan
</UL>
<BR>[Calls]<UL><LI><a href="#[ea]">&gt;&gt;</a>&nbsp;&nbsp;&nbsp;Key_Delay_us
</UL>
<BR>[Called By]<UL><LI><a href="#[a0]">&gt;&gt;</a>&nbsp;&nbsp;&nbsp;Key_Process
</UL>

<P><STRONG><a name="[a0]"></a>Key_Process</STRONG> (Thumb, 476 bytes, Stack size 8 bytes, key.o(.text))
<BR><BR>[Stack]<UL><LI>Max Depth = 16<LI>Call Chain = Key_Process &rArr; Key_Scan
</UL>
<BR>[Calls]<UL><LI><a href="#[e9]">&gt;&gt;</a>&nbsp;&nbsp;&nbsp;Key_Scan
</UL>
<BR>[Called By]<UL><LI><a href="#[35]">&gt;&gt;</a>&nbsp;&nbsp;&nbsp;main
</UL>

<P><STRONG><a name="[93]"></a>NVIC_PriorityGroupConfig</STRONG> (Thumb, 10 bytes, Stack size 0 bytes, misc.o(.text))
<BR><BR>[Called By]<UL><LI><a href="#[35]">&gt;&gt;</a>&nbsp;&nbsp;&nbsp;main
</UL>

<P><STRONG><a name="[b3]"></a>NVIC_Init</STRONG> (Thumb, 102 bytes, Stack size 16 bytes, misc.o(.text))
<BR><BR>[Stack]<UL><LI>Max Depth = 16<LI>Call Chain = NVIC_Init
</UL>
<BR>[Called By]<UL><LI><a href="#[9a]">&gt;&gt;</a>&nbsp;&nbsp;&nbsp;RF_Config
<LI><a href="#[99]">&gt;&gt;</a>&nbsp;&nbsp;&nbsp;GD5800_NVIC_Configuration
<LI><a href="#[97]">&gt;&gt;</a>&nbsp;&nbsp;&nbsp;CH340_NVIC_Configuration
</UL>

<P><STRONG><a name="[112]"></a>NVIC_SetVectorTable</STRONG> (Thumb, 14 bytes, Stack size 0 bytes, misc.o(.text), UNUSED)

<P><STRONG><a name="[113]"></a>NVIC_SystemLPConfig</STRONG> (Thumb, 34 bytes, Stack size 0 bytes, misc.o(.text), UNUSED)

<P><STRONG><a name="[114]"></a>SysTick_CLKSourceConfig</STRONG> (Thumb, 40 bytes, Stack size 0 bytes, misc.o(.text), UNUSED)

<P><STRONG><a name="[115]"></a>EXTI_DeInit</STRONG> (Thumb, 28 bytes, Stack size 0 bytes, stm32f10x_exti.o(.text), UNUSED)

<P><STRONG><a name="[bb]"></a>EXTI_Init</STRONG> (Thumb, 142 bytes, Stack size 0 bytes, stm32f10x_exti.o(.text))
<BR><BR>[Called By]<UL><LI><a href="#[9a]">&gt;&gt;</a>&nbsp;&nbsp;&nbsp;RF_Config
</UL>

<P><STRONG><a name="[116]"></a>EXTI_StructInit</STRONG> (Thumb, 16 bytes, Stack size 0 bytes, stm32f10x_exti.o(.text), UNUSED)

<P><STRONG><a name="[117]"></a>EXTI_GenerateSWInterrupt</STRONG> (Thumb, 16 bytes, Stack size 0 bytes, stm32f10x_exti.o(.text), UNUSED)

<P><STRONG><a name="[118]"></a>EXTI_GetFlagStatus</STRONG> (Thumb, 22 bytes, Stack size 0 bytes, stm32f10x_exti.o(.text), UNUSED)

<P><STRONG><a name="[119]"></a>EXTI_ClearFlag</STRONG> (Thumb, 8 bytes, Stack size 0 bytes, stm32f10x_exti.o(.text), UNUSED)

<P><STRONG><a name="[11a]"></a>EXTI_GetITStatus</STRONG> (Thumb, 34 bytes, Stack size 0 bytes, stm32f10x_exti.o(.text), UNUSED)

<P><STRONG><a name="[b8]"></a>EXTI_ClearITPendingBit</STRONG> (Thumb, 8 bytes, Stack size 0 bytes, stm32f10x_exti.o(.text))
<BR><BR>[Called By]<UL><LI><a href="#[32]">&gt;&gt;</a>&nbsp;&nbsp;&nbsp;EXTI15_10_IRQHandler
</UL>

<P><STRONG><a name="[eb]"></a>GPIO_DeInit</STRONG> (Thumb, 172 bytes, Stack size 8 bytes, stm32f10x_gpio.o(.text), UNUSED)
<BR><BR>[Calls]<UL><LI><a href="#[ec]">&gt;&gt;</a>&nbsp;&nbsp;&nbsp;RCC_APB2PeriphResetCmd
</UL>

<P><STRONG><a name="[ed]"></a>GPIO_AFIODeInit</STRONG> (Thumb, 20 bytes, Stack size 8 bytes, stm32f10x_gpio.o(.text), UNUSED)
<BR><BR>[Calls]<UL><LI><a href="#[ec]">&gt;&gt;</a>&nbsp;&nbsp;&nbsp;RCC_APB2PeriphResetCmd
</UL>

<P><STRONG><a name="[af]"></a>GPIO_Init</STRONG> (Thumb, 274 bytes, Stack size 24 bytes, stm32f10x_gpio.o(.text))
<BR><BR>[Stack]<UL><LI>Max Depth = 24<LI>Call Chain = GPIO_Init
</UL>
<BR>[Called By]<UL><LI><a href="#[b9]">&gt;&gt;</a>&nbsp;&nbsp;&nbsp;RF_IO_Init
<LI><a href="#[9b]">&gt;&gt;</a>&nbsp;&nbsp;&nbsp;Tm1629_GPIO_Config
<LI><a href="#[9e]">&gt;&gt;</a>&nbsp;&nbsp;&nbsp;Key_IO_Init
<LI><a href="#[9d]">&gt;&gt;</a>&nbsp;&nbsp;&nbsp;I2C_IO_Init
<LI><a href="#[98]">&gt;&gt;</a>&nbsp;&nbsp;&nbsp;GD5800_USART1_Config
<LI><a href="#[96]">&gt;&gt;</a>&nbsp;&nbsp;&nbsp;CH340_USART2_Config
</UL>

<P><STRONG><a name="[11b]"></a>GPIO_StructInit</STRONG> (Thumb, 16 bytes, Stack size 0 bytes, stm32f10x_gpio.o(.text), UNUSED)

<P><STRONG><a name="[11c]"></a>GPIO_ReadInputDataBit</STRONG> (Thumb, 18 bytes, Stack size 0 bytes, stm32f10x_gpio.o(.text), UNUSED)

<P><STRONG><a name="[11d]"></a>GPIO_ReadInputData</STRONG> (Thumb, 8 bytes, Stack size 0 bytes, stm32f10x_gpio.o(.text), UNUSED)

<P><STRONG><a name="[11e]"></a>GPIO_ReadOutputDataBit</STRONG> (Thumb, 18 bytes, Stack size 0 bytes, stm32f10x_gpio.o(.text), UNUSED)

<P><STRONG><a name="[11f]"></a>GPIO_ReadOutputData</STRONG> (Thumb, 8 bytes, Stack size 0 bytes, stm32f10x_gpio.o(.text), UNUSED)

<P><STRONG><a name="[120]"></a>GPIO_SetBits</STRONG> (Thumb, 4 bytes, Stack size 0 bytes, stm32f10x_gpio.o(.text), UNUSED)

<P><STRONG><a name="[121]"></a>GPIO_ResetBits</STRONG> (Thumb, 4 bytes, Stack size 0 bytes, stm32f10x_gpio.o(.text), UNUSED)

<P><STRONG><a name="[122]"></a>GPIO_WriteBit</STRONG> (Thumb, 10 bytes, Stack size 0 bytes, stm32f10x_gpio.o(.text), UNUSED)

<P><STRONG><a name="[123]"></a>GPIO_Write</STRONG> (Thumb, 4 bytes, Stack size 0 bytes, stm32f10x_gpio.o(.text), UNUSED)

<P><STRONG><a name="[124]"></a>GPIO_PinLockConfig</STRONG> (Thumb, 18 bytes, Stack size 0 bytes, stm32f10x_gpio.o(.text), UNUSED)

<P><STRONG><a name="[125]"></a>GPIO_EventOutputConfig</STRONG> (Thumb, 26 bytes, Stack size 0 bytes, stm32f10x_gpio.o(.text), UNUSED)

<P><STRONG><a name="[126]"></a>GPIO_EventOutputCmd</STRONG> (Thumb, 6 bytes, Stack size 0 bytes, stm32f10x_gpio.o(.text), UNUSED)

<P><STRONG><a name="[ac]"></a>GPIO_PinRemapConfig</STRONG> (Thumb, 138 bytes, Stack size 20 bytes, stm32f10x_gpio.o(.text))
<BR><BR>[Stack]<UL><LI>Max Depth = 20<LI>Call Chain = GPIO_PinRemapConfig
</UL>
<BR>[Called By]<UL><LI><a href="#[94]">&gt;&gt;</a>&nbsp;&nbsp;&nbsp;Set_System_Clock
</UL>

<P><STRONG><a name="[ba]"></a>GPIO_EXTILineConfig</STRONG> (Thumb, 66 bytes, Stack size 12 bytes, stm32f10x_gpio.o(.text))
<BR><BR>[Stack]<UL><LI>Max Depth = 12<LI>Call Chain = GPIO_EXTILineConfig
</UL>
<BR>[Called By]<UL><LI><a href="#[9a]">&gt;&gt;</a>&nbsp;&nbsp;&nbsp;RF_Config
</UL>

<P><STRONG><a name="[127]"></a>GPIO_ETH_MediaInterfaceConfig</STRONG> (Thumb, 6 bytes, Stack size 0 bytes, stm32f10x_gpio.o(.text), UNUSED)

<P><STRONG><a name="[a1]"></a>RCC_DeInit</STRONG> (Thumb, 68 bytes, Stack size 0 bytes, stm32f10x_rcc.o(.text))
<BR><BR>[Called By]<UL><LI><a href="#[94]">&gt;&gt;</a>&nbsp;&nbsp;&nbsp;Set_System_Clock
</UL>

<P><STRONG><a name="[128]"></a>RCC_HSEConfig</STRONG> (Thumb, 70 bytes, Stack size 0 bytes, stm32f10x_rcc.o(.text), UNUSED)

<P><STRONG><a name="[a3]"></a>RCC_GetFlagStatus</STRONG> (Thumb, 56 bytes, Stack size 8 bytes, stm32f10x_rcc.o(.text))
<BR><BR>[Stack]<UL><LI>Max Depth = 8<LI>Call Chain = RCC_GetFlagStatus
</UL>
<BR>[Called By]<UL><LI><a href="#[94]">&gt;&gt;</a>&nbsp;&nbsp;&nbsp;Set_System_Clock
<LI><a href="#[ee]">&gt;&gt;</a>&nbsp;&nbsp;&nbsp;RCC_WaitForHSEStartUp
</UL>

<P><STRONG><a name="[ee]"></a>RCC_WaitForHSEStartUp</STRONG> (Thumb, 56 bytes, Stack size 16 bytes, stm32f10x_rcc.o(.text), UNUSED)
<BR><BR>[Calls]<UL><LI><a href="#[a3]">&gt;&gt;</a>&nbsp;&nbsp;&nbsp;RCC_GetFlagStatus
</UL>

<P><STRONG><a name="[129]"></a>RCC_AdjustHSICalibrationValue</STRONG> (Thumb, 20 bytes, Stack size 0 bytes, stm32f10x_rcc.o(.text), UNUSED)

<P><STRONG><a name="[a2]"></a>RCC_HSICmd</STRONG> (Thumb, 6 bytes, Stack size 0 bytes, stm32f10x_rcc.o(.text))
<BR><BR>[Called By]<UL><LI><a href="#[94]">&gt;&gt;</a>&nbsp;&nbsp;&nbsp;Set_System_Clock
</UL>

<P><STRONG><a name="[a4]"></a>RCC_PLLConfig</STRONG> (Thumb, 24 bytes, Stack size 0 bytes, stm32f10x_rcc.o(.text))
<BR><BR>[Called By]<UL><LI><a href="#[94]">&gt;&gt;</a>&nbsp;&nbsp;&nbsp;Set_System_Clock
</UL>

<P><STRONG><a name="[a8]"></a>RCC_PLLCmd</STRONG> (Thumb, 6 bytes, Stack size 0 bytes, stm32f10x_rcc.o(.text))
<BR><BR>[Called By]<UL><LI><a href="#[94]">&gt;&gt;</a>&nbsp;&nbsp;&nbsp;Set_System_Clock
</UL>

<P><STRONG><a name="[12a]"></a>RCC_PREDIV1Config</STRONG> (Thumb, 24 bytes, Stack size 0 bytes, stm32f10x_rcc.o(.text), UNUSED)

<P><STRONG><a name="[a9]"></a>RCC_SYSCLKConfig</STRONG> (Thumb, 18 bytes, Stack size 0 bytes, stm32f10x_rcc.o(.text))
<BR><BR>[Called By]<UL><LI><a href="#[94]">&gt;&gt;</a>&nbsp;&nbsp;&nbsp;Set_System_Clock
</UL>

<P><STRONG><a name="[aa]"></a>RCC_GetSYSCLKSource</STRONG> (Thumb, 10 bytes, Stack size 0 bytes, stm32f10x_rcc.o(.text))
<BR><BR>[Called By]<UL><LI><a href="#[94]">&gt;&gt;</a>&nbsp;&nbsp;&nbsp;Set_System_Clock
</UL>

<P><STRONG><a name="[a5]"></a>RCC_HCLKConfig</STRONG> (Thumb, 18 bytes, Stack size 0 bytes, stm32f10x_rcc.o(.text))
<BR><BR>[Called By]<UL><LI><a href="#[94]">&gt;&gt;</a>&nbsp;&nbsp;&nbsp;Set_System_Clock
</UL>

<P><STRONG><a name="[a6]"></a>RCC_PCLK1Config</STRONG> (Thumb, 18 bytes, Stack size 0 bytes, stm32f10x_rcc.o(.text))
<BR><BR>[Called By]<UL><LI><a href="#[94]">&gt;&gt;</a>&nbsp;&nbsp;&nbsp;Set_System_Clock
</UL>

<P><STRONG><a name="[a7]"></a>RCC_PCLK2Config</STRONG> (Thumb, 20 bytes, Stack size 0 bytes, stm32f10x_rcc.o(.text))
<BR><BR>[Called By]<UL><LI><a href="#[94]">&gt;&gt;</a>&nbsp;&nbsp;&nbsp;Set_System_Clock
</UL>

<P><STRONG><a name="[12b]"></a>RCC_ITConfig</STRONG> (Thumb, 26 bytes, Stack size 0 bytes, stm32f10x_rcc.o(.text), UNUSED)

<P><STRONG><a name="[12c]"></a>RCC_USBCLKConfig</STRONG> (Thumb, 6 bytes, Stack size 0 bytes, stm32f10x_rcc.o(.text), UNUSED)

<P><STRONG><a name="[12d]"></a>RCC_ADCCLKConfig</STRONG> (Thumb, 18 bytes, Stack size 0 bytes, stm32f10x_rcc.o(.text), UNUSED)

<P><STRONG><a name="[12e]"></a>RCC_LSEConfig</STRONG> (Thumb, 44 bytes, Stack size 0 bytes, stm32f10x_rcc.o(.text), UNUSED)

<P><STRONG><a name="[12f]"></a>RCC_LSICmd</STRONG> (Thumb, 6 bytes, Stack size 0 bytes, stm32f10x_rcc.o(.text), UNUSED)

<P><STRONG><a name="[130]"></a>RCC_RTCCLKConfig</STRONG> (Thumb, 12 bytes, Stack size 0 bytes, stm32f10x_rcc.o(.text), UNUSED)

<P><STRONG><a name="[131]"></a>RCC_RTCCLKCmd</STRONG> (Thumb, 8 bytes, Stack size 0 bytes, stm32f10x_rcc.o(.text), UNUSED)

<P><STRONG><a name="[102]"></a>RCC_GetClocksFreq</STRONG> (Thumb, 190 bytes, Stack size 16 bytes, stm32f10x_rcc.o(.text))
<BR><BR>[Stack]<UL><LI>Max Depth = 16<LI>Call Chain = RCC_GetClocksFreq
</UL>
<BR>[Called By]<UL><LI><a href="#[b0]">&gt;&gt;</a>&nbsp;&nbsp;&nbsp;USART_Init
</UL>

<P><STRONG><a name="[132]"></a>RCC_AHBPeriphClockCmd</STRONG> (Thumb, 26 bytes, Stack size 0 bytes, stm32f10x_rcc.o(.text), UNUSED)

<P><STRONG><a name="[ab]"></a>RCC_APB2PeriphClockCmd</STRONG> (Thumb, 26 bytes, Stack size 0 bytes, stm32f10x_rcc.o(.text))
<BR><BR>[Called By]<UL><LI><a href="#[b9]">&gt;&gt;</a>&nbsp;&nbsp;&nbsp;RF_IO_Init
<LI><a href="#[9b]">&gt;&gt;</a>&nbsp;&nbsp;&nbsp;Tm1629_GPIO_Config
<LI><a href="#[94]">&gt;&gt;</a>&nbsp;&nbsp;&nbsp;Set_System_Clock
<LI><a href="#[9a]">&gt;&gt;</a>&nbsp;&nbsp;&nbsp;RF_Config
<LI><a href="#[9e]">&gt;&gt;</a>&nbsp;&nbsp;&nbsp;Key_IO_Init
<LI><a href="#[9d]">&gt;&gt;</a>&nbsp;&nbsp;&nbsp;I2C_IO_Init
<LI><a href="#[98]">&gt;&gt;</a>&nbsp;&nbsp;&nbsp;GD5800_USART1_Config
<LI><a href="#[96]">&gt;&gt;</a>&nbsp;&nbsp;&nbsp;CH340_USART2_Config
</UL>

<P><STRONG><a name="[ae]"></a>RCC_APB1PeriphClockCmd</STRONG> (Thumb, 26 bytes, Stack size 0 bytes, stm32f10x_rcc.o(.text))
<BR><BR>[Called By]<UL><LI><a href="#[9a]">&gt;&gt;</a>&nbsp;&nbsp;&nbsp;RF_Config
<LI><a href="#[96]">&gt;&gt;</a>&nbsp;&nbsp;&nbsp;CH340_USART2_Config
</UL>

<P><STRONG><a name="[ec]"></a>RCC_APB2PeriphResetCmd</STRONG> (Thumb, 26 bytes, Stack size 0 bytes, stm32f10x_rcc.o(.text), UNUSED)
<BR><BR>[Called By]<UL><LI><a href="#[101]">&gt;&gt;</a>&nbsp;&nbsp;&nbsp;USART_DeInit
<LI><a href="#[ef]">&gt;&gt;</a>&nbsp;&nbsp;&nbsp;TIM_DeInit
<LI><a href="#[ed]">&gt;&gt;</a>&nbsp;&nbsp;&nbsp;GPIO_AFIODeInit
<LI><a href="#[eb]">&gt;&gt;</a>&nbsp;&nbsp;&nbsp;GPIO_DeInit
</UL>

<P><STRONG><a name="[f0]"></a>RCC_APB1PeriphResetCmd</STRONG> (Thumb, 26 bytes, Stack size 0 bytes, stm32f10x_rcc.o(.text), UNUSED)
<BR><BR>[Called By]<UL><LI><a href="#[101]">&gt;&gt;</a>&nbsp;&nbsp;&nbsp;USART_DeInit
<LI><a href="#[ef]">&gt;&gt;</a>&nbsp;&nbsp;&nbsp;TIM_DeInit
</UL>

<P><STRONG><a name="[133]"></a>RCC_BackupResetCmd</STRONG> (Thumb, 8 bytes, Stack size 0 bytes, stm32f10x_rcc.o(.text), UNUSED)

<P><STRONG><a name="[134]"></a>RCC_ClockSecuritySystemCmd</STRONG> (Thumb, 6 bytes, Stack size 0 bytes, stm32f10x_rcc.o(.text), UNUSED)

<P><STRONG><a name="[135]"></a>RCC_MCOConfig</STRONG> (Thumb, 6 bytes, Stack size 0 bytes, stm32f10x_rcc.o(.text), UNUSED)

<P><STRONG><a name="[136]"></a>RCC_ClearFlag</STRONG> (Thumb, 14 bytes, Stack size 0 bytes, stm32f10x_rcc.o(.text), UNUSED)

<P><STRONG><a name="[137]"></a>RCC_GetITStatus</STRONG> (Thumb, 20 bytes, Stack size 0 bytes, stm32f10x_rcc.o(.text), UNUSED)

<P><STRONG><a name="[138]"></a>RCC_ClearITPendingBit</STRONG> (Thumb, 6 bytes, Stack size 0 bytes, stm32f10x_rcc.o(.text), UNUSED)

<P><STRONG><a name="[ef]"></a>TIM_DeInit</STRONG> (Thumb, 424 bytes, Stack size 8 bytes, stm32f10x_tim.o(.text), UNUSED)
<BR><BR>[Calls]<UL><LI><a href="#[f0]">&gt;&gt;</a>&nbsp;&nbsp;&nbsp;RCC_APB1PeriphResetCmd
<LI><a href="#[ec]">&gt;&gt;</a>&nbsp;&nbsp;&nbsp;RCC_APB2PeriphResetCmd
</UL>

<P><STRONG><a name="[bc]"></a>TIM_TimeBaseInit</STRONG> (Thumb, 122 bytes, Stack size 0 bytes, stm32f10x_tim.o(.text))
<BR><BR>[Called By]<UL><LI><a href="#[9a]">&gt;&gt;</a>&nbsp;&nbsp;&nbsp;RF_Config
</UL>

<P><STRONG><a name="[139]"></a>TIM_OC1Init</STRONG> (Thumb, 132 bytes, Stack size 16 bytes, stm32f10x_tim.o(.text), UNUSED)

<P><STRONG><a name="[13a]"></a>TIM_OC2Init</STRONG> (Thumb, 154 bytes, Stack size 16 bytes, stm32f10x_tim.o(.text), UNUSED)

<P><STRONG><a name="[13b]"></a>TIM_OC3Init</STRONG> (Thumb, 150 bytes, Stack size 16 bytes, stm32f10x_tim.o(.text), UNUSED)

<P><STRONG><a name="[13c]"></a>TIM_OC4Init</STRONG> (Thumb, 182 bytes, Stack size 16 bytes, stm32f10x_tim.o(.text), UNUSED)

<P><STRONG><a name="[f9]"></a>TIM_SetIC4Prescaler</STRONG> (Thumb, 26 bytes, Stack size 0 bytes, stm32f10x_tim.o(.text), UNUSED)
<BR><BR>[Called By]<UL><LI><a href="#[f1]">&gt;&gt;</a>&nbsp;&nbsp;&nbsp;TIM_ICInit
</UL>

<P><STRONG><a name="[f7]"></a>TIM_SetIC3Prescaler</STRONG> (Thumb, 18 bytes, Stack size 0 bytes, stm32f10x_tim.o(.text), UNUSED)
<BR><BR>[Called By]<UL><LI><a href="#[f1]">&gt;&gt;</a>&nbsp;&nbsp;&nbsp;TIM_ICInit
</UL>

<P><STRONG><a name="[f5]"></a>TIM_SetIC2Prescaler</STRONG> (Thumb, 26 bytes, Stack size 0 bytes, stm32f10x_tim.o(.text), UNUSED)
<BR><BR>[Called By]<UL><LI><a href="#[fa]">&gt;&gt;</a>&nbsp;&nbsp;&nbsp;TIM_PWMIConfig
<LI><a href="#[f1]">&gt;&gt;</a>&nbsp;&nbsp;&nbsp;TIM_ICInit
</UL>

<P><STRONG><a name="[f3]"></a>TIM_SetIC1Prescaler</STRONG> (Thumb, 18 bytes, Stack size 0 bytes, stm32f10x_tim.o(.text), UNUSED)
<BR><BR>[Called By]<UL><LI><a href="#[fa]">&gt;&gt;</a>&nbsp;&nbsp;&nbsp;TIM_PWMIConfig
<LI><a href="#[f1]">&gt;&gt;</a>&nbsp;&nbsp;&nbsp;TIM_ICInit
</UL>

<P><STRONG><a name="[f1]"></a>TIM_ICInit</STRONG> (Thumb, 150 bytes, Stack size 16 bytes, stm32f10x_tim.o(.text), UNUSED)
<BR><BR>[Calls]<UL><LI><a href="#[f3]">&gt;&gt;</a>&nbsp;&nbsp;&nbsp;TIM_SetIC1Prescaler
<LI><a href="#[f5]">&gt;&gt;</a>&nbsp;&nbsp;&nbsp;TIM_SetIC2Prescaler
<LI><a href="#[f7]">&gt;&gt;</a>&nbsp;&nbsp;&nbsp;TIM_SetIC3Prescaler
<LI><a href="#[f9]">&gt;&gt;</a>&nbsp;&nbsp;&nbsp;TIM_SetIC4Prescaler
<LI><a href="#[f2]">&gt;&gt;</a>&nbsp;&nbsp;&nbsp;TI1_Config
<LI><a href="#[f4]">&gt;&gt;</a>&nbsp;&nbsp;&nbsp;TI2_Config
<LI><a href="#[f6]">&gt;&gt;</a>&nbsp;&nbsp;&nbsp;TI3_Config
<LI><a href="#[f8]">&gt;&gt;</a>&nbsp;&nbsp;&nbsp;TI4_Config
</UL>

<P><STRONG><a name="[fa]"></a>TIM_PWMIConfig</STRONG> (Thumb, 124 bytes, Stack size 24 bytes, stm32f10x_tim.o(.text), UNUSED)
<BR><BR>[Calls]<UL><LI><a href="#[f3]">&gt;&gt;</a>&nbsp;&nbsp;&nbsp;TIM_SetIC1Prescaler
<LI><a href="#[f5]">&gt;&gt;</a>&nbsp;&nbsp;&nbsp;TIM_SetIC2Prescaler
<LI><a href="#[f2]">&gt;&gt;</a>&nbsp;&nbsp;&nbsp;TI1_Config
<LI><a href="#[f4]">&gt;&gt;</a>&nbsp;&nbsp;&nbsp;TI2_Config
</UL>

<P><STRONG><a name="[13d]"></a>TIM_BDTRConfig</STRONG> (Thumb, 32 bytes, Stack size 0 bytes, stm32f10x_tim.o(.text), UNUSED)

<P><STRONG><a name="[13e]"></a>TIM_TimeBaseStructInit</STRONG> (Thumb, 18 bytes, Stack size 0 bytes, stm32f10x_tim.o(.text), UNUSED)

<P><STRONG><a name="[13f]"></a>TIM_OCStructInit</STRONG> (Thumb, 20 bytes, Stack size 0 bytes, stm32f10x_tim.o(.text), UNUSED)

<P><STRONG><a name="[140]"></a>TIM_ICStructInit</STRONG> (Thumb, 18 bytes, Stack size 0 bytes, stm32f10x_tim.o(.text), UNUSED)

<P><STRONG><a name="[141]"></a>TIM_BDTRStructInit</STRONG> (Thumb, 40 bytes, Stack size 0 bytes, stm32f10x_tim.o(.text), UNUSED)

<P><STRONG><a name="[bd]"></a>TIM_Cmd</STRONG> (Thumb, 24 bytes, Stack size 0 bytes, stm32f10x_tim.o(.text))
<BR><BR>[Called By]<UL><LI><a href="#[9a]">&gt;&gt;</a>&nbsp;&nbsp;&nbsp;RF_Config
</UL>

<P><STRONG><a name="[142]"></a>TIM_CtrlPWMOutputs</STRONG> (Thumb, 30 bytes, Stack size 0 bytes, stm32f10x_tim.o(.text), UNUSED)

<P><STRONG><a name="[143]"></a>TIM_ITConfig</STRONG> (Thumb, 18 bytes, Stack size 0 bytes, stm32f10x_tim.o(.text), UNUSED)

<P><STRONG><a name="[144]"></a>TIM_GenerateEvent</STRONG> (Thumb, 4 bytes, Stack size 0 bytes, stm32f10x_tim.o(.text), UNUSED)

<P><STRONG><a name="[145]"></a>TIM_DMAConfig</STRONG> (Thumb, 10 bytes, Stack size 0 bytes, stm32f10x_tim.o(.text), UNUSED)

<P><STRONG><a name="[146]"></a>TIM_DMACmd</STRONG> (Thumb, 18 bytes, Stack size 0 bytes, stm32f10x_tim.o(.text), UNUSED)

<P><STRONG><a name="[147]"></a>TIM_InternalClockConfig</STRONG> (Thumb, 12 bytes, Stack size 0 bytes, stm32f10x_tim.o(.text), UNUSED)

<P><STRONG><a name="[fc]"></a>TIM_SelectInputTrigger</STRONG> (Thumb, 18 bytes, Stack size 0 bytes, stm32f10x_tim.o(.text), UNUSED)
<BR><BR>[Called By]<UL><LI><a href="#[fd]">&gt;&gt;</a>&nbsp;&nbsp;&nbsp;TIM_TIxExternalClockConfig
<LI><a href="#[fb]">&gt;&gt;</a>&nbsp;&nbsp;&nbsp;TIM_ITRxExternalClockConfig
</UL>

<P><STRONG><a name="[fb]"></a>TIM_ITRxExternalClockConfig</STRONG> (Thumb, 24 bytes, Stack size 12 bytes, stm32f10x_tim.o(.text), UNUSED)
<BR><BR>[Calls]<UL><LI><a href="#[fc]">&gt;&gt;</a>&nbsp;&nbsp;&nbsp;TIM_SelectInputTrigger
</UL>

<P><STRONG><a name="[fd]"></a>TIM_TIxExternalClockConfig</STRONG> (Thumb, 62 bytes, Stack size 24 bytes, stm32f10x_tim.o(.text), UNUSED)
<BR><BR>[Calls]<UL><LI><a href="#[fc]">&gt;&gt;</a>&nbsp;&nbsp;&nbsp;TIM_SelectInputTrigger
<LI><a href="#[f2]">&gt;&gt;</a>&nbsp;&nbsp;&nbsp;TI1_Config
<LI><a href="#[f4]">&gt;&gt;</a>&nbsp;&nbsp;&nbsp;TI2_Config
</UL>

<P><STRONG><a name="[ff]"></a>TIM_ETRConfig</STRONG> (Thumb, 28 bytes, Stack size 12 bytes, stm32f10x_tim.o(.text), UNUSED)
<BR><BR>[Called By]<UL><LI><a href="#[100]">&gt;&gt;</a>&nbsp;&nbsp;&nbsp;TIM_ETRClockMode2Config
<LI><a href="#[fe]">&gt;&gt;</a>&nbsp;&nbsp;&nbsp;TIM_ETRClockMode1Config
</UL>

[...]
<BR><BR>[Stack]<UL><LI>Max Depth = 52<LI>Call Chain = Menu_F1_E1_D1 &rArr; Tm1629_Blink_One_Position &rArr; Tm1629_Show_Four_Number &rArr; Tm1629_Display &rArr; SendCommandTo1629_3 &rArr; WriteDataTo1629_3
</UL>
<BR>[Calls]<UL><LI><a href="#[d4]">&gt;&gt;</a>&nbsp;&nbsp;&nbsp;Tm1629_Blink_One_Position
<LI><a href="#[d1]">&gt;&gt;</a>&nbsp;&nbsp;&nbsp;Tm1629_Show_Four_Number
</UL>
<BR>[Address Reference Count : 1]<UL><LI> menu.o(.constdata)
</UL>
<P><STRONG><a name="[72]"></a>Menu_F1_E1_D2</STRONG> (Thumb, 90 bytes, Stack size 8 bytes, menu.o(.text))
<BR><BR>[Stack]<UL><LI>Max Depth = 52<LI>Call Chain = Menu_F1_E1_D2 &rArr; Tm1629_Blink_Two_Position &rArr; Tm1629_Show_Four_Number &rArr; Tm1629_Display &rArr; SendCommandTo1629_3 &rArr; WriteDataTo1629_3
</UL>
<BR>[Calls]<UL><LI><a href="#[d5]">&gt;&gt;</a>&nbsp;&nbsp;&nbsp;Tm1629_Blink_Two_Position
<LI><a href="#[d1]">&gt;&gt;</a>&nbsp;&nbsp;&nbsp;Tm1629_Show_Four_Number
</UL>
<BR>[Address Reference Count : 1]<UL><LI> menu.o(.constdata)
</UL>
<P><STRONG><a name="[73]"></a>Menu_F1_E1_D3</STRONG> (Thumb, 90 bytes, Stack size 8 bytes, menu.o(.text))
<BR><BR>[Stack]<UL><LI>Max Depth = 52<LI>Call Chain = Menu_F1_E1_D3 &rArr; Tm1629_Blink_Three_Position &rArr; Tm1629_Show_Four_Number &rArr; Tm1629_Display &rArr; SendCommandTo1629_3 &rArr; WriteDataTo1629_3
</UL>
<BR>[Calls]<UL><LI><a href="#[d6]">&gt;&gt;</a>&nbsp;&nbsp;&nbsp;Tm1629_Blink_Three_Position
<LI><a href="#[d1]">&gt;&gt;</a>&nbsp;&nbsp;&nbsp;Tm1629_Show_Four_Number
</UL>
<BR>[Address Reference Count : 1]<UL><LI> menu.o(.constdata)
</UL>
<P><STRONG><a name="[74]"></a>Menu_F1_E1_D4</STRONG> (Thumb, 90 bytes, Stack size 8 bytes, menu.o(.text))
<BR><BR>[Stack]<UL><LI>Max Depth = 52<LI>Call Chain = Menu_F1_E1_D4 &rArr; Tm1629_Blink_Four_Position &rArr; Tm1629_Show_Four_Number &rArr; Tm1629_Display &rArr; SendCommandTo1629_3 &rArr; WriteDataTo1629_3
</UL>
<BR>[Calls]<UL><LI><a href="#[d7]">&gt;&gt;</a>&nbsp;&nbsp;&nbsp;Tm1629_Blink_Four_Position
<LI><a href="#[d1]">&gt;&gt;</a>&nbsp;&nbsp;&nbsp;Tm1629_Show_Four_Number
</UL>
<BR>[Address Reference Count : 1]<UL><LI> menu.o(.constdata)
</UL>
<P><STRONG><a name="[75]"></a>Menu_F1_E2_D1</STRONG> (Thumb, 90 bytes, Stack size 8 bytes, menu.o(.text))
<BR><BR>[Stack]<UL><LI>Max Depth = 52<LI>Call Chain = Menu_F1_E2_D1 &rArr; Tm1629_Blink_One_Position &rArr; Tm1629_Show_Four_Number &rArr; Tm1629_Display &rArr; SendCommandTo1629_3 &rArr; WriteDataTo1629_3
</UL>
<BR>[Calls]<UL><LI><a href="#[d4]">&gt;&gt;</a>&nbsp;&nbsp;&nbsp;Tm1629_Blink_One_Position
<LI><a href="#[d1]">&gt;&gt;</a>&nbsp;&nbsp;&nbsp;Tm1629_Show_Four_Number
</UL>
<BR>[Address Reference Count : 1]<UL><LI> menu.o(.constdata)
</UL>
<P><STRONG><a name="[76]"></a>Menu_F1_E2_D2</STRONG> (Thumb, 90 bytes, Stack size 8 bytes, menu.o(.text))
<BR><BR>[Stack]<UL><LI>Max Depth = 52<LI>Call Chain = Menu_F1_E2_D2 &rArr; Tm1629_Blink_Two_Position &rArr; Tm1629_Show_Four_Number &rArr; Tm1629_Display &rArr; SendCommandTo1629_3 &rArr; WriteDataTo1629_3
</UL>
<BR>[Calls]<UL><LI><a href="#[d5]">&gt;&gt;</a>&nbsp;&nbsp;&nbsp;Tm1629_Blink_Two_Position
<LI><a href="#[d1]">&gt;&gt;</a>&nbsp;&nbsp;&nbsp;Tm1629_Show_Four_Number
</UL>
<BR>[Address Reference Count : 1]<UL><LI> menu.o(.constdata)
</UL>
<P><STRONG><a name="[77]"></a>Menu_F1_E2_D3</STRONG> (Thumb, 90 bytes, Stack size 8 bytes, menu.o(.text))
<BR><BR>[Stack]<UL><LI>Max Depth = 52<LI>Call Chain = Menu_F1_E2_D3 &rArr; Tm1629_Blink_Three_Position &rArr; Tm1629_Show_Four_Number &rArr; Tm1629_Display &rArr; SendCommandTo1629_3 &rArr; WriteDataTo1629_3
</UL>
<BR>[Calls]<UL><LI><a href="#[d6]">&gt;&gt;</a>&nbsp;&nbsp;&nbsp;Tm1629_Blink_Three_Position
<LI><a href="#[d1]">&gt;&gt;</a>&nbsp;&nbsp;&nbsp;Tm1629_Show_Four_Number
</UL>
<BR>[Address Reference Count : 1]<UL><LI> menu.o(.constdata)
</UL>
<P><STRONG><a name="[78]"></a>Menu_F1_E2_D4</STRONG> (Thumb, 90 bytes, Stack size 8 bytes, menu.o(.text))
<BR><BR>[Stack]<UL><LI>Max Depth = 52<LI>Call Chain = Menu_F1_E2_D4 &rArr; Tm1629_Blink_Four_Position &rArr; Tm1629_Show_Four_Number &rArr; Tm1629_Display &rArr; SendCommandTo1629_3 &rArr; WriteDataTo1629_3
</UL>
<BR>[Calls]<UL><LI><a href="#[d7]">&gt;&gt;</a>&nbsp;&nbsp;&nbsp;Tm1629_Blink_Four_Position
<LI><a href="#[d1]">&gt;&gt;</a>&nbsp;&nbsp;&nbsp;Tm1629_Show_Four_Number
</UL>
<BR>[Address Reference Count : 1]<UL><LI> menu.o(.constdata)
</UL>
<P><STRONG><a name="[79]"></a>Menu_F1_E3_D1</STRONG> (Thumb, 90 bytes, Stack size 8 bytes, menu.o(.text))
<BR><BR>[Stack]<UL><LI>Max Depth = 52<LI>Call Chain = Menu_F1_E3_D1 &rArr; Tm1629_Blink_One_Position &rArr; Tm1629_Show_Four_Number &rArr; Tm1629_Display &rArr; SendCommandTo1629_3 &rArr; WriteDataTo1629_3
</UL>
<BR>[Calls]<UL><LI><a href="#[d4]">&gt;&gt;</a>&nbsp;&nbsp;&nbsp;Tm1629_Blink_One_Position
<LI><a href="#[d1]">&gt;&gt;</a>&nbsp;&nbsp;&nbsp;Tm1629_Show_Four_Number
</UL>
<BR>[Address Reference Count : 1]<UL><LI> menu.o(.constdata)
</UL>
<P><STRONG><a name="[7a]"></a>Menu_F1_E3_D2</STRONG> (Thumb, 116 bytes, Stack size 8 bytes, menu.o(.text))
<BR><BR>[Stack]<UL><LI>Max Depth = 52<LI>Call Chain = Menu_F1_E3_D2 &rArr; Tm1629_Blink_Two_Position &rArr; Tm1629_Show_Four_Number &rArr; Tm1629_Display &rArr; SendCommandTo1629_3 &rArr; WriteDataTo1629_3
</UL>
<BR>[Calls]<UL><LI><a href="#[d5]">&gt;&gt;</a>&nbsp;&nbsp;&nbsp;Tm1629_Blink_Two_Position
<LI><a href="#[d1]">&gt;&gt;</a>&nbsp;&nbsp;&nbsp;Tm1629_Show_Four_Number
</UL>
<BR>[Address Reference Count : 1]<UL><LI> menu.o(.constdata)
</UL>
<P><STRONG><a name="[7b]"></a>Menu_F1_E3_D3</STRONG> (Thumb, 90 bytes, Stack size 8 bytes, menu.o(.text))
<BR><BR>[Stack]<UL><LI>Max Depth = 52<LI>Call Chain = Menu_F1_E3_D3 &rArr; Tm1629_Blink_Three_Position &rArr; Tm1629_Show_Four_Number &rArr; Tm1629_Display &rArr; SendCommandTo1629_3 &rArr; WriteDataTo1629_3
</UL>
<BR>[Calls]<UL><LI><a href="#[d6]">&gt;&gt;</a>&nbsp;&nbsp;&nbsp;Tm1629_Blink_Three_Position
<LI><a href="#[d1]">&gt;&gt;</a>&nbsp;&nbsp;&nbsp;Tm1629_Show_Four_Number
</UL>
<BR>[Address Reference Count : 1]<UL><LI> menu.o(.constdata)
</UL>
<P><STRONG><a name="[7c]"></a>Menu_F1_E3_D4</STRONG> (Thumb, 90 bytes, Stack size 8 bytes, menu.o(.text))
<BR><BR>[Stack]<UL><LI>Max Depth = 52<LI>Call Chain = Menu_F1_E3_D4 &rArr; Tm1629_Blink_Four_Position &rArr; Tm1629_Show_Four_Number &rArr; Tm1629_Display &rArr; SendCommandTo1629_3 &rArr; WriteDataTo1629_3
</UL>
<BR>[Calls]<UL><LI><a href="#[d7]">&gt;&gt;</a>&nbsp;&nbsp;&nbsp;Tm1629_Blink_Four_Position
<LI><a href="#[d1]">&gt;&gt;</a>&nbsp;&nbsp;&nbsp;Tm1629_Show_Four_Number
</UL>
<BR>[Address Reference Count : 1]<UL><LI> menu.o(.constdata)
</UL>
<P><STRONG><a name="[7d]"></a>Menu_F1_E4_D1</STRONG> (Thumb, 90 bytes, Stack size 8 bytes, menu.o(.text))
<BR><BR>[Stack]<UL><LI>Max Depth = 52<LI>Call Chain = Menu_F1_E4_D1 &rArr; Tm1629_Blink_One_Position &rArr; Tm1629_Show_Four_Number &rArr; Tm1629_Display &rArr; SendCommandTo1629_3 &rArr; WriteDataTo1629_3
</UL>
<BR>[Calls]<UL><LI><a href="#[d4]">&gt;&gt;</a>&nbsp;&nbsp;&nbsp;Tm1629_Blink_One_Position
<LI><a href="#[d1]">&gt;&gt;</a>&nbsp;&nbsp;&nbsp;Tm1629_Show_Four_Number
</UL>
<BR>[Address Reference Count : 1]<UL><LI> menu.o(.constdata)
</UL>
<P><STRONG><a name="[7e]"></a>Menu_F1_E4_D2</STRONG> (Thumb, 90 bytes, Stack size 8 bytes, menu.o(.text))
<BR><BR>[Stack]<UL><LI>Max Depth = 52<LI>Call Chain = Menu_F1_E4_D2 &rArr; Tm1629_Blink_Two_Position &rArr; Tm1629_Show_Four_Number &rArr; Tm1629_Display &rArr; SendCommandTo1629_3 &rArr; WriteDataTo1629_3
</UL>
<BR>[Calls]<UL><LI><a href="#[d5]">&gt;&gt;</a>&nbsp;&nbsp;&nbsp;Tm1629_Blink_Two_Position
<LI><a href="#[d1]">&gt;&gt;</a>&nbsp;&nbsp;&nbsp;Tm1629_Show_Four_Number
</UL>
<BR>[Address Reference Count : 1]<UL><LI> menu.o(.constdata)
</UL>
<P><STRONG><a name="[7f]"></a>Menu_F1_E4_D3</STRONG> (Thumb, 90 bytes, Stack size 8 bytes, menu.o(.text))
<BR><BR>[Stack]<UL><LI>Max Depth = 52<LI>Call Chain = Menu_F1_E4_D3 &rArr; Tm1629_Blink_Three_Position &rArr; Tm1629_Show_Four_Number &rArr; Tm1629_Display &rArr; SendCommandTo1629_3 &rArr; WriteDataTo1629_3
</UL>
<BR>[Calls]<UL><LI><a href="#[d6]">&gt;&gt;</a>&nbsp;&nbsp;&nbsp;Tm1629_Blink_Three_Position
<LI><a href="#[d1]">&gt;&gt;</a>&nbsp;&nbsp;&nbsp;Tm1629_Show_Four_Number
</UL>
<BR>[Address Reference Count : 1]<UL><LI> menu.o(.constdata)
</UL>
<P><STRONG><a name="[80]"></a>Menu_F1_E4_D4</STRONG> (Thumb, 90 bytes, Stack size 8 bytes, menu.o(.text))
<BR><BR>[Stack]<UL><LI>Max Depth = 52<LI>Call Chain = Menu_F1_E4_D4 &rArr; Tm1629_Blink_Four_Position &rArr; Tm1629_Show_Four_Number &rArr; Tm1629_Display &rArr; SendCommandTo1629_3 &rArr; WriteDataTo1629_3
</UL>
<BR>[Calls]<UL><LI><a href="#[d7]">&gt;&gt;</a>&nbsp;&nbsp;&nbsp;Tm1629_Blink_Four_Position
<LI><a href="#[d1]">&gt;&gt;</a>&nbsp;&nbsp;&nbsp;Tm1629_Show_Four_Number
</UL>
<BR>[Address Reference Count : 1]<UL><LI> menu.o(.constdata)
</UL>
<P><STRONG><a name="[81]"></a>Menu_F2_E1_D1</STRONG> (Thumb, 90 bytes, Stack size 8 bytes, menu.o(.text))
<BR><BR>[Stack]<UL><LI>Max Depth = 52<LI>Call Chain = Menu_F2_E1_D1 &rArr; Tm1629_Blink_One_Position &rArr; Tm1629_Show_Four_Number &rArr; Tm1629_Display &rArr; SendCommandTo1629_3 &rArr; WriteDataTo1629_3
</UL>
<BR>[Calls]<UL><LI><a href="#[d4]">&gt;&gt;</a>&nbsp;&nbsp;&nbsp;Tm1629_Blink_One_Position
<LI><a href="#[d1]">&gt;&gt;</a>&nbsp;&nbsp;&nbsp;Tm1629_Show_Four_Number
</UL>
<BR>[Address Reference Count : 1]<UL><LI> menu.o(.constdata)
</UL>
<P><STRONG><a name="[82]"></a>Menu_F2_E1_D2</STRONG> (Thumb, 90 bytes, Stack size 8 bytes, menu.o(.text))
<BR><BR>[Stack]<UL><LI>Max Depth = 52<LI>Call Chain = Menu_F2_E1_D2 &rArr; Tm1629_Blink_Two_Position &rArr; Tm1629_Show_Four_Number &rArr; Tm1629_Display &rArr; SendCommandTo1629_3 &rArr; WriteDataTo1629_3
</UL>
<BR>[Calls]<UL><LI><a href="#[d5]">&gt;&gt;</a>&nbsp;&nbsp;&nbsp;Tm1629_Blink_Two_Position
<LI><a href="#[d1]">&gt;&gt;</a>&nbsp;&nbsp;&nbsp;Tm1629_Show_Four_Number
</UL>
<BR>[Address Reference Count : 1]<UL><LI> menu.o(.constdata)
</UL>
<P><STRONG><a name="[83]"></a>Menu_F2_E1_D3</STRONG> (Thumb, 90 bytes, Stack size 8 bytes, menu.o(.text))
<BR><BR>[Stack]<UL><LI>Max Depth = 52<LI>Call Chain = Menu_F2_E1_D3 &rArr; Tm1629_Blink_Three_Position &rArr; Tm1629_Show_Four_Number &rArr; Tm1629_Display &rArr; SendCommandTo1629_3 &rArr; WriteDataTo1629_3
</UL>
<BR>[Calls]<UL><LI><a href="#[d6]">&gt;&gt;</a>&nbsp;&nbsp;&nbsp;Tm1629_Blink_Three_Position
<LI><a href="#[d1]">&gt;&gt;</a>&nbsp;&nbsp;&nbsp;Tm1629_Show_Four_Number
</UL>
<BR>[Address Reference Count : 1]<UL><LI> menu.o(.constdata)
</UL>
<P><STRONG><a name="[84]"></a>Menu_F2_E1_D4</STRONG> (Thumb, 90 bytes, Stack size 8 bytes, menu.o(.text))
<BR><BR>[Stack]<UL><LI>Max Depth = 52<LI>Call Chain = Menu_F2_E1_D4 &rArr; Tm1629_Blink_Four_Position &rArr; Tm1629_Show_Four_Number &rArr; Tm1629_Display &rArr; SendCommandTo1629_3 &rArr; WriteDataTo1629_3
</UL>
<BR>[Calls]<UL><LI><a href="#[d7]">&gt;&gt;</a>&nbsp;&nbsp;&nbsp;Tm1629_Blink_Four_Position
<LI><a href="#[d1]">&gt;&gt;</a>&nbsp;&nbsp;&nbsp;Tm1629_Show_Four_Number
</UL>
<BR>[Address Reference Count : 1]<UL><LI> menu.o(.constdata)
</UL>
<P><STRONG><a name="[85]"></a>Menu_F2_E2_D1</STRONG> (Thumb, 112 bytes, Stack size 8 bytes, menu.o(.text))
<BR><BR>[Stack]<UL><LI>Max Depth = 52<LI>Call Chain = Menu_F2_E2_D1 &rArr; Tm1629_Blink_One_Position &rArr; Tm1629_Show_Four_Number &rArr; Tm1629_Display &rArr; SendCommandTo1629_3 &rArr; WriteDataTo1629_3
</UL>
<BR>[Calls]<UL><LI><a href="#[d4]">&gt;&gt;</a>&nbsp;&nbsp;&nbsp;Tm1629_Blink_One_Position
<LI><a href="#[d1]">&gt;&gt;</a>&nbsp;&nbsp;&nbsp;Tm1629_Show_Four_Number
</UL>
<BR>[Address Reference Count : 1]<UL><LI> menu.o(.constdata)
</UL>
<P><STRONG><a name="[86]"></a>Menu_F2_E2_D2</STRONG> (Thumb, 90 bytes, Stack size 8 bytes, menu.o(.text))
<BR><BR>[Stack]<UL><LI>Max Depth = 52<LI>Call Chain = Menu_F2_E2_D2 &rArr; Tm1629_Blink_Two_Position &rArr; Tm1629_Show_Four_Number &rArr; Tm1629_Display &rArr; SendCommandTo1629_3 &rArr; WriteDataTo1629_3
</UL>
<BR>[Calls]<UL><LI><a href="#[d5]">&gt;&gt;</a>&nbsp;&nbsp;&nbsp;Tm1629_Blink_Two_Position
<LI><a href="#[d1]">&gt;&gt;</a>&nbsp;&nbsp;&nbsp;Tm1629_Show_Four_Number
</UL>
<BR>[Address Reference Count : 1]<UL><LI> menu.o(.constdata)
</UL>
<P><STRONG><a name="[87]"></a>Menu_F2_E2_D3</STRONG> (Thumb, 90 bytes, Stack size 8 bytes, menu.o(.text))
<BR><BR>[Stack]<UL><LI>Max Depth = 52<LI>Call Chain = Menu_F2_E2_D3 &rArr; Tm1629_Blink_Three_Position &rArr; Tm1629_Show_Four_Number &rArr; Tm1629_Display &rArr; SendCommandTo1629_3 &rArr; WriteDataTo1629_3
</UL>
<BR>[Calls]<UL><LI><a href="#[d6]">&gt;&gt;</a>&nbsp;&nbsp;&nbsp;Tm1629_Blink_Three_Position
<LI><a href="#[d1]">&gt;&gt;</a>&nbsp;&nbsp;&nbsp;Tm1629_Show_Four_Number
</UL>
<BR>[Address Reference Count : 1]<UL><LI> menu.o(.constdata)
</UL>
<P><STRONG><a name="[88]"></a>Menu_F2_E2_D4</STRONG> (Thumb, 90 bytes, Stack size 8 bytes, menu.o(.text))
<BR><BR>[Stack]<UL><LI>Max Depth = 52<LI>Call Chain = Menu_F2_E2_D4 &rArr; Tm1629_Blink_Four_Position &rArr; Tm1629_Show_Four_Number &rArr; Tm1629_Display &rArr; SendCommandTo1629_3 &rArr; WriteDataTo1629_3
</UL>
<BR>[Calls]<UL><LI><a href="#[d7]">&gt;&gt;</a>&nbsp;&nbsp;&nbsp;Tm1629_Blink_Four_Position
<LI><a href="#[d1]">&gt;&gt;</a>&nbsp;&nbsp;&nbsp;Tm1629_Show_Four_Number
</UL>
<BR>[Address Reference Count : 1]<UL><LI> menu.o(.constdata)
</UL>
<P><STRONG><a name="[89]"></a>Menu_F2_E3_D1</STRONG> (Thumb, 90 bytes, Stack size 8 bytes, menu.o(.text))
<BR><BR>[Stack]<UL><LI>Max Depth = 52<LI>Call Chain = Menu_F2_E3_D1 &rArr; Tm1629_Blink_One_Position &rArr; Tm1629_Show_Four_Number &rArr; Tm1629_Display &rArr; SendCommandTo1629_3 &rArr; WriteDataTo1629_3
</UL>
<BR>[Calls]<UL><LI><a href="#[d4]">&gt;&gt;</a>&nbsp;&nbsp;&nbsp;Tm1629_Blink_One_Position
<LI><a href="#[d1]">&gt;&gt;</a>&nbsp;&nbsp;&nbsp;Tm1629_Show_Four_Number
</UL>
<BR>[Address Reference Count : 1]<UL><LI> menu.o(.constdata)
</UL>
<P><STRONG><a name="[8a]"></a>Menu_F2_E3_D2</STRONG> (Thumb, 90 bytes, Stack size 8 bytes, menu.o(.text))
<BR><BR>[Stack]<UL><LI>Max Depth = 52<LI>Call Chain = Menu_F2_E3_D2 &rArr; Tm1629_Blink_Two_Position &rArr; Tm1629_Show_Four_Number &rArr; Tm1629_Display &rArr; SendCommandTo1629_3 &rArr; WriteDataTo1629_3
</UL>
<BR>[Calls]<UL><LI><a href="#[d5]">&gt;&gt;</a>&nbsp;&nbsp;&nbsp;Tm1629_Blink_Two_Position
<LI><a href="#[d1]">&gt;&gt;</a>&nbsp;&nbsp;&nbsp;Tm1629_Show_Four_Number
</UL>
<BR>[Address Reference Count : 1]<UL><LI> menu.o(.constdata)
</UL>
<P><STRONG><a name="[8b]"></a>Menu_F2_E3_D3</STRONG> (Thumb, 90 bytes, Stack size 8 bytes, menu.o(.text))
<BR><BR>[Stack]<UL><LI>Max Depth = 52<LI>Call Chain = Menu_F2_E3_D3 &rArr; Tm1629_Blink_Three_Position &rArr; Tm1629_Show_Four_Number &rArr; Tm1629_Display &rArr; SendCommandTo1629_3 &rArr; WriteDataTo1629_3
</UL>
<BR>[Calls]<UL><LI><a href="#[d6]">&gt;&gt;</a>&nbsp;&nbsp;&nbsp;Tm1629_Blink_Three_Position
<LI><a href="#[d1]">&gt;&gt;</a>&nbsp;&nbsp;&nbsp;Tm1629_Show_Four_Number
</UL>
<BR>[Address Reference Count : 1]<UL><LI> menu.o(.constdata)
</UL>
<P><STRONG><a name="[8c]"></a>Menu_F2_E3_D4</STRONG> (Thumb, 90 bytes, Stack size 8 bytes, menu.o(.text))
<BR><BR>[Stack]<UL><LI>Max Depth = 52<LI>Call Chain = Menu_F2_E3_D4 &rArr; Tm1629_Blink_Four_Position &rArr; Tm1629_Show_Four_Number &rArr; Tm1629_Display &rArr; SendCommandTo1629_3 &rArr; WriteDataTo1629_3
</UL>
<BR>[Calls]<UL><LI><a href="#[d7]">&gt;&gt;</a>&nbsp;&nbsp;&nbsp;Tm1629_Blink_Four_Position
<LI><a href="#[d1]">&gt;&gt;</a>&nbsp;&nbsp;&nbsp;Tm1629_Show_Four_Number
</UL>
<BR>[Address Reference Count : 1]<UL><LI> menu.o(.constdata)
</UL>
<P><STRONG><a name="[8d]"></a>Menu_F2_E4_D1</STRONG> (Thumb, 90 bytes, Stack size 8 bytes, menu.o(.text))
<BR><BR>[Stack]<UL><LI>Max Depth = 52<LI>Call Chain = Menu_F2_E4_D1 &rArr; Tm1629_Blink_One_Position &rArr; Tm1629_Show_Four_Number &rArr; Tm1629_Display &rArr; SendCommandTo1629_3 &rArr; WriteDataTo1629_3
</UL>
<BR>[Calls]<UL><LI><a href="#[d4]">&gt;&gt;</a>&nbsp;&nbsp;&nbsp;Tm1629_Blink_One_Position
<LI><a href="#[d1]">&gt;&gt;</a>&nbsp;&nbsp;&nbsp;Tm1629_Show_Four_Number
</UL>
<BR>[Address Reference Count : 1]<UL><LI> menu.o(.constdata)
</UL>
<P><STRONG><a name="[8e]"></a>Menu_F2_E4_D2</STRONG> (Thumb, 90 bytes, Stack size 8 bytes, menu.o(.text))
<BR><BR>[Stack]<UL><LI>Max Depth = 52<LI>Call Chain = Menu_F2_E4_D2 &rArr; Tm1629_Blink_Two_Position &rArr; Tm1629_Show_Four_Number &rArr; Tm1629_Display &rArr; SendCommandTo1629_3 &rArr; WriteDataTo1629_3
</UL>
<BR>[Calls]<UL><LI><a href="#[d5]">&gt;&gt;</a>&nbsp;&nbsp;&nbsp;Tm1629_Blink_Two_Position
<LI><a href="#[d1]">&gt;&gt;</a>&nbsp;&nbsp;&nbsp;Tm1629_Show_Four_Number
</UL>
<BR>[Address Reference Count : 1]<UL><LI> menu.o(.constdata)
</UL>
<P><STRONG><a name="[8f]"></a>Menu_F2_E4_D3</STRONG> (Thumb, 90 bytes, Stack size 8 bytes, menu.o(.text))
<BR><BR>[Stack]<UL><LI>Max Depth = 52<LI>Call Chain = Menu_F2_E4_D3 &rArr; Tm1629_Blink_Three_Position &rArr; Tm1629_Show_Four_Number &rArr; Tm1629_Display &rArr; SendCommandTo1629_3 &rArr; WriteDataTo1629_3
</UL>
<BR>[Calls]<UL><LI><a href="#[d6]">&gt;&gt;</a>&nbsp;&nbsp;&nbsp;Tm1629_Blink_Three_Position
<LI><a href="#[d1]">&gt;&gt;</a>&nbsp;&nbsp;&nbsp;Tm1629_Show_Four_Number
</UL>
<BR>[Address Reference Count : 1]<UL><LI> menu.o(.constdata)
</UL>
<P><STRONG><a name="[90]"></a>Menu_F2_E4_D4</STRONG> (Thumb, 108 bytes, Stack size 8 bytes, menu.o(.text))
<BR><BR>[Stack]<UL><LI>Max Depth = 52<LI>Call Chain = Menu_F2_E4_D4 &rArr; Tm1629_Blink_Four_Position &rArr; Tm1629_Show_Four_Number &rArr; Tm1629_Display &rArr; SendCommandTo1629_3 &rArr; WriteDataTo1629_3
</UL>
<BR>[Calls]<UL><LI><a href="#[d7]">&gt;&gt;</a>&nbsp;&nbsp;&nbsp;Tm1629_Blink_Four_Position
<LI><a href="#[d1]">&gt;&gt;</a>&nbsp;&nbsp;&nbsp;Tm1629_Show_Four_Number
</UL>
<BR>[Address Reference Count : 1]<UL><LI> menu.o(.constdata)
</UL>
<P><STRONG><a name="[f8]"></a>TI4_Config</STRONG> (Thumb, 130 bytes, Stack size 20 bytes, stm32f10x_tim.o(.text), UNUSED)
<BR><BR>[Called By]<UL><LI><a href="#[f1]">&gt;&gt;</a>&nbsp;&nbsp;&nbsp;TIM_ICInit
</UL>

<P><STRONG><a name="[f6]"></a>TI3_Config</STRONG> (Thumb, 122 bytes, Stack size 20 bytes, stm32f10x_tim.o(.text), UNUSED)
<BR><BR>[Called By]<UL><LI><a href="#[f1]">&gt;&gt;</a>&nbsp;&nbsp;&nbsp;TIM_ICInit
</UL>

<P><STRONG><a name="[f4]"></a>TI2_Config</STRONG> (Thumb, 130 bytes, Stack size 20 bytes, stm32f10x_tim.o(.text), UNUSED)
<BR><BR>[Called By]<UL><LI><a href="#[fd]">&gt;&gt;</a>&nbsp;&nbsp;&nbsp;TIM_TIxExternalClockConfig
<LI><a href="#[fa]">&gt;&gt;</a>&nbsp;&nbsp;&nbsp;TIM_PWMIConfig
<LI><a href="#[f1]">&gt;&gt;</a>&nbsp;&nbsp;&nbsp;TIM_ICInit
</UL>

<P><STRONG><a name="[f2]"></a>TI1_Config</STRONG> (Thumb, 108 bytes, Stack size 20 bytes, stm32f10x_tim.o(.text), UNUSED)
<BR><BR>[Called By]<UL><LI><a href="#[fd]">&gt;&gt;</a>&nbsp;&nbsp;&nbsp;TIM_TIxExternalClockConfig
<LI><a href="#[fa]">&gt;&gt;</a>&nbsp;&nbsp;&nbsp;TIM_PWMIConfig
<LI><a href="#[f1]">&gt;&gt;</a>&nbsp;&nbsp;&nbsp;TIM_ICInit
</UL>

<P><STRONG><a name="[104]"></a>SetSysClockTo24</STRONG> (Thumb, 176 bytes, Stack size 12 bytes, system_stm32f10x.o(.text))
<BR><BR>[Stack]<UL><LI>Max Depth = 12<LI>Call Chain = SetSysClockTo24
</UL>
<BR>[Called By]<UL><LI><a href="#[103]">&gt;&gt;</a>&nbsp;&nbsp;&nbsp;SetSysClock
</UL>

<P><STRONG><a name="[103]"></a>SetSysClock</STRONG> (Thumb, 8 bytes, Stack size 8 bytes, system_stm32f10x.o(.text))
<BR><BR>[Stack]<UL><LI>Max Depth = 20<LI>Call Chain = SetSysClock &rArr; SetSysClockTo24
</UL>
<BR>[Calls]<UL><LI><a href="#[104]">&gt;&gt;</a>&nbsp;&nbsp;&nbsp;SetSysClockTo24
</UL>
<BR>[Called By]<UL><LI><a href="#[36]">&gt;&gt;</a>&nbsp;&nbsp;&nbsp;SystemInit
</UL>

<P><STRONG><a name="[10b]"></a>_printf_core</STRONG> (Thumb, 658 bytes, Stack size 104 bytes, printf5.o(i._printf_core), UNUSED)
<BR><BR>[Calls]<UL><LI><a href="#[106]">&gt;&gt;</a>&nbsp;&nbsp;&nbsp;__aeabi_uldivmod
</UL>
<BR>[Called By]<UL><LI><a href="#[10a]">&gt;&gt;</a>&nbsp;&nbsp;&nbsp;__0printf$5
</UL>
<P>
<H3>
Undefined Global Symbols
</H3><HR></body></html>
