<html>
<body>
<pre>
<h1>µVision Build Log</h1>
<h2>Project:</h2>
D:\Github\STM32-RE\MDK\STM32-RE.uvproj
Project File Date:  02/15/2016

<h2>Output:</h2>
Rebuild target 'Target 1'
assembling startup_stm32f10x_md.s...
compiling main.c...
compiling stm32f10x_it.c...
compiling set_system_clock.c...
compiling usart2.c...
compiling usart1.c...
compiling rf.c...
compiling tm1629.c...
compiling eeprom_24c.c...
compiling key.c...
compiling menu.c...
..\USER\menu.c(196): warning:  #177-D: function "Str_To_Int" was declared but never referenced
  u16 Str_To_Int(u8 *str)
..\USER\menu.c(212): warning:  #177-D: function "Int_To_Str" was declared but never referenced
  void Int_To_Str(u16 dat,u8 *str)
..\USER\menu.c: 2 warnings, 0 errors
compiling rf_app.c...
compiling misc.c...
compiling stm32f10x_adc.c...
compiling stm32f10x_bkp.c...
compiling stm32f10x_can.c...
compiling stm32f10x_cec.c...
compiling stm32f10x_crc.c...
compiling stm32f10x_dac.c...
compiling stm32f10x_dbgmcu.c...
compiling stm32f10x_dma.c...
compiling stm32f10x_exti.c...
compiling stm32f10x_flash.c...
compiling stm32f10x_fsmc.c...
compiling stm32f10x_gpio.c...
compiling stm32f10x_i2c.c...
compiling stm32f10x_iwdg.c...
compiling stm32f10x_pwr.c...
compiling stm32f10x_rcc.c...
compiling stm32f10x_rtc.c...
compiling stm32f10x_sdio.c...
compiling stm32f10x_spi.c...
compiling stm32f10x_tim.c...
compiling stm32f10x_usart.c...
compiling stm32f10x_wwdg.c...
compiling core_cm3.c...
compiling system_stm32f10x.c...
linking...
Program Size: Code=20028 RO-data=1604 RW-data=176 ZI-data=1072  
FromELF: creating hex file...
"..\OUT\STM32-RE.axf" - 0 Error(s), 2 Warning(s).
</pre>
</body>
</html>
m Size: Code=20028 RO-data=1604 RW-data=176 ZI-data=1072  
FromELF: creating hex file...
"..\OUT\STM32-RE.axf" - 0 Error(s), 3 Warning(s).
compiling rf_app.c...
"..\USER\rf_app.c" - 0 Error(s), 0 Warning(s).
